<html>
<body>
<pre>
<h1>µVision Build Log</h1>
<h2>Tool Versions:</h2>
IDE-Version: µVision V5.31.0.0
Copyright (C) 2020 ARM Ltd and ARM Germany GmbH. All rights reserved.
License Information: ggf dà fas fas  ff, fasf fsa ffasf, LIC=21E4T-R8ZSE-DYRV3-AU5PS-00QQA-3CNDD
 
Tool Versions:
Toolchain:       MDK-ARM Plus  Version: 5.31.0.0
Toolchain Path:  D:\APP\Kelic_Arm_V5\ARM\ARMCC\Bin
C Compiler:      Armcc.exe V5.06 update 6 (build 750)
Assembler:       Armasm.exe V5.06 update 6 (build 750)
Linker/Locator:  ArmLink.exe V5.06 update 6 (build 750)
Library Manager: ArmAr.exe V5.06 update 6 (build 750)
Hex Converter:   FromElf.exe V5.06 update 6 (build 750)
CPU DLL:         SARMCM3.DLL V5.31.0.0
Dialog DLL:      DCM.DLL V1.17.3.0
Target DLL:      SNLINK\SNLINK.dll V1.0.0.4
Dialog DLL:      TCM.DLL V1.46.0.0
 
<h2>Project:</h2>
D:\01_Projects\0_1_MCU_HLK_LD2460\Kelic_Sonix\ADEV\ADEV.uvprojx
Project File Date:  11/02/2025

<h2>Output:</h2>
*** Using Compiler 'V5.06 update 6 (build 750)', folder: 'D:\APP\Kelic_Arm_V5\ARM\ARMCC\Bin'
Rebuild target 'Target 1'
compiling sn34f78x_hal.c...
compiling init.c...
compiling sn34f78x_it.c...
compiling main.c...
compiling sn34f78x_hal_gpio.c...
compiling sn34f78x_hal_msp.c...
compiling sn34f78x_hal_rcc.c...
compiling sn34f78x_hal_flash.c...
compiling sn34f78x_hal_assert.c...
compiling sn34f78x_hal_systick.c...
compiling sn34f78x_hal_flash_ex.c...
compiling sn34f78x_hal_scu.c...
compiling sn34f78x_hal_uart.c...
compiling sn34f78x_hal_crc.c...
compiling common.c...
compiling System_Management.c...
compiling main_task.c...
LIB\Main_task\main_task.c(49): warning:  #1295-D: Deprecated declaration s_initialize_peripheral - give arg types
  static ERROR_CODE_T s_initialize_peripheral();
LIB\Main_task\main_task.c(50): warning:  #1295-D: Deprecated declaration Process_system - give arg types
  static uint8_t Process_system();
LIB\Main_task\main_task.c(28): warning:  #550-D: variable "s_run_at_first"  was set but never used
  static uint8_t s_run_at_first         = TRUE_;
LIB\Main_task\main_task.c(32): warning:  #177-D: variable "peoples"  was declared but never referenced
  static uint8_t peoples                = 0; // 0 : no people 1 : people
LIB\Main_task\main_task.c(33): warning:  #177-D: variable "peoples_max"  was declared but never referenced
  static uint8_t peoples_max            = 5;
LIB\Main_task\main_task.c(189): warning:  #177-D: function "Process_system"  was declared but never referenced
  static uint8_t Process_system()
LIB\Main_task\main_task.c(168): warning:  #177-D: function "shuttdown_action"  was declared but never referenced
  static void shuttdown_action(void)
LIB\Main_task\main_task.c(173): warning:  #177-D: function "Process_state_RUN"  was declared but never referenced
  static ERROR_CODE_T Process_state_RUN(void)
LIB\Main_task\main_task.c: 8 warnings, 0 errors
compiling sn34f78x_hal_tpm.c...
compiling sn34f78x_hal_dma.c...
compiling hlk_ld2460.c...
compiling cbuffer.c...
assembling startup_SN34F780.s...
compiling system_SN34F780.c...
linking...
Program Size: Code=12948 RO-data=1900 RW-data=104 ZI-data=3560  
FromELF: creating hex file...
After Build - User command #1: D:\APP\kelic_8051\UV4\HexConvert.exe SN34F780 "D:\01_Projects\0_1_MCU_HLK_LD2460\Kelic_Sonix\ADEV\Objects\01_Test.HEX" RW
INI_Ver = V47
EXE_Ver = V30
CheckSum = 0x2C7F
".\Objects\01_Test.axf" - 0 Error(s), 8 Warning(s).

<h2>Software Packages used:</h2>

Package Vendor: ARM
                http://www.keil.com/pack/ARM.CMSIS.5.7.0.pack
                ARM.CMSIS.5.7.0
                CMSIS (Cortex Microcontroller Software Interface Standard)
   * Component: CORE Version: 5.4.0

Package Vendor: SONiX
                https://liveupdate.sonix.com.tw/sonix/develop_tool/MCU/DFP/SONiX.SN34F7_DFP.2.0.4.pack
                SONiX.SN34F7_DFP.2.0.4
                SONiX SN34F7 Series Device Support and Examples
   * Component: Startup Version: 2.0.2

<h2>Collection of Component include folders:</h2>
  .\RTE\_Target_1
  D:\APP\Kelic_Arm_V5\Arm\Packs\ARM\CMSIS\5.7.0\CMSIS\Core\Include
  D:\APP\Kelic_Arm_V5\Arm\Packs\SONiX\SN34F7_DFP\2.0.4\Device\Include

<h2>Collection of Component Files used:</h2>

   * Component: ARM::CMSIS:CORE:5.4.0

   * Component: SONiX::Device:Startup:2.0.2
      Source file:   Device\Source\system_SN34F780.c
      Source file:   Device\Source\ARM\startup_SN34F780.s
Build Time Elapsed:  00:00:02
</pre>
</body>
</html>
