<!doctype html public "-//w3c//dtd html 4.0 transitional//en">
<html><head>
<title>Static Call Graph - [.\Objects\01_Test.axf]</title></head>
<body><HR>
<H1>Static Call Graph for image .\Objects\01_Test.axf</H1><HR>
<BR><P>#&#060CALLGRAPH&#062# ARM Linker, 5060750: Last Updated: Sun Oct 19 09:37:19 2025
<BR><P>
<H3>Maximum Stack Usage =        240 bytes + Unknown(Functions without stacksize, Cycles, Untraceable Function Pointers)</H3><H3>
Call chain for Maximum Stack Depth:</H3>
__rt_entry_main &rArr; main &rArr; SystemClock_Config &rArr; HAL_RCC_ClockConfig &rArr; HAL_FLASHEx_GetConfig &rArr; FLASH_GetSMWRP &rArr; FLASH_Protect_GetStatus &rArr; FLASH_WaitForLastOperation
<P>
<H3>
Functions with no stack information
</H3><UL>
 <LI><a href="#[72]">__user_initial_stackheap</a>
</UL>
</UL>
<P>
<H3>
Mutually Recursive functions
</H3> <LI><a href="#[3]">NMI_Handler</a>&nbsp;&nbsp;&nbsp;&rArr;&nbsp;&nbsp;&nbsp;<a href="#[3]">NMI_Handler</a><BR>
 <LI><a href="#[4]">HardFault_Handler</a>&nbsp;&nbsp;&nbsp;&rArr;&nbsp;&nbsp;&nbsp;<a href="#[4]">HardFault_Handler</a><BR>
 <LI><a href="#[5]">MemManage_Handler</a>&nbsp;&nbsp;&nbsp;&rArr;&nbsp;&nbsp;&nbsp;<a href="#[5]">MemManage_Handler</a><BR>
 <LI><a href="#[6]">BusFault_Handler</a>&nbsp;&nbsp;&nbsp;&rArr;&nbsp;&nbsp;&nbsp;<a href="#[6]">BusFault_Handler</a><BR>
 <LI><a href="#[7]">UsageFault_Handler</a>&nbsp;&nbsp;&nbsp;&rArr;&nbsp;&nbsp;&nbsp;<a href="#[7]">UsageFault_Handler</a><BR>
 <LI><a href="#[8]">SVC_Handler</a>&nbsp;&nbsp;&nbsp;&rArr;&nbsp;&nbsp;&nbsp;<a href="#[8]">SVC_Handler</a><BR>
 <LI><a href="#[9]">DebugMon_Handler</a>&nbsp;&nbsp;&nbsp;&rArr;&nbsp;&nbsp;&nbsp;<a href="#[9]">DebugMon_Handler</a><BR>
 <LI><a href="#[a]">PendSV_Handler</a>&nbsp;&nbsp;&nbsp;&rArr;&nbsp;&nbsp;&nbsp;<a href="#[a]">PendSV_Handler</a><BR>
 <LI><a href="#[18]">ADC0_IRQHandler</a>&nbsp;&nbsp;&nbsp;&rArr;&nbsp;&nbsp;&nbsp;<a href="#[18]">ADC0_IRQHandler</a><BR>
</UL>
<P>
<H3>
Function Pointers
</H3><UL>
 <LI><a href="#[18]">ADC0_IRQHandler</a> from startup_sn34f780.o(.text) referenced from startup_sn34f780.o(RESET)
 <LI><a href="#[6]">BusFault_Handler</a> from startup_sn34f780.o(.text) referenced from startup_sn34f780.o(RESET)
 <LI><a href="#[1c]">CAN0_EW_IRQHandler</a> from startup_sn34f780.o(.text) referenced from startup_sn34f780.o(RESET)
 <LI><a href="#[1a]">CAN0_RX_IRQHandler</a> from startup_sn34f780.o(.text) referenced from startup_sn34f780.o(RESET)
 <LI><a href="#[1b]">CAN0_TT_IRQHandler</a> from startup_sn34f780.o(.text) referenced from startup_sn34f780.o(RESET)
 <LI><a href="#[19]">CAN0_TX_IRQHandler</a> from startup_sn34f780.o(.text) referenced from startup_sn34f780.o(RESET)
 <LI><a href="#[3b]">CAN1_EW_IRQHandler</a> from startup_sn34f780.o(.text) referenced from startup_sn34f780.o(RESET)
 <LI><a href="#[39]">CAN1_RX_IRQHandler</a> from startup_sn34f780.o(.text) referenced from startup_sn34f780.o(RESET)
 <LI><a href="#[3a]">CAN1_TT_IRQHandler</a> from startup_sn34f780.o(.text) referenced from startup_sn34f780.o(RESET)
 <LI><a href="#[38]">CAN1_TX_IRQHandler</a> from startup_sn34f780.o(.text) referenced from startup_sn34f780.o(RESET)
 <LI><a href="#[1d]">CT16B0_IRQHandler</a> from startup_sn34f780.o(.text) referenced from startup_sn34f780.o(RESET)
 <LI><a href="#[2a]">CT16B1_IRQHandler</a> from startup_sn34f780.o(.text) referenced from startup_sn34f780.o(RESET)
 <LI><a href="#[20]">CT16B2_IRQHandler</a> from startup_sn34f780.o(.text) referenced from startup_sn34f780.o(RESET)
 <LI><a href="#[1f]">CT16B3_IRQHandler</a> from startup_sn34f780.o(.text) referenced from startup_sn34f780.o(RESET)
 <LI><a href="#[29]">CT16B4_IRQHandler</a> from startup_sn34f780.o(.text) referenced from startup_sn34f780.o(RESET)
 <LI><a href="#[21]">CT16B5_IRQHandler</a> from startup_sn34f780.o(.text) referenced from startup_sn34f780.o(RESET)
 <LI><a href="#[30]">CT16B6_IRQHandler</a> from startup_sn34f780.o(.text) referenced from startup_sn34f780.o(RESET)
 <LI><a href="#[31]">CT16B7_IRQHandler</a> from startup_sn34f780.o(.text) referenced from startup_sn34f780.o(RESET)
 <LI><a href="#[1e]">CT16B8_IRQHandler</a> from startup_sn34f780.o(.text) referenced from startup_sn34f780.o(RESET)
 <LI><a href="#[11]">DMA0_CH0_IRQHandler</a> from startup_sn34f780.o(.text) referenced from startup_sn34f780.o(RESET)
 <LI><a href="#[12]">DMA0_CH1_IRQHandler</a> from startup_sn34f780.o(.text) referenced from startup_sn34f780.o(RESET)
 <LI><a href="#[13]">DMA0_CH2_IRQHandler</a> from startup_sn34f780.o(.text) referenced from startup_sn34f780.o(RESET)
 <LI><a href="#[14]">DMA0_CH3_IRQHandler</a> from startup_sn34f780.o(.text) referenced from startup_sn34f780.o(RESET)
 <LI><a href="#[15]">DMA0_CH4_IRQHandler</a> from startup_sn34f780.o(.text) referenced from startup_sn34f780.o(RESET)
 <LI><a href="#[16]">DMA0_CH5_IRQHandler</a> from startup_sn34f780.o(.text) referenced from startup_sn34f780.o(RESET)
 <LI><a href="#[17]">DMA0_CH6_IRQHandler</a> from startup_sn34f780.o(.text) referenced from startup_sn34f780.o(RESET)
 <LI><a href="#[2b]">DMA0_CH7_IRQHandler</a> from startup_sn34f780.o(.text) referenced from startup_sn34f780.o(RESET)
 <LI><a href="#[32]">DMA1_CH0_IRQHandler</a> from startup_sn34f780.o(.text) referenced from startup_sn34f780.o(RESET)
 <LI><a href="#[33]">DMA1_CH1_IRQHandler</a> from startup_sn34f780.o(.text) referenced from startup_sn34f780.o(RESET)
 <LI><a href="#[34]">DMA1_CH2_IRQHandler</a> from startup_sn34f780.o(.text) referenced from startup_sn34f780.o(RESET)
 <LI><a href="#[35]">DMA1_CH3_IRQHandler</a> from startup_sn34f780.o(.text) referenced from startup_sn34f780.o(RESET)
 <LI><a href="#[36]">DMA1_CH4_IRQHandler</a> from startup_sn34f780.o(.text) referenced from startup_sn34f780.o(RESET)
 <LI><a href="#[3c]">DMA1_CH5_IRQHandler</a> from startup_sn34f780.o(.text) referenced from startup_sn34f780.o(RESET)
 <LI><a href="#[3d]">DMA1_CH6_IRQHandler</a> from startup_sn34f780.o(.text) referenced from startup_sn34f780.o(RESET)
 <LI><a href="#[3e]">DMA1_CH7_IRQHandler</a> from startup_sn34f780.o(.text) referenced from startup_sn34f780.o(RESET)
 <LI><a href="#[9]">DebugMon_Handler</a> from startup_sn34f780.o(.text) referenced from startup_sn34f780.o(RESET)
 <LI><a href="#[37]">ETH_IRQHandler</a> from startup_sn34f780.o(.text) referenced from startup_sn34f780.o(RESET)
 <LI><a href="#[43]">ETH_WOL_IRQHandler</a> from startup_sn34f780.o(.text) referenced from startup_sn34f780.o(RESET)
 <LI><a href="#[10]">FLASH_IRQHandler</a> from startup_sn34f780.o(.text) referenced from startup_sn34f780.o(RESET)
 <LI><a href="#[41]">FPU_IRQHandler</a> from startup_sn34f780.o(.text) referenced from startup_sn34f780.o(RESET)
 <LI><a href="#[47]">GPIO0_IRQHandler</a> from startup_sn34f780.o(.text) referenced from startup_sn34f780.o(RESET)
 <LI><a href="#[46]">GPIO1_IRQHandler</a> from startup_sn34f780.o(.text) referenced from startup_sn34f780.o(RESET)
 <LI><a href="#[45]">GPIO2_IRQHandler</a> from startup_sn34f780.o(.text) referenced from startup_sn34f780.o(RESET)
 <LI><a href="#[44]">GPIO3_IRQHandler</a> from startup_sn34f780.o(.text) referenced from startup_sn34f780.o(RESET)
 <LI><a href="#[4b]">HAL_DMA_MspDeInit</a> from sn34f78x_hal_dma.o(i.HAL_DMA_MspDeInit) referenced from sn34f78x_hal_dma.o(i.HAL_DMA_UnRegisterCallback)
 <LI><a href="#[4a]">HAL_DMA_MspInit</a> from sn34f78x_hal_dma.o(i.HAL_DMA_MspInit) referenced from sn34f78x_hal_dma.o(i.HAL_DMA_UnRegisterCallback)
 <LI><a href="#[4e]">HAL_DMA_XferAbortCallback</a> from sn34f78x_hal_dma.o(ISR) referenced from sn34f78x_hal_dma.o(i.HAL_DMA_UnRegisterCallback)
 <LI><a href="#[4c]">HAL_DMA_XferCpltCallback</a> from sn34f78x_hal_dma.o(ISR) referenced from sn34f78x_hal_dma.o(i.HAL_DMA_UnRegisterCallback)
 <LI><a href="#[4d]">HAL_DMA_XferErrorCallback</a> from sn34f78x_hal_dma.o(ISR) referenced from sn34f78x_hal_dma.o(i.HAL_DMA_UnRegisterCallback)
 <LI><a href="#[5a]">HAL_UART_AbortCpltCallback</a> from sn34f78x_hal_uart.o(ISR) referenced from sn34f78x_hal_uart.o(i._uart_init_callbacks_default)
 <LI><a href="#[5c]">HAL_UART_AbortReceiveCpltCallback</a> from sn34f78x_hal_uart.o(ISR) referenced from sn34f78x_hal_uart.o(i._uart_init_callbacks_default)
 <LI><a href="#[5b]">HAL_UART_AbortTransmitCpltCallback</a> from sn34f78x_hal_uart.o(ISR) referenced from sn34f78x_hal_uart.o(i._uart_init_callbacks_default)
 <LI><a href="#[59]">HAL_UART_ErrorCallback</a> from sn34f78x_hal_uart.o(ISR) referenced from sn34f78x_hal_uart.o(i._uart_init_callbacks_default)
 <LI><a href="#[4f]">HAL_UART_MspDeInit</a> from sn34f78x_hal_msp.o(i.HAL_UART_MspDeInit) referenced from sn34f78x_hal_uart.o(i.HAL_UART_DeInit)
 <LI><a href="#[50]">HAL_UART_MspInit</a> from sn34f78x_hal_msp.o(i.HAL_UART_MspInit) referenced from sn34f78x_hal_uart.o(i.HAL_UART_Init)
 <LI><a href="#[58]">HAL_UART_RxCpltCallback</a> from sn34f78x_hal_msp.o(i.HAL_UART_RxCpltCallback) referenced from sn34f78x_hal_uart.o(i._uart_init_callbacks_default)
 <LI><a href="#[57]">HAL_UART_TxCpltCallback</a> from sn34f78x_hal_msp.o(i.HAL_UART_TxCpltCallback) referenced from sn34f78x_hal_uart.o(i._uart_init_callbacks_default)
 <LI><a href="#[4]">HardFault_Handler</a> from startup_sn34f780.o(.text) referenced from startup_sn34f780.o(RESET)
 <LI><a href="#[22]">I2C0_IRQHandler</a> from startup_sn34f780.o(.text) referenced from startup_sn34f780.o(RESET)
 <LI><a href="#[23]">I2C1_IRQHandler</a> from startup_sn34f780.o(.text) referenced from startup_sn34f780.o(RESET)
 <LI><a href="#[40]">I2C2_IRQHandler</a> from startup_sn34f780.o(.text) referenced from startup_sn34f780.o(RESET)
 <LI><a href="#[42]">LCM_IRQHandler</a> from startup_sn34f780.o(.text) referenced from startup_sn34f780.o(RESET)
 <LI><a href="#[d]">LVD_IRQHandler</a> from startup_sn34f780.o(.text) referenced from startup_sn34f780.o(RESET)
 <LI><a href="#[5]">MemManage_Handler</a> from startup_sn34f780.o(.text) referenced from startup_sn34f780.o(RESET)
 <LI><a href="#[3]">NMI_Handler</a> from startup_sn34f780.o(.text) referenced from startup_sn34f780.o(RESET)
 <LI><a href="#[a]">PendSV_Handler</a> from startup_sn34f780.o(.text) referenced from startup_sn34f780.o(RESET)
 <LI><a href="#[2]">Reset_Handler</a> from startup_sn34f780.o(.text) referenced from startup_sn34f780.o(RESET)
 <LI><a href="#[f]">SCU_IRQHandler</a> from sn34f78x_it.o(i.SCU_IRQHandler) referenced from startup_sn34f780.o(RESET)
 <LI><a href="#[2c]">SDIO_IRQHandler</a> from startup_sn34f780.o(.text) referenced from startup_sn34f780.o(RESET)
 <LI><a href="#[24]">SPI0_IRQHandler</a> from startup_sn34f780.o(.text) referenced from startup_sn34f780.o(RESET)
 <LI><a href="#[25]">SPI1_IRQHandler</a> from startup_sn34f780.o(.text) referenced from startup_sn34f780.o(RESET)
 <LI><a href="#[2d]">SPI2_IRQHandler</a> from startup_sn34f780.o(.text) referenced from startup_sn34f780.o(RESET)
 <LI><a href="#[8]">SVC_Handler</a> from startup_sn34f780.o(.text) referenced from startup_sn34f780.o(RESET)
 <LI><a href="#[b]">SysTick_Handler</a> from sn34f78x_it.o(i.SysTick_Handler) referenced from startup_sn34f780.o(RESET)
 <LI><a href="#[48]">SystemInit</a> from system_sn34f780.o(i.SystemInit) referenced from startup_sn34f780.o(.text)
 <LI><a href="#[26]">UART0_IRQHandler</a> from sn34f78x_it.o(i.UART0_IRQHandler) referenced from startup_sn34f780.o(RESET)
 <LI><a href="#[27]">UART1_IRQHandler</a> from sn34f78x_it.o(i.UART1_IRQHandler) referenced from startup_sn34f780.o(RESET)
 <LI><a href="#[28]">UART2_IRQHandler</a> from startup_sn34f780.o(.text) referenced from startup_sn34f780.o(RESET)
 <LI><a href="#[2e]">UART3_IRQHandler</a> from startup_sn34f780.o(.text) referenced from startup_sn34f780.o(RESET)
 <LI><a href="#[2f]">UART4_IRQHandler</a> from startup_sn34f780.o(.text) referenced from startup_sn34f780.o(RESET)
 <LI><a href="#[3f]">UART5_IRQHandler</a> from startup_sn34f780.o(.text) referenced from startup_sn34f780.o(RESET)
 <LI><a href="#[7]">UsageFault_Handler</a> from startup_sn34f780.o(.text) referenced from startup_sn34f780.o(RESET)
 <LI><a href="#[e]">WDT_IRQHandler</a> from startup_sn34f780.o(.text) referenced from startup_sn34f780.o(RESET)
 <LI><a href="#[c]">WWDT_IRQHandler</a> from startup_sn34f780.o(.text) referenced from startup_sn34f780.o(RESET)
 <LI><a href="#[5d]">__main</a> from __main.o(!!!main) referenced from startup_sn34f780.o(.text)
 <LI><a href="#[56]">_uart_dma_rx_abort_callback</a> from sn34f78x_hal_uart.o(i._uart_dma_rx_abort_callback) referenced from sn34f78x_hal_uart.o(i.HAL_UART_Init)
 <LI><a href="#[54]">_uart_dma_rx_cplt_callback</a> from sn34f78x_hal_uart.o(i._uart_dma_rx_cplt_callback) referenced from sn34f78x_hal_uart.o(i.HAL_UART_Init)
 <LI><a href="#[55]">_uart_dma_rx_err_callback</a> from sn34f78x_hal_uart.o(i._uart_dma_rx_err_callback) referenced from sn34f78x_hal_uart.o(i.HAL_UART_Init)
 <LI><a href="#[53]">_uart_dma_tx_abort_callback</a> from sn34f78x_hal_uart.o(i._uart_dma_tx_abort_callback) referenced from sn34f78x_hal_uart.o(i.HAL_UART_Init)
 <LI><a href="#[51]">_uart_dma_tx_cplt_callback</a> from sn34f78x_hal_uart.o(i._uart_dma_tx_cplt_callback) referenced from sn34f78x_hal_uart.o(i.HAL_UART_Init)
 <LI><a href="#[52]">_uart_dma_tx_err_callback</a> from sn34f78x_hal_uart.o(i._uart_dma_tx_err_callback) referenced from sn34f78x_hal_uart.o(i.HAL_UART_Init)
</UL>
<P>
<H3>
Global Symbols
</H3>
<P><STRONG><a name="[5d]"></a>__main</STRONG> (Thumb, 8 bytes, Stack size 0 bytes, __main.o(!!!main))
<BR><BR>[Calls]<UL><LI><a href="#[5f]">&gt;&gt;</a>&nbsp;&nbsp;&nbsp;__rt_entry
<LI><a href="#[5e]">&gt;&gt;</a>&nbsp;&nbsp;&nbsp;__scatterload
</UL>

<P><STRONG><a name="[6b]"></a>__rt_lib_init</STRONG> (Thumb, 0 bytes, Stack size unknown bytes, libinit.o(.ARM.Collect$$libinit$$00000000))
<BR><BR>[Called By]<UL><LI><a href="#[6a]">&gt;&gt;</a>&nbsp;&nbsp;&nbsp;__rt_entry_li
</UL>

<P><STRONG><a name="[60]"></a>__rt_lib_init_fp_1</STRONG> (Thumb, 0 bytes, Stack size unknown bytes, libinit2.o(.ARM.Collect$$libinit$$00000001))
<BR><BR>[Calls]<UL><LI><a href="#[61]">&gt;&gt;</a>&nbsp;&nbsp;&nbsp;_fp_init
</UL>

<P><STRONG><a name="[c7]"></a>__rt_lib_init_alloca_1</STRONG> (Thumb, 0 bytes, Stack size unknown bytes, libinit2.o(.ARM.Collect$$libinit$$0000002E))

<P><STRONG><a name="[c8]"></a>__rt_lib_init_argv_1</STRONG> (Thumb, 0 bytes, Stack size unknown bytes, libinit2.o(.ARM.Collect$$libinit$$0000002C))

<P><STRONG><a name="[c9]"></a>__rt_lib_init_atexit_1</STRONG> (Thumb, 0 bytes, Stack size unknown bytes, libinit2.o(.ARM.Collect$$libinit$$0000001B))

<P><STRONG><a name="[ca]"></a>__rt_lib_init_clock_1</STRONG> (Thumb, 0 bytes, Stack size unknown bytes, libinit2.o(.ARM.Collect$$libinit$$00000021))

<P><STRONG><a name="[cb]"></a>__rt_lib_init_cpp_1</STRONG> (Thumb, 0 bytes, Stack size unknown bytes, libinit2.o(.ARM.Collect$$libinit$$00000032))

<P><STRONG><a name="[cc]"></a>__rt_lib_init_exceptions_1</STRONG> (Thumb, 0 bytes, Stack size unknown bytes, libinit2.o(.ARM.Collect$$libinit$$00000030))

<P><STRONG><a name="[cd]"></a>__rt_lib_init_fp_trap_1</STRONG> (Thumb, 0 bytes, Stack size unknown bytes, libinit2.o(.ARM.Collect$$libinit$$0000001F))

<P><STRONG><a name="[ce]"></a>__rt_lib_init_getenv_1</STRONG> (Thumb, 0 bytes, Stack size unknown bytes, libinit2.o(.ARM.Collect$$libinit$$00000023))

<P><STRONG><a name="[cf]"></a>__rt_lib_init_heap_1</STRONG> (Thumb, 0 bytes, Stack size unknown bytes, libinit2.o(.ARM.Collect$$libinit$$0000000A))

<P><STRONG><a name="[d0]"></a>__rt_lib_init_lc_collate_1</STRONG> (Thumb, 0 bytes, Stack size unknown bytes, libinit2.o(.ARM.Collect$$libinit$$00000011))

<P><STRONG><a name="[d1]"></a>__rt_lib_init_lc_ctype_1</STRONG> (Thumb, 0 bytes, Stack size unknown bytes, libinit2.o(.ARM.Collect$$libinit$$00000013))

<P><STRONG><a name="[d2]"></a>__rt_lib_init_lc_monetary_1</STRONG> (Thumb, 0 bytes, Stack size unknown bytes, libinit2.o(.ARM.Collect$$libinit$$00000015))

<P><STRONG><a name="[d3]"></a>__rt_lib_init_lc_numeric_1</STRONG> (Thumb, 0 bytes, Stack size unknown bytes, libinit2.o(.ARM.Collect$$libinit$$00000017))

<P><STRONG><a name="[d4]"></a>__rt_lib_init_lc_time_1</STRONG> (Thumb, 0 bytes, Stack size unknown bytes, libinit2.o(.ARM.Collect$$libinit$$00000019))

<P><STRONG><a name="[d5]"></a>__rt_lib_init_preinit_1</STRONG> (Thumb, 0 bytes, Stack size unknown bytes, libinit2.o(.ARM.Collect$$libinit$$00000004))

<P><STRONG><a name="[d6]"></a>__rt_lib_init_rand_1</STRONG> (Thumb, 0 bytes, Stack size unknown bytes, libinit2.o(.ARM.Collect$$libinit$$0000000E))

<P><STRONG><a name="[d7]"></a>__rt_lib_init_return</STRONG> (Thumb, 0 bytes, Stack size unknown bytes, libinit2.o(.ARM.Collect$$libinit$$00000033))

<P><STRONG><a name="[d8]"></a>__rt_lib_init_signal_1</STRONG> (Thumb, 0 bytes, Stack size unknown bytes, libinit2.o(.ARM.Collect$$libinit$$0000001D))

<P><STRONG><a name="[d9]"></a>__rt_lib_init_stdio_1</STRONG> (Thumb, 0 bytes, Stack size unknown bytes, libinit2.o(.ARM.Collect$$libinit$$00000025))

<P><STRONG><a name="[da]"></a>__rt_lib_init_user_alloc_1</STRONG> (Thumb, 0 bytes, Stack size unknown bytes, libinit2.o(.ARM.Collect$$libinit$$0000000C))

<P><STRONG><a name="[63]"></a>__rt_lib_shutdown</STRONG> (Thumb, 0 bytes, Stack size unknown bytes, libshutdown.o(.ARM.Collect$$libshutdown$$00000000))
<BR><BR>[Called By]<UL><LI><a href="#[62]">&gt;&gt;</a>&nbsp;&nbsp;&nbsp;__rt_exit_ls
</UL>

<P><STRONG><a name="[db]"></a>__rt_lib_shutdown_cpp_1</STRONG> (Thumb, 0 bytes, Stack size unknown bytes, libshutdown2.o(.ARM.Collect$$libshutdown$$00000002))

<P><STRONG><a name="[dc]"></a>__rt_lib_shutdown_fp_trap_1</STRONG> (Thumb, 0 bytes, Stack size unknown bytes, libshutdown2.o(.ARM.Collect$$libshutdown$$00000007))

<P><STRONG><a name="[dd]"></a>__rt_lib_shutdown_heap_1</STRONG> (Thumb, 0 bytes, Stack size unknown bytes, libshutdown2.o(.ARM.Collect$$libshutdown$$0000000F))

<P><STRONG><a name="[de]"></a>__rt_lib_shutdown_return</STRONG> (Thumb, 0 bytes, Stack size unknown bytes, libshutdown2.o(.ARM.Collect$$libshutdown$$00000010))

<P><STRONG><a name="[df]"></a>__rt_lib_shutdown_signal_1</STRONG> (Thumb, 0 bytes, Stack size unknown bytes, libshutdown2.o(.ARM.Collect$$libshutdown$$0000000A))

<P><STRONG><a name="[e0]"></a>__rt_lib_shutdown_stdio_1</STRONG> (Thumb, 0 bytes, Stack size unknown bytes, libshutdown2.o(.ARM.Collect$$libshutdown$$00000004))

<P><STRONG><a name="[e1]"></a>__rt_lib_shutdown_user_alloc_1</STRONG> (Thumb, 0 bytes, Stack size unknown bytes, libshutdown2.o(.ARM.Collect$$libshutdown$$0000000C))

<P><STRONG><a name="[73]"></a>__rt_exit</STRONG> (Thumb, 0 bytes, Stack size unknown bytes, rtexit.o(.ARM.Collect$$rtexit$$00000000))
<BR><BR>[Called By]<UL><LI><a href="#[6e]">&gt;&gt;</a>&nbsp;&nbsp;&nbsp;exit
</UL>

<P><STRONG><a name="[62]"></a>__rt_exit_ls</STRONG> (Thumb, 0 bytes, Stack size unknown bytes, rtexit2.o(.ARM.Collect$$rtexit$$00000003))
<BR><BR>[Calls]<UL><LI><a href="#[63]">&gt;&gt;</a>&nbsp;&nbsp;&nbsp;__rt_lib_shutdown
</UL>

<P><STRONG><a name="[e2]"></a>__rt_exit_prels_1</STRONG> (Thumb, 0 bytes, Stack size unknown bytes, rtexit2.o(.ARM.Collect$$rtexit$$00000002))

<P><STRONG><a name="[64]"></a>__rt_exit_exit</STRONG> (Thumb, 0 bytes, Stack size unknown bytes, rtexit2.o(.ARM.Collect$$rtexit$$00000004))
<BR><BR>[Calls]<UL><LI><a href="#[65]">&gt;&gt;</a>&nbsp;&nbsp;&nbsp;_sys_exit
</UL>

<P><STRONG><a name="[5e]"></a>__scatterload</STRONG> (Thumb, 0 bytes, Stack size unknown bytes, __scatter.o(!!!scatter))
<BR><BR>[Called By]<UL><LI><a href="#[5d]">&gt;&gt;</a>&nbsp;&nbsp;&nbsp;__main
</UL>

<P><STRONG><a name="[66]"></a>__scatterload_rt2</STRONG> (Thumb, 44 bytes, Stack size unknown bytes, __scatter.o(!!!scatter), UNUSED)
<BR><BR>[Calls]<UL><LI><a href="#[5f]">&gt;&gt;</a>&nbsp;&nbsp;&nbsp;__rt_entry
</UL>

<P><STRONG><a name="[e3]"></a>__scatterload_rt2_thumb_only</STRONG> (Thumb, 0 bytes, Stack size unknown bytes, __scatter.o(!!!scatter), UNUSED)

<P><STRONG><a name="[e4]"></a>__scatterload_null</STRONG> (Thumb, 0 bytes, Stack size unknown bytes, __scatter.o(!!!scatter), UNUSED)

<P><STRONG><a name="[67]"></a>__scatterload_copy</STRONG> (Thumb, 26 bytes, Stack size unknown bytes, __scatter_copy.o(!!handler_copy), UNUSED)
<BR><BR>[Calls]<UL><LI><a href="#[67]">&gt;&gt;</a>&nbsp;&nbsp;&nbsp;__scatterload_copy
</UL>
<BR>[Called By]<UL><LI><a href="#[67]">&gt;&gt;</a>&nbsp;&nbsp;&nbsp;__scatterload_copy
</UL>

<P><STRONG><a name="[e5]"></a>__scatterload_zeroinit</STRONG> (Thumb, 28 bytes, Stack size unknown bytes, __scatter_zi.o(!!handler_zi), UNUSED)

<P><STRONG><a name="[5f]"></a>__rt_entry</STRONG> (Thumb, 0 bytes, Stack size unknown bytes, __rtentry.o(.ARM.Collect$$rtentry$$00000000))
<BR><BR>[Called By]<UL><LI><a href="#[5d]">&gt;&gt;</a>&nbsp;&nbsp;&nbsp;__main
<LI><a href="#[66]">&gt;&gt;</a>&nbsp;&nbsp;&nbsp;__scatterload_rt2
</UL>

<P><STRONG><a name="[e6]"></a>__rt_entry_presh_1</STRONG> (Thumb, 0 bytes, Stack size unknown bytes, __rtentry2.o(.ARM.Collect$$rtentry$$00000002))

<P><STRONG><a name="[68]"></a>__rt_entry_sh</STRONG> (Thumb, 0 bytes, Stack size unknown bytes, __rtentry4.o(.ARM.Collect$$rtentry$$00000004))
<BR><BR>[Stack]<UL><LI>Max Depth = 8 + Unknown Stack Size
<LI>Call Chain = __rt_entry_sh &rArr; __user_setup_stackheap
</UL>
<BR>[Calls]<UL><LI><a href="#[69]">&gt;&gt;</a>&nbsp;&nbsp;&nbsp;__user_setup_stackheap
</UL>

<P><STRONG><a name="[6a]"></a>__rt_entry_li</STRONG> (Thumb, 0 bytes, Stack size unknown bytes, __rtentry2.o(.ARM.Collect$$rtentry$$0000000A))
<BR><BR>[Calls]<UL><LI><a href="#[6b]">&gt;&gt;</a>&nbsp;&nbsp;&nbsp;__rt_lib_init
</UL>

<P><STRONG><a name="[e7]"></a>__rt_entry_postsh_1</STRONG> (Thumb, 0 bytes, Stack size unknown bytes, __rtentry2.o(.ARM.Collect$$rtentry$$00000009))

<P><STRONG><a name="[6c]"></a>__rt_entry_main</STRONG> (Thumb, 0 bytes, Stack size unknown bytes, __rtentry2.o(.ARM.Collect$$rtentry$$0000000D))
<BR><BR>[Stack]<UL><LI>Max Depth = 240 + Unknown Stack Size
<LI>Call Chain = __rt_entry_main &rArr; main &rArr; SystemClock_Config &rArr; HAL_RCC_ClockConfig &rArr; HAL_FLASHEx_GetConfig &rArr; FLASH_GetSMWRP &rArr; FLASH_Protect_GetStatus &rArr; FLASH_WaitForLastOperation
</UL>
<BR>[Calls]<UL><LI><a href="#[6d]">&gt;&gt;</a>&nbsp;&nbsp;&nbsp;main
<LI><a href="#[6e]">&gt;&gt;</a>&nbsp;&nbsp;&nbsp;exit
</UL>

<P><STRONG><a name="[e8]"></a>__rt_entry_postli_1</STRONG> (Thumb, 0 bytes, Stack size unknown bytes, __rtentry2.o(.ARM.Collect$$rtentry$$0000000C))

<P><STRONG><a name="[2]"></a>Reset_Handler</STRONG> (Thumb, 26 bytes, Stack size 0 bytes, startup_sn34f780.o(.text))
<BR>[Address Reference Count : 1]<UL><LI> startup_sn34f780.o(RESET)
</UL>
<P><STRONG><a name="[3]"></a>NMI_Handler</STRONG> (Thumb, 2 bytes, Stack size 0 bytes, startup_sn34f780.o(.text))
<BR><BR>[Calls]<UL><LI><a href="#[3]">&gt;&gt;</a>&nbsp;&nbsp;&nbsp;NMI_Handler
</UL>
<BR>[Called By]<UL><LI><a href="#[3]">&gt;&gt;</a>&nbsp;&nbsp;&nbsp;NMI_Handler
</UL>
<BR>[Address Reference Count : 1]<UL><LI> startup_sn34f780.o(RESET)
</UL>
<P><STRONG><a name="[4]"></a>HardFault_Handler</STRONG> (Thumb, 2 bytes, Stack size 0 bytes, startup_sn34f780.o(.text))
<BR><BR>[Calls]<UL><LI><a href="#[4]">&gt;&gt;</a>&nbsp;&nbsp;&nbsp;HardFault_Handler
</UL>
<BR>[Called By]<UL><LI><a href="#[4]">&gt;&gt;</a>&nbsp;&nbsp;&nbsp;HardFault_Handler
</UL>
<BR>[Address Reference Count : 1]<UL><LI> startup_sn34f780.o(RESET)
</UL>
<P><STRONG><a name="[5]"></a>MemManage_Handler</STRONG> (Thumb, 2 bytes, Stack size 0 bytes, startup_sn34f780.o(.text))
<BR><BR>[Calls]<UL><LI><a href="#[5]">&gt;&gt;</a>&nbsp;&nbsp;&nbsp;MemManage_Handler
</UL>
<BR>[Called By]<UL><LI><a href="#[5]">&gt;&gt;</a>&nbsp;&nbsp;&nbsp;MemManage_Handler
</UL>
<BR>[Address Reference Count : 1]<UL><LI> startup_sn34f780.o(RESET)
</UL>
<P><STRONG><a name="[6]"></a>BusFault_Handler</STRONG> (Thumb, 2 bytes, Stack size 0 bytes, startup_sn34f780.o(.text))
<BR><BR>[Calls]<UL><LI><a href="#[6]">&gt;&gt;</a>&nbsp;&nbsp;&nbsp;BusFault_Handler
</UL>
<BR>[Called By]<UL><LI><a href="#[6]">&gt;&gt;</a>&nbsp;&nbsp;&nbsp;BusFault_Handler
</UL>
<BR>[Address Reference Count : 1]<UL><LI> startup_sn34f780.o(RESET)
</UL>
<P><STRONG><a name="[7]"></a>UsageFault_Handler</STRONG> (Thumb, 2 bytes, Stack size 0 bytes, startup_sn34f780.o(.text))
<BR><BR>[Calls]<UL><LI><a href="#[7]">&gt;&gt;</a>&nbsp;&nbsp;&nbsp;UsageFault_Handler
</UL>
<BR>[Called By]<UL><LI><a href="#[7]">&gt;&gt;</a>&nbsp;&nbsp;&nbsp;UsageFault_Handler
</UL>
<BR>[Address Reference Count : 1]<UL><LI> startup_sn34f780.o(RESET)
</UL>
<P><STRONG><a name="[8]"></a>SVC_Handler</STRONG> (Thumb, 2 bytes, Stack size 0 bytes, startup_sn34f780.o(.text))
<BR><BR>[Calls]<UL><LI><a href="#[8]">&gt;&gt;</a>&nbsp;&nbsp;&nbsp;SVC_Handler
</UL>
<BR>[Called By]<UL><LI><a href="#[8]">&gt;&gt;</a>&nbsp;&nbsp;&nbsp;SVC_Handler
</UL>
<BR>[Address Reference Count : 1]<UL><LI> startup_sn34f780.o(RESET)
</UL>
<P><STRONG><a name="[9]"></a>DebugMon_Handler</STRONG> (Thumb, 2 bytes, Stack size 0 bytes, startup_sn34f780.o(.text))
<BR><BR>[Calls]<UL><LI><a href="#[9]">&gt;&gt;</a>&nbsp;&nbsp;&nbsp;DebugMon_Handler
</UL>
<BR>[Called By]<UL><LI><a href="#[9]">&gt;&gt;</a>&nbsp;&nbsp;&nbsp;DebugMon_Handler
</UL>
<BR>[Address Reference Count : 1]<UL><LI> startup_sn34f780.o(RESET)
</UL>
<P><STRONG><a name="[a]"></a>PendSV_Handler</STRONG> (Thumb, 2 bytes, Stack size 0 bytes, startup_sn34f780.o(.text))
<BR><BR>[Calls]<UL><LI><a href="#[a]">&gt;&gt;</a>&nbsp;&nbsp;&nbsp;PendSV_Handler
</UL>
<BR>[Called By]<UL><LI><a href="#[a]">&gt;&gt;</a>&nbsp;&nbsp;&nbsp;PendSV_Handler
</UL>
<BR>[Address Reference Count : 1]<UL><LI> startup_sn34f780.o(RESET)
</UL>
<P><STRONG><a name="[18]"></a>ADC0_IRQHandler</STRONG> (Thumb, 0 bytes, Stack size 0 bytes, startup_sn34f780.o(.text))
<BR><BR>[Calls]<UL><LI><a href="#[18]">&gt;&gt;</a>&nbsp;&nbsp;&nbsp;ADC0_IRQHandler
</UL>
<BR>[Called By]<UL><LI><a href="#[18]">&gt;&gt;</a>&nbsp;&nbsp;&nbsp;ADC0_IRQHandler
</UL>
<BR>[Address Reference Count : 1]<UL><LI> startup_sn34f780.o(RESET)
</UL>
<P><STRONG><a name="[1c]"></a>CAN0_EW_IRQHandler</STRONG> (Thumb, 0 bytes, Stack size 0 bytes, startup_sn34f780.o(.text))
<BR>[Address Reference Count : 1]<UL><LI> startup_sn34f780.o(RESET)
</UL>
<P><STRONG><a name="[1a]"></a>CAN0_RX_IRQHandler</STRONG> (Thumb, 0 bytes, Stack size 0 bytes, startup_sn34f780.o(.text))
<BR>[Address Reference Count : 1]<UL><LI> startup_sn34f780.o(RESET)
</UL>
<P><STRONG><a name="[1b]"></a>CAN0_TT_IRQHandler</STRONG> (Thumb, 0 bytes, Stack size 0 bytes, startup_sn34f780.o(.text))
<BR>[Address Reference Count : 1]<UL><LI> startup_sn34f780.o(RESET)
</UL>
<P><STRONG><a name="[19]"></a>CAN0_TX_IRQHandler</STRONG> (Thumb, 0 bytes, Stack size 0 bytes, startup_sn34f780.o(.text))
<BR>[Address Reference Count : 1]<UL><LI> startup_sn34f780.o(RESET)
</UL>
<P><STRONG><a name="[3b]"></a>CAN1_EW_IRQHandler</STRONG> (Thumb, 0 bytes, Stack size 0 bytes, startup_sn34f780.o(.text))
<BR>[Address Reference Count : 1]<UL><LI> startup_sn34f780.o(RESET)
</UL>
<P><STRONG><a name="[39]"></a>CAN1_RX_IRQHandler</STRONG> (Thumb, 0 bytes, Stack size 0 bytes, startup_sn34f780.o(.text))
<BR>[Address Reference Count : 1]<UL><LI> startup_sn34f780.o(RESET)
</UL>
<P><STRONG><a name="[3a]"></a>CAN1_TT_IRQHandler</STRONG> (Thumb, 0 bytes, Stack size 0 bytes, startup_sn34f780.o(.text))
<BR>[Address Reference Count : 1]<UL><LI> startup_sn34f780.o(RESET)
</UL>
<P><STRONG><a name="[38]"></a>CAN1_TX_IRQHandler</STRONG> (Thumb, 0 bytes, Stack size 0 bytes, startup_sn34f780.o(.text))
<BR>[Address Reference Count : 1]<UL><LI> startup_sn34f780.o(RESET)
</UL>
<P><STRONG><a name="[1d]"></a>CT16B0_IRQHandler</STRONG> (Thumb, 0 bytes, Stack size 0 bytes, startup_sn34f780.o(.text))
<BR>[Address Reference Count : 1]<UL><LI> startup_sn34f780.o(RESET)
</UL>
<P><STRONG><a name="[2a]"></a>CT16B1_IRQHandler</STRONG> (Thumb, 0 bytes, Stack size 0 bytes, startup_sn34f780.o(.text))
<BR>[Address Reference Count : 1]<UL><LI> startup_sn34f780.o(RESET)
</UL>
<P><STRONG><a name="[20]"></a>CT16B2_IRQHandler</STRONG> (Thumb, 0 bytes, Stack size 0 bytes, startup_sn34f780.o(.text))
<BR>[Address Reference Count : 1]<UL><LI> startup_sn34f780.o(RESET)
</UL>
<P><STRONG><a name="[1f]"></a>CT16B3_IRQHandler</STRONG> (Thumb, 0 bytes, Stack size 0 bytes, startup_sn34f780.o(.text))
<BR>[Address Reference Count : 1]<UL><LI> startup_sn34f780.o(RESET)
</UL>
<P><STRONG><a name="[29]"></a>CT16B4_IRQHandler</STRONG> (Thumb, 0 bytes, Stack size 0 bytes, startup_sn34f780.o(.text))
<BR>[Address Reference Count : 1]<UL><LI> startup_sn34f780.o(RESET)
</UL>
<P><STRONG><a name="[21]"></a>CT16B5_IRQHandler</STRONG> (Thumb, 0 bytes, Stack size 0 bytes, startup_sn34f780.o(.text))
<BR>[Address Reference Count : 1]<UL><LI> startup_sn34f780.o(RESET)
</UL>
<P><STRONG><a name="[30]"></a>CT16B6_IRQHandler</STRONG> (Thumb, 0 bytes, Stack size 0 bytes, startup_sn34f780.o(.text))
<BR>[Address Reference Count : 1]<UL><LI> startup_sn34f780.o(RESET)
</UL>
<P><STRONG><a name="[31]"></a>CT16B7_IRQHandler</STRONG> (Thumb, 0 bytes, Stack size 0 bytes, startup_sn34f780.o(.text))
<BR>[Address Reference Count : 1]<UL><LI> startup_sn34f780.o(RESET)
</UL>
<P><STRONG><a name="[1e]"></a>CT16B8_IRQHandler</STRONG> (Thumb, 0 bytes, Stack size 0 bytes, startup_sn34f780.o(.text))
<BR>[Address Reference Count : 1]<UL><LI> startup_sn34f780.o(RESET)
</UL>
<P><STRONG><a name="[11]"></a>DMA0_CH0_IRQHandler</STRONG> (Thumb, 0 bytes, Stack size 0 bytes, startup_sn34f780.o(.text))
<BR>[Address Reference Count : 1]<UL><LI> startup_sn34f780.o(RESET)
</UL>
<P><STRONG><a name="[12]"></a>DMA0_CH1_IRQHandler</STRONG> (Thumb, 0 bytes, Stack size 0 bytes, startup_sn34f780.o(.text))
<BR>[Address Reference Count : 1]<UL><LI> startup_sn34f780.o(RESET)
</UL>
<P><STRONG><a name="[13]"></a>DMA0_CH2_IRQHandler</STRONG> (Thumb, 0 bytes, Stack size 0 bytes, startup_sn34f780.o(.text))
<BR>[Address Reference Count : 1]<UL><LI> startup_sn34f780.o(RESET)
</UL>
<P><STRONG><a name="[14]"></a>DMA0_CH3_IRQHandler</STRONG> (Thumb, 0 bytes, Stack size 0 bytes, startup_sn34f780.o(.text))
<BR>[Address Reference Count : 1]<UL><LI> startup_sn34f780.o(RESET)
</UL>
<P><STRONG><a name="[15]"></a>DMA0_CH4_IRQHandler</STRONG> (Thumb, 0 bytes, Stack size 0 bytes, startup_sn34f780.o(.text))
<BR>[Address Reference Count : 1]<UL><LI> startup_sn34f780.o(RESET)
</UL>
<P><STRONG><a name="[16]"></a>DMA0_CH5_IRQHandler</STRONG> (Thumb, 0 bytes, Stack size 0 bytes, startup_sn34f780.o(.text))
<BR>[Address Reference Count : 1]<UL><LI> startup_sn34f780.o(RESET)
</UL>
<P><STRONG><a name="[17]"></a>DMA0_CH6_IRQHandler</STRONG> (Thumb, 0 bytes, Stack size 0 bytes, startup_sn34f780.o(.text))
<BR>[Address Reference Count : 1]<UL><LI> startup_sn34f780.o(RESET)
</UL>
<P><STRONG><a name="[2b]"></a>DMA0_CH7_IRQHandler</STRONG> (Thumb, 0 bytes, Stack size 0 bytes, startup_sn34f780.o(.text))
<BR>[Address Reference Count : 1]<UL><LI> startup_sn34f780.o(RESET)
</UL>
<P><STRONG><a name="[32]"></a>DMA1_CH0_IRQHandler</STRONG> (Thumb, 0 bytes, Stack size 0 bytes, startup_sn34f780.o(.text))
<BR>[Address Reference Count : 1]<UL><LI> startup_sn34f780.o(RESET)
</UL>
<P><STRONG><a name="[33]"></a>DMA1_CH1_IRQHandler</STRONG> (Thumb, 0 bytes, Stack size 0 bytes, startup_sn34f780.o(.text))
<BR>[Address Reference Count : 1]<UL><LI> startup_sn34f780.o(RESET)
</UL>
<P><STRONG><a name="[34]"></a>DMA1_CH2_IRQHandler</STRONG> (Thumb, 0 bytes, Stack size 0 bytes, startup_sn34f780.o(.text))
<BR>[Address Reference Count : 1]<UL><LI> startup_sn34f780.o(RESET)
</UL>
<P><STRONG><a name="[35]"></a>DMA1_CH3_IRQHandler</STRONG> (Thumb, 0 bytes, Stack size 0 bytes, startup_sn34f780.o(.text))
<BR>[Address Reference Count : 1]<UL><LI> startup_sn34f780.o(RESET)
</UL>
<P><STRONG><a name="[36]"></a>DMA1_CH4_IRQHandler</STRONG> (Thumb, 0 bytes, Stack size 0 bytes, startup_sn34f780.o(.text))
<BR>[Address Reference Count : 1]<UL><LI> startup_sn34f780.o(RESET)
</UL>
<P><STRONG><a name="[3c]"></a>DMA1_CH5_IRQHandler</STRONG> (Thumb, 0 bytes, Stack size 0 bytes, startup_sn34f780.o(.text))
<BR>[Address Reference Count : 1]<UL><LI> startup_sn34f780.o(RESET)
</UL>
<P><STRONG><a name="[3d]"></a>DMA1_CH6_IRQHandler</STRONG> (Thumb, 0 bytes, Stack size 0 bytes, startup_sn34f780.o(.text))
<BR>[Address Reference Count : 1]<UL><LI> startup_sn34f780.o(RESET)
</UL>
<P><STRONG><a name="[3e]"></a>DMA1_CH7_IRQHandler</STRONG> (Thumb, 0 bytes, Stack size 0 bytes, startup_sn34f780.o(.text))
<BR>[Address Reference Count : 1]<UL><LI> startup_sn34f780.o(RESET)
</UL>
<P><STRONG><a name="[37]"></a>ETH_IRQHandler</STRONG> (Thumb, 0 bytes, Stack size 0 bytes, startup_sn34f780.o(.text))
<BR>[Address Reference Count : 1]<UL><LI> startup_sn34f780.o(RESET)
</UL>
<P><STRONG><a name="[43]"></a>ETH_WOL_IRQHandler</STRONG> (Thumb, 0 bytes, Stack size 0 bytes, startup_sn34f780.o(.text))
<BR>[Address Reference Count : 1]<UL><LI> startup_sn34f780.o(RESET)
</UL>
<P><STRONG><a name="[10]"></a>FLASH_IRQHandler</STRONG> (Thumb, 0 bytes, Stack size 0 bytes, startup_sn34f780.o(.text))
<BR>[Address Reference Count : 1]<UL><LI> startup_sn34f780.o(RESET)
</UL>
<P><STRONG><a name="[41]"></a>FPU_IRQHandler</STRONG> (Thumb, 0 bytes, Stack size 0 bytes, startup_sn34f780.o(.text))
<BR>[Address Reference Count : 1]<UL><LI> startup_sn34f780.o(RESET)
</UL>
<P><STRONG><a name="[47]"></a>GPIO0_IRQHandler</STRONG> (Thumb, 0 bytes, Stack size 0 bytes, startup_sn34f780.o(.text))
<BR>[Address Reference Count : 1]<UL><LI> startup_sn34f780.o(RESET)
</UL>
<P><STRONG><a name="[46]"></a>GPIO1_IRQHandler</STRONG> (Thumb, 0 bytes, Stack size 0 bytes, startup_sn34f780.o(.text))
<BR>[Address Reference Count : 1]<UL><LI> startup_sn34f780.o(RESET)
</UL>
<P><STRONG><a name="[45]"></a>GPIO2_IRQHandler</STRONG> (Thumb, 0 bytes, Stack size 0 bytes, startup_sn34f780.o(.text))
<BR>[Address Reference Count : 1]<UL><LI> startup_sn34f780.o(RESET)
</UL>
<P><STRONG><a name="[44]"></a>GPIO3_IRQHandler</STRONG> (Thumb, 0 bytes, Stack size 0 bytes, startup_sn34f780.o(.text))
<BR>[Address Reference Count : 1]<UL><LI> startup_sn34f780.o(RESET)
</UL>
<P><STRONG><a name="[22]"></a>I2C0_IRQHandler</STRONG> (Thumb, 0 bytes, Stack size 0 bytes, startup_sn34f780.o(.text))
<BR>[Address Reference Count : 1]<UL><LI> startup_sn34f780.o(RESET)
</UL>
<P><STRONG><a name="[23]"></a>I2C1_IRQHandler</STRONG> (Thumb, 0 bytes, Stack size 0 bytes, startup_sn34f780.o(.text))
<BR>[Address Reference Count : 1]<UL><LI> startup_sn34f780.o(RESET)
</UL>
<P><STRONG><a name="[40]"></a>I2C2_IRQHandler</STRONG> (Thumb, 0 bytes, Stack size 0 bytes, startup_sn34f780.o(.text))
<BR>[Address Reference Count : 1]<UL><LI> startup_sn34f780.o(RESET)
</UL>
<P><STRONG><a name="[42]"></a>LCM_IRQHandler</STRONG> (Thumb, 0 bytes, Stack size 0 bytes, startup_sn34f780.o(.text))
<BR>[Address Reference Count : 1]<UL><LI> startup_sn34f780.o(RESET)
</UL>
<P><STRONG><a name="[d]"></a>LVD_IRQHandler</STRONG> (Thumb, 0 bytes, Stack size 0 bytes, startup_sn34f780.o(.text))
<BR>[Address Reference Count : 1]<UL><LI> startup_sn34f780.o(RESET)
</UL>
<P><STRONG><a name="[2c]"></a>SDIO_IRQHandler</STRONG> (Thumb, 0 bytes, Stack size 0 bytes, startup_sn34f780.o(.text))
<BR>[Address Reference Count : 1]<UL><LI> startup_sn34f780.o(RESET)
</UL>
<P><STRONG><a name="[24]"></a>SPI0_IRQHandler</STRONG> (Thumb, 0 bytes, Stack size 0 bytes, startup_sn34f780.o(.text))
<BR>[Address Reference Count : 1]<UL><LI> startup_sn34f780.o(RESET)
</UL>
<P><STRONG><a name="[25]"></a>SPI1_IRQHandler</STRONG> (Thumb, 0 bytes, Stack size 0 bytes, startup_sn34f780.o(.text))
<BR>[Address Reference Count : 1]<UL><LI> startup_sn34f780.o(RESET)
</UL>
<P><STRONG><a name="[2d]"></a>SPI2_IRQHandler</STRONG> (Thumb, 0 bytes, Stack size 0 bytes, startup_sn34f780.o(.text))
<BR>[Address Reference Count : 1]<UL><LI> startup_sn34f780.o(RESET)
</UL>
<P><STRONG><a name="[28]"></a>UART2_IRQHandler</STRONG> (Thumb, 0 bytes, Stack size 0 bytes, startup_sn34f780.o(.text))
<BR>[Address Reference Count : 1]<UL><LI> startup_sn34f780.o(RESET)
</UL>
<P><STRONG><a name="[2e]"></a>UART3_IRQHandler</STRONG> (Thumb, 0 bytes, Stack size 0 bytes, startup_sn34f780.o(.text))
<BR>[Address Reference Count : 1]<UL><LI> startup_sn34f780.o(RESET)
</UL>
<P><STRONG><a name="[2f]"></a>UART4_IRQHandler</STRONG> (Thumb, 0 bytes, Stack size 0 bytes, startup_sn34f780.o(.text))
<BR>[Address Reference Count : 1]<UL><LI> startup_sn34f780.o(RESET)
</UL>
<P><STRONG><a name="[3f]"></a>UART5_IRQHandler</STRONG> (Thumb, 0 bytes, Stack size 0 bytes, startup_sn34f780.o(.text))
<BR>[Address Reference Count : 1]<UL><LI> startup_sn34f780.o(RESET)
</UL>
<P><STRONG><a name="[e]"></a>WDT_IRQHandler</STRONG> (Thumb, 0 bytes, Stack size 0 bytes, startup_sn34f780.o(.text))
<BR>[Address Reference Count : 1]<UL><LI> startup_sn34f780.o(RESET)
</UL>
<P><STRONG><a name="[c]"></a>WWDT_IRQHandler</STRONG> (Thumb, 0 bytes, Stack size 0 bytes, startup_sn34f780.o(.text))
<BR>[Address Reference Count : 1]<UL><LI> startup_sn34f780.o(RESET)
</UL>
<P><STRONG><a name="[72]"></a>__user_initial_stackheap</STRONG> (Thumb, 0 bytes, Stack size unknown bytes, startup_sn34f780.o(.text))
<BR><BR>[Called By]<UL><LI><a href="#[69]">&gt;&gt;</a>&nbsp;&nbsp;&nbsp;__user_setup_stackheap
</UL>

<P><STRONG><a name="[e9]"></a>__use_no_semihosting</STRONG> (Thumb, 2 bytes, Stack size 0 bytes, use_no_semi_2.o(.text), UNUSED)

<P><STRONG><a name="[c1]"></a>memcmp</STRONG> (Thumb, 88 bytes, Stack size 8 bytes, memcmp.o(.text))
<BR><BR>[Stack]<UL><LI>Max Depth = 8<LI>Call Chain = memcmp
</UL>
<BR>[Called By]<UL><LI><a href="#[be]">&gt;&gt;</a>&nbsp;&nbsp;&nbsp;_uart0_tx_uart1_rx_it_8bit
</UL>

<P><STRONG><a name="[a2]"></a>__aeabi_memcpy4</STRONG> (Thumb, 0 bytes, Stack size 8 bytes, rt_memcpy_w.o(.text))
<BR><BR>[Stack]<UL><LI>Max Depth = 8<LI>Call Chain = __aeabi_memcpy4
</UL>
<BR>[Called By]<UL><LI><a href="#[a1]">&gt;&gt;</a>&nbsp;&nbsp;&nbsp;HAL_RCC_ClockConfig
<LI><a href="#[ba]">&gt;&gt;</a>&nbsp;&nbsp;&nbsp;SystemClock_Config
</UL>

<P><STRONG><a name="[ea]"></a>__aeabi_memcpy8</STRONG> (Thumb, 0 bytes, Stack size 8 bytes, rt_memcpy_w.o(.text), UNUSED)

<P><STRONG><a name="[eb]"></a>__rt_memcpy_w</STRONG> (Thumb, 100 bytes, Stack size 8 bytes, rt_memcpy_w.o(.text), UNUSED)

<P><STRONG><a name="[ec]"></a>_memcpy_lastbytes_aligned</STRONG> (Thumb, 0 bytes, Stack size unknown bytes, rt_memcpy_w.o(.text), UNUSED)

<P><STRONG><a name="[c0]"></a>__aeabi_memclr</STRONG> (Thumb, 0 bytes, Stack size 0 bytes, rt_memclr.o(.text))
<BR><BR>[Called By]<UL><LI><a href="#[be]">&gt;&gt;</a>&nbsp;&nbsp;&nbsp;_uart0_tx_uart1_rx_it_8bit
</UL>

<P><STRONG><a name="[6f]"></a>__rt_memclr</STRONG> (Thumb, 68 bytes, Stack size 0 bytes, rt_memclr.o(.text), UNUSED)
<BR><BR>[Calls]<UL><LI><a href="#[70]">&gt;&gt;</a>&nbsp;&nbsp;&nbsp;_memset_w
</UL>

<P><STRONG><a name="[ed]"></a>_memset</STRONG> (Thumb, 0 bytes, Stack size unknown bytes, rt_memclr.o(.text), UNUSED)

<P><STRONG><a name="[bb]"></a>__aeabi_memclr4</STRONG> (Thumb, 0 bytes, Stack size 4 bytes, rt_memclr_w.o(.text))
<BR><BR>[Stack]<UL><LI>Max Depth = 4<LI>Call Chain = __aeabi_memclr4
</UL>
<BR>[Called By]<UL><LI><a href="#[ba]">&gt;&gt;</a>&nbsp;&nbsp;&nbsp;SystemClock_Config
</UL>

<P><STRONG><a name="[ee]"></a>__aeabi_memclr8</STRONG> (Thumb, 0 bytes, Stack size 4 bytes, rt_memclr_w.o(.text), UNUSED)

<P><STRONG><a name="[ef]"></a>__rt_memclr_w</STRONG> (Thumb, 78 bytes, Stack size 4 bytes, rt_memclr_w.o(.text), UNUSED)

<P><STRONG><a name="[70]"></a>_memset_w</STRONG> (Thumb, 0 bytes, Stack size unknown bytes, rt_memclr_w.o(.text), UNUSED)
<BR><BR>[Called By]<UL><LI><a href="#[6f]">&gt;&gt;</a>&nbsp;&nbsp;&nbsp;__rt_memclr
</UL>

<P><STRONG><a name="[f0]"></a>__use_two_region_memory</STRONG> (Thumb, 2 bytes, Stack size 0 bytes, heapauxi.o(.text), UNUSED)

<P><STRONG><a name="[f1]"></a>__rt_heap_escrow$2region</STRONG> (Thumb, 2 bytes, Stack size 0 bytes, heapauxi.o(.text), UNUSED)

<P><STRONG><a name="[f2]"></a>__rt_heap_expand$2region</STRONG> (Thumb, 2 bytes, Stack size 0 bytes, heapauxi.o(.text), UNUSED)

<P><STRONG><a name="[f3]"></a>__I$use$semihosting</STRONG> (Thumb, 0 bytes, Stack size 0 bytes, use_no_semi.o(.text), UNUSED)

<P><STRONG><a name="[f4]"></a>__use_no_semihosting_swi</STRONG> (Thumb, 2 bytes, Stack size 0 bytes, use_no_semi.o(.text), UNUSED)

<P><STRONG><a name="[69]"></a>__user_setup_stackheap</STRONG> (Thumb, 74 bytes, Stack size 8 bytes, sys_stackheap_outer.o(.text))
<BR><BR>[Stack]<UL><LI>Max Depth = 8 + Unknown Stack Size
<LI>Call Chain = __user_setup_stackheap
</UL>
<BR>[Calls]<UL><LI><a href="#[71]">&gt;&gt;</a>&nbsp;&nbsp;&nbsp;__user_perproc_libspace
<LI><a href="#[72]">&gt;&gt;</a>&nbsp;&nbsp;&nbsp;__user_initial_stackheap
</UL>
<BR>[Called By]<UL><LI><a href="#[68]">&gt;&gt;</a>&nbsp;&nbsp;&nbsp;__rt_entry_sh
</UL>

<P><STRONG><a name="[6e]"></a>exit</STRONG> (Thumb, 18 bytes, Stack size 8 bytes, exit.o(.text))
<BR><BR>[Stack]<UL><LI>Max Depth = 8 + Unknown Stack Size
<LI>Call Chain = exit
</UL>
<BR>[Calls]<UL><LI><a href="#[73]">&gt;&gt;</a>&nbsp;&nbsp;&nbsp;__rt_exit
</UL>
<BR>[Called By]<UL><LI><a href="#[6c]">&gt;&gt;</a>&nbsp;&nbsp;&nbsp;__rt_entry_main
</UL>

<P><STRONG><a name="[f5]"></a>__user_libspace</STRONG> (Thumb, 8 bytes, Stack size 0 bytes, libspace.o(.text), UNUSED)

<P><STRONG><a name="[71]"></a>__user_perproc_libspace</STRONG> (Thumb, 0 bytes, Stack size 0 bytes, libspace.o(.text))
<BR><BR>[Called By]<UL><LI><a href="#[69]">&gt;&gt;</a>&nbsp;&nbsp;&nbsp;__user_setup_stackheap
</UL>

<P><STRONG><a name="[f6]"></a>__user_perthread_libspace</STRONG> (Thumb, 0 bytes, Stack size 0 bytes, libspace.o(.text), UNUSED)

<P><STRONG><a name="[75]"></a>HAL_PWR_Callback</STRONG> (Thumb, 2 bytes, Stack size 0 bytes, sn34f78x_hal_scu.o(ISR))
<BR><BR>[Called By]<UL><LI><a href="#[74]">&gt;&gt;</a>&nbsp;&nbsp;&nbsp;HAL_SCU_IRQHandler
</UL>

<P><STRONG><a name="[76]"></a>HAL_RCC_Callback</STRONG> (Thumb, 2 bytes, Stack size 0 bytes, sn34f78x_hal_scu.o(ISR))
<BR><BR>[Called By]<UL><LI><a href="#[74]">&gt;&gt;</a>&nbsp;&nbsp;&nbsp;HAL_SCU_IRQHandler
</UL>

<P><STRONG><a name="[77]"></a>HAL_RTC_Callback</STRONG> (Thumb, 2 bytes, Stack size 0 bytes, sn34f78x_hal_scu.o(ISR))
<BR><BR>[Called By]<UL><LI><a href="#[74]">&gt;&gt;</a>&nbsp;&nbsp;&nbsp;HAL_SCU_IRQHandler
</UL>

<P><STRONG><a name="[74]"></a>HAL_SCU_IRQHandler</STRONG> (Thumb, 46 bytes, Stack size 8 bytes, sn34f78x_hal_scu.o(ISR))
<BR><BR>[Stack]<UL><LI>Max Depth = 8<LI>Call Chain = HAL_SCU_IRQHandler
</UL>
<BR>[Calls]<UL><LI><a href="#[77]">&gt;&gt;</a>&nbsp;&nbsp;&nbsp;HAL_RTC_Callback
<LI><a href="#[76]">&gt;&gt;</a>&nbsp;&nbsp;&nbsp;HAL_RCC_Callback
<LI><a href="#[75]">&gt;&gt;</a>&nbsp;&nbsp;&nbsp;HAL_PWR_Callback
</UL>
<BR>[Called By]<UL><LI><a href="#[f]">&gt;&gt;</a>&nbsp;&nbsp;&nbsp;SCU_IRQHandler
</UL>

<P><STRONG><a name="[5c]"></a>HAL_UART_AbortReceiveCpltCallback</STRONG> (Thumb, 2 bytes, Stack size 0 bytes, sn34f78x_hal_uart.o(ISR))
<BR>[Address Reference Count : 1]<UL><LI> sn34f78x_hal_uart.o(i._uart_init_callbacks_default)
</UL>
<P><STRONG><a name="[5b]"></a>HAL_UART_AbortTransmitCpltCallback</STRONG> (Thumb, 2 bytes, Stack size 0 bytes, sn34f78x_hal_uart.o(ISR))
<BR>[Address Reference Count : 1]<UL><LI> sn34f78x_hal_uart.o(i._uart_init_callbacks_default)
</UL>
<P><STRONG><a name="[5a]"></a>HAL_UART_AbortCpltCallback</STRONG> (Thumb, 2 bytes, Stack size 0 bytes, sn34f78x_hal_uart.o(ISR))
<BR>[Address Reference Count : 1]<UL><LI> sn34f78x_hal_uart.o(i._uart_init_callbacks_default)
</UL>
<P><STRONG><a name="[59]"></a>HAL_UART_ErrorCallback</STRONG> (Thumb, 2 bytes, Stack size 0 bytes, sn34f78x_hal_uart.o(ISR))
<BR>[Address Reference Count : 1]<UL><LI> sn34f78x_hal_uart.o(i._uart_init_callbacks_default)
</UL>
<P><STRONG><a name="[78]"></a>HAL_UART_Abort</STRONG> (Thumb, 48 bytes, Stack size 8 bytes, sn34f78x_hal_uart.o(ISR), UNUSED)
<BR><BR>[Calls]<UL><LI><a href="#[79]">&gt;&gt;</a>&nbsp;&nbsp;&nbsp;_uart_abort_tx
<LI><a href="#[7a]">&gt;&gt;</a>&nbsp;&nbsp;&nbsp;_uart_abort_rx
</UL>

<P><STRONG><a name="[7b]"></a>HAL_UART_AbortTransmit</STRONG> (Thumb, 24 bytes, Stack size 8 bytes, sn34f78x_hal_uart.o(ISR), UNUSED)
<BR><BR>[Calls]<UL><LI><a href="#[79]">&gt;&gt;</a>&nbsp;&nbsp;&nbsp;_uart_abort_tx
</UL>

<P><STRONG><a name="[7c]"></a>HAL_UART_AbortReceive</STRONG> (Thumb, 24 bytes, Stack size 8 bytes, sn34f78x_hal_uart.o(ISR), UNUSED)
<BR><BR>[Calls]<UL><LI><a href="#[7a]">&gt;&gt;</a>&nbsp;&nbsp;&nbsp;_uart_abort_rx
</UL>

<P><STRONG><a name="[7d]"></a>HAL_UART_Abort_IT</STRONG> (Thumb, 58 bytes, Stack size 8 bytes, sn34f78x_hal_uart.o(ISR), UNUSED)
<BR><BR>[Calls]<UL><LI><a href="#[79]">&gt;&gt;</a>&nbsp;&nbsp;&nbsp;_uart_abort_tx
<LI><a href="#[7a]">&gt;&gt;</a>&nbsp;&nbsp;&nbsp;_uart_abort_rx
</UL>

<P><STRONG><a name="[7e]"></a>HAL_UART_AbortTransmit_IT</STRONG> (Thumb, 34 bytes, Stack size 8 bytes, sn34f78x_hal_uart.o(ISR), UNUSED)
<BR><BR>[Calls]<UL><LI><a href="#[79]">&gt;&gt;</a>&nbsp;&nbsp;&nbsp;_uart_abort_tx
</UL>

<P><STRONG><a name="[7f]"></a>HAL_UART_AbortReceive_IT</STRONG> (Thumb, 34 bytes, Stack size 8 bytes, sn34f78x_hal_uart.o(ISR), UNUSED)
<BR><BR>[Calls]<UL><LI><a href="#[7a]">&gt;&gt;</a>&nbsp;&nbsp;&nbsp;_uart_abort_rx
</UL>

<P><STRONG><a name="[84]"></a>HAL_UART_IRQHandler</STRONG> (Thumb, 92 bytes, Stack size 16 bytes, sn34f78x_hal_uart.o(ISR))
<BR><BR>[Stack]<UL><LI>Max Depth = 48<LI>Call Chain = HAL_UART_IRQHandler &rArr; _uart_rda_handle &rArr; _uart_receive_complete
</UL>
<BR>[Calls]<UL><LI><a href="#[85]">&gt;&gt;</a>&nbsp;&nbsp;&nbsp;_uart_rls_handle
<LI><a href="#[82]">&gt;&gt;</a>&nbsp;&nbsp;&nbsp;_uart_rda_handle
<LI><a href="#[80]">&gt;&gt;</a>&nbsp;&nbsp;&nbsp;_uart_thre_handle
<LI><a href="#[86]">&gt;&gt;</a>&nbsp;&nbsp;&nbsp;_uart_ms_handle
</UL>
<BR>[Called By]<UL><LI><a href="#[27]">&gt;&gt;</a>&nbsp;&nbsp;&nbsp;UART1_IRQHandler
<LI><a href="#[26]">&gt;&gt;</a>&nbsp;&nbsp;&nbsp;UART0_IRQHandler
</UL>

<P><STRONG><a name="[4e]"></a>HAL_DMA_XferAbortCallback</STRONG> (Thumb, 2 bytes, Stack size 0 bytes, sn34f78x_hal_dma.o(ISR))
<BR>[Address Reference Count : 1]<UL><LI> sn34f78x_hal_dma.o(i.HAL_DMA_UnRegisterCallback)
</UL>
<P><STRONG><a name="[4d]"></a>HAL_DMA_XferErrorCallback</STRONG> (Thumb, 2 bytes, Stack size 0 bytes, sn34f78x_hal_dma.o(ISR))
<BR>[Address Reference Count : 1]<UL><LI> sn34f78x_hal_dma.o(i.HAL_DMA_UnRegisterCallback)
</UL>
<P><STRONG><a name="[4c]"></a>HAL_DMA_XferCpltCallback</STRONG> (Thumb, 2 bytes, Stack size 0 bytes, sn34f78x_hal_dma.o(ISR))
<BR>[Address Reference Count : 1]<UL><LI> sn34f78x_hal_dma.o(i.HAL_DMA_UnRegisterCallback)
</UL>
<P><STRONG><a name="[f7]"></a>HAL_DMA_IRQHandler</STRONG> (Thumb, 170 bytes, Stack size 16 bytes, sn34f78x_hal_dma.o(ISR), UNUSED)

<P><STRONG><a name="[bd]"></a>Error_Handler</STRONG> (Thumb, 6 bytes, Stack size 0 bytes, main.o(i.Error_Handler))
<BR><BR>[Called By]<UL><LI><a href="#[6d]">&gt;&gt;</a>&nbsp;&nbsp;&nbsp;main
<LI><a href="#[ba]">&gt;&gt;</a>&nbsp;&nbsp;&nbsp;SystemClock_Config
</UL>

<P><STRONG><a name="[88]"></a>FLASH_WaitForLastOperation</STRONG> (Thumb, 98 bytes, Stack size 16 bytes, sn34f78x_hal_flash.o(i.FLASH_WaitForLastOperation))
<BR><BR>[Stack]<UL><LI>Max Depth = 16<LI>Call Chain = FLASH_WaitForLastOperation
</UL>
<BR>[Calls]<UL><LI><a href="#[92]">&gt;&gt;</a>&nbsp;&nbsp;&nbsp;FLASH_SetErrorCode
<LI><a href="#[91]">&gt;&gt;</a>&nbsp;&nbsp;&nbsp;HAL_GetTick
</UL>
<BR>[Called By]<UL><LI><a href="#[8e]">&gt;&gt;</a>&nbsp;&nbsp;&nbsp;FLASH_Protect_GetStatus
<LI><a href="#[8c]">&gt;&gt;</a>&nbsp;&nbsp;&nbsp;FLASH_GetCLKFreq
<LI><a href="#[8b]">&gt;&gt;</a>&nbsp;&nbsp;&nbsp;FLASH_GetBOOTFlag
<LI><a href="#[8a]">&gt;&gt;</a>&nbsp;&nbsp;&nbsp;FLASH_GetAUTOHold
<LI><a href="#[89]">&gt;&gt;</a>&nbsp;&nbsp;&nbsp;FLASH_CLKFreq_Config
<LI><a href="#[87]">&gt;&gt;</a>&nbsp;&nbsp;&nbsp;FLASH_AUTOHold_Config
</UL>

<P><STRONG><a name="[4b]"></a>HAL_DMA_MspDeInit</STRONG> (Thumb, 2 bytes, Stack size 0 bytes, sn34f78x_hal_dma.o(i.HAL_DMA_MspDeInit))
<BR>[Address Reference Count : 1]<UL><LI> sn34f78x_hal_dma.o(i.HAL_DMA_UnRegisterCallback)
</UL>
<P><STRONG><a name="[4a]"></a>HAL_DMA_MspInit</STRONG> (Thumb, 2 bytes, Stack size 0 bytes, sn34f78x_hal_dma.o(i.HAL_DMA_MspInit))
<BR>[Address Reference Count : 1]<UL><LI> sn34f78x_hal_dma.o(i.HAL_DMA_UnRegisterCallback)
</UL>
<P><STRONG><a name="[af]"></a>HAL_DMA_RegisterCallback</STRONG> (Thumb, 76 bytes, Stack size 0 bytes, sn34f78x_hal_dma.o(i.HAL_DMA_RegisterCallback))
<BR><BR>[Called By]<UL><LI><a href="#[ac]">&gt;&gt;</a>&nbsp;&nbsp;&nbsp;HAL_UART_Init
</UL>

<P><STRONG><a name="[ab]"></a>HAL_DMA_UnRegisterCallback</STRONG> (Thumb, 106 bytes, Stack size 0 bytes, sn34f78x_hal_dma.o(i.HAL_DMA_UnRegisterCallback))
<BR><BR>[Called By]<UL><LI><a href="#[aa]">&gt;&gt;</a>&nbsp;&nbsp;&nbsp;HAL_UART_DeInit
</UL>

<P><STRONG><a name="[93]"></a>HAL_DeInit</STRONG> (Thumb, 10 bytes, Stack size 8 bytes, sn34f78x_hal.o(i.HAL_DeInit))
<BR><BR>[Stack]<UL><LI>Max Depth = 8<LI>Call Chain = HAL_DeInit
</UL>
<BR>[Calls]<UL><LI><a href="#[94]">&gt;&gt;</a>&nbsp;&nbsp;&nbsp;HAL_MspDeInit
</UL>
<BR>[Called By]<UL><LI><a href="#[c6]">&gt;&gt;</a>&nbsp;&nbsp;&nbsp;uninit
</UL>

<P><STRONG><a name="[95]"></a>HAL_FLASHEx_ConfigProgram</STRONG> (Thumb, 48 bytes, Stack size 16 bytes, sn34f78x_hal_flash_ex.o(i.HAL_FLASHEx_ConfigProgram))
<BR><BR>[Stack]<UL><LI>Max Depth = 48<LI>Call Chain = HAL_FLASHEx_ConfigProgram &rArr; FLASH_CLKFreq_Config &rArr; FLASH_WaitForLastOperation
</UL>
<BR>[Calls]<UL><LI><a href="#[89]">&gt;&gt;</a>&nbsp;&nbsp;&nbsp;FLASH_CLKFreq_Config
<LI><a href="#[87]">&gt;&gt;</a>&nbsp;&nbsp;&nbsp;FLASH_AUTOHold_Config
</UL>
<BR>[Called By]<UL><LI><a href="#[9d]">&gt;&gt;</a>&nbsp;&nbsp;&nbsp;HAL_InitFlash
<LI><a href="#[a1]">&gt;&gt;</a>&nbsp;&nbsp;&nbsp;HAL_RCC_ClockConfig
<LI><a href="#[ba]">&gt;&gt;</a>&nbsp;&nbsp;&nbsp;SystemClock_Config
</UL>

<P><STRONG><a name="[96]"></a>HAL_FLASHEx_GetConfig</STRONG> (Thumb, 58 bytes, Stack size 8 bytes, sn34f78x_hal_flash_ex.o(i.HAL_FLASHEx_GetConfig))
<BR><BR>[Stack]<UL><LI>Max Depth = 64<LI>Call Chain = HAL_FLASHEx_GetConfig &rArr; FLASH_GetSMWRP &rArr; FLASH_Protect_GetStatus &rArr; FLASH_WaitForLastOperation
</UL>
<BR>[Calls]<UL><LI><a href="#[90]">&gt;&gt;</a>&nbsp;&nbsp;&nbsp;FLASH_GetSMWRP
<LI><a href="#[8f]">&gt;&gt;</a>&nbsp;&nbsp;&nbsp;FLASH_GetRDP
<LI><a href="#[8d]">&gt;&gt;</a>&nbsp;&nbsp;&nbsp;FLASH_GetMMWRP
<LI><a href="#[8c]">&gt;&gt;</a>&nbsp;&nbsp;&nbsp;FLASH_GetCLKFreq
<LI><a href="#[8b]">&gt;&gt;</a>&nbsp;&nbsp;&nbsp;FLASH_GetBOOTFlag
<LI><a href="#[8a]">&gt;&gt;</a>&nbsp;&nbsp;&nbsp;FLASH_GetAUTOHold
</UL>
<BR>[Called By]<UL><LI><a href="#[a1]">&gt;&gt;</a>&nbsp;&nbsp;&nbsp;HAL_RCC_ClockConfig
</UL>

<P><STRONG><a name="[97]"></a>HAL_GPIO_SetAFIO</STRONG> (Thumb, 108 bytes, Stack size 48 bytes, sn34f78x_hal_gpio.o(i.HAL_GPIO_SetAFIO))
<BR><BR>[Stack]<UL><LI>Max Depth = 48<LI>Call Chain = HAL_GPIO_SetAFIO
</UL>
<BR>[Calls]<UL><LI><a href="#[98]">&gt;&gt;</a>&nbsp;&nbsp;&nbsp;_pinmux_get_port_pos
</UL>
<BR>[Called By]<UL><LI><a href="#[50]">&gt;&gt;</a>&nbsp;&nbsp;&nbsp;HAL_UART_MspInit
<LI><a href="#[4f]">&gt;&gt;</a>&nbsp;&nbsp;&nbsp;HAL_UART_MspDeInit
<LI><a href="#[a9]">&gt;&gt;</a>&nbsp;&nbsp;&nbsp;HAL_RCC_OscConfig
</UL>

<P><STRONG><a name="[99]"></a>HAL_GetNewHCLKFreq</STRONG> (Thumb, 88 bytes, Stack size 16 bytes, sn34f78x_hal_rcc.o(i.HAL_GetNewHCLKFreq))
<BR><BR>[Stack]<UL><LI>Max Depth = 16<LI>Call Chain = HAL_GetNewHCLKFreq
</UL>
<BR>[Calls]<UL><LI><a href="#[9a]">&gt;&gt;</a>&nbsp;&nbsp;&nbsp;HAL_RCC_GetPLLCLKFreq
</UL>
<BR>[Called By]<UL><LI><a href="#[a1]">&gt;&gt;</a>&nbsp;&nbsp;&nbsp;HAL_RCC_ClockConfig
</UL>

<P><STRONG><a name="[91]"></a>HAL_GetTick</STRONG> (Thumb, 6 bytes, Stack size 0 bytes, sn34f78x_hal_systick.o(i.HAL_GetTick))
<BR><BR>[Called By]<UL><LI><a href="#[88]">&gt;&gt;</a>&nbsp;&nbsp;&nbsp;FLASH_WaitForLastOperation
<LI><a href="#[a9]">&gt;&gt;</a>&nbsp;&nbsp;&nbsp;HAL_RCC_OscConfig
<LI><a href="#[a1]">&gt;&gt;</a>&nbsp;&nbsp;&nbsp;HAL_RCC_ClockConfig
</UL>

<P><STRONG><a name="[a5]"></a>HAL_GetTickPrio</STRONG> (Thumb, 6 bytes, Stack size 0 bytes, sn34f78x_hal_systick.o(i.HAL_GetTickPrio))
<BR><BR>[Called By]<UL><LI><a href="#[a1]">&gt;&gt;</a>&nbsp;&nbsp;&nbsp;HAL_RCC_ClockConfig
</UL>

<P><STRONG><a name="[b9]"></a>HAL_IncTick</STRONG> (Thumb, 16 bytes, Stack size 0 bytes, sn34f78x_hal_systick.o(i.HAL_IncTick))
<BR><BR>[Called By]<UL><LI><a href="#[b]">&gt;&gt;</a>&nbsp;&nbsp;&nbsp;SysTick_Handler
</UL>

<P><STRONG><a name="[9b]"></a>HAL_Init</STRONG> (Thumb, 20 bytes, Stack size 8 bytes, sn34f78x_hal.o(i.HAL_Init))
<BR><BR>[Stack]<UL><LI>Max Depth = 104<LI>Call Chain = HAL_Init &rArr; HAL_InitFlash &rArr; HAL_FLASHEx_ConfigProgram &rArr; FLASH_CLKFreq_Config &rArr; FLASH_WaitForLastOperation
</UL>
<BR>[Calls]<UL><LI><a href="#[9c]">&gt;&gt;</a>&nbsp;&nbsp;&nbsp;HAL_InitTick
<LI><a href="#[9d]">&gt;&gt;</a>&nbsp;&nbsp;&nbsp;HAL_InitFlash
<LI><a href="#[9e]">&gt;&gt;</a>&nbsp;&nbsp;&nbsp;HAL_MspInit
</UL>
<BR>[Called By]<UL><LI><a href="#[6d]">&gt;&gt;</a>&nbsp;&nbsp;&nbsp;main
</UL>

<P><STRONG><a name="[9d]"></a>HAL_InitFlash</STRONG> (Thumb, 50 bytes, Stack size 48 bytes, sn34f78x_hal_flash.o(i.HAL_InitFlash))
<BR><BR>[Stack]<UL><LI>Max Depth = 96<LI>Call Chain = HAL_InitFlash &rArr; HAL_FLASHEx_ConfigProgram &rArr; FLASH_CLKFreq_Config &rArr; FLASH_WaitForLastOperation
</UL>
<BR>[Calls]<UL><LI><a href="#[95]">&gt;&gt;</a>&nbsp;&nbsp;&nbsp;HAL_FLASHEx_ConfigProgram
</UL>
<BR>[Called By]<UL><LI><a href="#[9b]">&gt;&gt;</a>&nbsp;&nbsp;&nbsp;HAL_Init
</UL>

<P><STRONG><a name="[9c]"></a>HAL_InitTick</STRONG> (Thumb, 214 bytes, Stack size 32 bytes, sn34f78x_hal_systick.o(i.HAL_InitTick))
<BR><BR>[Stack]<UL><LI>Max Depth = 40<LI>Call Chain = HAL_InitTick &rArr; SystemCoreClockUpdate
</UL>
<BR>[Calls]<UL><LI><a href="#[9f]">&gt;&gt;</a>&nbsp;&nbsp;&nbsp;SystemCoreClockUpdate
<LI><a href="#[a0]">&gt;&gt;</a>&nbsp;&nbsp;&nbsp;__NVIC_SetPriority
</UL>
<BR>[Called By]<UL><LI><a href="#[a1]">&gt;&gt;</a>&nbsp;&nbsp;&nbsp;HAL_RCC_ClockConfig
<LI><a href="#[9b]">&gt;&gt;</a>&nbsp;&nbsp;&nbsp;HAL_Init
</UL>

<P><STRONG><a name="[94]"></a>HAL_MspDeInit</STRONG> (Thumb, 2 bytes, Stack size 0 bytes, sn34f78x_hal_msp.o(i.HAL_MspDeInit))
<BR><BR>[Called By]<UL><LI><a href="#[93]">&gt;&gt;</a>&nbsp;&nbsp;&nbsp;HAL_DeInit
</UL>

<P><STRONG><a name="[9e]"></a>HAL_MspInit</STRONG> (Thumb, 2 bytes, Stack size 0 bytes, sn34f78x_hal_msp.o(i.HAL_MspInit))
<BR><BR>[Called By]<UL><LI><a href="#[9b]">&gt;&gt;</a>&nbsp;&nbsp;&nbsp;HAL_Init
</UL>

<P><STRONG><a name="[a1]"></a>HAL_RCC_ClockConfig</STRONG> (Thumb, 376 bytes, Stack size 72 bytes, sn34f78x_hal_rcc.o(i.HAL_RCC_ClockConfig))
<BR><BR>[Stack]<UL><LI>Max Depth = 136<LI>Call Chain = HAL_RCC_ClockConfig &rArr; HAL_FLASHEx_GetConfig &rArr; FLASH_GetSMWRP &rArr; FLASH_Protect_GetStatus &rArr; FLASH_WaitForLastOperation
</UL>
<BR>[Calls]<UL><LI><a href="#[a5]">&gt;&gt;</a>&nbsp;&nbsp;&nbsp;HAL_GetTickPrio
<LI><a href="#[91]">&gt;&gt;</a>&nbsp;&nbsp;&nbsp;HAL_GetTick
<LI><a href="#[96]">&gt;&gt;</a>&nbsp;&nbsp;&nbsp;HAL_FLASHEx_GetConfig
<LI><a href="#[a3]">&gt;&gt;</a>&nbsp;&nbsp;&nbsp;RCC_FCS_Command
<LI><a href="#[a4]">&gt;&gt;</a>&nbsp;&nbsp;&nbsp;HAL_RCC_GetSysClockFreq
<LI><a href="#[99]">&gt;&gt;</a>&nbsp;&nbsp;&nbsp;HAL_GetNewHCLKFreq
<LI><a href="#[9c]">&gt;&gt;</a>&nbsp;&nbsp;&nbsp;HAL_InitTick
<LI><a href="#[95]">&gt;&gt;</a>&nbsp;&nbsp;&nbsp;HAL_FLASHEx_ConfigProgram
<LI><a href="#[a2]">&gt;&gt;</a>&nbsp;&nbsp;&nbsp;__aeabi_memcpy4
</UL>
<BR>[Called By]<UL><LI><a href="#[ba]">&gt;&gt;</a>&nbsp;&nbsp;&nbsp;SystemClock_Config
</UL>

<P><STRONG><a name="[a6]"></a>HAL_RCC_GetAPB0CLKFreq</STRONG> (Thumb, 18 bytes, Stack size 4 bytes, sn34f78x_hal_rcc.o(i.HAL_RCC_GetAPB0CLKFreq))
<BR><BR>[Stack]<UL><LI>Max Depth = 12<LI>Call Chain = HAL_RCC_GetAPB0CLKFreq &rArr; HAL_RCC_GetHCLKFreq &rArr; HAL_RCC_GetSysClockFreq
</UL>
<BR>[Calls]<UL><LI><a href="#[a7]">&gt;&gt;</a>&nbsp;&nbsp;&nbsp;HAL_RCC_GetHCLKFreq
</UL>
<BR>[Called By]<UL><LI><a href="#[c2]">&gt;&gt;</a>&nbsp;&nbsp;&nbsp;_uart_set_baudrate
</UL>

<P><STRONG><a name="[a8]"></a>HAL_RCC_GetAPB1CLKFreq</STRONG> (Thumb, 18 bytes, Stack size 4 bytes, sn34f78x_hal_rcc.o(i.HAL_RCC_GetAPB1CLKFreq))
<BR><BR>[Stack]<UL><LI>Max Depth = 12<LI>Call Chain = HAL_RCC_GetAPB1CLKFreq &rArr; HAL_RCC_GetHCLKFreq &rArr; HAL_RCC_GetSysClockFreq
</UL>
<BR>[Calls]<UL><LI><a href="#[a7]">&gt;&gt;</a>&nbsp;&nbsp;&nbsp;HAL_RCC_GetHCLKFreq
</UL>
<BR>[Called By]<UL><LI><a href="#[c2]">&gt;&gt;</a>&nbsp;&nbsp;&nbsp;_uart_set_baudrate
</UL>

<P><STRONG><a name="[bc]"></a>HAL_RCC_GetClockConfig</STRONG> (Thumb, 52 bytes, Stack size 0 bytes, sn34f78x_hal_rcc.o(i.HAL_RCC_GetClockConfig))
<BR><BR>[Called By]<UL><LI><a href="#[ba]">&gt;&gt;</a>&nbsp;&nbsp;&nbsp;SystemClock_Config
</UL>

<P><STRONG><a name="[a7]"></a>HAL_RCC_GetHCLKFreq</STRONG> (Thumb, 18 bytes, Stack size 4 bytes, sn34f78x_hal_rcc.o(i.HAL_RCC_GetHCLKFreq))
<BR><BR>[Stack]<UL><LI>Max Depth = 8<LI>Call Chain = HAL_RCC_GetHCLKFreq &rArr; HAL_RCC_GetSysClockFreq
</UL>
<BR>[Calls]<UL><LI><a href="#[a4]">&gt;&gt;</a>&nbsp;&nbsp;&nbsp;HAL_RCC_GetSysClockFreq
</UL>
<BR>[Called By]<UL><LI><a href="#[a8]">&gt;&gt;</a>&nbsp;&nbsp;&nbsp;HAL_RCC_GetAPB1CLKFreq
<LI><a href="#[a6]">&gt;&gt;</a>&nbsp;&nbsp;&nbsp;HAL_RCC_GetAPB0CLKFreq
<LI><a href="#[c2]">&gt;&gt;</a>&nbsp;&nbsp;&nbsp;_uart_set_baudrate
</UL>

<P><STRONG><a name="[9a]"></a>HAL_RCC_GetPLLCLKFreq</STRONG> (Thumb, 82 bytes, Stack size 0 bytes, sn34f78x_hal_rcc.o(i.HAL_RCC_GetPLLCLKFreq))
<BR><BR>[Called By]<UL><LI><a href="#[a4]">&gt;&gt;</a>&nbsp;&nbsp;&nbsp;HAL_RCC_GetSysClockFreq
<LI><a href="#[99]">&gt;&gt;</a>&nbsp;&nbsp;&nbsp;HAL_GetNewHCLKFreq
<LI><a href="#[c2]">&gt;&gt;</a>&nbsp;&nbsp;&nbsp;_uart_set_baudrate
</UL>

<P><STRONG><a name="[a4]"></a>HAL_RCC_GetSysClockFreq</STRONG> (Thumb, 48 bytes, Stack size 4 bytes, sn34f78x_hal_rcc.o(i.HAL_RCC_GetSysClockFreq))
<BR><BR>[Stack]<UL><LI>Max Depth = 4<LI>Call Chain = HAL_RCC_GetSysClockFreq
</UL>
<BR>[Calls]<UL><LI><a href="#[9a]">&gt;&gt;</a>&nbsp;&nbsp;&nbsp;HAL_RCC_GetPLLCLKFreq
</UL>
<BR>[Called By]<UL><LI><a href="#[a7]">&gt;&gt;</a>&nbsp;&nbsp;&nbsp;HAL_RCC_GetHCLKFreq
<LI><a href="#[a1]">&gt;&gt;</a>&nbsp;&nbsp;&nbsp;HAL_RCC_ClockConfig
</UL>

<P><STRONG><a name="[a9]"></a>HAL_RCC_OscConfig</STRONG> (Thumb, 572 bytes, Stack size 16 bytes, sn34f78x_hal_rcc.o(i.HAL_RCC_OscConfig))
<BR><BR>[Stack]<UL><LI>Max Depth = 64<LI>Call Chain = HAL_RCC_OscConfig &rArr; RCC_FCS_Command
</UL>
<BR>[Calls]<UL><LI><a href="#[91]">&gt;&gt;</a>&nbsp;&nbsp;&nbsp;HAL_GetTick
<LI><a href="#[a3]">&gt;&gt;</a>&nbsp;&nbsp;&nbsp;RCC_FCS_Command
<LI><a href="#[97]">&gt;&gt;</a>&nbsp;&nbsp;&nbsp;HAL_GPIO_SetAFIO
</UL>
<BR>[Called By]<UL><LI><a href="#[ba]">&gt;&gt;</a>&nbsp;&nbsp;&nbsp;SystemClock_Config
</UL>

<P><STRONG><a name="[aa]"></a>HAL_UART_DeInit</STRONG> (Thumb, 64 bytes, Stack size 8 bytes, sn34f78x_hal_uart.o(i.HAL_UART_DeInit))
<BR><BR>[Stack]<UL><LI>Max Depth = 8<LI>Call Chain = HAL_UART_DeInit
</UL>
<BR>[Calls]<UL><LI><a href="#[ab]">&gt;&gt;</a>&nbsp;&nbsp;&nbsp;HAL_DMA_UnRegisterCallback
</UL>
<BR>[Called By]<UL><LI><a href="#[c6]">&gt;&gt;</a>&nbsp;&nbsp;&nbsp;uninit
</UL>

<P><STRONG><a name="[ac]"></a>HAL_UART_Init</STRONG> (Thumb, 184 bytes, Stack size 8 bytes, sn34f78x_hal_uart.o(i.HAL_UART_Init))
<BR><BR>[Stack]<UL><LI>Max Depth = 92<LI>Call Chain = HAL_UART_Init &rArr; _uart_set_config &rArr; _uart_set_baudrate &rArr; HAL_RCC_GetAPB1CLKFreq &rArr; HAL_RCC_GetHCLKFreq &rArr; HAL_RCC_GetSysClockFreq
</UL>
<BR>[Calls]<UL><LI><a href="#[af]">&gt;&gt;</a>&nbsp;&nbsp;&nbsp;HAL_DMA_RegisterCallback
<LI><a href="#[b1]">&gt;&gt;</a>&nbsp;&nbsp;&nbsp;_uart_set_config
<LI><a href="#[ad]">&gt;&gt;</a>&nbsp;&nbsp;&nbsp;_uart_init_callbacks_default
<LI><a href="#[ae]">&gt;&gt;</a>&nbsp;&nbsp;&nbsp;_uart_dma_tx_check
<LI><a href="#[b0]">&gt;&gt;</a>&nbsp;&nbsp;&nbsp;_uart_dma_rx_check
</UL>
<BR>[Called By]<UL><LI><a href="#[c5]">&gt;&gt;</a>&nbsp;&nbsp;&nbsp;sn34f7_UART1_Init
<LI><a href="#[c4]">&gt;&gt;</a>&nbsp;&nbsp;&nbsp;sn34f7_UART0_Init
</UL>

<P><STRONG><a name="[4f]"></a>HAL_UART_MspDeInit</STRONG> (Thumb, 130 bytes, Stack size 8 bytes, sn34f78x_hal_msp.o(i.HAL_UART_MspDeInit))
<BR><BR>[Stack]<UL><LI>Max Depth = 56<LI>Call Chain = HAL_UART_MspDeInit &rArr; HAL_GPIO_SetAFIO
</UL>
<BR>[Calls]<UL><LI><a href="#[97]">&gt;&gt;</a>&nbsp;&nbsp;&nbsp;HAL_GPIO_SetAFIO
<LI><a href="#[b3]">&gt;&gt;</a>&nbsp;&nbsp;&nbsp;__NVIC_DisableIRQ
<LI><a href="#[b2]">&gt;&gt;</a>&nbsp;&nbsp;&nbsp;__NVIC_ClearPendingIRQ
</UL>
<BR>[Address Reference Count : 1]<UL><LI> sn34f78x_hal_uart.o(i.HAL_UART_DeInit)
</UL>
<P><STRONG><a name="[50]"></a>HAL_UART_MspInit</STRONG> (Thumb, 148 bytes, Stack size 8 bytes, sn34f78x_hal_msp.o(i.HAL_UART_MspInit))
<BR><BR>[Stack]<UL><LI>Max Depth = 56<LI>Call Chain = HAL_UART_MspInit &rArr; HAL_GPIO_SetAFIO
</UL>
<BR>[Calls]<UL><LI><a href="#[97]">&gt;&gt;</a>&nbsp;&nbsp;&nbsp;HAL_GPIO_SetAFIO
<LI><a href="#[b4]">&gt;&gt;</a>&nbsp;&nbsp;&nbsp;__NVIC_EnableIRQ
<LI><a href="#[b2]">&gt;&gt;</a>&nbsp;&nbsp;&nbsp;__NVIC_ClearPendingIRQ
</UL>
<BR>[Address Reference Count : 1]<UL><LI> sn34f78x_hal_uart.o(i.HAL_UART_Init)
</UL>
<P><STRONG><a name="[b5]"></a>HAL_UART_Receive_IT</STRONG> (Thumb, 128 bytes, Stack size 32 bytes, sn34f78x_hal_uart.o(i.HAL_UART_Receive_IT))
<BR><BR>[Stack]<UL><LI>Max Depth = 32<LI>Call Chain = HAL_UART_Receive_IT
</UL>
<BR>[Calls]<UL><LI><a href="#[b6]">&gt;&gt;</a>&nbsp;&nbsp;&nbsp;_uart_get_rxtl
</UL>
<BR>[Called By]<UL><LI><a href="#[be]">&gt;&gt;</a>&nbsp;&nbsp;&nbsp;_uart0_tx_uart1_rx_it_8bit
</UL>

<P><STRONG><a name="[58]"></a>HAL_UART_RxCpltCallback</STRONG> (Thumb, 14 bytes, Stack size 0 bytes, sn34f78x_hal_msp.o(i.HAL_UART_RxCpltCallback))
<BR>[Address Reference Count : 1]<UL><LI> sn34f78x_hal_uart.o(i._uart_init_callbacks_default)
</UL>
<P><STRONG><a name="[b7]"></a>HAL_UART_Transmit_IT</STRONG> (Thumb, 120 bytes, Stack size 32 bytes, sn34f78x_hal_uart.o(i.HAL_UART_Transmit_IT))
<BR><BR>[Stack]<UL><LI>Max Depth = 32<LI>Call Chain = HAL_UART_Transmit_IT
</UL>
<BR>[Calls]<UL><LI><a href="#[b6]">&gt;&gt;</a>&nbsp;&nbsp;&nbsp;_uart_get_rxtl
</UL>
<BR>[Called By]<UL><LI><a href="#[be]">&gt;&gt;</a>&nbsp;&nbsp;&nbsp;_uart0_tx_uart1_rx_it_8bit
</UL>

<P><STRONG><a name="[57]"></a>HAL_UART_TxCpltCallback</STRONG> (Thumb, 14 bytes, Stack size 0 bytes, sn34f78x_hal_msp.o(i.HAL_UART_TxCpltCallback))
<BR>[Address Reference Count : 1]<UL><LI> sn34f78x_hal_uart.o(i._uart_init_callbacks_default)
</UL>
<P><STRONG><a name="[a3]"></a>RCC_FCS_Command</STRONG> (Thumb, 166 bytes, Stack size 48 bytes, sn34f78x_hal_rcc.o(i.RCC_FCS_Command))
<BR><BR>[Stack]<UL><LI>Max Depth = 48<LI>Call Chain = RCC_FCS_Command
</UL>
<BR>[Calls]<UL><LI><a href="#[b8]">&gt;&gt;</a>&nbsp;&nbsp;&nbsp;__NVIC_EnableIRQ
</UL>
<BR>[Called By]<UL><LI><a href="#[a9]">&gt;&gt;</a>&nbsp;&nbsp;&nbsp;HAL_RCC_OscConfig
<LI><a href="#[a1]">&gt;&gt;</a>&nbsp;&nbsp;&nbsp;HAL_RCC_ClockConfig
</UL>

<P><STRONG><a name="[f]"></a>SCU_IRQHandler</STRONG> (Thumb, 8 bytes, Stack size 8 bytes, sn34f78x_it.o(i.SCU_IRQHandler))
<BR><BR>[Stack]<UL><LI>Max Depth = 16<LI>Call Chain = SCU_IRQHandler &rArr; HAL_SCU_IRQHandler
</UL>
<BR>[Calls]<UL><LI><a href="#[74]">&gt;&gt;</a>&nbsp;&nbsp;&nbsp;HAL_SCU_IRQHandler
</UL>
<BR>[Address Reference Count : 1]<UL><LI> startup_sn34f780.o(RESET)
</UL>
<P><STRONG><a name="[b]"></a>SysTick_Handler</STRONG> (Thumb, 8 bytes, Stack size 8 bytes, sn34f78x_it.o(i.SysTick_Handler))
<BR><BR>[Stack]<UL><LI>Max Depth = 8<LI>Call Chain = SysTick_Handler
</UL>
<BR>[Calls]<UL><LI><a href="#[b9]">&gt;&gt;</a>&nbsp;&nbsp;&nbsp;HAL_IncTick
</UL>
<BR>[Address Reference Count : 1]<UL><LI> startup_sn34f780.o(RESET)
</UL>
<P><STRONG><a name="[ba]"></a>SystemClock_Config</STRONG> (Thumb, 132 bytes, Stack size 104 bytes, main.o(i.SystemClock_Config))
<BR><BR>[Stack]<UL><LI>Max Depth = 240<LI>Call Chain = SystemClock_Config &rArr; HAL_RCC_ClockConfig &rArr; HAL_FLASHEx_GetConfig &rArr; FLASH_GetSMWRP &rArr; FLASH_Protect_GetStatus &rArr; FLASH_WaitForLastOperation
</UL>
<BR>[Calls]<UL><LI><a href="#[a9]">&gt;&gt;</a>&nbsp;&nbsp;&nbsp;HAL_RCC_OscConfig
<LI><a href="#[bc]">&gt;&gt;</a>&nbsp;&nbsp;&nbsp;HAL_RCC_GetClockConfig
<LI><a href="#[a1]">&gt;&gt;</a>&nbsp;&nbsp;&nbsp;HAL_RCC_ClockConfig
<LI><a href="#[95]">&gt;&gt;</a>&nbsp;&nbsp;&nbsp;HAL_FLASHEx_ConfigProgram
<LI><a href="#[bd]">&gt;&gt;</a>&nbsp;&nbsp;&nbsp;Error_Handler
<LI><a href="#[bb]">&gt;&gt;</a>&nbsp;&nbsp;&nbsp;__aeabi_memclr4
<LI><a href="#[a2]">&gt;&gt;</a>&nbsp;&nbsp;&nbsp;__aeabi_memcpy4
</UL>
<BR>[Called By]<UL><LI><a href="#[6d]">&gt;&gt;</a>&nbsp;&nbsp;&nbsp;main
</UL>

<P><STRONG><a name="[9f]"></a>SystemCoreClockUpdate</STRONG> (Thumb, 218 bytes, Stack size 8 bytes, system_sn34f780.o(i.SystemCoreClockUpdate))
<BR><BR>[Stack]<UL><LI>Max Depth = 8<LI>Call Chain = SystemCoreClockUpdate
</UL>
<BR>[Called By]<UL><LI><a href="#[9c]">&gt;&gt;</a>&nbsp;&nbsp;&nbsp;HAL_InitTick
</UL>

<P><STRONG><a name="[48]"></a>SystemInit</STRONG> (Thumb, 14 bytes, Stack size 0 bytes, system_sn34f780.o(i.SystemInit))
<BR>[Address Reference Count : 1]<UL><LI> startup_sn34f780.o(.text)
</UL>
<P><STRONG><a name="[26]"></a>UART0_IRQHandler</STRONG> (Thumb, 10 bytes, Stack size 8 bytes, sn34f78x_it.o(i.UART0_IRQHandler))
<BR><BR>[Stack]<UL><LI>Max Depth = 56<LI>Call Chain = UART0_IRQHandler &rArr; HAL_UART_IRQHandler &rArr; _uart_rda_handle &rArr; _uart_receive_complete
</UL>
<BR>[Calls]<UL><LI><a href="#[84]">&gt;&gt;</a>&nbsp;&nbsp;&nbsp;HAL_UART_IRQHandler
</UL>
<BR>[Address Reference Count : 1]<UL><LI> startup_sn34f780.o(RESET)
</UL>
<P><STRONG><a name="[27]"></a>UART1_IRQHandler</STRONG> (Thumb, 10 bytes, Stack size 8 bytes, sn34f78x_it.o(i.UART1_IRQHandler))
<BR><BR>[Stack]<UL><LI>Max Depth = 56<LI>Call Chain = UART1_IRQHandler &rArr; HAL_UART_IRQHandler &rArr; _uart_rda_handle &rArr; _uart_receive_complete
</UL>
<BR>[Calls]<UL><LI><a href="#[84]">&gt;&gt;</a>&nbsp;&nbsp;&nbsp;HAL_UART_IRQHandler
</UL>
<BR>[Address Reference Count : 1]<UL><LI> startup_sn34f780.o(RESET)
</UL>
<P><STRONG><a name="[65]"></a>_sys_exit</STRONG> (Thumb, 2 bytes, Stack size 0 bytes, sn34f78x_hal.o(i._sys_exit))
<BR><BR>[Called By]<UL><LI><a href="#[64]">&gt;&gt;</a>&nbsp;&nbsp;&nbsp;__rt_exit_exit
</UL>

<P><STRONG><a name="[be]"></a>_uart0_tx_uart1_rx_it_8bit</STRONG> (Thumb, 98 bytes, Stack size 8 bytes, main.o(i._uart0_tx_uart1_rx_it_8bit))
<BR><BR>[Stack]<UL><LI>Max Depth = 40<LI>Call Chain = _uart0_tx_uart1_rx_it_8bit &rArr; HAL_UART_Transmit_IT
</UL>
<BR>[Calls]<UL><LI><a href="#[b7]">&gt;&gt;</a>&nbsp;&nbsp;&nbsp;HAL_UART_Transmit_IT
<LI><a href="#[b5]">&gt;&gt;</a>&nbsp;&nbsp;&nbsp;HAL_UART_Receive_IT
<LI><a href="#[bf]">&gt;&gt;</a>&nbsp;&nbsp;&nbsp;fill_data
<LI><a href="#[c0]">&gt;&gt;</a>&nbsp;&nbsp;&nbsp;__aeabi_memclr
<LI><a href="#[c1]">&gt;&gt;</a>&nbsp;&nbsp;&nbsp;memcmp
</UL>
<BR>[Called By]<UL><LI><a href="#[6d]">&gt;&gt;</a>&nbsp;&nbsp;&nbsp;main
</UL>

<P><STRONG><a name="[bf]"></a>fill_data</STRONG> (Thumb, 22 bytes, Stack size 8 bytes, main.o(i.fill_data))
<BR><BR>[Stack]<UL><LI>Max Depth = 8<LI>Call Chain = fill_data
</UL>
<BR>[Called By]<UL><LI><a href="#[be]">&gt;&gt;</a>&nbsp;&nbsp;&nbsp;_uart0_tx_uart1_rx_it_8bit
</UL>

<P><STRONG><a name="[c3]"></a>init</STRONG> (Thumb, 26 bytes, Stack size 8 bytes, init.o(i.init))
<BR><BR>[Stack]<UL><LI>Max Depth = 108<LI>Call Chain = init &rArr; sn34f7_UART1_Init &rArr; HAL_UART_Init &rArr; _uart_set_config &rArr; _uart_set_baudrate &rArr; HAL_RCC_GetAPB1CLKFreq &rArr; HAL_RCC_GetHCLKFreq &rArr; HAL_RCC_GetSysClockFreq
</UL>
<BR>[Calls]<UL><LI><a href="#[c5]">&gt;&gt;</a>&nbsp;&nbsp;&nbsp;sn34f7_UART1_Init
<LI><a href="#[c4]">&gt;&gt;</a>&nbsp;&nbsp;&nbsp;sn34f7_UART0_Init
</UL>
<BR>[Called By]<UL><LI><a href="#[6d]">&gt;&gt;</a>&nbsp;&nbsp;&nbsp;main
</UL>

<P><STRONG><a name="[6d]"></a>main</STRONG> (Thumb, 36 bytes, Stack size 0 bytes, main.o(i.main))
<BR><BR>[Stack]<UL><LI>Max Depth = 240<LI>Call Chain = main &rArr; SystemClock_Config &rArr; HAL_RCC_ClockConfig &rArr; HAL_FLASHEx_GetConfig &rArr; FLASH_GetSMWRP &rArr; FLASH_Protect_GetStatus &rArr; FLASH_WaitForLastOperation
</UL>
<BR>[Calls]<UL><LI><a href="#[c6]">&gt;&gt;</a>&nbsp;&nbsp;&nbsp;uninit
<LI><a href="#[c3]">&gt;&gt;</a>&nbsp;&nbsp;&nbsp;init
<LI><a href="#[9b]">&gt;&gt;</a>&nbsp;&nbsp;&nbsp;HAL_Init
<LI><a href="#[be]">&gt;&gt;</a>&nbsp;&nbsp;&nbsp;_uart0_tx_uart1_rx_it_8bit
<LI><a href="#[ba]">&gt;&gt;</a>&nbsp;&nbsp;&nbsp;SystemClock_Config
<LI><a href="#[bd]">&gt;&gt;</a>&nbsp;&nbsp;&nbsp;Error_Handler
</UL>
<BR>[Called By]<UL><LI><a href="#[6c]">&gt;&gt;</a>&nbsp;&nbsp;&nbsp;__rt_entry_main
</UL>

<P><STRONG><a name="[c4]"></a>sn34f7_UART0_Init</STRONG> (Thumb, 42 bytes, Stack size 8 bytes, init.o(i.sn34f7_UART0_Init))
<BR><BR>[Stack]<UL><LI>Max Depth = 100<LI>Call Chain = sn34f7_UART0_Init &rArr; HAL_UART_Init &rArr; _uart_set_config &rArr; _uart_set_baudrate &rArr; HAL_RCC_GetAPB1CLKFreq &rArr; HAL_RCC_GetHCLKFreq &rArr; HAL_RCC_GetSysClockFreq
</UL>
<BR>[Calls]<UL><LI><a href="#[ac]">&gt;&gt;</a>&nbsp;&nbsp;&nbsp;HAL_UART_Init
</UL>
<BR>[Called By]<UL><LI><a href="#[c3]">&gt;&gt;</a>&nbsp;&nbsp;&nbsp;init
</UL>

<P><STRONG><a name="[c5]"></a>sn34f7_UART1_Init</STRONG> (Thumb, 42 bytes, Stack size 8 bytes, init.o(i.sn34f7_UART1_Init))
<BR><BR>[Stack]<UL><LI>Max Depth = 100<LI>Call Chain = sn34f7_UART1_Init &rArr; HAL_UART_Init &rArr; _uart_set_config &rArr; _uart_set_baudrate &rArr; HAL_RCC_GetAPB1CLKFreq &rArr; HAL_RCC_GetHCLKFreq &rArr; HAL_RCC_GetSysClockFreq
</UL>
<BR>[Calls]<UL><LI><a href="#[ac]">&gt;&gt;</a>&nbsp;&nbsp;&nbsp;HAL_UART_Init
</UL>
<BR>[Called By]<UL><LI><a href="#[c3]">&gt;&gt;</a>&nbsp;&nbsp;&nbsp;init
</UL>

<P><STRONG><a name="[c6]"></a>uninit</STRONG> (Thumb, 34 bytes, Stack size 8 bytes, init.o(i.uninit))
<BR><BR>[Stack]<UL><LI>Max Depth = 16<LI>Call Chain = uninit &rArr; HAL_UART_DeInit
</UL>
<BR>[Calls]<UL><LI><a href="#[aa]">&gt;&gt;</a>&nbsp;&nbsp;&nbsp;HAL_UART_DeInit
<LI><a href="#[93]">&gt;&gt;</a>&nbsp;&nbsp;&nbsp;HAL_DeInit
</UL>
<BR>[Called By]<UL><LI><a href="#[6d]">&gt;&gt;</a>&nbsp;&nbsp;&nbsp;main
</UL>

<P><STRONG><a name="[61]"></a>_fp_init</STRONG> (Thumb, 10 bytes, Stack size 0 bytes, fpinit.o(x$fpl$fpinit))
<BR><BR>[Called By]<UL><LI><a href="#[60]">&gt;&gt;</a>&nbsp;&nbsp;&nbsp;__rt_lib_init_fp_1
</UL>

<P><STRONG><a name="[f8]"></a>__fplib_config_fpu_vfp</STRONG> (Thumb, 0 bytes, Stack size unknown bytes, fpinit.o(x$fpl$fpinit), UNUSED)

<P><STRONG><a name="[f9]"></a>__fplib_config_pureend_doubles</STRONG> (Thumb, 0 bytes, Stack size unknown bytes, fpinit.o(x$fpl$fpinit), UNUSED)
<P>
<H3>
Local Symbols
</H3>
<P><STRONG><a name="[b2]"></a>__NVIC_ClearPendingIRQ</STRONG> (Thumb, 22 bytes, Stack size 0 bytes, sn34f78x_hal_msp.o(i.__NVIC_ClearPendingIRQ))
<BR><BR>[Called By]<UL><LI><a href="#[50]">&gt;&gt;</a>&nbsp;&nbsp;&nbsp;HAL_UART_MspInit
<LI><a href="#[4f]">&gt;&gt;</a>&nbsp;&nbsp;&nbsp;HAL_UART_MspDeInit
</UL>

<P><STRONG><a name="[b3]"></a>__NVIC_DisableIRQ</STRONG> (Thumb, 30 bytes, Stack size 0 bytes, sn34f78x_hal_msp.o(i.__NVIC_DisableIRQ))
<BR><BR>[Called By]<UL><LI><a href="#[4f]">&gt;&gt;</a>&nbsp;&nbsp;&nbsp;HAL_UART_MspDeInit
</UL>

<P><STRONG><a name="[b4]"></a>__NVIC_EnableIRQ</STRONG> (Thumb, 34 bytes, Stack size 0 bytes, sn34f78x_hal_msp.o(i.__NVIC_EnableIRQ))
<BR><BR>[Called By]<UL><LI><a href="#[50]">&gt;&gt;</a>&nbsp;&nbsp;&nbsp;HAL_UART_MspInit
</UL>

<P><STRONG><a name="[b8]"></a>__NVIC_EnableIRQ</STRONG> (Thumb, 34 bytes, Stack size 0 bytes, sn34f78x_hal_rcc.o(i.__NVIC_EnableIRQ))
<BR><BR>[Called By]<UL><LI><a href="#[a3]">&gt;&gt;</a>&nbsp;&nbsp;&nbsp;RCC_FCS_Command
</UL>

<P><STRONG><a name="[98]"></a>_pinmux_get_port_pos</STRONG> (Thumb, 36 bytes, Stack size 0 bytes, sn34f78x_hal_gpio.o(i._pinmux_get_port_pos))
<BR><BR>[Called By]<UL><LI><a href="#[97]">&gt;&gt;</a>&nbsp;&nbsp;&nbsp;HAL_GPIO_SetAFIO
</UL>

<P><STRONG><a name="[92]"></a>FLASH_SetErrorCode</STRONG> (Thumb, 12 bytes, Stack size 0 bytes, sn34f78x_hal_flash.o(i.FLASH_SetErrorCode))
<BR><BR>[Called By]<UL><LI><a href="#[88]">&gt;&gt;</a>&nbsp;&nbsp;&nbsp;FLASH_WaitForLastOperation
</UL>

<P><STRONG><a name="[87]"></a>FLASH_AUTOHold_Config</STRONG> (Thumb, 26 bytes, Stack size 16 bytes, sn34f78x_hal_flash_ex.o(i.FLASH_AUTOHold_Config))
<BR><BR>[Stack]<UL><LI>Max Depth = 32<LI>Call Chain = FLASH_AUTOHold_Config &rArr; FLASH_WaitForLastOperation
</UL>
<BR>[Calls]<UL><LI><a href="#[88]">&gt;&gt;</a>&nbsp;&nbsp;&nbsp;FLASH_WaitForLastOperation
</UL>
<BR>[Called By]<UL><LI><a href="#[95]">&gt;&gt;</a>&nbsp;&nbsp;&nbsp;HAL_FLASHEx_ConfigProgram
</UL>

<P><STRONG><a name="[89]"></a>FLASH_CLKFreq_Config</STRONG> (Thumb, 62 bytes, Stack size 16 bytes, sn34f78x_hal_flash_ex.o(i.FLASH_CLKFreq_Config))
<BR><BR>[Stack]<UL><LI>Max Depth = 32<LI>Call Chain = FLASH_CLKFreq_Config &rArr; FLASH_WaitForLastOperation
</UL>
<BR>[Calls]<UL><LI><a href="#[88]">&gt;&gt;</a>&nbsp;&nbsp;&nbsp;FLASH_WaitForLastOperation
</UL>
<BR>[Called By]<UL><LI><a href="#[95]">&gt;&gt;</a>&nbsp;&nbsp;&nbsp;HAL_FLASHEx_ConfigProgram
</UL>

<P><STRONG><a name="[8a]"></a>FLASH_GetAUTOHold</STRONG> (Thumb, 32 bytes, Stack size 16 bytes, sn34f78x_hal_flash_ex.o(i.FLASH_GetAUTOHold))
<BR><BR>[Stack]<UL><LI>Max Depth = 32<LI>Call Chain = FLASH_GetAUTOHold &rArr; FLASH_WaitForLastOperation
</UL>
<BR>[Calls]<UL><LI><a href="#[88]">&gt;&gt;</a>&nbsp;&nbsp;&nbsp;FLASH_WaitForLastOperation
</UL>
<BR>[Called By]<UL><LI><a href="#[96]">&gt;&gt;</a>&nbsp;&nbsp;&nbsp;HAL_FLASHEx_GetConfig
</UL>

<P><STRONG><a name="[8b]"></a>FLASH_GetBOOTFlag</STRONG> (Thumb, 80 bytes, Stack size 16 bytes, sn34f78x_hal_flash_ex.o(i.FLASH_GetBOOTFlag))
<BR><BR>[Stack]<UL><LI>Max Depth = 32<LI>Call Chain = FLASH_GetBOOTFlag &rArr; FLASH_WaitForLastOperation
</UL>
<BR>[Calls]<UL><LI><a href="#[88]">&gt;&gt;</a>&nbsp;&nbsp;&nbsp;FLASH_WaitForLastOperation
</UL>
<BR>[Called By]<UL><LI><a href="#[96]">&gt;&gt;</a>&nbsp;&nbsp;&nbsp;HAL_FLASHEx_GetConfig
</UL>

<P><STRONG><a name="[8c]"></a>FLASH_GetCLKFreq</STRONG> (Thumb, 80 bytes, Stack size 16 bytes, sn34f78x_hal_flash_ex.o(i.FLASH_GetCLKFreq))
<BR><BR>[Stack]<UL><LI>Max Depth = 32<LI>Call Chain = FLASH_GetCLKFreq &rArr; FLASH_WaitForLastOperation
</UL>
<BR>[Calls]<UL><LI><a href="#[88]">&gt;&gt;</a>&nbsp;&nbsp;&nbsp;FLASH_WaitForLastOperation
</UL>
<BR>[Called By]<UL><LI><a href="#[96]">&gt;&gt;</a>&nbsp;&nbsp;&nbsp;HAL_FLASHEx_GetConfig
</UL>

<P><STRONG><a name="[8d]"></a>FLASH_GetMMWRP</STRONG> (Thumb, 18 bytes, Stack size 8 bytes, sn34f78x_hal_flash_ex.o(i.FLASH_GetMMWRP))
<BR><BR>[Stack]<UL><LI>Max Depth = 56<LI>Call Chain = FLASH_GetMMWRP &rArr; FLASH_Protect_GetStatus &rArr; FLASH_WaitForLastOperation
</UL>
<BR>[Calls]<UL><LI><a href="#[8e]">&gt;&gt;</a>&nbsp;&nbsp;&nbsp;FLASH_Protect_GetStatus
</UL>
<BR>[Called By]<UL><LI><a href="#[96]">&gt;&gt;</a>&nbsp;&nbsp;&nbsp;HAL_FLASHEx_GetConfig
</UL>

<P><STRONG><a name="[8f]"></a>FLASH_GetRDP</STRONG> (Thumb, 18 bytes, Stack size 8 bytes, sn34f78x_hal_flash_ex.o(i.FLASH_GetRDP))
<BR><BR>[Stack]<UL><LI>Max Depth = 56<LI>Call Chain = FLASH_GetRDP &rArr; FLASH_Protect_GetStatus &rArr; FLASH_WaitForLastOperation
</UL>
<BR>[Calls]<UL><LI><a href="#[8e]">&gt;&gt;</a>&nbsp;&nbsp;&nbsp;FLASH_Protect_GetStatus
</UL>
<BR>[Called By]<UL><LI><a href="#[96]">&gt;&gt;</a>&nbsp;&nbsp;&nbsp;HAL_FLASHEx_GetConfig
</UL>

<P><STRONG><a name="[90]"></a>FLASH_GetSMWRP</STRONG> (Thumb, 18 bytes, Stack size 8 bytes, sn34f78x_hal_flash_ex.o(i.FLASH_GetSMWRP))
<BR><BR>[Stack]<UL><LI>Max Depth = 56<LI>Call Chain = FLASH_GetSMWRP &rArr; FLASH_Protect_GetStatus &rArr; FLASH_WaitForLastOperation
</UL>
<BR>[Calls]<UL><LI><a href="#[8e]">&gt;&gt;</a>&nbsp;&nbsp;&nbsp;FLASH_Protect_GetStatus
</UL>
<BR>[Called By]<UL><LI><a href="#[96]">&gt;&gt;</a>&nbsp;&nbsp;&nbsp;HAL_FLASHEx_GetConfig
</UL>

<P><STRONG><a name="[8e]"></a>FLASH_Protect_GetStatus</STRONG> (Thumb, 110 bytes, Stack size 32 bytes, sn34f78x_hal_flash_ex.o(i.FLASH_Protect_GetStatus))
<BR><BR>[Stack]<UL><LI>Max Depth = 48<LI>Call Chain = FLASH_Protect_GetStatus &rArr; FLASH_WaitForLastOperation
</UL>
<BR>[Calls]<UL><LI><a href="#[88]">&gt;&gt;</a>&nbsp;&nbsp;&nbsp;FLASH_WaitForLastOperation
</UL>
<BR>[Called By]<UL><LI><a href="#[90]">&gt;&gt;</a>&nbsp;&nbsp;&nbsp;FLASH_GetSMWRP
<LI><a href="#[8f]">&gt;&gt;</a>&nbsp;&nbsp;&nbsp;FLASH_GetRDP
<LI><a href="#[8d]">&gt;&gt;</a>&nbsp;&nbsp;&nbsp;FLASH_GetMMWRP
</UL>

<P><STRONG><a name="[a0]"></a>__NVIC_SetPriority</STRONG> (Thumb, 32 bytes, Stack size 8 bytes, sn34f78x_hal_systick.o(i.__NVIC_SetPriority))
<BR><BR>[Stack]<UL><LI>Max Depth = 8<LI>Call Chain = __NVIC_SetPriority
</UL>
<BR>[Called By]<UL><LI><a href="#[9c]">&gt;&gt;</a>&nbsp;&nbsp;&nbsp;HAL_InitTick
</UL>

<P><STRONG><a name="[7a]"></a>_uart_abort_rx</STRONG> (Thumb, 52 bytes, Stack size 0 bytes, sn34f78x_hal_uart.o(ISR), UNUSED)
<BR><BR>[Called By]<UL><LI><a href="#[7f]">&gt;&gt;</a>&nbsp;&nbsp;&nbsp;HAL_UART_AbortReceive_IT
<LI><a href="#[7d]">&gt;&gt;</a>&nbsp;&nbsp;&nbsp;HAL_UART_Abort_IT
<LI><a href="#[7c]">&gt;&gt;</a>&nbsp;&nbsp;&nbsp;HAL_UART_AbortReceive
<LI><a href="#[78]">&gt;&gt;</a>&nbsp;&nbsp;&nbsp;HAL_UART_Abort
</UL>

<P><STRONG><a name="[79]"></a>_uart_abort_tx</STRONG> (Thumb, 56 bytes, Stack size 0 bytes, sn34f78x_hal_uart.o(ISR), UNUSED)
<BR><BR>[Called By]<UL><LI><a href="#[7e]">&gt;&gt;</a>&nbsp;&nbsp;&nbsp;HAL_UART_AbortTransmit_IT
<LI><a href="#[7d]">&gt;&gt;</a>&nbsp;&nbsp;&nbsp;HAL_UART_Abort_IT
<LI><a href="#[7b]">&gt;&gt;</a>&nbsp;&nbsp;&nbsp;HAL_UART_AbortTransmit
<LI><a href="#[78]">&gt;&gt;</a>&nbsp;&nbsp;&nbsp;HAL_UART_Abort
</UL>

<P><STRONG><a name="[86]"></a>_uart_ms_handle</STRONG> (Thumb, 6 bytes, Stack size 0 bytes, sn34f78x_hal_uart.o(ISR))
<BR><BR>[Called By]<UL><LI><a href="#[84]">&gt;&gt;</a>&nbsp;&nbsp;&nbsp;HAL_UART_IRQHandler
</UL>

<P><STRONG><a name="[81]"></a>_uart_transmit_complete</STRONG> (Thumb, 30 bytes, Stack size 16 bytes, sn34f78x_hal_uart.o(ISR))
<BR><BR>[Stack]<UL><LI>Max Depth = 16<LI>Call Chain = _uart_transmit_complete
</UL>
<BR>[Called By]<UL><LI><a href="#[80]">&gt;&gt;</a>&nbsp;&nbsp;&nbsp;_uart_thre_handle
</UL>

<P><STRONG><a name="[80]"></a>_uart_thre_handle</STRONG> (Thumb, 56 bytes, Stack size 16 bytes, sn34f78x_hal_uart.o(ISR))
<BR><BR>[Stack]<UL><LI>Max Depth = 32<LI>Call Chain = _uart_thre_handle &rArr; _uart_transmit_complete
</UL>
<BR>[Calls]<UL><LI><a href="#[81]">&gt;&gt;</a>&nbsp;&nbsp;&nbsp;_uart_transmit_complete
</UL>
<BR>[Called By]<UL><LI><a href="#[84]">&gt;&gt;</a>&nbsp;&nbsp;&nbsp;HAL_UART_IRQHandler
</UL>

<P><STRONG><a name="[83]"></a>_uart_receive_complete</STRONG> (Thumb, 38 bytes, Stack size 16 bytes, sn34f78x_hal_uart.o(ISR))
<BR><BR>[Stack]<UL><LI>Max Depth = 16<LI>Call Chain = _uart_receive_complete
</UL>
<BR>[Called By]<UL><LI><a href="#[82]">&gt;&gt;</a>&nbsp;&nbsp;&nbsp;_uart_rda_handle
</UL>

<P><STRONG><a name="[82]"></a>_uart_rda_handle</STRONG> (Thumb, 66 bytes, Stack size 16 bytes, sn34f78x_hal_uart.o(ISR))
<BR><BR>[Stack]<UL><LI>Max Depth = 32<LI>Call Chain = _uart_rda_handle &rArr; _uart_receive_complete
</UL>
<BR>[Calls]<UL><LI><a href="#[83]">&gt;&gt;</a>&nbsp;&nbsp;&nbsp;_uart_receive_complete
</UL>
<BR>[Called By]<UL><LI><a href="#[84]">&gt;&gt;</a>&nbsp;&nbsp;&nbsp;HAL_UART_IRQHandler
</UL>

<P><STRONG><a name="[85]"></a>_uart_rls_handle</STRONG> (Thumb, 90 bytes, Stack size 24 bytes, sn34f78x_hal_uart.o(ISR))
<BR><BR>[Stack]<UL><LI>Max Depth = 24<LI>Call Chain = _uart_rls_handle
</UL>
<BR>[Called By]<UL><LI><a href="#[84]">&gt;&gt;</a>&nbsp;&nbsp;&nbsp;HAL_UART_IRQHandler
</UL>

<P><STRONG><a name="[56]"></a>_uart_dma_rx_abort_callback</STRONG> (Thumb, 18 bytes, Stack size 16 bytes, sn34f78x_hal_uart.o(i._uart_dma_rx_abort_callback))
<BR><BR>[Stack]<UL><LI>Max Depth = 16<LI>Call Chain = _uart_dma_rx_abort_callback
</UL>
<BR>[Address Reference Count : 1]<UL><LI> sn34f78x_hal_uart.o(i.HAL_UART_Init)
</UL>
<P><STRONG><a name="[b0]"></a>_uart_dma_rx_check</STRONG> (Thumb, 32 bytes, Stack size 0 bytes, sn34f78x_hal_uart.o(i._uart_dma_rx_check))
<BR><BR>[Called By]<UL><LI><a href="#[ac]">&gt;&gt;</a>&nbsp;&nbsp;&nbsp;HAL_UART_Init
</UL>

<P><STRONG><a name="[54]"></a>_uart_dma_rx_cplt_callback</STRONG> (Thumb, 18 bytes, Stack size 16 bytes, sn34f78x_hal_uart.o(i._uart_dma_rx_cplt_callback))
<BR><BR>[Stack]<UL><LI>Max Depth = 16<LI>Call Chain = _uart_dma_rx_cplt_callback
</UL>
<BR>[Address Reference Count : 1]<UL><LI> sn34f78x_hal_uart.o(i.HAL_UART_Init)
</UL>
<P><STRONG><a name="[55]"></a>_uart_dma_rx_err_callback</STRONG> (Thumb, 26 bytes, Stack size 16 bytes, sn34f78x_hal_uart.o(i._uart_dma_rx_err_callback))
<BR><BR>[Stack]<UL><LI>Max Depth = 16<LI>Call Chain = _uart_dma_rx_err_callback
</UL>
<BR>[Address Reference Count : 1]<UL><LI> sn34f78x_hal_uart.o(i.HAL_UART_Init)
</UL>
<P><STRONG><a name="[53]"></a>_uart_dma_tx_abort_callback</STRONG> (Thumb, 18 bytes, Stack size 16 bytes, sn34f78x_hal_uart.o(i._uart_dma_tx_abort_callback))
<BR><BR>[Stack]<UL><LI>Max Depth = 16<LI>Call Chain = _uart_dma_tx_abort_callback
</UL>
<BR>[Address Reference Count : 1]<UL><LI> sn34f78x_hal_uart.o(i.HAL_UART_Init)
</UL>
<P><STRONG><a name="[ae]"></a>_uart_dma_tx_check</STRONG> (Thumb, 32 bytes, Stack size 0 bytes, sn34f78x_hal_uart.o(i._uart_dma_tx_check))
<BR><BR>[Called By]<UL><LI><a href="#[ac]">&gt;&gt;</a>&nbsp;&nbsp;&nbsp;HAL_UART_Init
</UL>

<P><STRONG><a name="[51]"></a>_uart_dma_tx_cplt_callback</STRONG> (Thumb, 18 bytes, Stack size 16 bytes, sn34f78x_hal_uart.o(i._uart_dma_tx_cplt_callback))
<BR><BR>[Stack]<UL><LI>Max Depth = 16<LI>Call Chain = _uart_dma_tx_cplt_callback
</UL>
<BR>[Address Reference Count : 1]<UL><LI> sn34f78x_hal_uart.o(i.HAL_UART_Init)
</UL>
<P><STRONG><a name="[52]"></a>_uart_dma_tx_err_callback</STRONG> (Thumb, 26 bytes, Stack size 16 bytes, sn34f78x_hal_uart.o(i._uart_dma_tx_err_callback))
<BR><BR>[Stack]<UL><LI>Max Depth = 16<LI>Call Chain = _uart_dma_tx_err_callback
</UL>
<BR>[Address Reference Count : 1]<UL><LI> sn34f78x_hal_uart.o(i.HAL_UART_Init)
</UL>
<P><STRONG><a name="[b6]"></a>_uart_get_rxtl</STRONG> (Thumb, 32 bytes, Stack size 0 bytes, sn34f78x_hal_uart.o(i._uart_get_rxtl))
<BR><BR>[Called By]<UL><LI><a href="#[b7]">&gt;&gt;</a>&nbsp;&nbsp;&nbsp;HAL_UART_Transmit_IT
<LI><a href="#[b5]">&gt;&gt;</a>&nbsp;&nbsp;&nbsp;HAL_UART_Receive_IT
</UL>

<P><STRONG><a name="[ad]"></a>_uart_init_callbacks_default</STRONG> (Thumb, 26 bytes, Stack size 0 bytes, sn34f78x_hal_uart.o(i._uart_init_callbacks_default))
<BR><BR>[Called By]<UL><LI><a href="#[ac]">&gt;&gt;</a>&nbsp;&nbsp;&nbsp;HAL_UART_Init
</UL>

<P><STRONG><a name="[c2]"></a>_uart_set_baudrate</STRONG> (Thumb, 344 bytes, Stack size 56 bytes, sn34f78x_hal_uart.o(i._uart_set_baudrate))
<BR><BR>[Stack]<UL><LI>Max Depth = 68<LI>Call Chain = _uart_set_baudrate &rArr; HAL_RCC_GetAPB1CLKFreq &rArr; HAL_RCC_GetHCLKFreq &rArr; HAL_RCC_GetSysClockFreq
</UL>
<BR>[Calls]<UL><LI><a href="#[9a]">&gt;&gt;</a>&nbsp;&nbsp;&nbsp;HAL_RCC_GetPLLCLKFreq
<LI><a href="#[a7]">&gt;&gt;</a>&nbsp;&nbsp;&nbsp;HAL_RCC_GetHCLKFreq
<LI><a href="#[a8]">&gt;&gt;</a>&nbsp;&nbsp;&nbsp;HAL_RCC_GetAPB1CLKFreq
<LI><a href="#[a6]">&gt;&gt;</a>&nbsp;&nbsp;&nbsp;HAL_RCC_GetAPB0CLKFreq
</UL>
<BR>[Called By]<UL><LI><a href="#[b1]">&gt;&gt;</a>&nbsp;&nbsp;&nbsp;_uart_set_config
</UL>

<P><STRONG><a name="[b1]"></a>_uart_set_config</STRONG> (Thumb, 172 bytes, Stack size 16 bytes, sn34f78x_hal_uart.o(i._uart_set_config))
<BR><BR>[Stack]<UL><LI>Max Depth = 84<LI>Call Chain = _uart_set_config &rArr; _uart_set_baudrate &rArr; HAL_RCC_GetAPB1CLKFreq &rArr; HAL_RCC_GetHCLKFreq &rArr; HAL_RCC_GetSysClockFreq
</UL>
<BR>[Calls]<UL><LI><a href="#[c2]">&gt;&gt;</a>&nbsp;&nbsp;&nbsp;_uart_set_baudrate
</UL>
<BR>[Called By]<UL><LI><a href="#[ac]">&gt;&gt;</a>&nbsp;&nbsp;&nbsp;HAL_UART_Init
</UL>
<P>
<H3>
Undefined Global Symbols
</H3><HR></body></html>
