
========================================================================

** ELF Header Information

    File Name: .\Objects\01_Test.axf

    Machine class: ELFCLASS32 (32-bit)
    Data encoding: ELFDATA2LSB (Little endian)
    Header version: EV_CURRENT (Current version)
    Operating System ABI: none
    ABI Version: 0
    File Type: ET_EXEC (Executable) (2)
    Machine: EM_ARM (ARM)

    Image Entry point: 0x000001c1
    Flags: EF_ARM_HASENTRY + EF_ARM_ABI_FLOAT_HARD (0x05000402)

    ARM ELF revision: 5 (ABI version 2)

    Conforms to Hard float procedure-call standard

    Built with
    Component: ARM Compiler 5.06 update 6 (build 750) Tool: armasm [4d35ec]
    Component: ARM Compiler 5.06 update 6 (build 750) Tool: armlink [4d35ed]

    Header size: 52 bytes (0x34)
    Program header entry size: 32 bytes (0x20)
    Section header entry size: 40 bytes (0x28)

    Program header entries: 2
    Section header entries: 17

    Program header offset: 331828 (0x00051034)
    Section header offset: 331892 (0x00051074)

    Section header string table index: 16

========================================================================

** Program header #0 (PT_LOAD) [PF_X + PF_W + PF_R + PF_ARM_ENTRY]
    Size : 10928 bytes (8808 bytes in file)
    Virtual address: 0x00000000 (Alignment 8)


====================================

** Program header #1 (PT_LOAD) [PF_X + PF_R]
    Size : 4 bytes
    Virtual address: 0x0007dffc (Alignment 4)


========================================================================

** Section #1 'ER_IROM1' (SHT_PROGBITS) [SHF_ALLOC + SHF_EXECINSTR]
    Size   : 8784 bytes (alignment 4)
    Address: 0x00000000


** Section #2 'RW_IRAM1' (SHT_PROGBITS) [SHF_ALLOC + SHF_WRITE]
    Size   : 24 bytes (alignment 4)
    Address: 0x20000000


** Section #3 'RW_IRAM1' (SHT_NOBITS) [SHF_ALLOC + SHF_WRITE]
    Size   : 2120 bytes (alignment 8)
    Address: 0x20000018


** Section #4 'ER$$.ARM.__at_0x0007DFFC' (SHT_PROGBITS) [SHF_ALLOC + SHF_EXECINSTR]
    Size   : 4 bytes (alignment 4)
    Address: 0x0007dffc


** Section #5 '.debug_abbrev' (SHT_PROGBITS)
    Size   : 1476 bytes


** Section #6 '.debug_frame' (SHT_PROGBITS)
    Size   : 4100 bytes


** Section #7 '.debug_info' (SHT_PROGBITS)
    Size   : 143456 bytes


** Section #8 '.debug_line' (SHT_PROGBITS)
    Size   : 16228 bytes


** Section #9 '.debug_loc' (SHT_PROGBITS)
    Size   : 7244 bytes


** Section #10 '.debug_macinfo' (SHT_PROGBITS)
    Size   : 107580 bytes


** Section #11 '.debug_pubnames' (SHT_PROGBITS)
    Size   : 3024 bytes


** Section #12 '.symtab' (SHT_SYMTAB)
    Size   : 10224 bytes (alignment 4)
    String table #13 '.strtab'
    Last local symbol no. 405


** Section #13 '.strtab' (SHT_STRTAB)
    Size   : 10072 bytes


** Section #14 '.note' (SHT_NOTE)
    Size   : 32 bytes (alignment 4)


** Section #15 '.comment' (SHT_PROGBITS)
    Size   : 19348 bytes


** Section #16 '.shstrtab' (SHT_STRTAB)
    Size   : 180 bytes


address     size       variable name                            type
0x20000014  0x4        SystemCoreClock                          uint32_t

address     size       variable name                            type
0x20000004  0x4        uwTick                                   volatile uint32_t

address     size       variable name                            type
0x2000000c  0x1        uwTickFreq                               HAL_TickFreq_T

address     size       variable name                            type
0x20000008  0x4        uwTickPrio                               uint32_t

address     size       variable name                            type
0x00001eb8  0x324      AFIO_Info                                array[67] of const AFIO_Info_T

address     size       variable name                            type
0x200001e0  0x20       pFlash                                   FLASH_ProcessTypeDef
0x200001e0  0x1      * pFlash.ProcedureOnGoing                  volatile FLASH_ProcedureTypeDef
0x200001e4  0x4        pFlash.NbSectorsToErase                  volatile uint32_t
0x200001e8  0x4        pFlash.Sector                            volatile uint32_t
0x200001ec  0x4        pFlash.NbPagesToErase                    volatile uint32_t
0x200001f0  0x4        pFlash.Page                              volatile uint32_t
0x200001f4  0x4        pFlash.Address                           volatile uint32_t
0x200001f8  0x4        pFlash.MapAddress                        volatile uint32_t
0x200001fc  0x4        pFlash.ErrorCode                         volatile uint32_t

address     size       variable name                            type
0x000001e4  0x4        BL_PFPA_URXD0                            const uint32_t

address     size       variable name                            type
0x000001e0  0x4        BL_PFPA_UTXD0                            const uint32_t

address     size       variable name                            type
0x20000118  0x64       UART0_Handle                             UART_Handle_T
0x20000118  0x4        UART0_Handle.instance                    pointer to unknown Type 
0x2000011c  0x14       UART0_Handle.init                        UART_Init_T
0x2000011c  0x4        UART0_Handle.init.baud_rate              uint32_t
0x20000120  0x4        UART0_Handle.init.word_length            uint32_t
0x20000124  0x4        UART0_Handle.init.stop_bits              uint32_t
0x20000128  0x4        UART0_Handle.init.parity                 uint32_t
0x2000012c  0x4        UART0_Handle.init.hw_flow_ctl            uint32_t
0x20000130  0x1        UART0_Handle.mutex                       HAL_MUTEX
0x20000131  0x1        UART0_Handle.state                       volatile HAL_State_T
0x20000132  0x1      * UART0_Handle.rx_state                    volatile HAL_State_T
0x20000134  0x4        UART0_Handle.error_code                  volatile uint32_t
0x20000138  0xc        UART0_Handle.tx                          UART_XFER_T
0x20000138  0x4        UART0_Handle.tx.buffer                   pointer to uint8_t
0x2000013c  0x2        UART0_Handle.tx.xfer_size                uint16_t
0x2000013e  0x2        UART0_Handle.tx.xfer_count               volatile uint16_t
0x20000140  0x1      * UART0_Handle.tx.abort                    volatile uint8_t
0x20000144  0xc        UART0_Handle.rx                          UART_XFER_T
0x20000144  0x4        UART0_Handle.rx.buffer                   pointer to uint8_t
0x20000148  0x2        UART0_Handle.rx.xfer_size                uint16_t
0x2000014a  0x2        UART0_Handle.rx.xfer_count               volatile uint16_t
0x2000014c  0x1      * UART0_Handle.rx.abort                    volatile uint8_t
0x20000150  0x4        UART0_Handle.state_ext                   uint32_t
0x20000154  0x4        UART0_Handle.hdmatx                      pointer to DMA_Handle_T
0x20000158  0x4        UART0_Handle.hdmarx                      pointer to DMA_Handle_T
0x2000015c  0x4        UART0_Handle.TxCpltCallback              pointer to function 
0x20000160  0x4        UART0_Handle.RxCpltCallback              pointer to function 
0x20000164  0x4        UART0_Handle.AbortCpltCallback           pointer to function 
0x20000168  0x4        UART0_Handle.AbortTransmitCpltCallback   pointer to function 
0x2000016c  0x4        UART0_Handle.AbortReceiveCpltCallback    pointer to function 
0x20000170  0x4        UART0_Handle.ErrorCallback               pointer to function 
0x20000174  0x4        UART0_Handle.MspInitCallback             pointer to function 
0x20000178  0x4        UART0_Handle.MspDeInitCallback           pointer to function 

address     size       variable name                            type
0x2000017c  0x64       UART1_Handle                             UART_Handle_T
0x2000017c  0x4        UART1_Handle.instance                    pointer to unknown Type 
0x20000180  0x14       UART1_Handle.init                        UART_Init_T
0x20000180  0x4        UART1_Handle.init.baud_rate              uint32_t
0x20000184  0x4        UART1_Handle.init.word_length            uint32_t
0x20000188  0x4        UART1_Handle.init.stop_bits              uint32_t
0x2000018c  0x4        UART1_Handle.init.parity                 uint32_t
0x20000190  0x4        UART1_Handle.init.hw_flow_ctl            uint32_t
0x20000194  0x1        UART1_Handle.mutex                       HAL_MUTEX
0x20000195  0x1        UART1_Handle.state                       volatile HAL_State_T
0x20000196  0x1      * UART1_Handle.rx_state                    volatile HAL_State_T
0x20000198  0x4        UART1_Handle.error_code                  volatile uint32_t
0x2000019c  0xc        UART1_Handle.tx                          UART_XFER_T
0x2000019c  0x4        UART1_Handle.tx.buffer                   pointer to uint8_t
0x200001a0  0x2        UART1_Handle.tx.xfer_size                uint16_t
0x200001a2  0x2        UART1_Handle.tx.xfer_count               volatile uint16_t
0x200001a4  0x1      * UART1_Handle.tx.abort                    volatile uint8_t
0x200001a8  0xc        UART1_Handle.rx                          UART_XFER_T
0x200001a8  0x4        UART1_Handle.rx.buffer                   pointer to uint8_t
0x200001ac  0x2        UART1_Handle.rx.xfer_size                uint16_t
0x200001ae  0x2        UART1_Handle.rx.xfer_count               volatile uint16_t
0x200001b0  0x1      * UART1_Handle.rx.abort                    volatile uint8_t
0x200001b4  0x4        UART1_Handle.state_ext                   uint32_t
0x200001b8  0x4        UART1_Handle.hdmatx                      pointer to DMA_Handle_T
0x200001bc  0x4        UART1_Handle.hdmarx                      pointer to DMA_Handle_T
0x200001c0  0x4        UART1_Handle.TxCpltCallback              pointer to function 
0x200001c4  0x4        UART1_Handle.RxCpltCallback              pointer to function 
0x200001c8  0x4        UART1_Handle.AbortCpltCallback           pointer to function 
0x200001cc  0x4        UART1_Handle.AbortTransmitCpltCallback   pointer to function 
0x200001d0  0x4        UART1_Handle.AbortReceiveCpltCallback    pointer to function 
0x200001d4  0x4        UART1_Handle.ErrorCallback               pointer to function 
0x200001d8  0x4        UART1_Handle.MspInitCallback             pointer to function 
0x200001dc  0x4        UART1_Handle.MspDeInitCallback           pointer to function 

address     size       variable name                            type
0x20000018  0x80       data_rx                                  array[128] of uint8_t

address     size       variable name                            type
0x20000098  0x80       data_tx                                  array[128] of uint8_t

address     size       variable name                            type
0x20000001  0x1        rx_flag                                  volatile int8_t

address     size       variable name                            type
0x20000000  0x1        tx_flag                                  volatile int8_t

