Component: ARM Compiler 5.06 update 6 (build 750) Tool: armlink [4d35ed]

==============================================================================

Section Cross References

    main.o(i.SystemClock_Config) refers to rt_memclr_w.o(.text) for __aeabi_memclr4
    main.o(i.SystemClock_Config) refers to sn34f78x_hal_rcc.o(i.HAL_RCC_GetClockConfig) for HAL_RCC_GetClockConfig
    main.o(i.SystemClock_Config) refers to rt_memcpy_w.o(.text) for __aeabi_memcpy4
    main.o(i.SystemClock_Config) refers to sn34f78x_hal_flash_ex.o(i.HAL_FLASHEx_ConfigProgram) for HAL_FLASHEx_ConfigProgram
    main.o(i.SystemClock_Config) refers to main.o(i.Error_Handler) for Error_Handler
    main.o(i.SystemClock_Config) refers to sn34f78x_hal_rcc.o(i.HAL_RCC_OscConfig) for HAL_RCC_OscConfig
    main.o(i.SystemClock_Config) refers to sn34f78x_hal_rcc.o(i.HAL_RCC_ClockConfig) for HAL_RCC_ClockConfig
    main.o(i.SystemClock_Config) refers to main.o(.constdata) for .constdata
    main.o(i._uart0_tx_uart1_rx_it_8bit) refers to main.o(i.fill_data) for fill_data
    main.o(i._uart0_tx_uart1_rx_it_8bit) refers to rt_memclr.o(.text) for __aeabi_memclr
    main.o(i._uart0_tx_uart1_rx_it_8bit) refers to sn34f78x_hal_uart.o(i.HAL_UART_Receive_IT) for HAL_UART_Receive_IT
    main.o(i._uart0_tx_uart1_rx_it_8bit) refers to sn34f78x_hal_uart.o(i.HAL_UART_Transmit_IT) for HAL_UART_Transmit_IT
    main.o(i._uart0_tx_uart1_rx_it_8bit) refers to memcmp.o(.text) for memcmp
    main.o(i._uart0_tx_uart1_rx_it_8bit) refers to main.o(.bss) for data_tx
    main.o(i._uart0_tx_uart1_rx_it_8bit) refers to init.o(.bss) for UART1_Handle
    main.o(i._uart0_tx_uart1_rx_it_8bit) refers to main.o(.data) for tx_flag
    main.o(i.fill_data) refers to main.o(.bss) for data_tx
    main.o(i.main) refers to sn34f78x_hal.o(i.HAL_Init) for HAL_Init
    main.o(i.main) refers to main.o(i.SystemClock_Config) for SystemClock_Config
    main.o(i.main) refers to init.o(i.init) for init
    main.o(i.main) refers to main.o(i._uart0_tx_uart1_rx_it_8bit) for _uart0_tx_uart1_rx_it_8bit
    main.o(i.main) refers to init.o(i.uninit) for uninit
    main.o(i.main) refers to main.o(i.Error_Handler) for Error_Handler
    sn34f78x_it.o(i.SCU_IRQHandler) refers to sn34f78x_hal_scu.o(ISR) for HAL_SCU_IRQHandler
    sn34f78x_it.o(i.SysTick_Handler) refers to sn34f78x_hal_systick.o(i.HAL_IncTick) for HAL_IncTick
    sn34f78x_it.o(i.UART0_IRQHandler) refers to sn34f78x_hal_uart.o(ISR) for HAL_UART_IRQHandler
    sn34f78x_it.o(i.UART0_IRQHandler) refers to init.o(.bss) for UART0_Handle
    sn34f78x_it.o(i.UART1_IRQHandler) refers to sn34f78x_hal_uart.o(ISR) for HAL_UART_IRQHandler
    sn34f78x_it.o(i.UART1_IRQHandler) refers to init.o(.bss) for UART1_Handle
    sn34f78x_hal_msp.o(i.HAL_UART_MspDeInit) refers to sn34f78x_hal_msp.o(i.__NVIC_ClearPendingIRQ) for __NVIC_ClearPendingIRQ
    sn34f78x_hal_msp.o(i.HAL_UART_MspDeInit) refers to sn34f78x_hal_msp.o(i.__NVIC_DisableIRQ) for __NVIC_DisableIRQ
    sn34f78x_hal_msp.o(i.HAL_UART_MspDeInit) refers to sn34f78x_hal_gpio.o(i.HAL_GPIO_SetAFIO) for HAL_GPIO_SetAFIO
    sn34f78x_hal_msp.o(i.HAL_UART_MspInit) refers to sn34f78x_hal_gpio.o(i.HAL_GPIO_SetAFIO) for HAL_GPIO_SetAFIO
    sn34f78x_hal_msp.o(i.HAL_UART_MspInit) refers to sn34f78x_hal_msp.o(i.__NVIC_ClearPendingIRQ) for __NVIC_ClearPendingIRQ
    sn34f78x_hal_msp.o(i.HAL_UART_MspInit) refers to sn34f78x_hal_msp.o(i.__NVIC_EnableIRQ) for __NVIC_EnableIRQ
    sn34f78x_hal_msp.o(i.HAL_UART_RxCpltCallback) refers to main.o(.data) for rx_flag
    sn34f78x_hal_msp.o(i.HAL_UART_TxCpltCallback) refers to main.o(.data) for tx_flag
    init.o(i.init) refers to init.o(i.sn34f7_UART0_Init) for sn34f7_UART0_Init
    init.o(i.init) refers to init.o(i.sn34f7_UART1_Init) for sn34f7_UART1_Init
    init.o(i.sn34f7_UART0_Init) refers to sn34f78x_hal_uart.o(i.HAL_UART_Init) for HAL_UART_Init
    init.o(i.sn34f7_UART0_Init) refers to init.o(.bss) for UART0_Handle
    init.o(i.sn34f7_UART1_Init) refers to sn34f78x_hal_uart.o(i.HAL_UART_Init) for HAL_UART_Init
    init.o(i.sn34f7_UART1_Init) refers to init.o(.bss) for UART1_Handle
    init.o(i.uninit) refers to sn34f78x_hal_uart.o(i.HAL_UART_DeInit) for HAL_UART_DeInit
    init.o(i.uninit) refers to sn34f78x_hal.o(i.HAL_DeInit) for HAL_DeInit
    init.o(i.uninit) refers to init.o(.bss) for UART0_Handle
    sn34f78x_hal.o(.rev16_text) refers (Special) to use_no_semi_2.o(.text) for __use_no_semihosting
    sn34f78x_hal.o(.revsh_text) refers (Special) to use_no_semi_2.o(.text) for __use_no_semihosting
    sn34f78x_hal.o(.rrx_text) refers (Special) to use_no_semi_2.o(.text) for __use_no_semihosting
    sn34f78x_hal.o(i.AFIO_Init) refers (Special) to use_no_semi_2.o(.text) for __use_no_semihosting
    sn34f78x_hal.o(i.HAL_DeInit) refers (Special) to use_no_semi_2.o(.text) for __use_no_semihosting
    sn34f78x_hal.o(i.HAL_DeInit) refers to sn34f78x_hal_msp.o(i.HAL_MspDeInit) for HAL_MspDeInit
[...]
    libinit2.o(.ARM.Collect$$libinit$$00000014) refers to libinit2.o(.ARM.Collect$$libinit$$0000000F) for .ARM.Collect$$libinit$$0000000F
    libinit2.o(.ARM.Collect$$libinit$$00000016) refers to libinit2.o(.ARM.Collect$$libinit$$0000000F) for .ARM.Collect$$libinit$$0000000F
    libinit2.o(.ARM.Collect$$libinit$$00000018) refers to libinit2.o(.ARM.Collect$$libinit$$0000000F) for .ARM.Collect$$libinit$$0000000F
    libinit2.o(.ARM.Collect$$libinit$$00000026) refers to argv_veneer.o(.emb_text) for __ARM_argv_veneer
    libinit2.o(.ARM.Collect$$libinit$$00000027) refers to argv_veneer.o(.emb_text) for __ARM_argv_veneer
    rtexit2.o(.ARM.Collect$$rtexit$$00000003) refers to libshutdown.o(.ARM.Collect$$libshutdown$$00000000) for __rt_lib_shutdown
    rtexit2.o(.ARM.Collect$$rtexit$$00000004) refers to sn34f78x_hal.o(i._sys_exit) for _sys_exit
    rtexit2.o(.ARM.exidx) refers to rtexit2.o(.ARM.Collect$$rtexit$$00000001) for .ARM.Collect$$rtexit$$00000001
    rtexit2.o(.ARM.exidx) refers to rtexit2.o(.ARM.Collect$$rtexit$$00000003) for .ARM.Collect$$rtexit$$00000003
    rtexit2.o(.ARM.exidx) refers to rtexit2.o(.ARM.Collect$$rtexit$$00000004) for .ARM.Collect$$rtexit$$00000004
    argv_veneer.o(.emb_text) refers to no_argv.o(.text) for __ARM_get_argv
    _get_argv_nomalloc.o(.text) refers (Special) to hrguard.o(.text) for __heap_region$guard
    _get_argv_nomalloc.o(.text) refers to defsig_rtmem_outer.o(.text) for __rt_SIGRTMEM
    _get_argv_nomalloc.o(.text) refers to sys_command.o(.text) for _sys_command_string
    libshutdown.o(.ARM.Collect$$libshutdown$$00000000) refers (Special) to libshutdown2.o(.ARM.Collect$$libshutdown$$00000002) for __rt_lib_shutdown_cpp_1
    libshutdown.o(.ARM.Collect$$libshutdown$$00000000) refers (Special) to libshutdown2.o(.ARM.Collect$$libshutdown$$00000007) for __rt_lib_shutdown_fp_trap_1
    libshutdown.o(.ARM.Collect$$libshutdown$$00000000) refers (Special) to libshutdown2.o(.ARM.Collect$$libshutdown$$0000000F) for __rt_lib_shutdown_heap_1
    libshutdown.o(.ARM.Collect$$libshutdown$$00000000) refers (Special) to libshutdown2.o(.ARM.Collect$$libshutdown$$00000010) for __rt_lib_shutdown_return
    libshutdown.o(.ARM.Collect$$libshutdown$$00000000) refers (Special) to libshutdown2.o(.ARM.Collect$$libshutdown$$0000000A) for __rt_lib_shutdown_signal_1
    libshutdown.o(.ARM.Collect$$libshutdown$$00000000) refers (Special) to libshutdown2.o(.ARM.Collect$$libshutdown$$00000004) for __rt_lib_shutdown_stdio_1
    libshutdown.o(.ARM.Collect$$libshutdown$$00000000) refers (Special) to libshutdown2.o(.ARM.Collect$$libshutdown$$0000000C) for __rt_lib_shutdown_user_alloc_1
    sys_command.o(.text) refers (Special) to use_no_semi.o(.text) for __I$use$semihosting
    sys_command.o(.text) refers (Special) to indicate_semi.o(.text) for __semihosting_library_function
    defsig_rtmem_outer.o(.text) refers to defsig_rtmem_inner.o(.text) for __rt_SIGRTMEM_inner
    defsig_rtmem_outer.o(.text) refers to defsig_exit.o(.text) for __sig_exit
    defsig_rtmem_formal.o(.text) refers to rt_raise.o(.text) for __rt_raise
    rt_raise.o(.text) refers to __raise.o(.text) for __raise
    rt_raise.o(.text) refers to sn34f78x_hal.o(i._sys_exit) for _sys_exit
    defsig_exit.o(.text) refers to sn34f78x_hal.o(i._sys_exit) for _sys_exit
    defsig_rtmem_inner.o(.text) refers to defsig_general.o(.text) for __default_signal_display
    __raise.o(.text) refers to defsig.o(CL$$defsig) for __default_signal_handler
    defsig_general.o(.text) refers to sn34f78x_hal.o(i._ttywrch) for _ttywrch
    defsig.o(CL$$defsig) refers to defsig_rtmem_inner.o(.text) for __rt_SIGRTMEM_inner
    defsig_abrt_inner.o(.text) refers to defsig_general.o(.text) for __default_signal_display
    defsig_fpe_inner.o(.text) refers to defsig_general.o(.text) for __default_signal_display
    defsig_rtred_inner.o(.text) refers to defsig_general.o(.text) for __default_signal_display
    defsig_stak_inner.o(.text) refers to defsig_general.o(.text) for __default_signal_display
    defsig_pvfn_inner.o(.text) refers to defsig_general.o(.text) for __default_signal_display
    defsig_cppl_inner.o(.text) refers to defsig_general.o(.text) for __default_signal_display
    defsig_segv_inner.o(.text) refers to defsig_general.o(.text) for __default_signal_display
    defsig_other.o(.text) refers to defsig_general.o(.text) for __default_signal_display


==============================================================================

Removing Unused input sections from the image.

    Removing main.o(.rev16_text), (4 bytes).
    Removing main.o(.revsh_text), (4 bytes).
    Removing main.o(.rrx_text), (6 bytes).
    Removing sn34f78x_it.o(.rev16_text), (4 bytes).
    Removing sn34f78x_it.o(.revsh_text), (4 bytes).
    Removing sn34f78x_it.o(.rrx_text), (6 bytes).
    Removing sn34f78x_hal_msp.o(.rev16_text), (4 bytes).
    Removing sn34f78x_hal_msp.o(.revsh_text), (4 bytes).
    Removing sn34f78x_hal_msp.o(.rrx_text), (6 bytes).
    Removing init.o(.rev16_text), (4 bytes).
    Removing init.o(.revsh_text), (4 bytes).
    Removing init.o(.rrx_text), (6 bytes).
    Removing sn34f78x_hal.o(.rev16_text), (4 bytes).
    Removing sn34f78x_hal.o(.revsh_text), (4 bytes).
    Removing sn34f78x_hal.o(.rrx_text), (6 bytes).
    Removing sn34f78x_hal.o(i.AFIO_Init), (2 bytes).
    Removing sn34f78x_hal.o(i.HAL_MspDeInit), (2 bytes).
    Removing sn34f78x_hal.o(i.HAL_MspInit), (2 bytes).
    Removing sn34f78x_hal.o(i._ttywrch), (2 bytes).
    Removing sn34f78x_hal.o(i.fclose), (8 bytes).
    Removing sn34f78x_hal.o(i.ferror), (8 bytes).
    Removing sn34f78x_hal.o(i.fflush), (8 bytes).
    Removing sn34f78x_hal.o(i.fgetc), (8 bytes).
    Removing sn34f78x_hal.o(i.fopen), (8 bytes).
    Removing sn34f78x_hal.o(i.fputc), (8 bytes).
    Removing sn34f78x_hal.o(i.freopen), (8 bytes).
    Removing sn34f78x_hal.o(i.fseek), (8 bytes).
    Removing sn34f78x_hal.o(i.ftell), (8 bytes).
    Removing sn34f78x_hal_rcc.o(.rev16_text), (4 bytes).
    Removing sn34f78x_hal_rcc.o(.revsh_text), (4 bytes).
    Removing sn34f78x_hal_rcc.o(.rrx_text), (6 bytes).
    Removing sn34f78x_hal_rcc.o(ISR), (2 bytes).
    Removing sn34f78x_hal_rcc.o(i.HAL_LVD_IRQHandler), (28 bytes).
    Removing sn34f78x_hal_rcc.o(i.HAL_RCC_ClockoutConfig), (152 bytes).
    Removing sn34f78x_hal_rcc.o(i.HAL_RCC_GetOscConfig), (96 bytes).
    Removing sn34f78x_hal_rcc.o(i.HAL_RCC_PeripheralReset), (88 bytes).
    Removing sn34f78x_hal_rcc.o(i.HAL_RCC_PeripheralResetMaskClear), (20 bytes).
    Removing sn34f78x_hal_rcc.o(i.LVD_Control), (164 bytes).
    Removing sn34f78x_hal_gpio.o(.rev16_text), (4 bytes).
    Removing sn34f78x_hal_gpio.o(.revsh_text), (4 bytes).
    Removing sn34f78x_hal_gpio.o(.rrx_text), (6 bytes).
    Removing sn34f78x_hal_gpio.o(i.HAL_GPIO_Callback), (2 bytes).
    Removing sn34f78x_hal_gpio.o(i.HAL_GPIO_ChangeClockMode), (14 bytes).
    Removing sn34f78x_hal_gpio.o(i.HAL_GPIO_ConfigDebounce), (36 bytes).
    Removing sn34f78x_hal_gpio.o(i.HAL_GPIO_DeInit), (90 bytes).
    Removing sn34f78x_hal_gpio.o(i.HAL_GPIO_GetAFIO), (76 bytes).
    Removing sn34f78x_hal_gpio.o(i.HAL_GPIO_IRQHandler), (52 bytes).
    Removing sn34f78x_hal_gpio.o(i.HAL_GPIO_Init), (134 bytes).
    Removing sn34f78x_hal_gpio.o(i.HAL_GPIO_ReadPin), (16 bytes).
    Removing sn34f78x_hal_gpio.o(i.HAL_GPIO_ReleaseOutput), (24 bytes).
    Removing sn34f78x_hal_gpio.o(i.HAL_GPIO_TogglePin), (22 bytes).
    Removing sn34f78x_hal_gpio.o(i.HAL_GPIO_WritePin), (14 bytes).
    Removing sn34f78x_hal_gpio.o(i._gpio_config_irq), (148 bytes).
    Removing sn34f78x_hal_gpio.o(i._gpio_config_pin_str), (100 bytes).
    Removing sn34f78x_hal_gpio.o(i._gpio_get_pin_str), (144 bytes).
    Removing sn34f78x_hal_flash.o(.rev16_text), (4 bytes).
    Removing sn34f78x_hal_flash.o(.revsh_text), (4 bytes).
    Removing sn34f78x_hal_flash.o(.rrx_text), (6 bytes).
    Removing sn34f78x_hal_flash.o(i.HAL_FLASH_GetError), (12 bytes).
    Removing sn34f78x_hal_flash_ex.o(.rev16_text), (4 bytes).
    Removing sn34f78x_hal_flash_ex.o(.revsh_text), (4 bytes).
    Removing sn34f78x_hal_flash_ex.o(.rrx_text), (6 bytes).
    Removing sn34f78x_hal_flash_ex.o(i.FLASH_Erase_Page), (52 bytes).
    Removing sn34f78x_hal_flash_ex.o(i.FLASH_Erase_Sector), (60 bytes).
    Removing sn34f78x_hal_flash_ex.o(i.FLASH_MassErase), (60 bytes).
    Removing sn34f78x_hal_flash_ex.o(i.HAL_FLASHEx_ChecksumCalculate), (88 bytes).
    Removing sn34f78x_hal_systick.o(.rev16_text), (4 bytes).
    Removing sn34f78x_hal_systick.o(.revsh_text), (4 bytes).
    Removing sn34f78x_hal_systick.o(.rrx_text), (6 bytes).
    Removing sn34f78x_hal_systick.o(i.HAL_Delay), (28 bytes).
    Removing sn34f78x_hal_systick.o(i.HAL_GetTickFreq), (12 bytes).
    Removing sn34f78x_hal_systick.o(i.HAL_ResumeTick), (18 bytes).
    Removing sn34f78x_hal_systick.o(i.HAL_SetTickFreq), (48 bytes).
    Removing sn34f78x_hal_systick.o(i.HAL_SuspendTick), (18 bytes).
    Removing sn34f78x_hal_scu.o(.rev16_text), (4 bytes).
    Removing sn34f78x_hal_scu.o(.revsh_text), (4 bytes).
    Removing sn34f78x_hal_scu.o(.rrx_text), (6 bytes).
    Removing sn34f78x_hal_uart.o(.rev16_text), (4 bytes).
    Removing sn34f78x_hal_uart.o(.revsh_text), (4 bytes).
    Removing sn34f78x_hal_uart.o(.rrx_text), (6 bytes).
    Removing sn34f78x_hal_uart.o(i.HAL_UART_DMAPause), (108 bytes).
    Removing sn34f78x_hal_uart.o(i.HAL_UART_DMAResume), (116 bytes).
    Removing sn34f78x_hal_uart.o(i.HAL_UART_DMAStop), (114 bytes).
    Removing sn34f78x_hal_uart.o(i.HAL_UART_GetError), (6 bytes).
    Removing sn34f78x_hal_uart.o(i.HAL_UART_GetState), (10 bytes).
    Removing sn34f78x_hal_uart.o(i.HAL_UART_MspDeInit), (2 bytes).
    Removing sn34f78x_hal_uart.o(i.HAL_UART_MspInit), (2 bytes).
    Removing sn34f78x_hal_uart.o(i.HAL_UART_Receive), (178 bytes).
    Removing sn34f78x_hal_uart.o(i.HAL_UART_Receive_DMA), (112 bytes).
    Removing sn34f78x_hal_uart.o(i.HAL_UART_RegisterCallback), (114 bytes).
    Removing sn34f78x_hal_uart.o(i.HAL_UART_Transmit), (188 bytes).
    Removing sn34f78x_hal_uart.o(i.HAL_UART_Transmit_DMA), (112 bytes).
    Removing sn34f78x_hal_uart.o(i.HAL_UART_UnRegisterCallback), (160 bytes).
    Removing sn34f78x_hal_assert.o(.rev16_text), (4 bytes).
    Removing sn34f78x_hal_assert.o(.revsh_text), (4 bytes).
    Removing sn34f78x_hal_assert.o(.rrx_text), (6 bytes).
    Removing sn34f78x_hal_dma.o(.rev16_text), (4 bytes).
    Removing sn34f78x_hal_dma.o(.revsh_text), (4 bytes).
    Removing sn34f78x_hal_dma.o(.rrx_text), (6 bytes).
    Removing sn34f78x_hal_dma.o(i.HAL_DMA_Abort), (148 bytes).
    Removing sn34f78x_hal_dma.o(i.HAL_DMA_Abort_IT), (68 bytes).
    Removing sn34f78x_hal_dma.o(i.HAL_DMA_ConfigEndian), (40 bytes).
    Removing sn34f78x_hal_dma.o(i.HAL_DMA_DeInit), (180 bytes).
    Removing sn34f78x_hal_dma.o(i.HAL_DMA_GetChannelStatus), (12 bytes).
    Removing sn34f78x_hal_dma.o(i.HAL_DMA_GetError), (6 bytes).
    Removing sn34f78x_hal_dma.o(i.HAL_DMA_GetState), (8 bytes).
    Removing sn34f78x_hal_dma.o(i.HAL_DMA_Init), (360 bytes).
    Removing sn34f78x_hal_dma.o(i.HAL_DMA_PollForTransfer), (140 bytes).
    Removing sn34f78x_hal_dma.o(i.HAL_DMA_Resume), (176 bytes).
    Removing sn34f78x_hal_dma.o(i.HAL_DMA_Resume_IT), (94 bytes).
    Removing sn34f78x_hal_dma.o(i.HAL_DMA_Start), (294 bytes).
    Removing sn34f78x_hal_dma.o(i.HAL_DMA_Start_IT), (192 bytes).
    Removing sn34f78x_hal_dma.o(i._dma_check_transfer_option), (180 bytes).
    Removing sn34f78x_hal_dma.o(.data), (2 bytes).
    Removing system_sn34f780.o(.rev16_text), (4 bytes).
    Removing system_sn34f780.o(.revsh_text), (4 bytes).
    Removing system_sn34f780.o(.rrx_text), (6 bytes).

117 unused section(s) (total 5230 bytes) removed from the image.

==============================================================================

Image Symbol Table

    Local Symbols

    Symbol Name                              Value     Ov Type        Size  Object(Section)

    RESET                                    0x00000000   Section      448  startup_sn34f780.o(RESET)
    ../clib/angel/boardlib.s                 0x00000000   Number         0  boardinit3.o ABSOLUTE
    ../clib/angel/boardlib.s                 0x00000000   Number         0  boardshut.o ABSOLUTE
    ../clib/angel/boardlib.s                 0x00000000   Number         0  boardinit1.o ABSOLUTE
    ../clib/angel/boardlib.s                 0x00000000   Number         0  boardinit2.o ABSOLUTE
    ../clib/angel/handlers.s                 0x00000000   Number         0  __scatter_copy.o ABSOLUTE
    ../clib/angel/handlers.s                 0x00000000   Number         0  __scatter_zi.o ABSOLUTE
    ../clib/angel/kernel.s                   0x00000000   Number         0  __rtentry.o ABSOLUTE
    ../clib/angel/kernel.s                   0x00000000   Number         0  __rtentry4.o ABSOLUTE
    ../clib/angel/kernel.s                   0x00000000   Number         0  __rtentry2.o ABSOLUTE
    ../clib/angel/kernel.s                   0x00000000   Number         0  rtexit2.o ABSOLUTE
    ../clib/angel/kernel.s                   0x00000000   Number         0  rtexit.o ABSOLUTE
    ../clib/angel/rt.s                       0x00000000   Number         0  rt_raise.o ABSOLUTE
    ../clib/angel/scatter.s                  0x00000000   Number         0  __scatter.o ABSOLUTE
    ../clib/angel/startup.s                  0x00000000   Number         0  __main.o ABSOLUTE
    ../clib/angel/sys.s                      0x00000000   Number         0  indicate_semi.o ABSOLUTE
    ../clib/angel/sys.s                      0x00000000   Number         0  sys_stackheap_outer.o ABSOLUTE
    ../clib/angel/sys.s                      0x00000000   Number         0  libspace.o ABSOLUTE
    ../clib/angel/sys.s                      0x00000000   Number         0  use_no_semi_2.o ABSOLUTE
    ../clib/angel/sys.s                      0x00000000   Number         0  use_no_semi.o ABSOLUTE
    ../clib/angel/sysapp.c                   0x00000000   Number         0  sys_command.o ABSOLUTE
    ../clib/armsys.c                         0x00000000   Number         0  no_argv.o ABSOLUTE
    ../clib/armsys.c                         0x00000000   Number         0  _get_argv_nomalloc.o ABSOLUTE
    ../clib/armsys.c                         0x00000000   Number         0  argv_veneer.o ABSOLUTE
    ../clib/armsys.c                         0x00000000   Number         0  argv_veneer.o ABSOLUTE
    ../clib/heapalloc.c                      0x00000000   Number         0  hrguard.o ABSOLUTE
    ../clib/heapaux.c                        0x00000000   Number         0  heapauxi.o ABSOLUTE
    ../clib/libinit.s                        0x00000000   Number         0  libinit.o ABSOLUTE
    ../clib/libinit.s                        0x00000000   Number         0  libshutdown2.o ABSOLUTE
    ../clib/libinit.s                        0x00000000   Number         0  libinit2.o ABSOLUTE
    ../clib/libinit.s                        0x00000000   Number         0  libshutdown.o ABSOLUTE
    ../clib/memcpset.s                       0x00000000   Number         0  rt_memclr_w.o ABSOLUTE
    ../clib/memcpset.s                       0x00000000   Number         0  rt_memclr.o ABSOLUTE
    ../clib/memcpset.s                       0x00000000   Number         0  rt_memcpy_w.o ABSOLUTE
    ../clib/signal.c                         0x00000000   Number         0  defsig_rtred_inner.o ABSOLUTE
    ../clib/signal.c                         0x00000000   Number         0  defsig_other.o ABSOLUTE
    ../clib/signal.c                         0x00000000   Number         0  defsig_segv_inner.o ABSOLUTE
    ../clib/signal.c                         0x00000000   Number         0  defsig_cppl_inner.o ABSOLUTE
    ../clib/signal.c                         0x00000000   Number         0  defsig_pvfn_inner.o ABSOLUTE
    ../clib/signal.c                         0x00000000   Number         0  defsig_stak_inner.o ABSOLUTE
    ../clib/signal.c                         0x00000000   Number         0  __raise.o ABSOLUTE
    ../clib/signal.c                         0x00000000   Number         0  defsig_fpe_inner.o ABSOLUTE
    ../clib/signal.c                         0x00000000   Number         0  defsig_abrt_inner.o ABSOLUTE
    ../clib/signal.c                         0x00000000   Number         0  defsig_rtmem_formal.o ABSOLUTE
    ../clib/signal.c                         0x00000000   Number         0  defsig_general.o ABSOLUTE
    ../clib/signal.c                         0x00000000   Number         0  defsig_rtmem_inner.o ABSOLUTE
    ../clib/signal.c                         0x00000000   Number         0  defsig_exit.o ABSOLUTE
    ../clib/signal.c                         0x00000000   Number         0  defsig_rtmem_outer.o ABSOLUTE
    ../clib/signal.s                         0x00000000   Number         0  defsig.o ABSOLUTE
    ../clib/stdlib.c                         0x00000000   Number         0  exit.o ABSOLUTE
    ../clib/string.c                         0x00000000   Number         0  memcmp.o ABSOLUTE
    ../fplib/fpinit.s                        0x00000000   Number         0  fpinit.o ABSOLUTE
    ..\..\Lib_HAL\Peripherals\Source\sn34f78x_hal.c 0x00000000   Number         0  sn34f78x_hal.o ABSOLUTE
    ..\..\Lib_HAL\Peripherals\Source\sn34f78x_hal_assert.c 0x00000000   Number         0  sn34f78x_hal_assert.o ABSOLUTE
    ..\..\Lib_HAL\Peripherals\Source\sn34f78x_hal_dma.c 0x00000000   Number         0  sn34f78x_hal_dma.o ABSOLUTE
    ..\..\Lib_HAL\Peripherals\Source\sn34f78x_hal_flash.c 0x00000000   Number         0  sn34f78x_hal_flash.o ABSOLUTE
    ..\..\Lib_HAL\Peripherals\Source\sn34f78x_hal_flash_ex.c 0x00000000   Number         0  sn34f78x_hal_flash_ex.o ABSOLUTE
    ..\..\Lib_HAL\Peripherals\Source\sn34f78x_hal_gpio.c 0x00000000   Number         0  sn34f78x_hal_gpio.o ABSOLUTE
    ..\..\Lib_HAL\Peripherals\Source\sn34f78x_hal_rcc.c 0x00000000   Number         0  sn34f78x_hal_rcc.o ABSOLUTE
    ..\..\Lib_HAL\Peripherals\Source\sn34f78x_hal_scu.c 0x00000000   Number         0  sn34f78x_hal_scu.o ABSOLUTE
    ..\..\Lib_HAL\Peripherals\Source\sn34f78x_hal_systick.c 0x00000000   Number         0  sn34f78x_hal_systick.o ABSOLUTE
    ..\..\Lib_HAL\Peripherals\Source\sn34f78x_hal_uart.c 0x00000000   Number         0  sn34f78x_hal_uart.o ABSOLUTE
    ..\\..\\Lib_HAL\\Peripherals\\Source\\sn34f78x_hal.c 0x00000000   Number         0  sn34f78x_hal.o ABSOLUTE
    ..\\..\\Lib_HAL\\Peripherals\\Source\\sn34f78x_hal_assert.c 0x00000000   Number         0  sn34f78x_hal_assert.o ABSOLUTE
    ..\\..\\Lib_HAL\\Peripherals\\Source\\sn34f78x_hal_dma.c 0x00000000   Number         0  sn34f78x_hal_dma.o ABSOLUTE
    ..\\..\\Lib_HAL\\Peripherals\\Source\\sn34f78x_hal_flash.c 0x00000000   Number         0  sn34f78x_hal_flash.o ABSOLUTE
    ..\\..\\Lib_HAL\\Peripherals\\Source\\sn34f78x_hal_flash_ex.c 0x00000000   Number         0  sn34f78x_hal_flash_ex.o ABSOLUTE
    ..\\..\\Lib_HAL\\Peripherals\\Source\\sn34f78x_hal_gpio.c 0x00000000   Number         0  sn34f78x_hal_gpio.o ABSOLUTE
    ..\\..\\Lib_HAL\\Peripherals\\Source\\sn34f78x_hal_rcc.c 0x00000000   Number         0  sn34f78x_hal_rcc.o ABSOLUTE
    ..\\..\\Lib_HAL\\Peripherals\\Source\\sn34f78x_hal_scu.c 0x00000000   Number         0  sn34f78x_hal_scu.o ABSOLUTE
    ..\\..\\Lib_HAL\\Peripherals\\Source\\sn34f78x_hal_systick.c 0x00000000   Number         0  sn34f78x_hal_systick.o ABSOLUTE
    ..\\..\\Lib_HAL\\Peripherals\\Source\\sn34f78x_hal_uart.c 0x00000000   Number         0  sn34f78x_hal_uart.o ABSOLUTE
    RTE\Device\SN34F788F\startup_SN34F780.s  0x00000000   Number         0  startup_sn34f780.o ABSOLUTE
    RTE\Device\SN34F788F\system_SN34F780.c   0x00000000   Number         0  system_sn34f780.o ABSOLUTE
    RTE\\Device\\SN34F788F\\system_SN34F780.c 0x00000000   Number         0  system_sn34f780.o ABSOLUTE
    dc.s                                     0x00000000   Number         0  dc.o ABSOLUTE
    main.c                                   0x00000000   Number         0  main.o ABSOLUTE
    main.c                                   0x00000000   Number         0  main.o ABSOLUTE
    src\\init.c                              0x00000000   Number         0  init.o ABSOLUTE
    src\\sn34f78x_hal_msp.c                  0x00000000   Number         0  sn34f78x_hal_msp.o ABSOLUTE
    src\\sn34f78x_it.c                       0x00000000   Number         0  sn34f78x_it.o ABSOLUTE
    src\init.c                               0x00000000   Number         0  init.o ABSOLUTE
    src\sn34f78x_hal_msp.c                   0x00000000   Number         0  sn34f78x_hal_msp.o ABSOLUTE
    src\sn34f78x_it.c                        0x00000000   Number         0  sn34f78x_it.o ABSOLUTE
    !!!main                                  0x000001c0   Section        8  __main.o(!!!main)
    .ARM.Collect$$libinit$$00000000          0x000001c8   Section        2  libinit.o(.ARM.Collect$$libinit$$00000000)
    .ARM.Collect$$libinit$$00000001          0x000001ca   Section        4  libinit2.o(.ARM.Collect$$libinit$$00000001)
    .ARM.Collect$$libinit$$00000004          0x000001ce   Section        0  libinit2.o(.ARM.Collect$$libinit$$00000004)
    .ARM.Collect$$libinit$$0000000A          0x000001ce   Section        0  libinit2.o(.ARM.Collect$$libinit$$0000000A)
    .ARM.Collect$$libinit$$0000000C          0x000001ce   Section        0  libinit2.o(.ARM.Collect$$libinit$$0000000C)
    .ARM.Collect$$libinit$$0000000E          0x000001ce   Section        0  libinit2.o(.ARM.Collect$$libinit$$0000000E)
    .ARM.Collect$$libinit$$00000011          0x000001ce   Section        0  libinit2.o(.ARM.Collect$$libinit$$00000011)
    .ARM.Collect$$libinit$$00000013          0x000001ce   Section        0  libinit2.o(.ARM.Collect$$libinit$$00000013)
    .ARM.Collect$$libinit$$00000015          0x000001ce   Section        0  libinit2.o(.ARM.Collect$$libinit$$00000015)
    .ARM.Collect$$libinit$$00000017          0x000001ce   Section        0  libinit2.o(.ARM.Collect$$libinit$$00000017)
    .ARM.Collect$$libinit$$00000019          0x000001ce   Section        0  libinit2.o(.ARM.Collect$$libinit$$00000019)
    .ARM.Collect$$libinit$$0000001B          0x000001ce   Section        0  libinit2.o(.ARM.Collect$$libinit$$0000001B)
    .ARM.Collect$$libinit$$0000001D          0x000001ce   Section        0  libinit2.o(.ARM.Collect$$libinit$$0000001D)
    .ARM.Collect$$libinit$$0000001F          0x000001ce   Section        0  libinit2.o(.ARM.Collect$$libinit$$0000001F)
    .ARM.Collect$$libinit$$00000021          0x000001ce   Section        0  libinit2.o(.ARM.Collect$$libinit$$00000021)
    .ARM.Collect$$libinit$$00000023          0x000001ce   Section        0  libinit2.o(.ARM.Collect$$libinit$$00000023)
    .ARM.Collect$$libinit$$00000025          0x000001ce   Section        0  libinit2.o(.ARM.Collect$$libinit$$00000025)
    .ARM.Collect$$libinit$$0000002C          0x000001ce   Section        0  libinit2.o(.ARM.Collect$$libinit$$0000002C)
    .ARM.Collect$$libinit$$0000002E          0x000001ce   Section        0  libinit2.o(.ARM.Collect$$libinit$$0000002E)
    .ARM.Collect$$libinit$$00000030          0x000001ce   Section        0  libinit2.o(.ARM.Collect$$libinit$$00000030)
    .ARM.Collect$$libinit$$00000032          0x000001ce   Section        0  libinit2.o(.ARM.Collect$$libinit$$00000032)
    .ARM.Collect$$libinit$$00000033          0x000001ce   Section        2  libinit2.o(.ARM.Collect$$libinit$$00000033)
    .ARM.Collect$$libshutdown$$00000000      0x000001d0   Section        2  libshutdown.o(.ARM.Collect$$libshutdown$$00000000)
    .ARM.Collect$$libshutdown$$00000002      0x000001d2   Section        0  libshutdown2.o(.ARM.Collect$$libshutdown$$00000002)
    .ARM.Collect$$libshutdown$$00000004      0x000001d2   Section        0  libshutdown2.o(.ARM.Collect$$libshutdown$$00000004)
    .ARM.Collect$$libshutdown$$00000007      0x000001d2   Section        0  libshutdown2.o(.ARM.Collect$$libshutdown$$00000007)
    .ARM.Collect$$libshutdown$$0000000A      0x000001d2   Section        0  libshutdown2.o(.ARM.Collect$$libshutdown$$0000000A)
    .ARM.Collect$$libshutdown$$0000000C      0x000001d2   Section        0  libshutdown2.o(.ARM.Collect$$libshutdown$$0000000C)
    .ARM.Collect$$libshutdown$$0000000F      0x000001d2   Section        0  libshutdown2.o(.ARM.Collect$$libshutdown$$0000000F)
    .ARM.Collect$$libshutdown$$00000010      0x000001d2   Section        2  libshutdown2.o(.ARM.Collect$$libshutdown$$00000010)
    .ARM.Collect$$rtexit$$00000000           0x000001d4   Section        2  rtexit.o(.ARM.Collect$$rtexit$$00000000)
    .ARM.Collect$$rtexit$$00000002           0x000001d6   Section        0  rtexit2.o(.ARM.Collect$$rtexit$$00000002)
    .ARM.Collect$$rtexit$$00000003           0x000001d6   Section        4  rtexit2.o(.ARM.Collect$$rtexit$$00000003)
    .ARM.Collect$$rtexit$$00000004           0x000001da   Section        6  rtexit2.o(.ARM.Collect$$rtexit$$00000004)
    .ARM.__at_0x000001E0                     0x000001e0   Section        4  sn34f78x_hal.o(.ARM.__at_0x000001E0)
    .ARM.__at_0x000001E4                     0x000001e4   Section        4  sn34f78x_hal.o(.ARM.__at_0x000001E4)
    !!!scatter                               0x000001e8   Section       52  __scatter.o(!!!scatter)
    !!handler_copy                           0x0000021c   Section       26  __scatter_copy.o(!!handler_copy)
    !!handler_zi                             0x00000238   Section       28  __scatter_zi.o(!!handler_zi)
    .ARM.Collect$$rtentry$$00000000          0x00000254   Section        0  __rtentry.o(.ARM.Collect$$rtentry$$00000000)
    .ARM.Collect$$rtentry$$00000002          0x00000254   Section        0  __rtentry2.o(.ARM.Collect$$rtentry$$00000002)
    .ARM.Collect$$rtentry$$00000004          0x00000254   Section        6  __rtentry4.o(.ARM.Collect$$rtentry$$00000004)
    .ARM.Collect$$rtentry$$00000009          0x0000025a   Section        0  __rtentry2.o(.ARM.Collect$$rtentry$$00000009)
    .ARM.Collect$$rtentry$$0000000A          0x0000025a   Section        4  __rtentry2.o(.ARM.Collect$$rtentry$$0000000A)
    .ARM.Collect$$rtentry$$0000000C          0x0000025e   Section        0  __rtentry2.o(.ARM.Collect$$rtentry$$0000000C)
    .ARM.Collect$$rtentry$$0000000D          0x0000025e   Section        8  __rtentry2.o(.ARM.Collect$$rtentry$$0000000D)
    .text                                    0x00000268   Section       92  startup_sn34f780.o(.text)
    $v0                                      0x00000268   Number         0  startup_sn34f780.o(.text)
    .text                                    0x000002c4   Section        2  use_no_semi_2.o(.text)
    .text                                    0x000002c6   Section        0  memcmp.o(.text)
    .text                                    0x0000031e   Section      100  rt_memcpy_w.o(.text)
    .text                                    0x00000382   Section       68  rt_memclr.o(.text)
    .text                                    0x000003c6   Section       78  rt_memclr_w.o(.text)
    .text                                    0x00000414   Section        0  heapauxi.o(.text)
    .text                                    0x0000041a   Section        2  use_no_semi.o(.text)
    .text                                    0x0000041c   Section       74  sys_stackheap_outer.o(.text)
    .text                                    0x00000466   Section        0  exit.o(.text)
    .text                                    0x00000478   Section        8  libspace.o(.text)
    ISR                                      0x00000480   Section        0  sn34f78x_hal_scu.o(ISR)
    ISR                                      0x000004b8   Section        0  sn34f78x_hal_uart.o(ISR)
    _uart_abort_rx                           0x000004c5   Thumb Code    52  sn34f78x_hal_uart.o(ISR)
    _uart_abort_tx                           0x000004f9   Thumb Code    56  sn34f78x_hal_uart.o(ISR)
    _uart_ms_handle                          0x0000060f   Thumb Code     6  sn34f78x_hal_uart.o(ISR)
    _uart_transmit_complete                  0x00000615   Thumb Code    30  sn34f78x_hal_uart.o(ISR)
    _uart_thre_handle                        0x00000633   Thumb Code    56  sn34f78x_hal_uart.o(ISR)
    _uart_receive_complete                   0x0000066b   Thumb Code    38  sn34f78x_hal_uart.o(ISR)
    _uart_rda_handle                         0x00000691   Thumb Code    66  sn34f78x_hal_uart.o(ISR)
    _uart_rls_handle                         0x000006d3   Thumb Code    90  sn34f78x_hal_uart.o(ISR)
    ISR                                      0x0000078c   Section        0  sn34f78x_hal_dma.o(ISR)
    i.Error_Handler                          0x0000083c   Section        0  main.o(i.Error_Handler)
    i.FLASH_AUTOHold_Config                  0x00000844   Section        0  sn34f78x_hal_flash_ex.o(i.FLASH_AUTOHold_Config)
    FLASH_AUTOHold_Config                    0x00000845   Thumb Code    26  sn34f78x_hal_flash_ex.o(i.FLASH_AUTOHold_Config)
    i.FLASH_CLKFreq_Config                   0x00000864   Section        0  sn34f78x_hal_flash_ex.o(i.FLASH_CLKFreq_Config)
    FLASH_CLKFreq_Config                     0x00000865   Thumb Code    62  sn34f78x_hal_flash_ex.o(i.FLASH_CLKFreq_Config)
    i.FLASH_GetAUTOHold                      0x000008a8   Section        0  sn34f78x_hal_flash_ex.o(i.FLASH_GetAUTOHold)
    FLASH_GetAUTOHold                        0x000008a9   Thumb Code    32  sn34f78x_hal_flash_ex.o(i.FLASH_GetAUTOHold)
    i.FLASH_GetBOOTFlag                      0x000008cc   Section        0  sn34f78x_hal_flash_ex.o(i.FLASH_GetBOOTFlag)
    FLASH_GetBOOTFlag                        0x000008cd   Thumb Code    80  sn34f78x_hal_flash_ex.o(i.FLASH_GetBOOTFlag)
    i.FLASH_GetCLKFreq                       0x00000920   Section        0  sn34f78x_hal_flash_ex.o(i.FLASH_GetCLKFreq)
    FLASH_GetCLKFreq                         0x00000921   Thumb Code    80  sn34f78x_hal_flash_ex.o(i.FLASH_GetCLKFreq)
    i.FLASH_GetMMWRP                         0x00000974   Section        0  sn34f78x_hal_flash_ex.o(i.FLASH_GetMMWRP)
    FLASH_GetMMWRP                           0x00000975   Thumb Code    18  sn34f78x_hal_flash_ex.o(i.FLASH_GetMMWRP)
    i.FLASH_GetRDP                           0x00000986   Section        0  sn34f78x_hal_flash_ex.o(i.FLASH_GetRDP)
    FLASH_GetRDP                             0x00000987   Thumb Code    18  sn34f78x_hal_flash_ex.o(i.FLASH_GetRDP)
    i.FLASH_GetSMWRP                         0x00000998   Section        0  sn34f78x_hal_flash_ex.o(i.FLASH_GetSMWRP)
    FLASH_GetSMWRP                           0x00000999   Thumb Code    18  sn34f78x_hal_flash_ex.o(i.FLASH_GetSMWRP)
    i.FLASH_Protect_GetStatus                0x000009ac   Section        0  sn34f78x_hal_flash_ex.o(i.FLASH_Protect_GetStatus)
    FLASH_Protect_GetStatus                  0x000009ad   Thumb Code   110  sn34f78x_hal_flash_ex.o(i.FLASH_Protect_GetStatus)
    i.FLASH_SetErrorCode                     0x00000a20   Section        0  sn34f78x_hal_flash.o(i.FLASH_SetErrorCode)
    FLASH_SetErrorCode                       0x00000a21   Thumb Code    12  sn34f78x_hal_flash.o(i.FLASH_SetErrorCode)
    i.FLASH_WaitForLastOperation             0x00000a34   Section        0  sn34f78x_hal_flash.o(i.FLASH_WaitForLastOperation)
    i.HAL_DMA_MspDeInit                      0x00000aa0   Section        0  sn34f78x_hal_dma.o(i.HAL_DMA_MspDeInit)
    i.HAL_DMA_MspInit                        0x00000aa2   Section        0  sn34f78x_hal_dma.o(i.HAL_DMA_MspInit)
    i.HAL_DMA_RegisterCallback               0x00000aa4   Section        0  sn34f78x_hal_dma.o(i.HAL_DMA_RegisterCallback)
    i.HAL_DMA_UnRegisterCallback             0x00000af0   Section        0  sn34f78x_hal_dma.o(i.HAL_DMA_UnRegisterCallback)
    i.HAL_DeInit                             0x00000b70   Section        0  sn34f78x_hal.o(i.HAL_DeInit)
    i.HAL_FLASHEx_ConfigProgram              0x00000b7a   Section        0  sn34f78x_hal_flash_ex.o(i.HAL_FLASHEx_ConfigProgram)
    i.HAL_FLASHEx_GetConfig                  0x00000baa   Section        0  sn34f78x_hal_flash_ex.o(i.HAL_FLASHEx_GetConfig)
    i.HAL_GPIO_SetAFIO                       0x00000be4   Section        0  sn34f78x_hal_gpio.o(i.HAL_GPIO_SetAFIO)
    i.HAL_GetNewHCLKFreq                     0x00000c54   Section        0  sn34f78x_hal_rcc.o(i.HAL_GetNewHCLKFreq)
    i.HAL_GetTick                            0x00000cb4   Section        0  sn34f78x_hal_systick.o(i.HAL_GetTick)
    i.HAL_GetTickPrio                        0x00000cc0   Section        0  sn34f78x_hal_systick.o(i.HAL_GetTickPrio)
    i.HAL_IncTick                            0x00000ccc   Section        0  sn34f78x_hal_systick.o(i.HAL_IncTick)
    i.HAL_Init                               0x00000ce4   Section        0  sn34f78x_hal.o(i.HAL_Init)
    i.HAL_InitFlash                          0x00000cf8   Section        0  sn34f78x_hal_flash.o(i.HAL_InitFlash)
    i.HAL_InitTick                           0x00000d34   Section        0  sn34f78x_hal_systick.o(i.HAL_InitTick)
    i.HAL_MspDeInit                          0x00000e1c   Section        0  sn34f78x_hal_msp.o(i.HAL_MspDeInit)
    i.HAL_MspInit                            0x00000e1e   Section        0  sn34f78x_hal_msp.o(i.HAL_MspInit)
    i.HAL_RCC_ClockConfig                    0x00000e20   Section        0  sn34f78x_hal_rcc.o(i.HAL_RCC_ClockConfig)
    i.HAL_RCC_GetAPB0CLKFreq                 0x00000fb4   Section        0  sn34f78x_hal_rcc.o(i.HAL_RCC_GetAPB0CLKFreq)
    i.HAL_RCC_GetAPB1CLKFreq                 0x00000fcc   Section        0  sn34f78x_hal_rcc.o(i.HAL_RCC_GetAPB1CLKFreq)
    i.HAL_RCC_GetClockConfig                 0x00000fe4   Section        0  sn34f78x_hal_rcc.o(i.HAL_RCC_GetClockConfig)
    i.HAL_RCC_GetHCLKFreq                    0x0000101c   Section        0  sn34f78x_hal_rcc.o(i.HAL_RCC_GetHCLKFreq)
    i.HAL_RCC_GetPLLCLKFreq                  0x00001034   Section        0  sn34f78x_hal_rcc.o(i.HAL_RCC_GetPLLCLKFreq)
    i.HAL_RCC_GetSysClockFreq                0x00001090   Section        0  sn34f78x_hal_rcc.o(i.HAL_RCC_GetSysClockFreq)
    i.HAL_RCC_OscConfig                      0x000010c8   Section        0  sn34f78x_hal_rcc.o(i.HAL_RCC_OscConfig)
    i.HAL_UART_DeInit                        0x0000131c   Section        0  sn34f78x_hal_uart.o(i.HAL_UART_DeInit)
    i.HAL_UART_Init                          0x00001360   Section        0  sn34f78x_hal_uart.o(i.HAL_UART_Init)
    i.HAL_UART_MspDeInit                     0x00001434   Section        0  sn34f78x_hal_msp.o(i.HAL_UART_MspDeInit)
    i.HAL_UART_MspInit                       0x000014cc   Section        0  sn34f78x_hal_msp.o(i.HAL_UART_MspInit)
    i.HAL_UART_Receive_IT                    0x00001578   Section        0  sn34f78x_hal_uart.o(i.HAL_UART_Receive_IT)
    i.HAL_UART_RxCpltCallback                0x000015f8   Section        0  sn34f78x_hal_msp.o(i.HAL_UART_RxCpltCallback)
    i.HAL_UART_Transmit_IT                   0x0000160c   Section        0  sn34f78x_hal_uart.o(i.HAL_UART_Transmit_IT)
    i.HAL_UART_TxCpltCallback                0x00001684   Section        0  sn34f78x_hal_msp.o(i.HAL_UART_TxCpltCallback)
    i.RCC_FCS_Command                        0x00001698   Section        0  sn34f78x_hal_rcc.o(i.RCC_FCS_Command)
    i.SCU_IRQHandler                         0x00001748   Section        0  sn34f78x_it.o(i.SCU_IRQHandler)
    i.SysTick_Handler                        0x00001750   Section        0  sn34f78x_it.o(i.SysTick_Handler)
    i.SystemClock_Config                     0x00001758   Section        0  main.o(i.SystemClock_Config)
    i.SystemCoreClockUpdate                  0x000017e0   Section        0  system_sn34f780.o(i.SystemCoreClockUpdate)
    i.SystemInit                             0x000018c8   Section        0  system_sn34f780.o(i.SystemInit)
    i.UART0_IRQHandler                       0x000018dc   Section        0  sn34f78x_it.o(i.UART0_IRQHandler)
    i.UART1_IRQHandler                       0x000018ec   Section        0  sn34f78x_it.o(i.UART1_IRQHandler)
    i.__NVIC_ClearPendingIRQ                 0x000018fc   Section        0  sn34f78x_hal_msp.o(i.__NVIC_ClearPendingIRQ)
    __NVIC_ClearPendingIRQ                   0x000018fd   Thumb Code    22  sn34f78x_hal_msp.o(i.__NVIC_ClearPendingIRQ)
    i.__NVIC_DisableIRQ                      0x00001918   Section        0  sn34f78x_hal_msp.o(i.__NVIC_DisableIRQ)
    __NVIC_DisableIRQ                        0x00001919   Thumb Code    30  sn34f78x_hal_msp.o(i.__NVIC_DisableIRQ)
    i.__NVIC_EnableIRQ                       0x0000193c   Section        0  sn34f78x_hal_msp.o(i.__NVIC_EnableIRQ)
    __NVIC_EnableIRQ                         0x0000193d   Thumb Code    34  sn34f78x_hal_msp.o(i.__NVIC_EnableIRQ)
    i.__NVIC_EnableIRQ                       0x0000195e   Section        0  sn34f78x_hal_rcc.o(i.__NVIC_EnableIRQ)
    __NVIC_EnableIRQ                         0x0000195f   Thumb Code    34  sn34f78x_hal_rcc.o(i.__NVIC_EnableIRQ)
    i.__NVIC_SetPriority                     0x00001980   Section        0  sn34f78x_hal_systick.o(i.__NVIC_SetPriority)
    __NVIC_SetPriority                       0x00001981   Thumb Code    32  sn34f78x_hal_systick.o(i.__NVIC_SetPriority)
    i._pinmux_get_port_pos                   0x000019a8   Section        0  sn34f78x_hal_gpio.o(i._pinmux_get_port_pos)
    _pinmux_get_port_pos                     0x000019a9   Thumb Code    36  sn34f78x_hal_gpio.o(i._pinmux_get_port_pos)
    i._sys_exit                              0x000019d8   Section        0  sn34f78x_hal.o(i._sys_exit)
    i._uart0_tx_uart1_rx_it_8bit             0x000019dc   Section        0  main.o(i._uart0_tx_uart1_rx_it_8bit)
    i._uart_dma_rx_abort_callback            0x00001a58   Section        0  sn34f78x_hal_uart.o(i._uart_dma_rx_abort_callback)
    _uart_dma_rx_abort_callback              0x00001a59   Thumb Code    18  sn34f78x_hal_uart.o(i._uart_dma_rx_abort_callback)
    i._uart_dma_rx_check                     0x00001a6a   Section        0  sn34f78x_hal_uart.o(i._uart_dma_rx_check)
    _uart_dma_rx_check                       0x00001a6b   Thumb Code    32  sn34f78x_hal_uart.o(i._uart_dma_rx_check)
    i._uart_dma_rx_cplt_callback             0x00001a8a   Section        0  sn34f78x_hal_uart.o(i._uart_dma_rx_cplt_callback)
    _uart_dma_rx_cplt_callback               0x00001a8b   Thumb Code    18  sn34f78x_hal_uart.o(i._uart_dma_rx_cplt_callback)
    i._uart_dma_rx_err_callback              0x00001a9c   Section        0  sn34f78x_hal_uart.o(i._uart_dma_rx_err_callback)
    _uart_dma_rx_err_callback                0x00001a9d   Thumb Code    26  sn34f78x_hal_uart.o(i._uart_dma_rx_err_callback)
    i._uart_dma_tx_abort_callback            0x00001ab6   Section        0  sn34f78x_hal_uart.o(i._uart_dma_tx_abort_callback)
    _uart_dma_tx_abort_callback              0x00001ab7   Thumb Code    18  sn34f78x_hal_uart.o(i._uart_dma_tx_abort_callback)
    i._uart_dma_tx_check                     0x00001ac8   Section        0  sn34f78x_hal_uart.o(i._uart_dma_tx_check)
    _uart_dma_tx_check                       0x00001ac9   Thumb Code    32  sn34f78x_hal_uart.o(i._uart_dma_tx_check)
    i._uart_dma_tx_cplt_callback             0x00001ae8   Section        0  sn34f78x_hal_uart.o(i._uart_dma_tx_cplt_callback)
    _uart_dma_tx_cplt_callback               0x00001ae9   Thumb Code    18  sn34f78x_hal_uart.o(i._uart_dma_tx_cplt_callback)
    i._uart_dma_tx_err_callback              0x00001afa   Section        0  sn34f78x_hal_uart.o(i._uart_dma_tx_err_callback)
    _uart_dma_tx_err_callback                0x00001afb   Thumb Code    26  sn34f78x_hal_uart.o(i._uart_dma_tx_err_callback)
    i._uart_get_rxtl                         0x00001b14   Section        0  sn34f78x_hal_uart.o(i._uart_get_rxtl)
    _uart_get_rxtl                           0x00001b15   Thumb Code    32  sn34f78x_hal_uart.o(i._uart_get_rxtl)
    i._uart_init_callbacks_default           0x00001b34   Section        0  sn34f78x_hal_uart.o(i._uart_init_callbacks_default)
    _uart_init_callbacks_default             0x00001b35   Thumb Code    26  sn34f78x_hal_uart.o(i._uart_init_callbacks_default)
    i._uart_set_baudrate                     0x00001b68   Section        0  sn34f78x_hal_uart.o(i._uart_set_baudrate)
    _uart_set_baudrate                       0x00001b69   Thumb Code   344  sn34f78x_hal_uart.o(i._uart_set_baudrate)
    i._uart_set_config                       0x00001cd4   Section        0  sn34f78x_hal_uart.o(i._uart_set_config)
    _uart_set_config                         0x00001cd5   Thumb Code   172  sn34f78x_hal_uart.o(i._uart_set_config)
    i.fill_data                              0x00001d90   Section        0  main.o(i.fill_data)
    i.init                                   0x00001dac   Section        0  init.o(i.init)
    i.main                                   0x00001dc6   Section        0  main.o(i.main)
    i.sn34f7_UART0_Init                      0x00001dec   Section        0  init.o(i.sn34f7_UART0_Init)
    i.sn34f7_UART1_Init                      0x00001e20   Section        0  init.o(i.sn34f7_UART1_Init)
    i.uninit                                 0x00001e54   Section        0  init.o(i.uninit)
    x$fpl$fpinit                             0x00001e80   Section       10  fpinit.o(x$fpl$fpinit)
    $v0                                      0x00001e80   Number         0  fpinit.o(x$fpl$fpinit)
    .constdata                               0x00001e8c   Section       44  main.o(.constdata)
    .constdata                               0x00001eb8   Section       44  sn34f78x_hal_rcc.o(.constdata)
    .constdata                               0x00001ee4   Section      844  sn34f78x_hal_gpio.o(.constdata)
    AFIO_Info                                0x00001ee4   Data         804  sn34f78x_hal_gpio.o(.constdata)
    .ARM.__at_0x0007DFFC                     0x0007dffc   Section        4  startup_sn34f780.o(.ARM.__at_0x0007DFFC)
    .data                                    0x20000000   Section        2  main.o(.data)
    .data                                    0x20000004   Section        9  sn34f78x_hal_systick.o(.data)
    .data                                    0x20000010   Section        4  sn34f78x_hal_uart.o(.data)
    interrupt_id                             0x20000010   Data           4  sn34f78x_hal_uart.o(.data)
    .data                                    0x20000014   Section        4  system_sn34f780.o(.data)
    .bss                                     0x20000018   Section      256  main.o(.bss)
    .bss                                     0x20000118   Section      200  init.o(.bss)
    .bss                                     0x200001e0   Section       32  sn34f78x_hal_flash.o(.bss)
    .bss                                     0x20000200   Section       96  libspace.o(.bss)
    HEAP                                     0x20000260   Section      512  startup_sn34f780.o(HEAP)
    Heap_Mem                                 0x20000260   Data         512  startup_sn34f780.o(HEAP)
    STACK                                    0x20000460   Section     1024  startup_sn34f780.o(STACK)
    Stack_Mem                                0x20000460   Data        1024  startup_sn34f780.o(STACK)
    __initial_sp                             0x20000860   Data           0  startup_sn34f780.o(STACK)

    Global Symbols

    Symbol Name                              Value     Ov Type        Size  Object(Section)

    BuildAttributes$$THM_ISAv4$E$P$D$K$B$S$7EM$VFPi3$EXTD16$VFPS$VFMA$PE$A:L22UL41UL21$X:L11$S22US41US21$IEEE1$IW$USESV6$~STKCKD$USESV7$~SHL$OSPACE$ROPI$EBA8$UX$STANDARDLIB$REQ8$PRES8$EABIv2 0x00000000   Number         0  anon$$obj.o ABSOLUTE
    __ARM_use_no_argv                        0x00000000   Number         0  main.o ABSOLUTE
    __Vectors                                0x00000000   Data           4  startup_sn34f780.o(RESET)
    __ARM_exceptions_init                     - Undefined Weak Reference
    __alloca_initialize                       - Undefined Weak Reference
    __arm_preinit_                            - Undefined Weak Reference
    __cpp_initialize__aeabi_                  - Undefined Weak Reference
    __cxa_finalize                            - Undefined Weak Reference
    __rt_locale                               - Undefined Weak Reference
    __sigvec_lookup                           - Undefined Weak Reference
    _atexit_init                              - Undefined Weak Reference
    _call_atexit_fns                          - Undefined Weak Reference
    _clock_init                               - Undefined Weak Reference
    _fp_trap_init                             - Undefined Weak Reference
    _fp_trap_shutdown                         - Undefined Weak Reference
    _get_lc_collate                           - Undefined Weak Reference
    _get_lc_ctype                             - Undefined Weak Reference
    _get_lc_monetary                          - Undefined Weak Reference
    _get_lc_numeric                           - Undefined Weak Reference
    _get_lc_time                              - Undefined Weak Reference
    _getenv_init                              - Undefined Weak Reference
    _handle_redirection                       - Undefined Weak Reference
    _init_alloc                               - Undefined Weak Reference
    _init_user_alloc                          - Undefined Weak Reference
    _initio                                   - Undefined Weak Reference
    _rand_init                                - Undefined Weak Reference
    _signal_finish                            - Undefined Weak Reference
    _signal_init                              - Undefined Weak Reference
    _terminate_alloc                          - Undefined Weak Reference
    _terminate_user_alloc                     - Undefined Weak Reference
    _terminateio                              - Undefined Weak Reference
    __Vectors_End                            0x000001c0   Data           0  startup_sn34f780.o(RESET)
    __Vectors_Size                           0x000001c0   Number         0  startup_sn34f780.o ABSOLUTE
    __main                                   0x000001c1   Thumb Code     8  __main.o(!!!main)
    __rt_lib_init                            0x000001c9   Thumb Code     0  libinit.o(.ARM.Collect$$libinit$$00000000)
    __rt_lib_init_fp_1                       0x000001cb   Thumb Code     0  libinit2.o(.ARM.Collect$$libinit$$00000001)
    __rt_lib_init_alloca_1                   0x000001cf   Thumb Code     0  libinit2.o(.ARM.Collect$$libinit$$0000002E)
    __rt_lib_init_argv_1                     0x000001cf   Thumb Code     0  libinit2.o(.ARM.Collect$$libinit$$0000002C)
    __rt_lib_init_atexit_1                   0x000001cf   Thumb Code     0  libinit2.o(.ARM.Collect$$libinit$$0000001B)
    __rt_lib_init_clock_1                    0x000001cf   Thumb Code     0  libinit2.o(.ARM.Collect$$libinit$$00000021)
    __rt_lib_init_cpp_1                      0x000001cf   Thumb Code     0  libinit2.o(.ARM.Collect$$libinit$$00000032)
    __rt_lib_init_exceptions_1               0x000001cf   Thumb Code     0  libinit2.o(.ARM.Collect$$libinit$$00000030)
    __rt_lib_init_fp_trap_1                  0x000001cf   Thumb Code     0  libinit2.o(.ARM.Collect$$libinit$$0000001F)
    __rt_lib_init_getenv_1                   0x000001cf   Thumb Code     0  libinit2.o(.ARM.Collect$$libinit$$00000023)
    __rt_lib_init_heap_1                     0x000001cf   Thumb Code     0  libinit2.o(.ARM.Collect$$libinit$$0000000A)
    __rt_lib_init_lc_collate_1               0x000001cf   Thumb Code     0  libinit2.o(.ARM.Collect$$libinit$$00000011)
    __rt_lib_init_lc_ctype_1                 0x000001cf   Thumb Code     0  libinit2.o(.ARM.Collect$$libinit$$00000013)
    __rt_lib_init_lc_monetary_1              0x000001cf   Thumb Code     0  libinit2.o(.ARM.Collect$$libinit$$00000015)
    __rt_lib_init_lc_numeric_1               0x000001cf   Thumb Code     0  libinit2.o(.ARM.Collect$$libinit$$00000017)
    __rt_lib_init_lc_time_1                  0x000001cf   Thumb Code     0  libinit2.o(.ARM.Collect$$libinit$$00000019)
    __rt_lib_init_preinit_1                  0x000001cf   Thumb Code     0  libinit2.o(.ARM.Collect$$libinit$$00000004)
    __rt_lib_init_rand_1                     0x000001cf   Thumb Code     0  libinit2.o(.ARM.Collect$$libinit$$0000000E)
    __rt_lib_init_return                     0x000001cf   Thumb Code     0  libinit2.o(.ARM.Collect$$libinit$$00000033)
    __rt_lib_init_signal_1                   0x000001cf   Thumb Code     0  libinit2.o(.ARM.Collect$$libinit$$0000001D)
    __rt_lib_init_stdio_1                    0x000001cf   Thumb Code     0  libinit2.o(.ARM.Collect$$libinit$$00000025)
    __rt_lib_init_user_alloc_1               0x000001cf   Thumb Code     0  libinit2.o(.ARM.Collect$$libinit$$0000000C)
    __rt_lib_shutdown                        0x000001d1   Thumb Code     0  libshutdown.o(.ARM.Collect$$libshutdown$$00000000)
    __rt_lib_shutdown_cpp_1                  0x000001d3   Thumb Code     0  libshutdown2.o(.ARM.Collect$$libshutdown$$00000002)
    __rt_lib_shutdown_fp_trap_1              0x000001d3   Thumb Code     0  libshutdown2.o(.ARM.Collect$$libshutdown$$00000007)
    __rt_lib_shutdown_heap_1                 0x000001d3   Thumb Code     0  libshutdown2.o(.ARM.Collect$$libshutdown$$0000000F)
    __rt_lib_shutdown_return                 0x000001d3   Thumb Code     0  libshutdown2.o(.ARM.Collect$$libshutdown$$00000010)
    __rt_lib_shutdown_signal_1               0x000001d3   Thumb Code     0  libshutdown2.o(.ARM.Collect$$libshutdown$$0000000A)
    __rt_lib_shutdown_stdio_1                0x000001d3   Thumb Code     0  libshutdown2.o(.ARM.Collect$$libshutdown$$00000004)
    __rt_lib_shutdown_user_alloc_1           0x000001d3   Thumb Code     0  libshutdown2.o(.ARM.Collect$$libshutdown$$0000000C)
    __rt_exit                                0x000001d5   Thumb Code     0  rtexit.o(.ARM.Collect$$rtexit$$00000000)
    __rt_exit_ls                             0x000001d7   Thumb Code     0  rtexit2.o(.ARM.Collect$$rtexit$$00000003)
    __rt_exit_prels_1                        0x000001d7   Thumb Code     0  rtexit2.o(.ARM.Collect$$rtexit$$00000002)
    __rt_exit_exit                           0x000001db   Thumb Code     0  rtexit2.o(.ARM.Collect$$rtexit$$00000004)
    BL_PFPA_UTXD0                            0x000001e0   Data           4  sn34f78x_hal.o(.ARM.__at_0x000001E0)
    BL_PFPA_URXD0                            0x000001e4   Data           4  sn34f78x_hal.o(.ARM.__at_0x000001E4)
    __scatterload                            0x000001e9   Thumb Code     0  __scatter.o(!!!scatter)
    __scatterload_rt2                        0x000001e9   Thumb Code    44  __scatter.o(!!!scatter)
    __scatterload_rt2_thumb_only             0x000001e9   Thumb Code     0  __scatter.o(!!!scatter)
    __scatterload_null                       0x000001f7   Thumb Code     0  __scatter.o(!!!scatter)
    __scatterload_copy                       0x0000021d   Thumb Code    26  __scatter_copy.o(!!handler_copy)
    __scatterload_zeroinit                   0x00000239   Thumb Code    28  __scatter_zi.o(!!handler_zi)
    __rt_entry                               0x00000255   Thumb Code     0  __rtentry.o(.ARM.Collect$$rtentry$$00000000)
    __rt_entry_presh_1                       0x00000255   Thumb Code     0  __rtentry2.o(.ARM.Collect$$rtentry$$00000002)
    __rt_entry_sh                            0x00000255   Thumb Code     0  __rtentry4.o(.ARM.Collect$$rtentry$$00000004)
    __rt_entry_li                            0x0000025b   Thumb Code     0  __rtentry2.o(.ARM.Collect$$rtentry$$0000000A)
    __rt_entry_postsh_1                      0x0000025b   Thumb Code     0  __rtentry2.o(.ARM.Collect$$rtentry$$00000009)
    __rt_entry_main                          0x0000025f   Thumb Code     0  __rtentry2.o(.ARM.Collect$$rtentry$$0000000D)
    __rt_entry_postli_1                      0x0000025f   Thumb Code     0  __rtentry2.o(.ARM.Collect$$rtentry$$0000000C)
    Reset_Handler                            0x00000269   Thumb Code    26  startup_sn34f780.o(.text)
    NMI_Handler                              0x00000283   Thumb Code     2  startup_sn34f780.o(.text)
    HardFault_Handler                        0x00000285   Thumb Code     2  startup_sn34f780.o(.text)
    MemManage_Handler                        0x00000287   Thumb Code     2  startup_sn34f780.o(.text)
    BusFault_Handler                         0x00000289   Thumb Code     2  startup_sn34f780.o(.text)
    UsageFault_Handler                       0x0000028b   Thumb Code     2  startup_sn34f780.o(.text)
    SVC_Handler                              0x0000028d   Thumb Code     2  startup_sn34f780.o(.text)
    DebugMon_Handler                         0x0000028f   Thumb Code     2  startup_sn34f780.o(.text)
    PendSV_Handler                           0x00000291   Thumb Code     2  startup_sn34f780.o(.text)
    ADC0_IRQHandler                          0x00000295   Thumb Code     0  startup_sn34f780.o(.text)
    CAN0_EW_IRQHandler                       0x00000295   Thumb Code     0  startup_sn34f780.o(.text)
    CAN0_RX_IRQHandler                       0x00000295   Thumb Code     0  startup_sn34f780.o(.text)
    CAN0_TT_IRQHandler                       0x00000295   Thumb Code     0  startup_sn34f780.o(.text)
    CAN0_TX_IRQHandler                       0x00000295   Thumb Code     0  startup_sn34f780.o(.text)
    CAN1_EW_IRQHandler                       0x00000295   Thumb Code     0  startup_sn34f780.o(.text)
    CAN1_RX_IRQHandler                       0x00000295   Thumb Code     0  startup_sn34f780.o(.text)
    CAN1_TT_IRQHandler                       0x00000295   Thumb Code     0  startup_sn34f780.o(.text)
    CAN1_TX_IRQHandler                       0x00000295   Thumb Code     0  startup_sn34f780.o(.text)
    CT16B0_IRQHandler                        0x00000295   Thumb Code     0  startup_sn34f780.o(.text)
    CT16B1_IRQHandler                        0x00000295   Thumb Code     0  startup_sn34f780.o(.text)
    CT16B2_IRQHandler                        0x00000295   Thumb Code     0  startup_sn34f780.o(.text)
    CT16B3_IRQHandler                        0x00000295   Thumb Code     0  startup_sn34f780.o(.text)
    CT16B4_IRQHandler                        0x00000295   Thumb Code     0  startup_sn34f780.o(.text)
    CT16B5_IRQHandler                        0x00000295   Thumb Code     0  startup_sn34f780.o(.text)
    CT16B6_IRQHandler                        0x00000295   Thumb Code     0  startup_sn34f780.o(.text)
    CT16B7_IRQHandler                        0x00000295   Thumb Code     0  startup_sn34f780.o(.text)
    CT16B8_IRQHandler                        0x00000295   Thumb Code     0  startup_sn34f780.o(.text)
    DMA0_CH0_IRQHandler                      0x00000295   Thumb Code     0  startup_sn34f780.o(.text)
    DMA0_CH1_IRQHandler                      0x00000295   Thumb Code     0  startup_sn34f780.o(.text)
    DMA0_CH2_IRQHandler                      0x00000295   Thumb Code     0  startup_sn34f780.o(.text)
    DMA0_CH3_IRQHandler                      0x00000295   Thumb Code     0  startup_sn34f780.o(.text)
    DMA0_CH4_IRQHandler                      0x00000295   Thumb Code     0  startup_sn34f780.o(.text)
    DMA0_CH5_IRQHandler                      0x00000295   Thumb Code     0  startup_sn34f780.o(.text)
    DMA0_CH6_IRQHandler                      0x00000295   Thumb Code     0  startup_sn34f780.o(.text)
    DMA0_CH7_IRQHandler                      0x00000295   Thumb Code     0  startup_sn34f780.o(.text)
    DMA1_CH0_IRQHandler                      0x00000295   Thumb Code     0  startup_sn34f780.o(.text)
    DMA1_CH1_IRQHandler                      0x00000295   Thumb Code     0  startup_sn34f780.o(.text)
    DMA1_CH2_IRQHandler                      0x00000295   Thumb Code     0  startup_sn34f780.o(.text)
    DMA1_CH3_IRQHandler                      0x00000295   Thumb Code     0  startup_sn34f780.o(.text)
    DMA1_CH4_IRQHandler                      0x00000295   Thumb Code     0  startup_sn34f780.o(.text)
    DMA1_CH5_IRQHandler                      0x00000295   Thumb Code     0  startup_sn34f780.o(.text)
    DMA1_CH6_IRQHandler                      0x00000295   Thumb Code     0  startup_sn34f780.o(.text)
    DMA1_CH7_IRQHandler                      0x00000295   Thumb Code     0  startup_sn34f780.o(.text)
    ETH_IRQHandler                           0x00000295   Thumb Code     0  startup_sn34f780.o(.text)
    ETH_WOL_IRQHandler                       0x00000295   Thumb Code     0  startup_sn34f780.o(.text)
    FLASH_IRQHandler                         0x00000295   Thumb Code     0  startup_sn34f780.o(.text)
    FPU_IRQHandler                           0x00000295   Thumb Code     0  startup_sn34f780.o(.text)
    GPIO0_IRQHandler                         0x00000295   Thumb Code     0  startup_sn34f780.o(.text)
    GPIO1_IRQHandler                         0x00000295   Thumb Code     0  startup_sn34f780.o(.text)
    GPIO2_IRQHandler                         0x00000295   Thumb Code     0  startup_sn34f780.o(.text)
    GPIO3_IRQHandler                         0x00000295   Thumb Code     0  startup_sn34f780.o(.text)
    I2C0_IRQHandler                          0x00000295   Thumb Code     0  startup_sn34f780.o(.text)
    I2C1_IRQHandler                          0x00000295   Thumb Code     0  startup_sn34f780.o(.text)
    I2C2_IRQHandler                          0x00000295   Thumb Code     0  startup_sn34f780.o(.text)
    LCM_IRQHandler                           0x00000295   Thumb Code     0  startup_sn34f780.o(.text)
    LVD_IRQHandler                           0x00000295   Thumb Code     0  startup_sn34f780.o(.text)
    SDIO_IRQHandler                          0x00000295   Thumb Code     0  startup_sn34f780.o(.text)
    SPI0_IRQHandler                          0x00000295   Thumb Code     0  startup_sn34f780.o(.text)
    SPI1_IRQHandler                          0x00000295   Thumb Code     0  startup_sn34f780.o(.text)
    SPI2_IRQHandler                          0x00000295   Thumb Code     0  startup_sn34f780.o(.text)
    UART2_IRQHandler                         0x00000295   Thumb Code     0  startup_sn34f780.o(.text)
    UART3_IRQHandler                         0x00000295   Thumb Code     0  startup_sn34f780.o(.text)
    UART4_IRQHandler                         0x00000295   Thumb Code     0  startup_sn34f780.o(.text)
    UART5_IRQHandler                         0x00000295   Thumb Code     0  startup_sn34f780.o(.text)
    WDT_IRQHandler                           0x00000295   Thumb Code     0  startup_sn34f780.o(.text)
    WWDT_IRQHandler                          0x00000295   Thumb Code     0  startup_sn34f780.o(.text)
    __user_initial_stackheap                 0x00000299   Thumb Code     0  startup_sn34f780.o(.text)
    __use_no_semihosting                     0x000002c5   Thumb Code     2  use_no_semi_2.o(.text)
    memcmp                                   0x000002c7   Thumb Code    88  memcmp.o(.text)
    __aeabi_memcpy4                          0x0000031f   Thumb Code     0  rt_memcpy_w.o(.text)
    __aeabi_memcpy8                          0x0000031f   Thumb Code     0  rt_memcpy_w.o(.text)
    __rt_memcpy_w                            0x0000031f   Thumb Code   100  rt_memcpy_w.o(.text)
    _memcpy_lastbytes_aligned                0x00000367   Thumb Code     0  rt_memcpy_w.o(.text)
    __aeabi_memclr                           0x00000383   Thumb Code     0  rt_memclr.o(.text)
    __rt_memclr                              0x00000383   Thumb Code    68  rt_memclr.o(.text)
    _memset                                  0x00000387   Thumb Code     0  rt_memclr.o(.text)
    __aeabi_memclr4                          0x000003c7   Thumb Code     0  rt_memclr_w.o(.text)
    __aeabi_memclr8                          0x000003c7   Thumb Code     0  rt_memclr_w.o(.text)
    __rt_memclr_w                            0x000003c7   Thumb Code    78  rt_memclr_w.o(.text)
    _memset_w                                0x000003cb   Thumb Code     0  rt_memclr_w.o(.text)
    __use_two_region_memory                  0x00000415   Thumb Code     2  heapauxi.o(.text)
    __rt_heap_escrow$2region                 0x00000417   Thumb Code     2  heapauxi.o(.text)
    __rt_heap_expand$2region                 0x00000419   Thumb Code     2  heapauxi.o(.text)
    __I$use$semihosting                      0x0000041b   Thumb Code     0  use_no_semi.o(.text)
    __use_no_semihosting_swi                 0x0000041b   Thumb Code     2  use_no_semi.o(.text)
    __user_setup_stackheap                   0x0000041d   Thumb Code    74  sys_stackheap_outer.o(.text)
    exit                                     0x00000467   Thumb Code    18  exit.o(.text)
    __user_libspace                          0x00000479   Thumb Code     8  libspace.o(.text)
    __user_perproc_libspace                  0x00000479   Thumb Code     0  libspace.o(.text)
    __user_perthread_libspace                0x00000479   Thumb Code     0  libspace.o(.text)
    HAL_PWR_Callback                         0x00000481   Thumb Code     2  sn34f78x_hal_scu.o(ISR)
    HAL_RCC_Callback                         0x00000483   Thumb Code     2  sn34f78x_hal_scu.o(ISR)
    HAL_RTC_Callback                         0x00000485   Thumb Code     2  sn34f78x_hal_scu.o(ISR)
    HAL_SCU_IRQHandler                       0x00000487   Thumb Code    46  sn34f78x_hal_scu.o(ISR)
    HAL_UART_AbortReceiveCpltCallback        0x000004b9   Thumb Code     2  sn34f78x_hal_uart.o(ISR)
    HAL_UART_AbortTransmitCpltCallback       0x000004bb   Thumb Code     2  sn34f78x_hal_uart.o(ISR)
    HAL_UART_AbortCpltCallback               0x000004bd   Thumb Code     2  sn34f78x_hal_uart.o(ISR)
    HAL_UART_ErrorCallback                   0x000004bf   Thumb Code     2  sn34f78x_hal_uart.o(ISR)
    HAL_UART_Abort                           0x00000531   Thumb Code    48  sn34f78x_hal_uart.o(ISR)
    HAL_UART_AbortTransmit                   0x00000561   Thumb Code    24  sn34f78x_hal_uart.o(ISR)
    HAL_UART_AbortReceive                    0x00000579   Thumb Code    24  sn34f78x_hal_uart.o(ISR)
    HAL_UART_Abort_IT                        0x00000591   Thumb Code    58  sn34f78x_hal_uart.o(ISR)
    HAL_UART_AbortTransmit_IT                0x000005cb   Thumb Code    34  sn34f78x_hal_uart.o(ISR)
    HAL_UART_AbortReceive_IT                 0x000005ed   Thumb Code    34  sn34f78x_hal_uart.o(ISR)
    HAL_UART_IRQHandler                      0x0000072d   Thumb Code    92  sn34f78x_hal_uart.o(ISR)
    HAL_DMA_XferAbortCallback                0x0000078d   Thumb Code     2  sn34f78x_hal_dma.o(ISR)
    HAL_DMA_XferErrorCallback                0x0000078f   Thumb Code     2  sn34f78x_hal_dma.o(ISR)
    HAL_DMA_XferCpltCallback                 0x00000791   Thumb Code     2  sn34f78x_hal_dma.o(ISR)
    HAL_DMA_IRQHandler                       0x00000793   Thumb Code   170  sn34f78x_hal_dma.o(ISR)
    Error_Handler                            0x0000083d   Thumb Code     6  main.o(i.Error_Handler)
    FLASH_WaitForLastOperation               0x00000a35   Thumb Code    98  sn34f78x_hal_flash.o(i.FLASH_WaitForLastOperation)
    HAL_DMA_MspDeInit                        0x00000aa1   Thumb Code     2  sn34f78x_hal_dma.o(i.HAL_DMA_MspDeInit)
    HAL_DMA_MspInit                          0x00000aa3   Thumb Code     2  sn34f78x_hal_dma.o(i.HAL_DMA_MspInit)
    HAL_DMA_RegisterCallback                 0x00000aa5   Thumb Code    76  sn34f78x_hal_dma.o(i.HAL_DMA_RegisterCallback)
    HAL_DMA_UnRegisterCallback               0x00000af1   Thumb Code   106  sn34f78x_hal_dma.o(i.HAL_DMA_UnRegisterCallback)
    HAL_DeInit                               0x00000b71   Thumb Code    10  sn34f78x_hal.o(i.HAL_DeInit)
    HAL_FLASHEx_ConfigProgram                0x00000b7b   Thumb Code    48  sn34f78x_hal_flash_ex.o(i.HAL_FLASHEx_ConfigProgram)
    HAL_FLASHEx_GetConfig                    0x00000bab   Thumb Code    58  sn34f78x_hal_flash_ex.o(i.HAL_FLASHEx_GetConfig)
    HAL_GPIO_SetAFIO                         0x00000be5   Thumb Code   108  sn34f78x_hal_gpio.o(i.HAL_GPIO_SetAFIO)
    HAL_GetNewHCLKFreq                       0x00000c55   Thumb Code    88  sn34f78x_hal_rcc.o(i.HAL_GetNewHCLKFreq)
    HAL_GetTick                              0x00000cb5   Thumb Code     6  sn34f78x_hal_systick.o(i.HAL_GetTick)
    HAL_GetTickPrio                          0x00000cc1   Thumb Code     6  sn34f78x_hal_systick.o(i.HAL_GetTickPrio)
    HAL_IncTick                              0x00000ccd   Thumb Code    16  sn34f78x_hal_systick.o(i.HAL_IncTick)
    HAL_Init                                 0x00000ce5   Thumb Code    20  sn34f78x_hal.o(i.HAL_Init)
    HAL_InitFlash                            0x00000cf9   Thumb Code    50  sn34f78x_hal_flash.o(i.HAL_InitFlash)
    HAL_InitTick                             0x00000d35   Thumb Code   214  sn34f78x_hal_systick.o(i.HAL_InitTick)
    HAL_MspDeInit                            0x00000e1d   Thumb Code     2  sn34f78x_hal_msp.o(i.HAL_MspDeInit)
    HAL_MspInit                              0x00000e1f   Thumb Code     2  sn34f78x_hal_msp.o(i.HAL_MspInit)
    HAL_RCC_ClockConfig                      0x00000e21   Thumb Code   376  sn34f78x_hal_rcc.o(i.HAL_RCC_ClockConfig)
    HAL_RCC_GetAPB0CLKFreq                   0x00000fb5   Thumb Code    18  sn34f78x_hal_rcc.o(i.HAL_RCC_GetAPB0CLKFreq)
    HAL_RCC_GetAPB1CLKFreq                   0x00000fcd   Thumb Code    18  sn34f78x_hal_rcc.o(i.HAL_RCC_GetAPB1CLKFreq)
    HAL_RCC_GetClockConfig                   0x00000fe5   Thumb Code    52  sn34f78x_hal_rcc.o(i.HAL_RCC_GetClockConfig)
    HAL_RCC_GetHCLKFreq                      0x0000101d   Thumb Code    18  sn34f78x_hal_rcc.o(i.HAL_RCC_GetHCLKFreq)
    HAL_RCC_GetPLLCLKFreq                    0x00001035   Thumb Code    82  sn34f78x_hal_rcc.o(i.HAL_RCC_GetPLLCLKFreq)
    HAL_RCC_GetSysClockFreq                  0x00001091   Thumb Code    48  sn34f78x_hal_rcc.o(i.HAL_RCC_GetSysClockFreq)
    HAL_RCC_OscConfig                        0x000010c9   Thumb Code   572  sn34f78x_hal_rcc.o(i.HAL_RCC_OscConfig)
    HAL_UART_DeInit                          0x0000131d   Thumb Code    64  sn34f78x_hal_uart.o(i.HAL_UART_DeInit)
    HAL_UART_Init                            0x00001361   Thumb Code   184  sn34f78x_hal_uart.o(i.HAL_UART_Init)
    HAL_UART_MspDeInit                       0x00001435   Thumb Code   130  sn34f78x_hal_msp.o(i.HAL_UART_MspDeInit)
    HAL_UART_MspInit                         0x000014cd   Thumb Code   148  sn34f78x_hal_msp.o(i.HAL_UART_MspInit)
    HAL_UART_Receive_IT                      0x00001579   Thumb Code   128  sn34f78x_hal_uart.o(i.HAL_UART_Receive_IT)
    HAL_UART_RxCpltCallback                  0x000015f9   Thumb Code    14  sn34f78x_hal_msp.o(i.HAL_UART_RxCpltCallback)
    HAL_UART_Transmit_IT                     0x0000160d   Thumb Code   120  sn34f78x_hal_uart.o(i.HAL_UART_Transmit_IT)
    HAL_UART_TxCpltCallback                  0x00001685   Thumb Code    14  sn34f78x_hal_msp.o(i.HAL_UART_TxCpltCallback)
    RCC_FCS_Command                          0x00001699   Thumb Code   166  sn34f78x_hal_rcc.o(i.RCC_FCS_Command)
    SCU_IRQHandler                           0x00001749   Thumb Code     8  sn34f78x_it.o(i.SCU_IRQHandler)
    SysTick_Handler                          0x00001751   Thumb Code     8  sn34f78x_it.o(i.SysTick_Handler)
    SystemClock_Config                       0x00001759   Thumb Code   132  main.o(i.SystemClock_Config)
    SystemCoreClockUpdate                    0x000017e1   Thumb Code   218  system_sn34f780.o(i.SystemCoreClockUpdate)
    SystemInit                               0x000018c9   Thumb Code    14  system_sn34f780.o(i.SystemInit)
    UART0_IRQHandler                         0x000018dd   Thumb Code    10  sn34f78x_it.o(i.UART0_IRQHandler)
    UART1_IRQHandler                         0x000018ed   Thumb Code    10  sn34f78x_it.o(i.UART1_IRQHandler)
    _sys_exit                                0x000019d9   Thumb Code     2  sn34f78x_hal.o(i._sys_exit)
    _uart0_tx_uart1_rx_it_8bit               0x000019dd   Thumb Code    98  main.o(i._uart0_tx_uart1_rx_it_8bit)
    fill_data                                0x00001d91   Thumb Code    22  main.o(i.fill_data)
    init                                     0x00001dad   Thumb Code    26  init.o(i.init)
    main                                     0x00001dc7   Thumb Code    36  main.o(i.main)
    sn34f7_UART0_Init                        0x00001ded   Thumb Code    42  init.o(i.sn34f7_UART0_Init)
    sn34f7_UART1_Init                        0x00001e21   Thumb Code    42  init.o(i.sn34f7_UART1_Init)
    uninit                                   0x00001e55   Thumb Code    34  init.o(i.uninit)
    _fp_init                                 0x00001e81   Thumb Code    10  fpinit.o(x$fpl$fpinit)
    __fplib_config_fpu_vfp                   0x00001e89   Thumb Code     0  fpinit.o(x$fpl$fpinit)
    __fplib_config_pureend_doubles           0x00001e89   Thumb Code     0  fpinit.o(x$fpl$fpinit)
    Region$$Table$$Base                      0x00002230   Number         0  anon$$obj.o(Region$$Table)
    Region$$Table$$Limit                     0x00002250   Number         0  anon$$obj.o(Region$$Table)
    tx_flag                                  0x20000000   Data           1  main.o(.data)
    rx_flag                                  0x20000001   Data           1  main.o(.data)
    uwTick                                   0x20000004   Data           4  sn34f78x_hal_systick.o(.data)
    uwTickPrio                               0x20000008   Data           4  sn34f78x_hal_systick.o(.data)
    uwTickFreq                               0x2000000c   Data           1  sn34f78x_hal_systick.o(.data)
    SystemCoreClock                          0x20000014   Data           4  system_sn34f780.o(.data)
    data_rx                                  0x20000018   Data         128  main.o(.bss)
    data_tx                                  0x20000098   Data         128  main.o(.bss)
    UART0_Handle                             0x20000118   Data         100  init.o(.bss)
    UART1_Handle                             0x2000017c   Data         100  init.o(.bss)
    pFlash                                   0x200001e0   Data          32  sn34f78x_hal_flash.o(.bss)
    __libspace_start                         0x20000200   Data          96  libspace.o(.bss)
    __temporary_stack_top$libspace           0x20000260   Data           0  libspace.o(.bss)



==============================================================================

Memory Map of the image

  Image Entry point : 0x000001c1

  Load Region LR_IROM1 (Base: 0x00000000, Size: 0x00002268, Max: 0x0007dffc, ABSOLUTE)

    Execution Region ER_IROM1 (Exec base: 0x00000000, Load base: 0x00000000, Size: 0x00002250, Max: 0x0007dffc, ABSOLUTE)

    Exec Addr    Load Addr    Size         Type   Attr      Idx    E Section Name        Object

    0x00000000   0x00000000   0x000001c0   Data   RO         1295    RESET               startup_sn34f780.o
    0x000001c0   0x000001c0   0x00000008   Code   RO         1353  * !!!main             c_w.l(__main.o)
    0x000001c8   0x000001c8   0x00000002   Code   RO         1382    .ARM.Collect$$libinit$$00000000  c_w.l(libinit.o)
    0x000001ca   0x000001ca   0x00000004   Code   RO         1388    .ARM.Collect$$libinit$$00000001  c_w.l(libinit2.o)
    0x000001ce   0x000001ce   0x00000000   Code   RO         1391    .ARM.Collect$$libinit$$00000004  c_w.l(libinit2.o)
    0x000001ce   0x000001ce   0x00000000   Code   RO         1394    .ARM.Collect$$libinit$$0000000A  c_w.l(libinit2.o)
    0x000001ce   0x000001ce   0x00000000   Code   RO         1396    .ARM.Collect$$libinit$$0000000C  c_w.l(libinit2.o)
    0x000001ce   0x000001ce   0x00000000   Code   RO         1398    .ARM.Collect$$libinit$$0000000E  c_w.l(libinit2.o)
    0x000001ce   0x000001ce   0x00000000   Code   RO         1401    .ARM.Collect$$libinit$$00000011  c_w.l(libinit2.o)
    0x000001ce   0x000001ce   0x00000000   Code   RO         1403    .ARM.Collect$$libinit$$00000013  c_w.l(libinit2.o)
    0x000001ce   0x000001ce   0x00000000   Code   RO         1405    .ARM.Collect$$libinit$$00000015  c_w.l(libinit2.o)
    0x000001ce   0x000001ce   0x00000000   Code   RO         1407    .ARM.Collect$$libinit$$00000017  c_w.l(libinit2.o)
    0x000001ce   0x000001ce   0x00000000   Code   RO         1409    .ARM.Collect$$libinit$$00000019  c_w.l(libinit2.o)
    0x000001ce   0x000001ce   0x00000000   Code   RO         1411    .ARM.Collect$$libinit$$0000001B  c_w.l(libinit2.o)
    0x000001ce   0x000001ce   0x00000000   Code   RO         1413    .ARM.Collect$$libinit$$0000001D  c_w.l(libinit2.o)
    0x000001ce   0x000001ce   0x00000000   Code   RO         1415    .ARM.Collect$$libinit$$0000001F  c_w.l(libinit2.o)
    0x000001ce   0x000001ce   0x00000000   Code   RO         1417    .ARM.Collect$$libinit$$00000021  c_w.l(libinit2.o)
    0x000001ce   0x000001ce   0x00000000   Code   RO         1419    .ARM.Collect$$libinit$$00000023  c_w.l(libinit2.o)
    0x000001ce   0x000001ce   0x00000000   Code   RO         1421    .ARM.Collect$$libinit$$00000025  c_w.l(libinit2.o)
    0x000001ce   0x000001ce   0x00000000   Code   RO         1425    .ARM.Collect$$libinit$$0000002C  c_w.l(libinit2.o)
    0x000001ce   0x000001ce   0x00000000   Code   RO         1427    .ARM.Collect$$libinit$$0000002E  c_w.l(libinit2.o)
    0x000001ce   0x000001ce   0x00000000   Code   RO         1429    .ARM.Collect$$libinit$$00000030  c_w.l(libinit2.o)
    0x000001ce   0x000001ce   0x00000000   Code   RO         1431    .ARM.Collect$$libinit$$00000032  c_w.l(libinit2.o)
    0x000001ce   0x000001ce   0x00000002   Code   RO         1432    .ARM.Collect$$libinit$$00000033  c_w.l(libinit2.o)
    0x000001d0   0x000001d0   0x00000002   Code   RO         1450    .ARM.Collect$$libshutdown$$00000000  c_w.l(libshutdown.o)
    0x000001d2   0x000001d2   0x00000000   Code   RO         1460    .ARM.Collect$$libshutdown$$00000002  c_w.l(libshutdown2.o)
    0x000001d2   0x000001d2   0x00000000   Code   RO         1462    .ARM.Collect$$libshutdown$$00000004  c_w.l(libshutdown2.o)
    0x000001d2   0x000001d2   0x00000000   Code   RO         1465    .ARM.Collect$$libshutdown$$00000007  c_w.l(libshutdown2.o)
    0x000001d2   0x000001d2   0x00000000   Code   RO         1468    .ARM.Collect$$libshutdown$$0000000A  c_w.l(libshutdown2.o)
    0x000001d2   0x000001d2   0x00000000   Code   RO         1470    .ARM.Collect$$libshutdown$$0000000C  c_w.l(libshutdown2.o)
    0x000001d2   0x000001d2   0x00000000   Code   RO         1473    .ARM.Collect$$libshutdown$$0000000F  c_w.l(libshutdown2.o)
    0x000001d2   0x000001d2   0x00000002   Code   RO         1474    .ARM.Collect$$libshutdown$$00000010  c_w.l(libshutdown2.o)
    0x000001d4   0x000001d4   0x00000002   Code   RO         1386    .ARM.Collect$$rtexit$$00000000  c_w.l(rtexit.o)
    0x000001d6   0x000001d6   0x00000000   Code   RO         1434    .ARM.Collect$$rtexit$$00000002  c_w.l(rtexit2.o)
    0x000001d6   0x000001d6   0x00000004   Code   RO         1435    .ARM.Collect$$rtexit$$00000003  c_w.l(rtexit2.o)
    0x000001da   0x000001da   0x00000006   Code   RO         1436    .ARM.Collect$$rtexit$$00000004  c_w.l(rtexit2.o)
    0x000001e0   0x000001e0   0x00000004   Data   RO          335    .ARM.__at_0x000001E0  sn34f78x_hal.o
    0x000001e4   0x000001e4   0x00000004   Data   RO          336    .ARM.__at_0x000001E4  sn34f78x_hal.o
    0x000001e8   0x000001e8   0x00000034   Code   RO         1506    !!!scatter          c_w.l(__scatter.o)
    0x0000021c   0x0000021c   0x0000001a   Code   RO         1508    !!handler_copy      c_w.l(__scatter_copy.o)
    0x00000236   0x00000236   0x00000002   PAD
    0x00000238   0x00000238   0x0000001c   Code   RO         1510    !!handler_zi        c_w.l(__scatter_zi.o)
    0x00000254   0x00000254   0x00000000   Code   RO         1357    .ARM.Collect$$rtentry$$00000000  c_w.l(__rtentry.o)
    0x00000254   0x00000254   0x00000000   Code   RO         1359    .ARM.Collect$$rtentry$$00000002  c_w.l(__rtentry2.o)
    0x00000254   0x00000254   0x00000006   Code   RO         1371    .ARM.Collect$$rtentry$$00000004  c_w.l(__rtentry4.o)
    0x0000025a   0x0000025a   0x00000000   Code   RO         1361    .ARM.Collect$$rtentry$$00000009  c_w.l(__rtentry2.o)
    0x0000025a   0x0000025a   0x00000004   Code   RO         1362    .ARM.Collect$$rtentry$$0000000A  c_w.l(__rtentry2.o)
    0x0000025e   0x0000025e   0x00000000   Code   RO         1364    .ARM.Collect$$rtentry$$0000000C  c_w.l(__rtentry2.o)
    0x0000025e   0x0000025e   0x00000008   Code   RO         1365    .ARM.Collect$$rtentry$$0000000D  c_w.l(__rtentry2.o)
    0x00000266   0x00000266   0x00000002   PAD
    0x00000268   0x00000268   0x0000005c   Code   RO         1297    .text               startup_sn34f780.o
    0x000002c4   0x000002c4   0x00000002   Code   RO         1341    .text               c_w.l(use_no_semi_2.o)
    0x000002c6   0x000002c6   0x00000058   Code   RO         1343    .text               c_w.l(memcmp.o)
    0x0000031e   0x0000031e   0x00000064   Code   RO         1345    .text               c_w.l(rt_memcpy_w.o)
    0x00000382   0x00000382   0x00000044   Code   RO         1347    .text               c_w.l(rt_memclr.o)
    0x000003c6   0x000003c6   0x0000004e   Code   RO         1349    .text               c_w.l(rt_memclr_w.o)
    0x00000414   0x00000414   0x00000006   Code   RO         1351    .text               c_w.l(heapauxi.o)
    0x0000041a   0x0000041a   0x00000002   Code   RO         1355    .text               c_w.l(use_no_semi.o)
    0x0000041c   0x0000041c   0x0000004a   Code   RO         1373    .text               c_w.l(sys_stackheap_outer.o)
    0x00000466   0x00000466   0x00000012   Code   RO         1375    .text               c_w.l(exit.o)
    0x00000478   0x00000478   0x00000008   Code   RO         1383    .text               c_w.l(libspace.o)
    0x00000480   0x00000480   0x00000038   Code   RO          925    ISR                 sn34f78x_hal_scu.o
    0x000004b8   0x000004b8   0x000002d4   Code   RO          952    ISR                 sn34f78x_hal_uart.o
    0x0000078c   0x0000078c   0x000000b0   Code   RO         1160    ISR                 sn34f78x_hal_dma.o
    0x0000083c   0x0000083c   0x00000006   Code   RO            4    i.Error_Handler     main.o
    0x00000842   0x00000842   0x00000002   PAD
    0x00000844   0x00000844   0x00000020   Code   RO          738    i.FLASH_AUTOHold_Config  sn34f78x_hal_flash_ex.o
    0x00000864   0x00000864   0x00000044   Code   RO          739    i.FLASH_CLKFreq_Config  sn34f78x_hal_flash_ex.o
    0x000008a8   0x000008a8   0x00000024   Code   RO          742    i.FLASH_GetAUTOHold  sn34f78x_hal_flash_ex.o
    0x000008cc   0x000008cc   0x00000054   Code   RO          743    i.FLASH_GetBOOTFlag  sn34f78x_hal_flash_ex.o
    0x00000920   0x00000920   0x00000054   Code   RO          744    i.FLASH_GetCLKFreq  sn34f78x_hal_flash_ex.o
    0x00000974   0x00000974   0x00000012   Code   RO          745    i.FLASH_GetMMWRP    sn34f78x_hal_flash_ex.o
    0x00000986   0x00000986   0x00000012   Code   RO          746    i.FLASH_GetRDP      sn34f78x_hal_flash_ex.o
    0x00000998   0x00000998   0x00000012   Code   RO          747    i.FLASH_GetSMWRP    sn34f78x_hal_flash_ex.o
    0x000009aa   0x000009aa   0x00000002   PAD
    0x000009ac   0x000009ac   0x00000074   Code   RO          749    i.FLASH_Protect_GetStatus  sn34f78x_hal_flash_ex.o
    0x00000a20   0x00000a20   0x00000014   Code   RO          691    i.FLASH_SetErrorCode  sn34f78x_hal_flash.o
    0x00000a34   0x00000a34   0x0000006c   Code   RO          692    i.FLASH_WaitForLastOperation  sn34f78x_hal_flash.o
    0x00000aa0   0x00000aa0   0x00000002   Code   RO         1169    i.HAL_DMA_MspDeInit  sn34f78x_hal_dma.o
    0x00000aa2   0x00000aa2   0x00000002   Code   RO         1170    i.HAL_DMA_MspInit   sn34f78x_hal_dma.o
    0x00000aa4   0x00000aa4   0x0000004c   Code   RO         1172    i.HAL_DMA_RegisterCallback  sn34f78x_hal_dma.o
    0x00000af0   0x00000af0   0x00000080   Code   RO         1177    i.HAL_DMA_UnRegisterCallback  sn34f78x_hal_dma.o
    0x00000b70   0x00000b70   0x0000000a   Code   RO          320    i.HAL_DeInit        sn34f78x_hal.o
    0x00000b7a   0x00000b7a   0x00000030   Code   RO          751    i.HAL_FLASHEx_ConfigProgram  sn34f78x_hal_flash_ex.o
    0x00000baa   0x00000baa   0x0000003a   Code   RO          752    i.HAL_FLASHEx_GetConfig  sn34f78x_hal_flash_ex.o
    0x00000be4   0x00000be4   0x00000070   Code   RO          585    i.HAL_GPIO_SetAFIO  sn34f78x_hal_gpio.o
    0x00000c54   0x00000c54   0x00000060   Code   RO          444    i.HAL_GetNewHCLKFreq  sn34f78x_hal_rcc.o
    0x00000cb4   0x00000cb4   0x0000000c   Code   RO          839    i.HAL_GetTick       sn34f78x_hal_systick.o
    0x00000cc0   0x00000cc0   0x0000000c   Code   RO          841    i.HAL_GetTickPrio   sn34f78x_hal_systick.o
    0x00000ccc   0x00000ccc   0x00000018   Code   RO          842    i.HAL_IncTick       sn34f78x_hal_systick.o
    0x00000ce4   0x00000ce4   0x00000014   Code   RO          321    i.HAL_Init          sn34f78x_hal.o
    0x00000cf8   0x00000cf8   0x0000003c   Code   RO          694    i.HAL_InitFlash     sn34f78x_hal_flash.o
    0x00000d34   0x00000d34   0x000000e8   Code   RO          843    i.HAL_InitTick      sn34f78x_hal_systick.o
    0x00000e1c   0x00000e1c   0x00000002   Code   RO          197    i.HAL_MspDeInit     sn34f78x_hal_msp.o
    0x00000e1e   0x00000e1e   0x00000002   Code   RO          198    i.HAL_MspInit       sn34f78x_hal_msp.o
    0x00000e20   0x00000e20   0x00000194   Code   RO          446    i.HAL_RCC_ClockConfig  sn34f78x_hal_rcc.o
    0x00000fb4   0x00000fb4   0x00000018   Code   RO          448    i.HAL_RCC_GetAPB0CLKFreq  sn34f78x_hal_rcc.o
    0x00000fcc   0x00000fcc   0x00000018   Code   RO          449    i.HAL_RCC_GetAPB1CLKFreq  sn34f78x_hal_rcc.o
    0x00000fe4   0x00000fe4   0x00000038   Code   RO          450    i.HAL_RCC_GetClockConfig  sn34f78x_hal_rcc.o
    0x0000101c   0x0000101c   0x00000018   Code   RO          451    i.HAL_RCC_GetHCLKFreq  sn34f78x_hal_rcc.o
    0x00001034   0x00001034   0x0000005c   Code   RO          453    i.HAL_RCC_GetPLLCLKFreq  sn34f78x_hal_rcc.o
    0x00001090   0x00001090   0x00000038   Code   RO          454    i.HAL_RCC_GetSysClockFreq  sn34f78x_hal_rcc.o
    0x000010c8   0x000010c8   0x00000254   Code   RO          455    i.HAL_RCC_OscConfig  sn34f78x_hal_rcc.o
    0x0000131c   0x0000131c   0x00000044   Code   RO          956    i.HAL_UART_DeInit   sn34f78x_hal_uart.o
    0x00001360   0x00001360   0x000000d4   Code   RO          959    i.HAL_UART_Init     sn34f78x_hal_uart.o
    0x00001434   0x00001434   0x00000098   Code   RO          199    i.HAL_UART_MspDeInit  sn34f78x_hal_msp.o
    0x000014cc   0x000014cc   0x000000ac   Code   RO          200    i.HAL_UART_MspInit  sn34f78x_hal_msp.o
    0x00001578   0x00001578   0x00000080   Code   RO          964    i.HAL_UART_Receive_IT  sn34f78x_hal_uart.o
    0x000015f8   0x000015f8   0x00000014   Code   RO          201    i.HAL_UART_RxCpltCallback  sn34f78x_hal_msp.o
    0x0000160c   0x0000160c   0x00000078   Code   RO          968    i.HAL_UART_Transmit_IT  sn34f78x_hal_uart.o
    0x00001684   0x00001684   0x00000014   Code   RO          202    i.HAL_UART_TxCpltCallback  sn34f78x_hal_msp.o
    0x00001698   0x00001698   0x000000b0   Code   RO          459    i.RCC_FCS_Command   sn34f78x_hal_rcc.o
    0x00001748   0x00001748   0x00000008   Code   RO          151    i.SCU_IRQHandler    sn34f78x_it.o
    0x00001750   0x00001750   0x00000008   Code   RO          152    i.SysTick_Handler   sn34f78x_it.o
    0x00001758   0x00001758   0x00000088   Code   RO            5    i.SystemClock_Config  main.o
    0x000017e0   0x000017e0   0x000000e8   Code   RO         1306    i.SystemCoreClockUpdate  system_sn34f780.o
    0x000018c8   0x000018c8   0x00000014   Code   RO         1307    i.SystemInit        system_sn34f780.o
    0x000018dc   0x000018dc   0x00000010   Code   RO          153    i.UART0_IRQHandler  sn34f78x_it.o
    0x000018ec   0x000018ec   0x00000010   Code   RO          154    i.UART1_IRQHandler  sn34f78x_it.o
    0x000018fc   0x000018fc   0x0000001c   Code   RO          203    i.__NVIC_ClearPendingIRQ  sn34f78x_hal_msp.o
    0x00001918   0x00001918   0x00000024   Code   RO          204    i.__NVIC_DisableIRQ  sn34f78x_hal_msp.o
    0x0000193c   0x0000193c   0x00000022   Code   RO          205    i.__NVIC_EnableIRQ  sn34f78x_hal_msp.o
    0x0000195e   0x0000195e   0x00000022   Code   RO          460    i.__NVIC_EnableIRQ  sn34f78x_hal_rcc.o
    0x00001980   0x00001980   0x00000028   Code   RO          847    i.__NVIC_SetPriority  sn34f78x_hal_systick.o
    0x000019a8   0x000019a8   0x00000030   Code   RO          591    i._pinmux_get_port_pos  sn34f78x_hal_gpio.o
    0x000019d8   0x000019d8   0x00000002   Code   RO          324    i._sys_exit         sn34f78x_hal.o
    0x000019da   0x000019da   0x00000002   PAD
    0x000019dc   0x000019dc   0x0000007c   Code   RO            6    i._uart0_tx_uart1_rx_it_8bit  main.o
    0x00001a58   0x00001a58   0x00000012   Code   RO          970    i._uart_dma_rx_abort_callback  sn34f78x_hal_uart.o
    0x00001a6a   0x00001a6a   0x00000020   Code   RO          971    i._uart_dma_rx_check  sn34f78x_hal_uart.o
    0x00001a8a   0x00001a8a   0x00000012   Code   RO          972    i._uart_dma_rx_cplt_callback  sn34f78x_hal_uart.o
    0x00001a9c   0x00001a9c   0x0000001a   Code   RO          973    i._uart_dma_rx_err_callback  sn34f78x_hal_uart.o
    0x00001ab6   0x00001ab6   0x00000012   Code   RO          974    i._uart_dma_tx_abort_callback  sn34f78x_hal_uart.o
    0x00001ac8   0x00001ac8   0x00000020   Code   RO          975    i._uart_dma_tx_check  sn34f78x_hal_uart.o
    0x00001ae8   0x00001ae8   0x00000012   Code   RO          976    i._uart_dma_tx_cplt_callback  sn34f78x_hal_uart.o
    0x00001afa   0x00001afa   0x0000001a   Code   RO          977    i._uart_dma_tx_err_callback  sn34f78x_hal_uart.o
    0x00001b14   0x00001b14   0x00000020   Code   RO          978    i._uart_get_rxtl    sn34f78x_hal_uart.o
    0x00001b34   0x00001b34   0x00000034   Code   RO          979    i._uart_init_callbacks_default  sn34f78x_hal_uart.o
    0x00001b68   0x00001b68   0x0000016c   Code   RO          980    i._uart_set_baudrate  sn34f78x_hal_uart.o
    0x00001cd4   0x00001cd4   0x000000bc   Code   RO          981    i._uart_set_config  sn34f78x_hal_uart.o
    0x00001d90   0x00001d90   0x0000001c   Code   RO            7    i.fill_data         main.o
    0x00001dac   0x00001dac   0x0000001a   Code   RO          270    i.init              init.o
    0x00001dc6   0x00001dc6   0x00000024   Code   RO            8    i.main              main.o
    0x00001dea   0x00001dea   0x00000002   PAD
    0x00001dec   0x00001dec   0x00000034   Code   RO          271    i.sn34f7_UART0_Init  init.o
    0x00001e20   0x00001e20   0x00000034   Code   RO          272    i.sn34f7_UART1_Init  init.o
    0x00001e54   0x00001e54   0x0000002c   Code   RO          273    i.uninit            init.o
    0x00001e80   0x00001e80   0x0000000a   Code   RO         1442    x$fpl$fpinit        fz_wm.l(fpinit.o)
    0x00001e8a   0x00001e8a   0x00000002   PAD
    0x00001e8c   0x00001e8c   0x0000002c   Data   RO           10    .constdata          main.o
    0x00001eb8   0x00001eb8   0x0000002c   Data   RO          461    .constdata          sn34f78x_hal_rcc.o
    0x00001ee4   0x00001ee4   0x0000034c   Data   RO          592    .constdata          sn34f78x_hal_gpio.o
    0x00002230   0x00002230   0x00000020   Data   RO         1504    Region$$Table       anon$$obj.o


    Execution Region RW_IRAM1 (Exec base: 0x20000000, Load base: 0x00002250, Size: 0x00000860, Max: 0x00028000, ABSOLUTE)

    Exec Addr    Load Addr    Size         Type   Attr      Idx    E Section Name        Object

    0x20000000   0x00002250   0x00000002   Data   RW           11    .data               main.o
    0x20000002   0x00002252   0x00000002   PAD
    0x20000004   0x00002254   0x00000009   Data   RW          848    .data               sn34f78x_hal_systick.o
    0x2000000d   0x0000225d   0x00000003   PAD
    0x20000010   0x00002260   0x00000004   Data   RW          982    .data               sn34f78x_hal_uart.o
    0x20000014   0x00002264   0x00000004   Data   RW         1308    .data               system_sn34f780.o
    0x20000018        -       0x00000100   Zero   RW            9    .bss                main.o
    0x20000118        -       0x000000c8   Zero   RW          274    .bss                init.o
    0x200001e0        -       0x00000020   Zero   RW          695    .bss                sn34f78x_hal_flash.o
    0x20000200        -       0x00000060   Zero   RW         1384    .bss                c_w.l(libspace.o)
    0x20000260        -       0x00000200   Zero   RW         1294    HEAP                startup_sn34f780.o
    0x20000460        -       0x00000400   Zero   RW         1293    STACK               startup_sn34f780.o



  Load Region LR$$.ARM.__at_0x0007DFFC (Base: 0x0007dffc, Size: 0x00000004, Max: 0x00000004, ABSOLUTE)

    Execution Region ER$$.ARM.__at_0x0007DFFC (Exec base: 0x0007dffc, Load base: 0x0007dffc, Size: 0x00000004, Max: 0x00000004, ABSOLUTE, UNINIT)

    Exec Addr    Load Addr    Size         Type   Attr      Idx    E Section Name        Object

    0x0007dffc   0x0007dffc   0x00000004   Code   RO         1296    .ARM.__at_0x0007DFFC  startup_sn34f780.o


==============================================================================

Image component sizes


      Code (inc. data)   RO Data    RW Data    ZI Data      Debug   Object Name

       174         30          0          0        200       2372   init.o
       330         36         44          2        256     161967   main.o
        32          0          8          0          0       3046   sn34f78x_hal.o
       384         34          0          0          0       3972   sn34f78x_hal_dma.o
       188         28          0          0         32       2158   sn34f78x_hal_flash.o
       580         30          0          0          0       7985   sn34f78x_hal_flash_ex.o
       160         16        844          0          0       8195   sn34f78x_hal_gpio.o
       466         70          0          0          0      34749   sn34f78x_hal_msp.o
      1582        110         44          0          0       8424   sn34f78x_hal_rcc.o
        56          4          0          0          0       1012   sn34f78x_hal_scu.o
       320         46          0          9          0      34311   sn34f78x_hal_systick.o
      2076        106          0          4          0      17233   sn34f78x_hal_uart.o
        48         12          0          0          0       1929   sn34f78x_it.o
        96         40        448          0       1536       1104   startup_sn34f780.o
       252         28          0          4          0       1511   system_sn34f780.o

    ----------------------------------------------------------------------
      6752        590       1420         24       2024     289968   Object Totals
         0          0         32          0          0          0   (incl. Generated)
         8          0          0          5          0          0   (incl. Padding)

    ----------------------------------------------------------------------

      Code (inc. data)   RO Data    RW Data    ZI Data      Debug   Library Member Name

         8          0          0          0          0         68   __main.o
         0          0          0          0          0          0   __rtentry.o
        12          0          0          0          0          0   __rtentry2.o
         6          0          0          0          0          0   __rtentry4.o
        52          8          0          0          0          0   __scatter.o
        26          0          0          0          0          0   __scatter_copy.o
        28          0          0          0          0          0   __scatter_zi.o
        18          0          0          0          0         80   exit.o
         6          0          0          0          0        152   heapauxi.o
         2          0          0          0          0          0   libinit.o
         6          0          0          0          0          0   libinit2.o
         2          0          0          0          0          0   libshutdown.o
         2          0          0          0          0          0   libshutdown2.o
         8          4          0          0         96         68   libspace.o
        88          0          0          0          0         76   memcmp.o
        68          0          0          0          0         68   rt_memclr.o
        78          0          0          0          0         80   rt_memclr_w.o
       100          0          0          0          0         80   rt_memcpy_w.o
         2          0          0          0          0          0   rtexit.o
        10          0          0          0          0          0   rtexit2.o
        74          0          0          0          0         80   sys_stackheap_outer.o
         2          0          0          0          0         68   use_no_semi.o
         2          0          0          0          0         68   use_no_semi_2.o
        10          0          0          0          0        116   fpinit.o

    ----------------------------------------------------------------------
       616         12          0          0         96       1004   Library Totals
         6          0          0          0          0          0   (incl. Padding)

    ----------------------------------------------------------------------

      Code (inc. data)   RO Data    RW Data    ZI Data      Debug   Library Name

       600         12          0          0         96        888   c_w.l
        10          0          0          0          0        116   fz_wm.l

    ----------------------------------------------------------------------
       616         12          0          0         96       1004   Library Totals

    ----------------------------------------------------------------------

==============================================================================


      Code (inc. data)   RO Data    RW Data    ZI Data      Debug   

      7368        602       1420         24       2120     283108   Grand Totals
      7368        602       1420         24       2120     283108   ELF Image Totals
      7368        602       1420         24          0          0   ROM Totals

==============================================================================

    Total RO  Size (Code + RO Data)                 8788 (   8.58kB)
    Total RW  Size (RW Data + ZI Data)              2144 (   2.09kB)
    Total ROM Size (Code + RO Data + RW Data)       8812 (   8.61kB)

==============================================================================

