<!doctype html public "-//w3c//dtd html 4.0 transitional//en">
<html><head>
<title>Static Call Graph - [.\Objects\01_Test.axf]</title></head>
<body><HR>
<H1>Static Call Graph for image .\Objects\01_Test.axf</H1><HR>
<BR><P>#&#060CALLGRAPH&#062# ARM Linker, 5060750: Last Updated: Wed Nov 12 23:46:19 2025
<BR><P>
<H3>Maximum Stack Usage =        544 bytes + Unknown(Functions without stacksize, Cycles, Untraceable Function Pointers)</H3><H3>
Call chain for Maximum Stack Depth:</H3>
__rt_entry_main &rArr; main &rArr; main_task &rArr; Process_action &rArr; execute_action &rArr; mode_event &rArr; run_mode_1 &rArr; __2snprintf &rArr; _printf_char_common &rArr; __printf
<P>
<H3>
Functions with no stack information
</H3><UL>
 <LI><a href="#[9d]">__user_initial_stackheap</a>
</UL>
</UL>
<P>
<H3>
Mutually Recursive functions
</H3> <LI><a href="#[4]">NMI_Handler</a>&nbsp;&nbsp;&nbsp;&rArr;&nbsp;&nbsp;&nbsp;<a href="#[4]">NMI_Handler</a><BR>
 <LI><a href="#[5]">HardFault_Handler</a>&nbsp;&nbsp;&nbsp;&rArr;&nbsp;&nbsp;&nbsp;<a href="#[5]">HardFault_Handler</a><BR>
 <LI><a href="#[6]">MemManage_Handler</a>&nbsp;&nbsp;&nbsp;&rArr;&nbsp;&nbsp;&nbsp;<a href="#[6]">MemManage_Handler</a><BR>
 <LI><a href="#[7]">BusFault_Handler</a>&nbsp;&nbsp;&nbsp;&rArr;&nbsp;&nbsp;&nbsp;<a href="#[7]">BusFault_Handler</a><BR>
 <LI><a href="#[8]">UsageFault_Handler</a>&nbsp;&nbsp;&nbsp;&rArr;&nbsp;&nbsp;&nbsp;<a href="#[8]">UsageFault_Handler</a><BR>
 <LI><a href="#[9]">SVC_Handler</a>&nbsp;&nbsp;&nbsp;&rArr;&nbsp;&nbsp;&nbsp;<a href="#[9]">SVC_Handler</a><BR>
 <LI><a href="#[a]">DebugMon_Handler</a>&nbsp;&nbsp;&nbsp;&rArr;&nbsp;&nbsp;&nbsp;<a href="#[a]">DebugMon_Handler</a><BR>
 <LI><a href="#[b]">PendSV_Handler</a>&nbsp;&nbsp;&nbsp;&rArr;&nbsp;&nbsp;&nbsp;<a href="#[b]">PendSV_Handler</a><BR>
 <LI><a href="#[19]">ADC0_IRQHandler</a>&nbsp;&nbsp;&nbsp;&rArr;&nbsp;&nbsp;&nbsp;<a href="#[19]">ADC0_IRQHandler</a><BR>
</UL>
<P>
<H3>
Function Pointers
</H3><UL>
 <LI><a href="#[19]">ADC0_IRQHandler</a> from startup_sn34f780.o(.text) referenced from startup_sn34f780.o(RESET)
 <LI><a href="#[7]">BusFault_Handler</a> from startup_sn34f780.o(.text) referenced from startup_sn34f780.o(RESET)
 <LI><a href="#[1d]">CAN0_EW_IRQHandler</a> from startup_sn34f780.o(.text) referenced from startup_sn34f780.o(RESET)
 <LI><a href="#[1b]">CAN0_RX_IRQHandler</a> from startup_sn34f780.o(.text) referenced from startup_sn34f780.o(RESET)
 <LI><a href="#[1c]">CAN0_TT_IRQHandler</a> from startup_sn34f780.o(.text) referenced from startup_sn34f780.o(RESET)
 <LI><a href="#[1a]">CAN0_TX_IRQHandler</a> from startup_sn34f780.o(.text) referenced from startup_sn34f780.o(RESET)
 <LI><a href="#[3c]">CAN1_EW_IRQHandler</a> from startup_sn34f780.o(.text) referenced from startup_sn34f780.o(RESET)
 <LI><a href="#[3a]">CAN1_RX_IRQHandler</a> from startup_sn34f780.o(.text) referenced from startup_sn34f780.o(RESET)
 <LI><a href="#[3b]">CAN1_TT_IRQHandler</a> from startup_sn34f780.o(.text) referenced from startup_sn34f780.o(RESET)
 <LI><a href="#[39]">CAN1_TX_IRQHandler</a> from startup_sn34f780.o(.text) referenced from startup_sn34f780.o(RESET)
 <LI><a href="#[1e]">CT16B0_IRQHandler</a> from sn34f78x_it.o(i.CT16B0_IRQHandler) referenced from startup_sn34f780.o(RESET)
 <LI><a href="#[2b]">CT16B1_IRQHandler</a> from startup_sn34f780.o(.text) referenced from startup_sn34f780.o(RESET)
 <LI><a href="#[21]">CT16B2_IRQHandler</a> from startup_sn34f780.o(.text) referenced from startup_sn34f780.o(RESET)
 <LI><a href="#[20]">CT16B3_IRQHandler</a> from startup_sn34f780.o(.text) referenced from startup_sn34f780.o(RESET)
 <LI><a href="#[2a]">CT16B4_IRQHandler</a> from startup_sn34f780.o(.text) referenced from startup_sn34f780.o(RESET)
 <LI><a href="#[22]">CT16B5_IRQHandler</a> from startup_sn34f780.o(.text) referenced from startup_sn34f780.o(RESET)
 <LI><a href="#[31]">CT16B6_IRQHandler</a> from startup_sn34f780.o(.text) referenced from startup_sn34f780.o(RESET)
 <LI><a href="#[32]">CT16B7_IRQHandler</a> from startup_sn34f780.o(.text) referenced from startup_sn34f780.o(RESET)
 <LI><a href="#[1f]">CT16B8_IRQHandler</a> from startup_sn34f780.o(.text) referenced from startup_sn34f780.o(RESET)
 <LI><a href="#[12]">DMA0_CH0_IRQHandler</a> from startup_sn34f780.o(.text) referenced from startup_sn34f780.o(RESET)
 <LI><a href="#[13]">DMA0_CH1_IRQHandler</a> from startup_sn34f780.o(.text) referenced from startup_sn34f780.o(RESET)
 <LI><a href="#[14]">DMA0_CH2_IRQHandler</a> from startup_sn34f780.o(.text) referenced from startup_sn34f780.o(RESET)
 <LI><a href="#[15]">DMA0_CH3_IRQHandler</a> from startup_sn34f780.o(.text) referenced from startup_sn34f780.o(RESET)
 <LI><a href="#[16]">DMA0_CH4_IRQHandler</a> from startup_sn34f780.o(.text) referenced from startup_sn34f780.o(RESET)
 <LI><a href="#[17]">DMA0_CH5_IRQHandler</a> from startup_sn34f780.o(.text) referenced from startup_sn34f780.o(RESET)
 <LI><a href="#[18]">DMA0_CH6_IRQHandler</a> from startup_sn34f780.o(.text) referenced from startup_sn34f780.o(RESET)
 <LI><a href="#[2c]">DMA0_CH7_IRQHandler</a> from startup_sn34f780.o(.text) referenced from startup_sn34f780.o(RESET)
 <LI><a href="#[33]">DMA1_CH0_IRQHandler</a> from startup_sn34f780.o(.text) referenced from startup_sn34f780.o(RESET)
 <LI><a href="#[34]">DMA1_CH1_IRQHandler</a> from startup_sn34f780.o(.text) referenced from startup_sn34f780.o(RESET)
 <LI><a href="#[35]">DMA1_CH2_IRQHandler</a> from startup_sn34f780.o(.text) referenced from startup_sn34f780.o(RESET)
 <LI><a href="#[36]">DMA1_CH3_IRQHandler</a> from startup_sn34f780.o(.text) referenced from startup_sn34f780.o(RESET)
 <LI><a href="#[37]">DMA1_CH4_IRQHandler</a> from startup_sn34f780.o(.text) referenced from startup_sn34f780.o(RESET)
 <LI><a href="#[3d]">DMA1_CH5_IRQHandler</a> from startup_sn34f780.o(.text) referenced from startup_sn34f780.o(RESET)
 <LI><a href="#[3e]">DMA1_CH6_IRQHandler</a> from startup_sn34f780.o(.text) referenced from startup_sn34f780.o(RESET)
 <LI><a href="#[3f]">DMA1_CH7_IRQHandler</a> from startup_sn34f780.o(.text) referenced from startup_sn34f780.o(RESET)
 <LI><a href="#[a]">DebugMon_Handler</a> from startup_sn34f780.o(.text) referenced from startup_sn34f780.o(RESET)
 <LI><a href="#[38]">ETH_IRQHandler</a> from startup_sn34f780.o(.text) referenced from startup_sn34f780.o(RESET)
 <LI><a href="#[44]">ETH_WOL_IRQHandler</a> from startup_sn34f780.o(.text) referenced from startup_sn34f780.o(RESET)
 <LI><a href="#[11]">FLASH_IRQHandler</a> from startup_sn34f780.o(.text) referenced from startup_sn34f780.o(RESET)
 <LI><a href="#[42]">FPU_IRQHandler</a> from startup_sn34f780.o(.text) referenced from startup_sn34f780.o(RESET)
 <LI><a href="#[48]">GPIO0_IRQHandler</a> from startup_sn34f780.o(.text) referenced from startup_sn34f780.o(RESET)
 <LI><a href="#[47]">GPIO1_IRQHandler</a> from sn34f78x_it.o(i.GPIO1_IRQHandler) referenced from startup_sn34f780.o(RESET)
 <LI><a href="#[46]">GPIO2_IRQHandler</a> from startup_sn34f780.o(.text) referenced from startup_sn34f780.o(RESET)
 <LI><a href="#[45]">GPIO3_IRQHandler</a> from sn34f78x_it.o(i.GPIO3_IRQHandler) referenced from startup_sn34f780.o(RESET)
 <LI><a href="#[4e]">HAL_DMA_MspDeInit</a> from sn34f78x_hal_dma.o(i.HAL_DMA_MspDeInit) referenced from sn34f78x_hal_dma.o(i.HAL_DMA_UnRegisterCallback)
 <LI><a href="#[4d]">HAL_DMA_MspInit</a> from sn34f78x_hal_dma.o(i.HAL_DMA_MspInit) referenced from sn34f78x_hal_dma.o(i.HAL_DMA_UnRegisterCallback)
 <LI><a href="#[51]">HAL_DMA_XferAbortCallback</a> from sn34f78x_hal_dma.o(ISR) referenced from sn34f78x_hal_dma.o(i.HAL_DMA_UnRegisterCallback)
 <LI><a href="#[4f]">HAL_DMA_XferCpltCallback</a> from sn34f78x_hal_dma.o(ISR) referenced from sn34f78x_hal_dma.o(i.HAL_DMA_UnRegisterCallback)
 <LI><a href="#[50]">HAL_DMA_XferErrorCallback</a> from sn34f78x_hal_dma.o(ISR) referenced from sn34f78x_hal_dma.o(i.HAL_DMA_UnRegisterCallback)
 <LI><a href="#[56]">HAL_TPM_BreakCallback</a> from sn34f78x_hal_tpm.o(i.HAL_TPM_BreakCallback) referenced from sn34f78x_hal_tpm.o(i.HAL_TPM_Init)
 <LI><a href="#[56]">HAL_TPM_BreakCallback</a> from sn34f78x_hal_tpm.o(i.HAL_TPM_BreakCallback) referenced from sn34f78x_hal_tpm.o(i._reset_callback)
 <LI><a href="#[57]">HAL_TPM_CaptureCallback</a> from sn34f78x_hal_tpm.o(i.HAL_TPM_CaptureCallback) referenced from sn34f78x_hal_tpm.o(i.HAL_TPM_Init)
 <LI><a href="#[57]">HAL_TPM_CaptureCallback</a> from sn34f78x_hal_tpm.o(i.HAL_TPM_CaptureCallback) referenced from sn34f78x_hal_tpm.o(i._reset_callback)
 <LI><a href="#[58]">HAL_TPM_ErrorCallback</a> from sn34f78x_hal_tpm.o(i.HAL_TPM_ErrorCallback) referenced from sn34f78x_hal_tpm.o(i.HAL_TPM_Init)
 <LI><a href="#[58]">HAL_TPM_ErrorCallback</a> from sn34f78x_hal_tpm.o(i.HAL_TPM_ErrorCallback) referenced from sn34f78x_hal_tpm.o(i._reset_callback)
 <LI><a href="#[52]">HAL_TPM_MspDeInit</a> from sn34f78x_hal_tpm.o(i.HAL_TPM_MspDeInit) referenced from sn34f78x_hal_tpm.o(i.HAL_TPM_DeInit)
 <LI><a href="#[52]">HAL_TPM_MspDeInit</a> from sn34f78x_hal_tpm.o(i.HAL_TPM_MspDeInit) referenced from sn34f78x_hal_tpm.o(i.HAL_TPM_Init)
 <LI><a href="#[52]">HAL_TPM_MspDeInit</a> from sn34f78x_hal_tpm.o(i.HAL_TPM_MspDeInit) referenced from sn34f78x_hal_tpm.o(i._reset_callback)
 <LI><a href="#[53]">HAL_TPM_MspInit</a> from sn34f78x_hal_tpm.o(i.HAL_TPM_MspInit) referenced from sn34f78x_hal_tpm.o(i.HAL_TPM_Init)
 <LI><a href="#[53]">HAL_TPM_MspInit</a> from sn34f78x_hal_tpm.o(i.HAL_TPM_MspInit) referenced from sn34f78x_hal_tpm.o(i._reset_callback)
 <LI><a href="#[54]">HAL_TPM_OC_DelayElapsedCallback</a> from sn34f78x_hal_tpm.o(i.HAL_TPM_OC_DelayElapsedCallback) referenced from sn34f78x_hal_tpm.o(i.HAL_TPM_Init)
 <LI><a href="#[54]">HAL_TPM_OC_DelayElapsedCallback</a> from sn34f78x_hal_tpm.o(i.HAL_TPM_OC_DelayElapsedCallback) referenced from sn34f78x_hal_tpm.o(i._reset_callback)
 <LI><a href="#[55]">HAL_TPM_PWM_PulseFinishedCallback</a> from sn34f78x_hal_tpm.o(i.HAL_TPM_PWM_PulseFinishedCallback) referenced from sn34f78x_hal_tpm.o(i.HAL_TPM_Init)
 <LI><a href="#[55]">HAL_TPM_PWM_PulseFinishedCallback</a> from sn34f78x_hal_tpm.o(i.HAL_TPM_PWM_PulseFinishedCallback) referenced from sn34f78x_hal_tpm.o(i._reset_callback)
 <LI><a href="#[67]">HAL_UART_AbortCpltCallback</a> from sn34f78x_hal_uart.o(ISR) referenced from sn34f78x_hal_uart.o(i._uart_init_callbacks_default)
 <LI><a href="#[69]">HAL_UART_AbortReceiveCpltCallback</a> from sn34f78x_hal_uart.o(ISR) referenced from sn34f78x_hal_uart.o(i._uart_init_callbacks_default)
 <LI><a href="#[68]">HAL_UART_AbortTransmitCpltCallback</a> from sn34f78x_hal_uart.o(ISR) referenced from sn34f78x_hal_uart.o(i._uart_init_callbacks_default)
 <LI><a href="#[66]">HAL_UART_ErrorCallback</a> from sn34f78x_hal_uart.o(ISR) referenced from sn34f78x_hal_uart.o(i._uart_init_callbacks_default)
 <LI><a href="#[59]">HAL_UART_MspDeInit</a> from sn34f78x_hal_msp.o(i.HAL_UART_MspDeInit) referenced from sn34f78x_hal_uart.o(i.HAL_UART_DeInit)
 <LI><a href="#[5a]">HAL_UART_MspInit</a> from sn34f78x_hal_msp.o(i.HAL_UART_MspInit) referenced from sn34f78x_hal_uart.o(i.HAL_UART_Init)
 <LI><a href="#[65]">HAL_UART_RxCpltCallback</a> from sn34f78x_hal_msp.o(i.HAL_UART_RxCpltCallback) referenced from sn34f78x_hal_uart.o(i._uart_init_callbacks_default)
 <LI><a href="#[64]">HAL_UART_TxCpltCallback</a> from sn34f78x_hal_msp.o(i.HAL_UART_TxCpltCallback) referenced from sn34f78x_hal_uart.o(i._uart_init_callbacks_default)
 <LI><a href="#[5]">HardFault_Handler</a> from startup_sn34f780.o(.text) referenced from startup_sn34f780.o(RESET)
 <LI><a href="#[23]">I2C0_IRQHandler</a> from startup_sn34f780.o(.text) referenced from startup_sn34f780.o(RESET)
 <LI><a href="#[24]">I2C1_IRQHandler</a> from startup_sn34f780.o(.text) referenced from startup_sn34f780.o(RESET)
 <LI><a href="#[41]">I2C2_IRQHandler</a> from startup_sn34f780.o(.text) referenced from startup_sn34f780.o(RESET)
 <LI><a href="#[43]">LCM_IRQHandler</a> from startup_sn34f780.o(.text) referenced from startup_sn34f780.o(RESET)
 <LI><a href="#[e]">LVD_IRQHandler</a> from startup_sn34f780.o(.text) referenced from startup_sn34f780.o(RESET)
 <LI><a href="#[6]">MemManage_Handler</a> from startup_sn34f780.o(.text) referenced from startup_sn34f780.o(RESET)
 <LI><a href="#[4]">NMI_Handler</a> from startup_sn34f780.o(.text) referenced from startup_sn34f780.o(RESET)
 <LI><a href="#[b]">PendSV_Handler</a> from startup_sn34f780.o(.text) referenced from startup_sn34f780.o(RESET)
 <LI><a href="#[3]">Reset_Handler</a> from startup_sn34f780.o(.text) referenced from startup_sn34f780.o(RESET)
 <LI><a href="#[10]">SCU_IRQHandler</a> from sn34f78x_it.o(i.SCU_IRQHandler) referenced from startup_sn34f780.o(RESET)
 <LI><a href="#[2d]">SDIO_IRQHandler</a> from startup_sn34f780.o(.text) referenced from startup_sn34f780.o(RESET)
 <LI><a href="#[25]">SPI0_IRQHandler</a> from startup_sn34f780.o(.text) referenced from startup_sn34f780.o(RESET)
 <LI><a href="#[26]">SPI1_IRQHandler</a> from startup_sn34f780.o(.text) referenced from startup_sn34f780.o(RESET)
 <LI><a href="#[2e]">SPI2_IRQHandler</a> from startup_sn34f780.o(.text) referenced from startup_sn34f780.o(RESET)
 <LI><a href="#[9]">SVC_Handler</a> from startup_sn34f780.o(.text) referenced from startup_sn34f780.o(RESET)
 <LI><a href="#[c]">SysTick_Handler</a> from sn34f78x_it.o(i.SysTick_Handler) referenced from startup_sn34f780.o(RESET)
 <LI><a href="#[49]">SystemInit</a> from system_sn34f780.o(i.SystemInit) referenced from startup_sn34f780.o(.text)
 <LI><a href="#[27]">UART0_IRQHandler</a> from sn34f78x_it.o(i.UART0_IRQHandler) referenced from startup_sn34f780.o(RESET)
 <LI><a href="#[28]">UART1_IRQHandler</a> from sn34f78x_it.o(i.UART1_IRQHandler) referenced from startup_sn34f780.o(RESET)
 <LI><a href="#[29]">UART2_IRQHandler</a> from sn34f78x_it.o(i.UART2_IRQHandler) referenced from startup_sn34f780.o(RESET)
 <LI><a href="#[2f]">UART3_IRQHandler</a> from sn34f78x_it.o(i.UART3_IRQHandler) referenced from startup_sn34f780.o(RESET)
 <LI><a href="#[30]">UART4_IRQHandler</a> from startup_sn34f780.o(.text) referenced from startup_sn34f780.o(RESET)
 <LI><a href="#[40]">UART5_IRQHandler</a> from startup_sn34f780.o(.text) referenced from startup_sn34f780.o(RESET)
 <LI><a href="#[8]">UsageFault_Handler</a> from startup_sn34f780.o(.text) referenced from startup_sn34f780.o(RESET)
 <LI><a href="#[f]">WDT_IRQHandler</a> from startup_sn34f780.o(.text) referenced from startup_sn34f780.o(RESET)
 <LI><a href="#[d]">WWDT_IRQHandler</a> from startup_sn34f780.o(.text) referenced from startup_sn34f780.o(RESET)
 <LI><a href="#[72]">__main</a> from __main.o(!!!main) referenced from startup_sn34f780.o(.text)
 <LI><a href="#[71]">_break_irq</a> from sn34f78x_hal_tpm.o(i._break_irq) referenced from sn34f78x_hal_tpm.o(.data)
 <LI><a href="#[70]">_cap_irq</a> from sn34f78x_hal_tpm.o(i._cap_irq) referenced from sn34f78x_hal_tpm.o(.data)
 <LI><a href="#[6f]">_mr_irq</a> from sn34f78x_hal_tpm.o(i._mr_irq) referenced from sn34f78x_hal_tpm.o(.data)
 <LI><a href="#[4c]">_printf_input_char</a> from _printf_char_common.o(.text) referenced from _printf_char_common.o(.text)
 <LI><a href="#[4b]">_snputc</a> from _snputc.o(.text) referenced from __2snprintf.o(.text)
 <LI><a href="#[6a]">_tpm_0_1_2_5_irq</a> from sn34f78x_hal_tpm.o(i._tpm_0_1_2_5_irq) referenced 4 times from sn34f78x_hal_tpm.o(.data)
 <LI><a href="#[6b]">_tpm_3_irq</a> from sn34f78x_hal_tpm.o(i._tpm_3_irq) referenced from sn34f78x_hal_tpm.o(.data)
 <LI><a href="#[6c]">_tpm_4_irq</a> from sn34f78x_hal_tpm.o(i._tpm_4_irq) referenced from sn34f78x_hal_tpm.o(.data)
 <LI><a href="#[6d]">_tpm_6_7_irq</a> from sn34f78x_hal_tpm.o(i._tpm_6_7_irq) referenced 2 times from sn34f78x_hal_tpm.o(.data)
 <LI><a href="#[6e]">_tpm_8_irq</a> from sn34f78x_hal_tpm.o(i._tpm_8_irq) referenced from sn34f78x_hal_tpm.o(.data)
 <LI><a href="#[61]">_tpm_dma_xfer_capture_callback</a> from sn34f78x_hal_tpm.o(i._tpm_dma_xfer_capture_callback) referenced from sn34f78x_hal_tpm.o(i._register_dma_callback)
 <LI><a href="#[62]">_tpm_dma_xfer_delay_pulse_callback</a> from sn34f78x_hal_tpm.o(i._tpm_dma_xfer_delay_pulse_callback) referenced from sn34f78x_hal_tpm.o(i._register_dma_callback)
 <LI><a href="#[63]">_tpm_dma_xfer_error_callback</a> from sn34f78x_hal_tpm.o(i._tpm_dma_xfer_error_callback) referenced from sn34f78x_hal_tpm.o(i._register_dma_callback)
 <LI><a href="#[60]">_uart_dma_rx_abort_callback</a> from sn34f78x_hal_uart.o(i._uart_dma_rx_abort_callback) referenced from sn34f78x_hal_uart.o(i.HAL_UART_Init)
 <LI><a href="#[5e]">_uart_dma_rx_cplt_callback</a> from sn34f78x_hal_uart.o(i._uart_dma_rx_cplt_callback) referenced from sn34f78x_hal_uart.o(i.HAL_UART_Init)
 <LI><a href="#[5f]">_uart_dma_rx_err_callback</a> from sn34f78x_hal_uart.o(i._uart_dma_rx_err_callback) referenced from sn34f78x_hal_uart.o(i.HAL_UART_Init)
 <LI><a href="#[5d]">_uart_dma_tx_abort_callback</a> from sn34f78x_hal_uart.o(i._uart_dma_tx_abort_callback) referenced from sn34f78x_hal_uart.o(i.HAL_UART_Init)
 <LI><a href="#[5b]">_uart_dma_tx_cplt_callback</a> from sn34f78x_hal_uart.o(i._uart_dma_tx_cplt_callback) referenced from sn34f78x_hal_uart.o(i.HAL_UART_Init)
 <LI><a href="#[5c]">_uart_dma_tx_err_callback</a> from sn34f78x_hal_uart.o(i._uart_dma_tx_err_callback) referenced from sn34f78x_hal_uart.o(i.HAL_UART_Init)
</UL>
<P>
<H3>
Global Symbols
</H3>
<P><STRONG><a name="[72]"></a>__main</STRONG> (Thumb, 8 bytes, Stack size 0 bytes, __main.o(!!!main))
<BR><BR>[Calls]<UL><LI><a href="#[73]">&gt;&gt;</a>&nbsp;&nbsp;&nbsp;__scatterload
<LI><a href="#[74]">&gt;&gt;</a>&nbsp;&nbsp;&nbsp;__rt_entry
</UL>

<P><STRONG><a name="[75]"></a>_printf_f</STRONG> (Thumb, 0 bytes, Stack size unknown bytes, _printf_f.o(.ARM.Collect$$_printf_percent$$00000003))
<BR><BR>[Stack]<UL><LI>Max Depth = 324 + Unknown Stack Size
<LI>Call Chain = _printf_f &rArr; _printf_fp_dec &rArr; _printf_fp_dec_real &rArr; _fp_digits &rArr; _btod_etento &rArr; _btod_emul &rArr; _e2e
</UL>
<BR>[Calls]<UL><LI><a href="#[76]">&gt;&gt;</a>&nbsp;&nbsp;&nbsp;_printf_fp_dec
</UL>

<P><STRONG><a name="[92]"></a>_printf_percent</STRONG> (Thumb, 0 bytes, Stack size unknown bytes, _printf_percent.o(.ARM.Collect$$_printf_percent$$00000000))
<BR><BR>[Called By]<UL><LI><a href="#[90]">&gt;&gt;</a>&nbsp;&nbsp;&nbsp;__printf
</UL>

<P><STRONG><a name="[77]"></a>_printf_u</STRONG> (Thumb, 0 bytes, Stack size unknown bytes, _printf_u.o(.ARM.Collect$$_printf_percent$$0000000A))
<BR><BR>[Stack]<UL><LI>Max Depth = 56 + Unknown Stack Size
<LI>Call Chain = _printf_u &rArr; _printf_int_dec &rArr; _printf_int_common
</UL>
<BR>[Calls]<UL><LI><a href="#[78]">&gt;&gt;</a>&nbsp;&nbsp;&nbsp;_printf_int_dec
</UL>

<P><STRONG><a name="[138]"></a>_printf_percent_end</STRONG> (Thumb, 0 bytes, Stack size unknown bytes, _printf_percent_end.o(.ARM.Collect$$_printf_percent$$00000017))

<P><STRONG><a name="[89]"></a>__rt_lib_shutdown</STRONG> (Thumb, 0 bytes, Stack size unknown bytes, libshutdown.o(.ARM.Collect$$libshutdown$$00000000))
<BR><BR>[Called By]<UL><LI><a href="#[88]">&gt;&gt;</a>&nbsp;&nbsp;&nbsp;__rt_exit_ls
</UL>

<P><STRONG><a name="[139]"></a>__rt_lib_shutdown_cpp_1</STRONG> (Thumb, 0 bytes, Stack size unknown bytes, libshutdown2.o(.ARM.Collect$$libshutdown$$00000002))

<P><STRONG><a name="[13a]"></a>__rt_lib_shutdown_fp_trap_1</STRONG> (Thumb, 0 bytes, Stack size unknown bytes, libshutdown2.o(.ARM.Collect$$libshutdown$$00000007))

<P><STRONG><a name="[13b]"></a>__rt_lib_shutdown_heap_1</STRONG> (Thumb, 0 bytes, Stack size unknown bytes, libshutdown2.o(.ARM.Collect$$libshutdown$$0000000F))

<P><STRONG><a name="[13c]"></a>__rt_lib_shutdown_return</STRONG> (Thumb, 0 bytes, Stack size unknown bytes, libshutdown2.o(.ARM.Collect$$libshutdown$$00000010))

<P><STRONG><a name="[13d]"></a>__rt_lib_shutdown_signal_1</STRONG> (Thumb, 0 bytes, Stack size unknown bytes, libshutdown2.o(.ARM.Collect$$libshutdown$$0000000A))

<P><STRONG><a name="[13e]"></a>__rt_lib_shutdown_stdio_1</STRONG> (Thumb, 0 bytes, Stack size unknown bytes, libshutdown2.o(.ARM.Collect$$libshutdown$$00000004))

<P><STRONG><a name="[13f]"></a>__rt_lib_shutdown_user_alloc_1</STRONG> (Thumb, 0 bytes, Stack size unknown bytes, libshutdown2.o(.ARM.Collect$$libshutdown$$0000000C))

<P><STRONG><a name="[140]"></a>__use_no_semihosting</STRONG> (Thumb, 2 bytes, Stack size 0 bytes, use_no_semi_2.o(.text), UNUSED)

<P><STRONG><a name="[141]"></a>__I$use$semihosting</STRONG> (Thumb, 0 bytes, Stack size 0 bytes, use_no_semi.o(.text), UNUSED)

<P><STRONG><a name="[142]"></a>__use_no_semihosting_swi</STRONG> (Thumb, 2 bytes, Stack size 0 bytes, use_no_semi.o(.text), UNUSED)

<P><STRONG><a name="[73]"></a>__scatterload</STRONG> (Thumb, 0 bytes, Stack size unknown bytes, __scatter.o(!!!scatter))
<BR><BR>[Called By]<UL><LI><a href="#[72]">&gt;&gt;</a>&nbsp;&nbsp;&nbsp;__main
</UL>

<P><STRONG><a name="[79]"></a>__scatterload_rt2</STRONG> (Thumb, 44 bytes, Stack size unknown bytes, __scatter.o(!!!scatter), UNUSED)
<BR><BR>[Calls]<UL><LI><a href="#[74]">&gt;&gt;</a>&nbsp;&nbsp;&nbsp;__rt_entry
</UL>

<P><STRONG><a name="[143]"></a>__scatterload_rt2_thumb_only</STRONG> (Thumb, 0 bytes, Stack size unknown bytes, __scatter.o(!!!scatter), UNUSED)

<P><STRONG><a name="[144]"></a>__scatterload_null</STRONG> (Thumb, 0 bytes, Stack size unknown bytes, __scatter.o(!!!scatter), UNUSED)

<P><STRONG><a name="[7a]"></a>__scatterload_copy</STRONG> (Thumb, 26 bytes, Stack size unknown bytes, __scatter_copy.o(!!handler_copy), UNUSED)
<BR><BR>[Calls]<UL><LI><a href="#[7a]">&gt;&gt;</a>&nbsp;&nbsp;&nbsp;__scatterload_copy
</UL>
<BR>[Called By]<UL><LI><a href="#[7a]">&gt;&gt;</a>&nbsp;&nbsp;&nbsp;__scatterload_copy
</UL>

<P><STRONG><a name="[145]"></a>__scatterload_zeroinit</STRONG> (Thumb, 28 bytes, Stack size unknown bytes, __scatter_zi.o(!!handler_zi), UNUSED)

<P><STRONG><a name="[84]"></a>__rt_lib_init</STRONG> (Thumb, 0 bytes, Stack size unknown bytes, libinit.o(.ARM.Collect$$libinit$$00000000))
<BR><BR>[Called By]<UL><LI><a href="#[83]">&gt;&gt;</a>&nbsp;&nbsp;&nbsp;__rt_entry_li
</UL>

<P><STRONG><a name="[7b]"></a>__rt_lib_init_fp_1</STRONG> (Thumb, 0 bytes, Stack size unknown bytes, libinit2.o(.ARM.Collect$$libinit$$00000001))
<BR><BR>[Calls]<UL><LI><a href="#[7c]">&gt;&gt;</a>&nbsp;&nbsp;&nbsp;_fp_init
</UL>

<P><STRONG><a name="[146]"></a>__rt_lib_init_heap_1</STRONG> (Thumb, 0 bytes, Stack size unknown bytes, libinit2.o(.ARM.Collect$$libinit$$0000000A))

<P><STRONG><a name="[7d]"></a>__rt_lib_init_lc_common</STRONG> (Thumb, 0 bytes, Stack size unknown bytes, libinit2.o(.ARM.Collect$$libinit$$0000000F))
<BR><BR>[Calls]<UL><LI><a href="#[7e]">&gt;&gt;</a>&nbsp;&nbsp;&nbsp;__rt_locale
</UL>

<P><STRONG><a name="[147]"></a>__rt_lib_init_preinit_1</STRONG> (Thumb, 0 bytes, Stack size unknown bytes, libinit2.o(.ARM.Collect$$libinit$$00000004))

<P><STRONG><a name="[148]"></a>__rt_lib_init_rand_1</STRONG> (Thumb, 0 bytes, Stack size unknown bytes, libinit2.o(.ARM.Collect$$libinit$$0000000E))

<P><STRONG><a name="[149]"></a>__rt_lib_init_user_alloc_1</STRONG> (Thumb, 0 bytes, Stack size unknown bytes, libinit2.o(.ARM.Collect$$libinit$$0000000C))

<P><STRONG><a name="[14a]"></a>__rt_lib_init_lc_collate_1</STRONG> (Thumb, 0 bytes, Stack size unknown bytes, libinit2.o(.ARM.Collect$$libinit$$00000011))

<P><STRONG><a name="[14b]"></a>__rt_lib_init_lc_ctype_1</STRONG> (Thumb, 0 bytes, Stack size unknown bytes, libinit2.o(.ARM.Collect$$libinit$$00000013))

<P><STRONG><a name="[14c]"></a>__rt_lib_init_lc_monetary_1</STRONG> (Thumb, 0 bytes, Stack size unknown bytes, libinit2.o(.ARM.Collect$$libinit$$00000015))

<P><STRONG><a name="[7f]"></a>__rt_lib_init_lc_numeric_2</STRONG> (Thumb, 0 bytes, Stack size unknown bytes, libinit2.o(.ARM.Collect$$libinit$$00000016))
<BR><BR>[Stack]<UL><LI>Max Depth = 8 + Unknown Stack Size
<LI>Call Chain = __rt_lib_init_lc_numeric_2 &rArr; _get_lc_numeric
</UL>
<BR>[Calls]<UL><LI><a href="#[80]">&gt;&gt;</a>&nbsp;&nbsp;&nbsp;_get_lc_numeric
</UL>

<P><STRONG><a name="[14d]"></a>__rt_lib_init_alloca_1</STRONG> (Thumb, 0 bytes, Stack size unknown bytes, libinit2.o(.ARM.Collect$$libinit$$0000002E))

<P><STRONG><a name="[14e]"></a>__rt_lib_init_argv_1</STRONG> (Thumb, 0 bytes, Stack size unknown bytes, libinit2.o(.ARM.Collect$$libinit$$0000002C))

<P><STRONG><a name="[14f]"></a>__rt_lib_init_atexit_1</STRONG> (Thumb, 0 bytes, Stack size unknown bytes, libinit2.o(.ARM.Collect$$libinit$$0000001B))

<P><STRONG><a name="[150]"></a>__rt_lib_init_clock_1</STRONG> (Thumb, 0 bytes, Stack size unknown bytes, libinit2.o(.ARM.Collect$$libinit$$00000021))

<P><STRONG><a name="[151]"></a>__rt_lib_init_cpp_1</STRONG> (Thumb, 0 bytes, Stack size unknown bytes, libinit2.o(.ARM.Collect$$libinit$$00000032))

<P><STRONG><a name="[152]"></a>__rt_lib_init_exceptions_1</STRONG> (Thumb, 0 bytes, Stack size unknown bytes, libinit2.o(.ARM.Collect$$libinit$$00000030))

<P><STRONG><a name="[153]"></a>__rt_lib_init_fp_trap_1</STRONG> (Thumb, 0 bytes, Stack size unknown bytes, libinit2.o(.ARM.Collect$$libinit$$0000001F))

<P><STRONG><a name="[154]"></a>__rt_lib_init_getenv_1</STRONG> (Thumb, 0 bytes, Stack size unknown bytes, libinit2.o(.ARM.Collect$$libinit$$00000023))

<P><STRONG><a name="[155]"></a>__rt_lib_init_lc_numeric_1</STRONG> (Thumb, 0 bytes, Stack size unknown bytes, libinit2.o(.ARM.Collect$$libinit$$00000017))

<P><STRONG><a name="[156]"></a>__rt_lib_init_lc_time_1</STRONG> (Thumb, 0 bytes, Stack size unknown bytes, libinit2.o(.ARM.Collect$$libinit$$00000019))

<P><STRONG><a name="[157]"></a>__rt_lib_init_return</STRONG> (Thumb, 0 bytes, Stack size unknown bytes, libinit2.o(.ARM.Collect$$libinit$$00000033))

<P><STRONG><a name="[158]"></a>__rt_lib_init_signal_1</STRONG> (Thumb, 0 bytes, Stack size unknown bytes, libinit2.o(.ARM.Collect$$libinit$$0000001D))

<P><STRONG><a name="[159]"></a>__rt_lib_init_stdio_1</STRONG> (Thumb, 0 bytes, Stack size unknown bytes, libinit2.o(.ARM.Collect$$libinit$$00000025))

<P><STRONG><a name="[74]"></a>__rt_entry</STRONG> (Thumb, 0 bytes, Stack size unknown bytes, __rtentry.o(.ARM.Collect$$rtentry$$00000000))
<BR><BR>[Called By]<UL><LI><a href="#[79]">&gt;&gt;</a>&nbsp;&nbsp;&nbsp;__scatterload_rt2
<LI><a href="#[72]">&gt;&gt;</a>&nbsp;&nbsp;&nbsp;__main
</UL>

<P><STRONG><a name="[15a]"></a>__rt_entry_presh_1</STRONG> (Thumb, 0 bytes, Stack size unknown bytes, __rtentry2.o(.ARM.Collect$$rtentry$$00000002))

<P><STRONG><a name="[81]"></a>__rt_entry_sh</STRONG> (Thumb, 0 bytes, Stack size unknown bytes, __rtentry4.o(.ARM.Collect$$rtentry$$00000004))
<BR><BR>[Stack]<UL><LI>Max Depth = 8 + Unknown Stack Size
<LI>Call Chain = __rt_entry_sh &rArr; __user_setup_stackheap
</UL>
<BR>[Calls]<UL><LI><a href="#[82]">&gt;&gt;</a>&nbsp;&nbsp;&nbsp;__user_setup_stackheap
</UL>

<P><STRONG><a name="[83]"></a>__rt_entry_li</STRONG> (Thumb, 0 bytes, Stack size unknown bytes, __rtentry2.o(.ARM.Collect$$rtentry$$0000000A))
<BR><BR>[Calls]<UL><LI><a href="#[84]">&gt;&gt;</a>&nbsp;&nbsp;&nbsp;__rt_lib_init
</UL>

<P><STRONG><a name="[15b]"></a>__rt_entry_postsh_1</STRONG> (Thumb, 0 bytes, Stack size unknown bytes, __rtentry2.o(.ARM.Collect$$rtentry$$00000009))

<P><STRONG><a name="[85]"></a>__rt_entry_main</STRONG> (Thumb, 0 bytes, Stack size unknown bytes, __rtentry2.o(.ARM.Collect$$rtentry$$0000000D))
<BR><BR>[Stack]<UL><LI>Max Depth = 544 + Unknown Stack Size
<LI>Call Chain = __rt_entry_main &rArr; main &rArr; main_task &rArr; Process_action &rArr; execute_action &rArr; mode_event &rArr; run_mode_1 &rArr; __2snprintf &rArr; _printf_char_common &rArr; __printf
</UL>
<BR>[Calls]<UL><LI><a href="#[86]">&gt;&gt;</a>&nbsp;&nbsp;&nbsp;main
<LI><a href="#[87]">&gt;&gt;</a>&nbsp;&nbsp;&nbsp;exit
</UL>

<P><STRONG><a name="[15c]"></a>__rt_entry_postli_1</STRONG> (Thumb, 0 bytes, Stack size unknown bytes, __rtentry2.o(.ARM.Collect$$rtentry$$0000000C))

<P><STRONG><a name="[9e]"></a>__rt_exit</STRONG> (Thumb, 0 bytes, Stack size unknown bytes, rtexit.o(.ARM.Collect$$rtexit$$00000000))
<BR><BR>[Called By]<UL><LI><a href="#[87]">&gt;&gt;</a>&nbsp;&nbsp;&nbsp;exit
</UL>

<P><STRONG><a name="[88]"></a>__rt_exit_ls</STRONG> (Thumb, 0 bytes, Stack size unknown bytes, rtexit2.o(.ARM.Collect$$rtexit$$00000003))
<BR><BR>[Calls]<UL><LI><a href="#[89]">&gt;&gt;</a>&nbsp;&nbsp;&nbsp;__rt_lib_shutdown
</UL>

<P><STRONG><a name="[15d]"></a>__rt_exit_prels_1</STRONG> (Thumb, 0 bytes, Stack size unknown bytes, rtexit2.o(.ARM.Collect$$rtexit$$00000002))

<P><STRONG><a name="[8a]"></a>__rt_exit_exit</STRONG> (Thumb, 0 bytes, Stack size unknown bytes, rtexit2.o(.ARM.Collect$$rtexit$$00000004))
<BR><BR>[Calls]<UL><LI><a href="#[8b]">&gt;&gt;</a>&nbsp;&nbsp;&nbsp;_sys_exit
</UL>

<P><STRONG><a name="[3]"></a>Reset_Handler</STRONG> (Thumb, 26 bytes, Stack size 0 bytes, startup_sn34f780.o(.text))
<BR>[Address Reference Count : 1]<UL><LI> startup_sn34f780.o(RESET)
</UL>
<P><STRONG><a name="[4]"></a>NMI_Handler</STRONG> (Thumb, 2 bytes, Stack size 0 bytes, startup_sn34f780.o(.text))
<BR><BR>[Calls]<UL><LI><a href="#[4]">&gt;&gt;</a>&nbsp;&nbsp;&nbsp;NMI_Handler
</UL>
<BR>[Called By]<UL><LI><a href="#[4]">&gt;&gt;</a>&nbsp;&nbsp;&nbsp;NMI_Handler
</UL>
<BR>[Address Reference Count : 1]<UL><LI> startup_sn34f780.o(RESET)
</UL>
<P><STRONG><a name="[5]"></a>HardFault_Handler</STRONG> (Thumb, 2 bytes, Stack size 0 bytes, startup_sn34f780.o(.text))
<BR><BR>[Calls]<UL><LI><a href="#[5]">&gt;&gt;</a>&nbsp;&nbsp;&nbsp;HardFault_Handler
</UL>
<BR>[Called By]<UL><LI><a href="#[5]">&gt;&gt;</a>&nbsp;&nbsp;&nbsp;HardFault_Handler
</UL>
<BR>[Address Reference Count : 1]<UL><LI> startup_sn34f780.o(RESET)
</UL>
<P><STRONG><a name="[6]"></a>MemManage_Handler</STRONG> (Thumb, 2 bytes, Stack size 0 bytes, startup_sn34f780.o(.text))
<BR><BR>[Calls]<UL><LI><a href="#[6]">&gt;&gt;</a>&nbsp;&nbsp;&nbsp;MemManage_Handler
</UL>
<BR>[Called By]<UL><LI><a href="#[6]">&gt;&gt;</a>&nbsp;&nbsp;&nbsp;MemManage_Handler
</UL>
<BR>[Address Reference Count : 1]<UL><LI> startup_sn34f780.o(RESET)
</UL>
<P><STRONG><a name="[7]"></a>BusFault_Handler</STRONG> (Thumb, 2 bytes, Stack size 0 bytes, startup_sn34f780.o(.text))
<BR><BR>[Calls]<UL><LI><a href="#[7]">&gt;&gt;</a>&nbsp;&nbsp;&nbsp;BusFault_Handler
</UL>
<BR>[Called By]<UL><LI><a href="#[7]">&gt;&gt;</a>&nbsp;&nbsp;&nbsp;BusFault_Handler
</UL>
<BR>[Address Reference Count : 1]<UL><LI> startup_sn34f780.o(RESET)
</UL>
<P><STRONG><a name="[8]"></a>UsageFault_Handler</STRONG> (Thumb, 2 bytes, Stack size 0 bytes, startup_sn34f780.o(.text))
<BR><BR>[Calls]<UL><LI><a href="#[8]">&gt;&gt;</a>&nbsp;&nbsp;&nbsp;UsageFault_Handler
</UL>
<BR>[Called By]<UL><LI><a href="#[8]">&gt;&gt;</a>&nbsp;&nbsp;&nbsp;UsageFault_Handler
</UL>
<BR>[Address Reference Count : 1]<UL><LI> startup_sn34f780.o(RESET)
</UL>
<P><STRONG><a name="[9]"></a>SVC_Handler</STRONG> (Thumb, 2 bytes, Stack size 0 bytes, startup_sn34f780.o(.text))
<BR><BR>[Calls]<UL><LI><a href="#[9]">&gt;&gt;</a>&nbsp;&nbsp;&nbsp;SVC_Handler
</UL>
<BR>[Called By]<UL><LI><a href="#[9]">&gt;&gt;</a>&nbsp;&nbsp;&nbsp;SVC_Handler
</UL>
<BR>[Address Reference Count : 1]<UL><LI> startup_sn34f780.o(RESET)
</UL>
<P><STRONG><a name="[a]"></a>DebugMon_Handler</STRONG> (Thumb, 2 bytes, Stack size 0 bytes, startup_sn34f780.o(.text))
<BR><BR>[Calls]<UL><LI><a href="#[a]">&gt;&gt;</a>&nbsp;&nbsp;&nbsp;DebugMon_Handler
</UL>
<BR>[Called By]<UL><LI><a href="#[a]">&gt;&gt;</a>&nbsp;&nbsp;&nbsp;DebugMon_Handler
</UL>
<BR>[Address Reference Count : 1]<UL><LI> startup_sn34f780.o(RESET)
</UL>
<P><STRONG><a name="[b]"></a>PendSV_Handler</STRONG> (Thumb, 2 bytes, Stack size 0 bytes, startup_sn34f780.o(.text))
<BR><BR>[Calls]<UL><LI><a href="#[b]">&gt;&gt;</a>&nbsp;&nbsp;&nbsp;PendSV_Handler
</UL>
<BR>[Called By]<UL><LI><a href="#[b]">&gt;&gt;</a>&nbsp;&nbsp;&nbsp;PendSV_Handler
</UL>
<BR>[Address Reference Count : 1]<UL><LI> startup_sn34f780.o(RESET)
</UL>
<P><STRONG><a name="[19]"></a>ADC0_IRQHandler</STRONG> (Thumb, 0 bytes, Stack size 0 bytes, startup_sn34f780.o(.text))
<BR><BR>[Calls]<UL><LI><a href="#[19]">&gt;&gt;</a>&nbsp;&nbsp;&nbsp;ADC0_IRQHandler
</UL>
<BR>[Called By]<UL><LI><a href="#[19]">&gt;&gt;</a>&nbsp;&nbsp;&nbsp;ADC0_IRQHandler
</UL>
<BR>[Address Reference Count : 1]<UL><LI> startup_sn34f780.o(RESET)
</UL>
<P><STRONG><a name="[1d]"></a>CAN0_EW_IRQHandler</STRONG> (Thumb, 0 bytes, Stack size 0 bytes, startup_sn34f780.o(.text))
<BR>[Address Reference Count : 1]<UL><LI> startup_sn34f780.o(RESET)
</UL>
<P><STRONG><a name="[1b]"></a>CAN0_RX_IRQHandler</STRONG> (Thumb, 0 bytes, Stack size 0 bytes, startup_sn34f780.o(.text))
<BR>[Address Reference Count : 1]<UL><LI> startup_sn34f780.o(RESET)
</UL>
<P><STRONG><a name="[1c]"></a>CAN0_TT_IRQHandler</STRONG> (Thumb, 0 bytes, Stack size 0 bytes, startup_sn34f780.o(.text))
<BR>[Address Reference Count : 1]<UL><LI> startup_sn34f780.o(RESET)
</UL>
<P><STRONG><a name="[1a]"></a>CAN0_TX_IRQHandler</STRONG> (Thumb, 0 bytes, Stack size 0 bytes, startup_sn34f780.o(.text))
<BR>[Address Reference Count : 1]<UL><LI> startup_sn34f780.o(RESET)
</UL>
<P><STRONG><a name="[3c]"></a>CAN1_EW_IRQHandler</STRONG> (Thumb, 0 bytes, Stack size 0 bytes, startup_sn34f780.o(.text))
<BR>[Address Reference Count : 1]<UL><LI> startup_sn34f780.o(RESET)
</UL>
<P><STRONG><a name="[3a]"></a>CAN1_RX_IRQHandler</STRONG> (Thumb, 0 bytes, Stack size 0 bytes, startup_sn34f780.o(.text))
<BR>[Address Reference Count : 1]<UL><LI> startup_sn34f780.o(RESET)
</UL>
<P><STRONG><a name="[3b]"></a>CAN1_TT_IRQHandler</STRONG> (Thumb, 0 bytes, Stack size 0 bytes, startup_sn34f780.o(.text))
<BR>[Address Reference Count : 1]<UL><LI> startup_sn34f780.o(RESET)
</UL>
<P><STRONG><a name="[39]"></a>CAN1_TX_IRQHandler</STRONG> (Thumb, 0 bytes, Stack size 0 bytes, startup_sn34f780.o(.text))
<BR>[Address Reference Count : 1]<UL><LI> startup_sn34f780.o(RESET)
</UL>
<P><STRONG><a name="[2b]"></a>CT16B1_IRQHandler</STRONG> (Thumb, 0 bytes, Stack size 0 bytes, startup_sn34f780.o(.text))
<BR>[Address Reference Count : 1]<UL><LI> startup_sn34f780.o(RESET)
</UL>
<P><STRONG><a name="[21]"></a>CT16B2_IRQHandler</STRONG> (Thumb, 0 bytes, Stack size 0 bytes, startup_sn34f780.o(.text))
<BR>[Address Reference Count : 1]<UL><LI> startup_sn34f780.o(RESET)
</UL>
<P><STRONG><a name="[20]"></a>CT16B3_IRQHandler</STRONG> (Thumb, 0 bytes, Stack size 0 bytes, startup_sn34f780.o(.text))
<BR>[Address Reference Count : 1]<UL><LI> startup_sn34f780.o(RESET)
</UL>
<P><STRONG><a name="[2a]"></a>CT16B4_IRQHandler</STRONG> (Thumb, 0 bytes, Stack size 0 bytes, startup_sn34f780.o(.text))
<BR>[Address Reference Count : 1]<UL><LI> startup_sn34f780.o(RESET)
</UL>
<P><STRONG><a name="[22]"></a>CT16B5_IRQHandler</STRONG> (Thumb, 0 bytes, Stack size 0 bytes, startup_sn34f780.o(.text))
<BR>[Address Reference Count : 1]<UL><LI> startup_sn34f780.o(RESET)
</UL>
<P><STRONG><a name="[31]"></a>CT16B6_IRQHandler</STRONG> (Thumb, 0 bytes, Stack size 0 bytes, startup_sn34f780.o(.text))
<BR>[Address Reference Count : 1]<UL><LI> startup_sn34f780.o(RESET)
</UL>
<P><STRONG><a name="[32]"></a>CT16B7_IRQHandler</STRONG> (Thumb, 0 bytes, Stack size 0 bytes, startup_sn34f780.o(.text))
<BR>[Address Reference Count : 1]<UL><LI> startup_sn34f780.o(RESET)
</UL>
<P><STRONG><a name="[1f]"></a>CT16B8_IRQHandler</STRONG> (Thumb, 0 bytes, Stack size 0 bytes, startup_sn34f780.o(.text))
<BR>[Address Reference Count : 1]<UL><LI> startup_sn34f780.o(RESET)
</UL>
<P><STRONG><a name="[12]"></a>DMA0_CH0_IRQHandler</STRONG> (Thumb, 0 bytes, Stack size 0 bytes, startup_sn34f780.o(.text))
<BR>[Address Reference Count : 1]<UL><LI> startup_sn34f780.o(RESET)
</UL>
<P><STRONG><a name="[13]"></a>DMA0_CH1_IRQHandler</STRONG> (Thumb, 0 bytes, Stack size 0 bytes, startup_sn34f780.o(.text))
<BR>[Address Reference Count : 1]<UL><LI> startup_sn34f780.o(RESET)
</UL>
<P><STRONG><a name="[14]"></a>DMA0_CH2_IRQHandler</STRONG> (Thumb, 0 bytes, Stack size 0 bytes, startup_sn34f780.o(.text))
<BR>[Address Reference Count : 1]<UL><LI> startup_sn34f780.o(RESET)
</UL>
<P><STRONG><a name="[15]"></a>DMA0_CH3_IRQHandler</STRONG> (Thumb, 0 bytes, Stack size 0 bytes, startup_sn34f780.o(.text))
<BR>[Address Reference Count : 1]<UL><LI> startup_sn34f780.o(RESET)
</UL>
<P><STRONG><a name="[16]"></a>DMA0_CH4_IRQHandler</STRONG> (Thumb, 0 bytes, Stack size 0 bytes, startup_sn34f780.o(.text))
<BR>[Address Reference Count : 1]<UL><LI> startup_sn34f780.o(RESET)
</UL>
<P><STRONG><a name="[17]"></a>DMA0_CH5_IRQHandler</STRONG> (Thumb, 0 bytes, Stack size 0 bytes, startup_sn34f780.o(.text))
<BR>[Address Reference Count : 1]<UL><LI> startup_sn34f780.o(RESET)
</UL>
<P><STRONG><a name="[18]"></a>DMA0_CH6_IRQHandler</STRONG> (Thumb, 0 bytes, Stack size 0 bytes, startup_sn34f780.o(.text))
<BR>[Address Reference Count : 1]<UL><LI> startup_sn34f780.o(RESET)
</UL>
<P><STRONG><a name="[2c]"></a>DMA0_CH7_IRQHandler</STRONG> (Thumb, 0 bytes, Stack size 0 bytes, startup_sn34f780.o(.text))
<BR>[Address Reference Count : 1]<UL><LI> startup_sn34f780.o(RESET)
</UL>
<P><STRONG><a name="[33]"></a>DMA1_CH0_IRQHandler</STRONG> (Thumb, 0 bytes, Stack size 0 bytes, startup_sn34f780.o(.text))
<BR>[Address Reference Count : 1]<UL><LI> startup_sn34f780.o(RESET)
</UL>
<P><STRONG><a name="[34]"></a>DMA1_CH1_IRQHandler</STRONG> (Thumb, 0 bytes, Stack size 0 bytes, startup_sn34f780.o(.text))
<BR>[Address Reference Count : 1]<UL><LI> startup_sn34f780.o(RESET)
</UL>
<P><STRONG><a name="[35]"></a>DMA1_CH2_IRQHandler</STRONG> (Thumb, 0 bytes, Stack size 0 bytes, startup_sn34f780.o(.text))
<BR>[Address Reference Count : 1]<UL><LI> startup_sn34f780.o(RESET)
</UL>
<P><STRONG><a name="[36]"></a>DMA1_CH3_IRQHandler</STRONG> (Thumb, 0 bytes, Stack size 0 bytes, startup_sn34f780.o(.text))
<BR>[Address Reference Count : 1]<UL><LI> startup_sn34f780.o(RESET)
</UL>
<P><STRONG><a name="[37]"></a>DMA1_CH4_IRQHandler</STRONG> (Thumb, 0 bytes, Stack size 0 bytes, startup_sn34f780.o(.text))
<BR>[Address Reference Count : 1]<UL><LI> startup_sn34f780.o(RESET)
</UL>
<P><STRONG><a name="[3d]"></a>DMA1_CH5_IRQHandler</STRONG> (Thumb, 0 bytes, Stack size 0 bytes, startup_sn34f780.o(.text))
<BR>[Address Reference Count : 1]<UL><LI> startup_sn34f780.o(RESET)
</UL>
<P><STRONG><a name="[3e]"></a>DMA1_CH6_IRQHandler</STRONG> (Thumb, 0 bytes, Stack size 0 bytes, startup_sn34f780.o(.text))
<BR>[Address Reference Count : 1]<UL><LI> startup_sn34f780.o(RESET)
</UL>
<P><STRONG><a name="[3f]"></a>DMA1_CH7_IRQHandler</STRONG> (Thumb, 0 bytes, Stack size 0 bytes, startup_sn34f780.o(.text))
<BR>[Address Reference Count : 1]<UL><LI> startup_sn34f780.o(RESET)
</UL>
<P><STRONG><a name="[38]"></a>ETH_IRQHandler</STRONG> (Thumb, 0 bytes, Stack size 0 bytes, startup_sn34f780.o(.text))
<BR>[Address Reference Count : 1]<UL><LI> startup_sn34f780.o(RESET)
</UL>
<P><STRONG><a name="[44]"></a>ETH_WOL_IRQHandler</STRONG> (Thumb, 0 bytes, Stack size 0 bytes, startup_sn34f780.o(.text))
<BR>[Address Reference Count : 1]<UL><LI> startup_sn34f780.o(RESET)
</UL>
<P><STRONG><a name="[11]"></a>FLASH_IRQHandler</STRONG> (Thumb, 0 bytes, Stack size 0 bytes, startup_sn34f780.o(.text))
<BR>[Address Reference Count : 1]<UL><LI> startup_sn34f780.o(RESET)
</UL>
<P><STRONG><a name="[42]"></a>FPU_IRQHandler</STRONG> (Thumb, 0 bytes, Stack size 0 bytes, startup_sn34f780.o(.text))
<BR>[Address Reference Count : 1]<UL><LI> startup_sn34f780.o(RESET)
</UL>
<P><STRONG><a name="[48]"></a>GPIO0_IRQHandler</STRONG> (Thumb, 0 bytes, Stack size 0 bytes, startup_sn34f780.o(.text))
<BR>[Address Reference Count : 1]<UL><LI> startup_sn34f780.o(RESET)
</UL>
<P><STRONG><a name="[46]"></a>GPIO2_IRQHandler</STRONG> (Thumb, 0 bytes, Stack size 0 bytes, startup_sn34f780.o(.text))
<BR>[Address Reference Count : 1]<UL><LI> startup_sn34f780.o(RESET)
</UL>
<P><STRONG><a name="[23]"></a>I2C0_IRQHandler</STRONG> (Thumb, 0 bytes, Stack size 0 bytes, startup_sn34f780.o(.text))
<BR>[Address Reference Count : 1]<UL><LI> startup_sn34f780.o(RESET)
</UL>
<P><STRONG><a name="[24]"></a>I2C1_IRQHandler</STRONG> (Thumb, 0 bytes, Stack size 0 bytes, startup_sn34f780.o(.text))
<BR>[Address Reference Count : 1]<UL><LI> startup_sn34f780.o(RESET)
</UL>
<P><STRONG><a name="[41]"></a>I2C2_IRQHandler</STRONG> (Thumb, 0 bytes, Stack size 0 bytes, startup_sn34f780.o(.text))
<BR>[Address Reference Count : 1]<UL><LI> startup_sn34f780.o(RESET)
</UL>
<P><STRONG><a name="[43]"></a>LCM_IRQHandler</STRONG> (Thumb, 0 bytes, Stack size 0 bytes, startup_sn34f780.o(.text))
<BR>[Address Reference Count : 1]<UL><LI> startup_sn34f780.o(RESET)
</UL>
<P><STRONG><a name="[e]"></a>LVD_IRQHandler</STRONG> (Thumb, 0 bytes, Stack size 0 bytes, startup_sn34f780.o(.text))
<BR>[Address Reference Count : 1]<UL><LI> startup_sn34f780.o(RESET)
</UL>
<P><STRONG><a name="[2d]"></a>SDIO_IRQHandler</STRONG> (Thumb, 0 bytes, Stack size 0 bytes, startup_sn34f780.o(.text))
<BR>[Address Reference Count : 1]<UL><LI> startup_sn34f780.o(RESET)
</UL>
<P><STRONG><a name="[25]"></a>SPI0_IRQHandler</STRONG> (Thumb, 0 bytes, Stack size 0 bytes, startup_sn34f780.o(.text))
<BR>[Address Reference Count : 1]<UL><LI> startup_sn34f780.o(RESET)
</UL>
<P><STRONG><a name="[26]"></a>SPI1_IRQHandler</STRONG> (Thumb, 0 bytes, Stack size 0 bytes, startup_sn34f780.o(.text))
<BR>[Address Reference Count : 1]<UL><LI> startup_sn34f780.o(RESET)
</UL>
<P><STRONG><a name="[2e]"></a>SPI2_IRQHandler</STRONG> (Thumb, 0 bytes, Stack size 0 bytes, startup_sn34f780.o(.text))
<BR>[Address Reference Count : 1]<UL><LI> startup_sn34f780.o(RESET)
</UL>
<P><STRONG><a name="[30]"></a>UART4_IRQHandler</STRONG> (Thumb, 0 bytes, Stack size 0 bytes, startup_sn34f780.o(.text))
<BR>[Address Reference Count : 1]<UL><LI> startup_sn34f780.o(RESET)
</UL>
<P><STRONG><a name="[40]"></a>UART5_IRQHandler</STRONG> (Thumb, 0 bytes, Stack size 0 bytes, startup_sn34f780.o(.text))
<BR>[Address Reference Count : 1]<UL><LI> startup_sn34f780.o(RESET)
</UL>
<P><STRONG><a name="[f]"></a>WDT_IRQHandler</STRONG> (Thumb, 0 bytes, Stack size 0 bytes, startup_sn34f780.o(.text))
<BR>[Address Reference Count : 1]<UL><LI> startup_sn34f780.o(RESET)
</UL>
<P><STRONG><a name="[d]"></a>WWDT_IRQHandler</STRONG> (Thumb, 0 bytes, Stack size 0 bytes, startup_sn34f780.o(.text))
<BR>[Address Reference Count : 1]<UL><LI> startup_sn34f780.o(RESET)
</UL>
<P><STRONG><a name="[9d]"></a>__user_initial_stackheap</STRONG> (Thumb, 0 bytes, Stack size unknown bytes, startup_sn34f780.o(.text))
<BR><BR>[Called By]<UL><LI><a href="#[82]">&gt;&gt;</a>&nbsp;&nbsp;&nbsp;__user_setup_stackheap
</UL>

<P><STRONG><a name="[8c]"></a>__2snprintf</STRONG> (Thumb, 50 bytes, Stack size 40 bytes, __2snprintf.o(.text))
<BR><BR>[Stack]<UL><LI>Max Depth = 136 + Unknown Stack Size
<LI>Call Chain = __2snprintf &rArr; _printf_char_common &rArr; __printf
</UL>
<BR>[Calls]<UL><LI><a href="#[8e]">&gt;&gt;</a>&nbsp;&nbsp;&nbsp;_sputc
<LI><a href="#[8d]">&gt;&gt;</a>&nbsp;&nbsp;&nbsp;_printf_char_common
</UL>
<BR>[Called By]<UL><LI><a href="#[12e]">&gt;&gt;</a>&nbsp;&nbsp;&nbsp;run_mode_1
</UL>

<P><STRONG><a name="[78]"></a>_printf_int_dec</STRONG> (Thumb, 104 bytes, Stack size 24 bytes, _printf_dec.o(.text))
<BR><BR>[Stack]<UL><LI>Max Depth = 56<LI>Call Chain = _printf_int_dec &rArr; _printf_int_common
</UL>
<BR>[Calls]<UL><LI><a href="#[8f]">&gt;&gt;</a>&nbsp;&nbsp;&nbsp;_printf_int_common
</UL>
<BR>[Called By]<UL><LI><a href="#[77]">&gt;&gt;</a>&nbsp;&nbsp;&nbsp;_printf_u
</UL>

<P><STRONG><a name="[90]"></a>__printf</STRONG> (Thumb, 270 bytes, Stack size 32 bytes, __printf_wp.o(.text))
<BR><BR>[Stack]<UL><LI>Max Depth = 32 + Unknown Stack Size
<LI>Call Chain = __printf
</UL>
<BR>[Calls]<UL><LI><a href="#[92]">&gt;&gt;</a>&nbsp;&nbsp;&nbsp;_printf_percent
<LI><a href="#[91]">&gt;&gt;</a>&nbsp;&nbsp;&nbsp;_is_digit
</UL>
<BR>[Called By]<UL><LI><a href="#[8d]">&gt;&gt;</a>&nbsp;&nbsp;&nbsp;_printf_char_common
</UL>

<P><STRONG><a name="[b9]"></a>strlen</STRONG> (Thumb, 62 bytes, Stack size 8 bytes, strlen.o(.text))
<BR><BR>[Stack]<UL><LI>Max Depth = 8<LI>Call Chain = strlen
</UL>
<BR>[Called By]<UL><LI><a href="#[b8]">&gt;&gt;</a>&nbsp;&nbsp;&nbsp;DEBUG_PRINT_IT
</UL>

<P><STRONG><a name="[e1]"></a>__aeabi_memcpy4</STRONG> (Thumb, 0 bytes, Stack size 8 bytes, rt_memcpy_w.o(.text))
<BR><BR>[Stack]<UL><LI>Max Depth = 8<LI>Call Chain = __aeabi_memcpy4
</UL>
<BR>[Called By]<UL><LI><a href="#[fe]">&gt;&gt;</a>&nbsp;&nbsp;&nbsp;HLK_FeedByte
<LI><a href="#[e0]">&gt;&gt;</a>&nbsp;&nbsp;&nbsp;HAL_RCC_ClockConfig
<LI><a href="#[10e]">&gt;&gt;</a>&nbsp;&nbsp;&nbsp;SystemClock_Config
<LI><a href="#[105]">&gt;&gt;</a>&nbsp;&nbsp;&nbsp;HLK_TryGetReport
</UL>

<P><STRONG><a name="[15e]"></a>__aeabi_memcpy8</STRONG> (Thumb, 0 bytes, Stack size 8 bytes, rt_memcpy_w.o(.text), UNUSED)

<P><STRONG><a name="[15f]"></a>__rt_memcpy_w</STRONG> (Thumb, 100 bytes, Stack size 8 bytes, rt_memcpy_w.o(.text), UNUSED)

<P><STRONG><a name="[160]"></a>_memcpy_lastbytes_aligned</STRONG> (Thumb, 0 bytes, Stack size unknown bytes, rt_memcpy_w.o(.text), UNUSED)

<P><STRONG><a name="[10f]"></a>__aeabi_memclr4</STRONG> (Thumb, 0 bytes, Stack size 4 bytes, rt_memclr_w.o(.text))
<BR><BR>[Stack]<UL><LI>Max Depth = 4<LI>Call Chain = __aeabi_memclr4
</UL>
<BR>[Called By]<UL><LI><a href="#[125]">&gt;&gt;</a>&nbsp;&nbsp;&nbsp;sn34f7_TPM0_Init
<LI><a href="#[10e]">&gt;&gt;</a>&nbsp;&nbsp;&nbsp;SystemClock_Config
</UL>

<P><STRONG><a name="[161]"></a>__aeabi_memclr8</STRONG> (Thumb, 0 bytes, Stack size 4 bytes, rt_memclr_w.o(.text), UNUSED)

<P><STRONG><a name="[162]"></a>__rt_memclr_w</STRONG> (Thumb, 78 bytes, Stack size 4 bytes, rt_memclr_w.o(.text), UNUSED)

<P><STRONG><a name="[163]"></a>_memset_w</STRONG> (Thumb, 0 bytes, Stack size unknown bytes, rt_memclr_w.o(.text), UNUSED)

<P><STRONG><a name="[164]"></a>__use_two_region_memory</STRONG> (Thumb, 2 bytes, Stack size 0 bytes, heapauxi.o(.text), UNUSED)

<P><STRONG><a name="[165]"></a>__rt_heap_escrow$2region</STRONG> (Thumb, 2 bytes, Stack size 0 bytes, heapauxi.o(.text), UNUSED)

<P><STRONG><a name="[166]"></a>__rt_heap_expand$2region</STRONG> (Thumb, 2 bytes, Stack size 0 bytes, heapauxi.o(.text), UNUSED)

<P><STRONG><a name="[8f]"></a>_printf_int_common</STRONG> (Thumb, 178 bytes, Stack size 32 bytes, _printf_intcommon.o(.text))
<BR><BR>[Stack]<UL><LI>Max Depth = 32<LI>Call Chain = _printf_int_common
</UL>
<BR>[Called By]<UL><LI><a href="#[78]">&gt;&gt;</a>&nbsp;&nbsp;&nbsp;_printf_int_dec
</UL>

<P><STRONG><a name="[167]"></a>__lib_sel_fp_printf</STRONG> (Thumb, 2 bytes, Stack size 0 bytes, _printf_fp_dec.o(.text), UNUSED)

<P><STRONG><a name="[99]"></a>_printf_fp_dec_real</STRONG> (Thumb, 620 bytes, Stack size 104 bytes, _printf_fp_dec.o(.text))
<BR><BR>[Stack]<UL><LI>Max Depth = 324<LI>Call Chain = _printf_fp_dec_real &rArr; _fp_digits &rArr; _btod_etento &rArr; _btod_emul &rArr; _e2e
</UL>
<BR>[Calls]<UL><LI><a href="#[9a]">&gt;&gt;</a>&nbsp;&nbsp;&nbsp;__ARM_fpclassify
<LI><a href="#[9b]">&gt;&gt;</a>&nbsp;&nbsp;&nbsp;_printf_fp_infnan
<LI><a href="#[7e]">&gt;&gt;</a>&nbsp;&nbsp;&nbsp;__rt_locale
<LI><a href="#[93]">&gt;&gt;</a>&nbsp;&nbsp;&nbsp;_fp_digits
</UL>
<BR>[Called By]<UL><LI><a href="#[76]">&gt;&gt;</a>&nbsp;&nbsp;&nbsp;_printf_fp_dec
</UL>

<P><STRONG><a name="[8d]"></a>_printf_char_common</STRONG> (Thumb, 32 bytes, Stack size 64 bytes, _printf_char_common.o(.text))
<BR><BR>[Stack]<UL><LI>Max Depth = 96 + Unknown Stack Size
<LI>Call Chain = _printf_char_common &rArr; __printf
</UL>
<BR>[Calls]<UL><LI><a href="#[90]">&gt;&gt;</a>&nbsp;&nbsp;&nbsp;__printf
</UL>
<BR>[Called By]<UL><LI><a href="#[8c]">&gt;&gt;</a>&nbsp;&nbsp;&nbsp;__2snprintf
</UL>

<P><STRONG><a name="[8e]"></a>_sputc</STRONG> (Thumb, 10 bytes, Stack size 0 bytes, _sputc.o(.text))
<BR><BR>[Called By]<UL><LI><a href="#[8c]">&gt;&gt;</a>&nbsp;&nbsp;&nbsp;__2snprintf
</UL>

<P><STRONG><a name="[4b]"></a>_snputc</STRONG> (Thumb, 16 bytes, Stack size 0 bytes, _snputc.o(.text))
<BR>[Address Reference Count : 1]<UL><LI> __2snprintf.o(.text)
</UL>
<P><STRONG><a name="[7e]"></a>__rt_locale</STRONG> (Thumb, 8 bytes, Stack size 0 bytes, rt_locale_intlibspace.o(.text))
<BR><BR>[Called By]<UL><LI><a href="#[7d]">&gt;&gt;</a>&nbsp;&nbsp;&nbsp;__rt_lib_init_lc_common
<LI><a href="#[99]">&gt;&gt;</a>&nbsp;&nbsp;&nbsp;_printf_fp_dec_real
</UL>

<P><STRONG><a name="[98]"></a>_ll_udiv10</STRONG> (Thumb, 138 bytes, Stack size 12 bytes, lludiv10.o(.text))
<BR><BR>[Stack]<UL><LI>Max Depth = 12<LI>Call Chain = _ll_udiv10
</UL>
<BR>[Called By]<UL><LI><a href="#[93]">&gt;&gt;</a>&nbsp;&nbsp;&nbsp;_fp_digits
</UL>

<P><STRONG><a name="[9b]"></a>_printf_fp_infnan</STRONG> (Thumb, 112 bytes, Stack size 24 bytes, _printf_fp_infnan.o(.text))
<BR><BR>[Stack]<UL><LI>Max Depth = 24<LI>Call Chain = _printf_fp_infnan
</UL>
<BR>[Called By]<UL><LI><a href="#[99]">&gt;&gt;</a>&nbsp;&nbsp;&nbsp;_printf_fp_dec_real
</UL>

<P><STRONG><a name="[94]"></a>_btod_etento</STRONG> (Thumb, 224 bytes, Stack size 72 bytes, bigflt0.o(.text))
<BR><BR>[Stack]<UL><LI>Max Depth = 124<LI>Call Chain = _btod_etento &rArr; _btod_emul &rArr; _e2e
</UL>
<BR>[Calls]<UL><LI><a href="#[97]">&gt;&gt;</a>&nbsp;&nbsp;&nbsp;_btod_emul
<LI><a href="#[96]">&gt;&gt;</a>&nbsp;&nbsp;&nbsp;_btod_ediv
</UL>
<BR>[Called By]<UL><LI><a href="#[93]">&gt;&gt;</a>&nbsp;&nbsp;&nbsp;_fp_digits
</UL>

<P><STRONG><a name="[168]"></a>__user_libspace</STRONG> (Thumb, 8 bytes, Stack size 0 bytes, libspace.o(.text), UNUSED)

<P><STRONG><a name="[9c]"></a>__user_perproc_libspace</STRONG> (Thumb, 0 bytes, Stack size 0 bytes, libspace.o(.text))
<BR><BR>[Called By]<UL><LI><a href="#[82]">&gt;&gt;</a>&nbsp;&nbsp;&nbsp;__user_setup_stackheap
</UL>

<P><STRONG><a name="[169]"></a>__user_perthread_libspace</STRONG> (Thumb, 0 bytes, Stack size 0 bytes, libspace.o(.text), UNUSED)

<P><STRONG><a name="[82]"></a>__user_setup_stackheap</STRONG> (Thumb, 74 bytes, Stack size 8 bytes, sys_stackheap_outer.o(.text))
<BR><BR>[Stack]<UL><LI>Max Depth = 8 + Unknown Stack Size
<LI>Call Chain = __user_setup_stackheap
</UL>
<BR>[Calls]<UL><LI><a href="#[9c]">&gt;&gt;</a>&nbsp;&nbsp;&nbsp;__user_perproc_libspace
<LI><a href="#[9d]">&gt;&gt;</a>&nbsp;&nbsp;&nbsp;__user_initial_stackheap
</UL>
<BR>[Called By]<UL><LI><a href="#[81]">&gt;&gt;</a>&nbsp;&nbsp;&nbsp;__rt_entry_sh
</UL>

<P><STRONG><a name="[87]"></a>exit</STRONG> (Thumb, 18 bytes, Stack size 8 bytes, exit.o(.text))
<BR><BR>[Stack]<UL><LI>Max Depth = 8 + Unknown Stack Size
<LI>Call Chain = exit
</UL>
<BR>[Calls]<UL><LI><a href="#[9e]">&gt;&gt;</a>&nbsp;&nbsp;&nbsp;__rt_exit
</UL>
<BR>[Called By]<UL><LI><a href="#[85]">&gt;&gt;</a>&nbsp;&nbsp;&nbsp;__rt_entry_main
</UL>

<P><STRONG><a name="[134]"></a>strcmp</STRONG> (Thumb, 128 bytes, Stack size 0 bytes, strcmpv7m.o(.text))
<BR><BR>[Called By]<UL><LI><a href="#[80]">&gt;&gt;</a>&nbsp;&nbsp;&nbsp;_get_lc_numeric
</UL>

<P><STRONG><a name="[95]"></a>_btod_d2e</STRONG> (Thumb, 62 bytes, Stack size 0 bytes, btod.o(CL$$btod_d2e))
<BR><BR>[Calls]<UL><LI><a href="#[9f]">&gt;&gt;</a>&nbsp;&nbsp;&nbsp;_d2e_norm_op1
</UL>
<BR>[Called By]<UL><LI><a href="#[93]">&gt;&gt;</a>&nbsp;&nbsp;&nbsp;_fp_digits
</UL>

<P><STRONG><a name="[a0]"></a>_d2e_denorm_low</STRONG> (Thumb, 70 bytes, Stack size 0 bytes, btod.o(CL$$btod_d2e_denorm_low))
<BR><BR>[Called By]<UL><LI><a href="#[9f]">&gt;&gt;</a>&nbsp;&nbsp;&nbsp;_d2e_norm_op1
</UL>

<P><STRONG><a name="[9f]"></a>_d2e_norm_op1</STRONG> (Thumb, 96 bytes, Stack size 0 bytes, btod.o(CL$$btod_d2e_norm_op1))
<BR><BR>[Calls]<UL><LI><a href="#[a0]">&gt;&gt;</a>&nbsp;&nbsp;&nbsp;_d2e_denorm_low
</UL>
<BR>[Called By]<UL><LI><a href="#[95]">&gt;&gt;</a>&nbsp;&nbsp;&nbsp;_btod_d2e
</UL>

<P><STRONG><a name="[a1]"></a>__btod_div_common</STRONG> (Thumb, 696 bytes, Stack size 24 bytes, btod.o(CL$$btod_div_common))
<BR><BR>[Stack]<UL><LI>Max Depth = 24<LI>Call Chain = __btod_div_common
</UL>
<BR>[Called By]<UL><LI><a href="#[96]">&gt;&gt;</a>&nbsp;&nbsp;&nbsp;_btod_ediv
</UL>

<P><STRONG><a name="[a2]"></a>_e2e</STRONG> (Thumb, 220 bytes, Stack size 24 bytes, btod.o(CL$$btod_e2e))
<BR><BR>[Stack]<UL><LI>Max Depth = 24<LI>Call Chain = _e2e
</UL>
<BR>[Called By]<UL><LI><a href="#[97]">&gt;&gt;</a>&nbsp;&nbsp;&nbsp;_btod_emul
<LI><a href="#[96]">&gt;&gt;</a>&nbsp;&nbsp;&nbsp;_btod_ediv
</UL>

<P><STRONG><a name="[96]"></a>_btod_ediv</STRONG> (Thumb, 42 bytes, Stack size 28 bytes, btod.o(CL$$btod_ediv))
<BR><BR>[Stack]<UL><LI>Max Depth = 52<LI>Call Chain = _btod_ediv &rArr; _e2e
</UL>
<BR>[Calls]<UL><LI><a href="#[a2]">&gt;&gt;</a>&nbsp;&nbsp;&nbsp;_e2e
<LI><a href="#[a1]">&gt;&gt;</a>&nbsp;&nbsp;&nbsp;__btod_div_common
</UL>
<BR>[Called By]<UL><LI><a href="#[94]">&gt;&gt;</a>&nbsp;&nbsp;&nbsp;_btod_etento
<LI><a href="#[93]">&gt;&gt;</a>&nbsp;&nbsp;&nbsp;_fp_digits
</UL>

<P><STRONG><a name="[97]"></a>_btod_emul</STRONG> (Thumb, 42 bytes, Stack size 28 bytes, btod.o(CL$$btod_emul))
<BR><BR>[Stack]<UL><LI>Max Depth = 52<LI>Call Chain = _btod_emul &rArr; _e2e
</UL>
<BR>[Calls]<UL><LI><a href="#[a3]">&gt;&gt;</a>&nbsp;&nbsp;&nbsp;__btod_mult_common
<LI><a href="#[a2]">&gt;&gt;</a>&nbsp;&nbsp;&nbsp;_e2e
</UL>
<BR>[Called By]<UL><LI><a href="#[94]">&gt;&gt;</a>&nbsp;&nbsp;&nbsp;_btod_etento
<LI><a href="#[93]">&gt;&gt;</a>&nbsp;&nbsp;&nbsp;_fp_digits
</UL>

<P><STRONG><a name="[a3]"></a>__btod_mult_common</STRONG> (Thumb, 580 bytes, Stack size 16 bytes, btod.o(CL$$btod_mult_common))
<BR><BR>[Stack]<UL><LI>Max Depth = 16<LI>Call Chain = __btod_mult_common
</UL>
<BR>[Called By]<UL><LI><a href="#[97]">&gt;&gt;</a>&nbsp;&nbsp;&nbsp;_btod_emul
</UL>

<P><STRONG><a name="[a5]"></a>HAL_PWR_Callback</STRONG> (Thumb, 2 bytes, Stack size 0 bytes, sn34f78x_hal_scu.o(ISR))
<BR><BR>[Called By]<UL><LI><a href="#[a4]">&gt;&gt;</a>&nbsp;&nbsp;&nbsp;HAL_SCU_IRQHandler
</UL>

<P><STRONG><a name="[a6]"></a>HAL_RCC_Callback</STRONG> (Thumb, 2 bytes, Stack size 0 bytes, sn34f78x_hal_scu.o(ISR))
<BR><BR>[Called By]<UL><LI><a href="#[a4]">&gt;&gt;</a>&nbsp;&nbsp;&nbsp;HAL_SCU_IRQHandler
</UL>

<P><STRONG><a name="[a7]"></a>HAL_RTC_Callback</STRONG> (Thumb, 2 bytes, Stack size 0 bytes, sn34f78x_hal_scu.o(ISR))
<BR><BR>[Called By]<UL><LI><a href="#[a4]">&gt;&gt;</a>&nbsp;&nbsp;&nbsp;HAL_SCU_IRQHandler
</UL>

<P><STRONG><a name="[a4]"></a>HAL_SCU_IRQHandler</STRONG> (Thumb, 46 bytes, Stack size 8 bytes, sn34f78x_hal_scu.o(ISR))
<BR><BR>[Stack]<UL><LI>Max Depth = 8<LI>Call Chain = HAL_SCU_IRQHandler
</UL>
<BR>[Calls]<UL><LI><a href="#[a7]">&gt;&gt;</a>&nbsp;&nbsp;&nbsp;HAL_RTC_Callback
<LI><a href="#[a6]">&gt;&gt;</a>&nbsp;&nbsp;&nbsp;HAL_RCC_Callback
<LI><a href="#[a5]">&gt;&gt;</a>&nbsp;&nbsp;&nbsp;HAL_PWR_Callback
</UL>
<BR>[Called By]<UL><LI><a href="#[10]">&gt;&gt;</a>&nbsp;&nbsp;&nbsp;SCU_IRQHandler
</UL>

<P><STRONG><a name="[69]"></a>HAL_UART_AbortReceiveCpltCallback</STRONG> (Thumb, 2 bytes, Stack size 0 bytes, sn34f78x_hal_uart.o(ISR))
<BR>[Address Reference Count : 1]<UL><LI> sn34f78x_hal_uart.o(i._uart_init_callbacks_default)
</UL>
<P><STRONG><a name="[68]"></a>HAL_UART_AbortTransmitCpltCallback</STRONG> (Thumb, 2 bytes, Stack size 0 bytes, sn34f78x_hal_uart.o(ISR))
<BR>[Address Reference Count : 1]<UL><LI> sn34f78x_hal_uart.o(i._uart_init_callbacks_default)
</UL>
<P><STRONG><a name="[67]"></a>HAL_UART_AbortCpltCallback</STRONG> (Thumb, 2 bytes, Stack size 0 bytes, sn34f78x_hal_uart.o(ISR))
<BR>[Address Reference Count : 1]<UL><LI> sn34f78x_hal_uart.o(i._uart_init_callbacks_default)
</UL>
<P><STRONG><a name="[66]"></a>HAL_UART_ErrorCallback</STRONG> (Thumb, 2 bytes, Stack size 0 bytes, sn34f78x_hal_uart.o(ISR))
<BR>[Address Reference Count : 1]<UL><LI> sn34f78x_hal_uart.o(i._uart_init_callbacks_default)
</UL>
<P><STRONG><a name="[a8]"></a>HAL_UART_Abort</STRONG> (Thumb, 48 bytes, Stack size 8 bytes, sn34f78x_hal_uart.o(ISR), UNUSED)
<BR><BR>[Calls]<UL><LI><a href="#[a9]">&gt;&gt;</a>&nbsp;&nbsp;&nbsp;_uart_abort_tx
<LI><a href="#[aa]">&gt;&gt;</a>&nbsp;&nbsp;&nbsp;_uart_abort_rx
</UL>

<P><STRONG><a name="[ab]"></a>HAL_UART_AbortTransmit</STRONG> (Thumb, 24 bytes, Stack size 8 bytes, sn34f78x_hal_uart.o(ISR), UNUSED)
<BR><BR>[Calls]<UL><LI><a href="#[a9]">&gt;&gt;</a>&nbsp;&nbsp;&nbsp;_uart_abort_tx
</UL>

<P><STRONG><a name="[ac]"></a>HAL_UART_AbortReceive</STRONG> (Thumb, 24 bytes, Stack size 8 bytes, sn34f78x_hal_uart.o(ISR), UNUSED)
<BR><BR>[Calls]<UL><LI><a href="#[aa]">&gt;&gt;</a>&nbsp;&nbsp;&nbsp;_uart_abort_rx
</UL>

<P><STRONG><a name="[ad]"></a>HAL_UART_Abort_IT</STRONG> (Thumb, 58 bytes, Stack size 8 bytes, sn34f78x_hal_uart.o(ISR), UNUSED)
<BR><BR>[Calls]<UL><LI><a href="#[a9]">&gt;&gt;</a>&nbsp;&nbsp;&nbsp;_uart_abort_tx
<LI><a href="#[aa]">&gt;&gt;</a>&nbsp;&nbsp;&nbsp;_uart_abort_rx
</UL>

<P><STRONG><a name="[ae]"></a>HAL_UART_AbortTransmit_IT</STRONG> (Thumb, 34 bytes, Stack size 8 bytes, sn34f78x_hal_uart.o(ISR), UNUSED)
<BR><BR>[Calls]<UL><LI><a href="#[a9]">&gt;&gt;</a>&nbsp;&nbsp;&nbsp;_uart_abort_tx
</UL>

<P><STRONG><a name="[af]"></a>HAL_UART_AbortReceive_IT</STRONG> (Thumb, 34 bytes, Stack size 8 bytes, sn34f78x_hal_uart.o(ISR), UNUSED)
<BR><BR>[Calls]<UL><LI><a href="#[aa]">&gt;&gt;</a>&nbsp;&nbsp;&nbsp;_uart_abort_rx
</UL>

<P><STRONG><a name="[b4]"></a>HAL_UART_IRQHandler</STRONG> (Thumb, 92 bytes, Stack size 16 bytes, sn34f78x_hal_uart.o(ISR))
<BR><BR>[Stack]<UL><LI>Max Depth = 48<LI>Call Chain = HAL_UART_IRQHandler &rArr; _uart_rda_handle &rArr; _uart_receive_complete
</UL>
<BR>[Calls]<UL><LI><a href="#[b5]">&gt;&gt;</a>&nbsp;&nbsp;&nbsp;_uart_rls_handle
<LI><a href="#[b2]">&gt;&gt;</a>&nbsp;&nbsp;&nbsp;_uart_rda_handle
<LI><a href="#[b0]">&gt;&gt;</a>&nbsp;&nbsp;&nbsp;_uart_thre_handle
<LI><a href="#[b6]">&gt;&gt;</a>&nbsp;&nbsp;&nbsp;_uart_ms_handle
</UL>
<BR>[Called By]<UL><LI><a href="#[2f]">&gt;&gt;</a>&nbsp;&nbsp;&nbsp;UART3_IRQHandler
<LI><a href="#[29]">&gt;&gt;</a>&nbsp;&nbsp;&nbsp;UART2_IRQHandler
<LI><a href="#[28]">&gt;&gt;</a>&nbsp;&nbsp;&nbsp;UART1_IRQHandler
<LI><a href="#[27]">&gt;&gt;</a>&nbsp;&nbsp;&nbsp;UART0_IRQHandler
</UL>

<P><STRONG><a name="[b7]"></a>HAL_TPM_IRQHandler</STRONG> (Thumb, 24 bytes, Stack size 8 bytes, sn34f78x_hal_tpm.o(ISR))
<BR><BR>[Stack]<UL><LI>Max Depth = 8<LI>Call Chain = HAL_TPM_IRQHandler
</UL>
<BR>[Called By]<UL><LI><a href="#[1e]">&gt;&gt;</a>&nbsp;&nbsp;&nbsp;CT16B0_IRQHandler
</UL>

<P><STRONG><a name="[51]"></a>HAL_DMA_XferAbortCallback</STRONG> (Thumb, 2 bytes, Stack size 0 bytes, sn34f78x_hal_dma.o(ISR))
<BR>[Address Reference Count : 1]<UL><LI> sn34f78x_hal_dma.o(i.HAL_DMA_UnRegisterCallback)
</UL>
<P><STRONG><a name="[50]"></a>HAL_DMA_XferErrorCallback</STRONG> (Thumb, 2 bytes, Stack size 0 bytes, sn34f78x_hal_dma.o(ISR))
<BR>[Address Reference Count : 1]<UL><LI> sn34f78x_hal_dma.o(i.HAL_DMA_UnRegisterCallback)
</UL>
<P><STRONG><a name="[4f]"></a>HAL_DMA_XferCpltCallback</STRONG> (Thumb, 2 bytes, Stack size 0 bytes, sn34f78x_hal_dma.o(ISR))
<BR>[Address Reference Count : 1]<UL><LI> sn34f78x_hal_dma.o(i.HAL_DMA_UnRegisterCallback)
</UL>
<P><STRONG><a name="[16a]"></a>HAL_DMA_IRQHandler</STRONG> (Thumb, 170 bytes, Stack size 16 bytes, sn34f78x_hal_dma.o(ISR), UNUSED)

<P><STRONG><a name="[1e]"></a>CT16B0_IRQHandler</STRONG> (Thumb, 10 bytes, Stack size 8 bytes, sn34f78x_it.o(i.CT16B0_IRQHandler))
<BR><BR>[Stack]<UL><LI>Max Depth = 16<LI>Call Chain = CT16B0_IRQHandler &rArr; HAL_TPM_IRQHandler
</UL>
<BR>[Calls]<UL><LI><a href="#[b7]">&gt;&gt;</a>&nbsp;&nbsp;&nbsp;HAL_TPM_IRQHandler
</UL>
<BR>[Address Reference Count : 1]<UL><LI> startup_sn34f780.o(RESET)
</UL>
<P><STRONG><a name="[111]"></a>Error_Handler</STRONG> (Thumb, 6 bytes, Stack size 0 bytes, main.o(i.Error_Handler))
<BR><BR>[Called By]<UL><LI><a href="#[86]">&gt;&gt;</a>&nbsp;&nbsp;&nbsp;main
<LI><a href="#[10e]">&gt;&gt;</a>&nbsp;&nbsp;&nbsp;SystemClock_Config
</UL>

<P><STRONG><a name="[bc]"></a>FLASH_WaitForLastOperation</STRONG> (Thumb, 98 bytes, Stack size 16 bytes, sn34f78x_hal_flash.o(i.FLASH_WaitForLastOperation))
<BR><BR>[Stack]<UL><LI>Max Depth = 16<LI>Call Chain = FLASH_WaitForLastOperation
</UL>
<BR>[Calls]<UL><LI><a href="#[c5]">&gt;&gt;</a>&nbsp;&nbsp;&nbsp;HAL_GetTick
<LI><a href="#[c6]">&gt;&gt;</a>&nbsp;&nbsp;&nbsp;FLASH_SetErrorCode
</UL>
<BR>[Called By]<UL><LI><a href="#[c2]">&gt;&gt;</a>&nbsp;&nbsp;&nbsp;FLASH_Protect_GetStatus
<LI><a href="#[c0]">&gt;&gt;</a>&nbsp;&nbsp;&nbsp;FLASH_GetCLKFreq
<LI><a href="#[bf]">&gt;&gt;</a>&nbsp;&nbsp;&nbsp;FLASH_GetBOOTFlag
<LI><a href="#[be]">&gt;&gt;</a>&nbsp;&nbsp;&nbsp;FLASH_GetAUTOHold
<LI><a href="#[bd]">&gt;&gt;</a>&nbsp;&nbsp;&nbsp;FLASH_CLKFreq_Config
<LI><a href="#[bb]">&gt;&gt;</a>&nbsp;&nbsp;&nbsp;FLASH_AUTOHold_Config
</UL>

<P><STRONG><a name="[ff]"></a>FPGA_ProcessByte</STRONG> (Thumb, 290 bytes, Stack size 16 bytes, fpga.o(i.FPGA_ProcessByte))
<BR><BR>[Stack]<UL><LI>Max Depth = 16<LI>Call Chain = FPGA_ProcessByte
</UL>
<BR>[Called By]<UL><LI><a href="#[65]">&gt;&gt;</a>&nbsp;&nbsp;&nbsp;HAL_UART_RxCpltCallback
</UL>

<P><STRONG><a name="[47]"></a>GPIO1_IRQHandler</STRONG> (Thumb, 10 bytes, Stack size 8 bytes, sn34f78x_it.o(i.GPIO1_IRQHandler))
<BR><BR>[Stack]<UL><LI>Max Depth = 48<LI>Call Chain = GPIO1_IRQHandler &rArr; HAL_GPIO_IRQHandler &rArr; HAL_GPIO_Callback &rArr; time_now
</UL>
<BR>[Calls]<UL><LI><a href="#[c7]">&gt;&gt;</a>&nbsp;&nbsp;&nbsp;HAL_GPIO_IRQHandler
</UL>
<BR>[Address Reference Count : 1]<UL><LI> startup_sn34f780.o(RESET)
</UL>
<P><STRONG><a name="[45]"></a>GPIO3_IRQHandler</STRONG> (Thumb, 10 bytes, Stack size 8 bytes, sn34f78x_it.o(i.GPIO3_IRQHandler))
<BR><BR>[Stack]<UL><LI>Max Depth = 48<LI>Call Chain = GPIO3_IRQHandler &rArr; HAL_GPIO_IRQHandler &rArr; HAL_GPIO_Callback &rArr; time_now
</UL>
<BR>[Calls]<UL><LI><a href="#[c7]">&gt;&gt;</a>&nbsp;&nbsp;&nbsp;HAL_GPIO_IRQHandler
</UL>
<BR>[Address Reference Count : 1]<UL><LI> startup_sn34f780.o(RESET)
</UL>
<P><STRONG><a name="[12c]"></a>Get_state</STRONG> (Thumb, 6 bytes, Stack size 0 bytes, system_management.o(i.Get_state))
<BR><BR>[Called By]<UL><LI><a href="#[12a]">&gt;&gt;</a>&nbsp;&nbsp;&nbsp;main_task
<LI><a href="#[11e]">&gt;&gt;</a>&nbsp;&nbsp;&nbsp;mode_event
</UL>

<P><STRONG><a name="[c8]"></a>HAL_CRC_DeInit</STRONG> (Thumb, 48 bytes, Stack size 8 bytes, sn34f78x_hal_crc.o(i.HAL_CRC_DeInit))
<BR><BR>[Stack]<UL><LI>Max Depth = 8<LI>Call Chain = HAL_CRC_DeInit
</UL>
<BR>[Calls]<UL><LI><a href="#[c9]">&gt;&gt;</a>&nbsp;&nbsp;&nbsp;HAL_CRC_MspDeInit
</UL>
<BR>[Called By]<UL><LI><a href="#[12b]">&gt;&gt;</a>&nbsp;&nbsp;&nbsp;uninit
</UL>

<P><STRONG><a name="[ca]"></a>HAL_CRC_Init</STRONG> (Thumb, 54 bytes, Stack size 8 bytes, sn34f78x_hal_crc.o(i.HAL_CRC_Init))
<BR><BR>[Stack]<UL><LI>Max Depth = 8<LI>Call Chain = HAL_CRC_Init
</UL>
<BR>[Calls]<UL><LI><a href="#[cb]">&gt;&gt;</a>&nbsp;&nbsp;&nbsp;HAL_CRC_MspInit
</UL>
<BR>[Called By]<UL><LI><a href="#[120]">&gt;&gt;</a>&nbsp;&nbsp;&nbsp;sn34f7_CRC_Init
</UL>

<P><STRONG><a name="[c9]"></a>HAL_CRC_MspDeInit</STRONG> (Thumb, 24 bytes, Stack size 0 bytes, sn34f78x_hal_msp.o(i.HAL_CRC_MspDeInit))
<BR><BR>[Called By]<UL><LI><a href="#[c8]">&gt;&gt;</a>&nbsp;&nbsp;&nbsp;HAL_CRC_DeInit
</UL>

<P><STRONG><a name="[cb]"></a>HAL_CRC_MspInit</STRONG> (Thumb, 36 bytes, Stack size 0 bytes, sn34f78x_hal_msp.o(i.HAL_CRC_MspInit))
<BR><BR>[Called By]<UL><LI><a href="#[ca]">&gt;&gt;</a>&nbsp;&nbsp;&nbsp;HAL_CRC_Init
</UL>

<P><STRONG><a name="[11b]"></a>HAL_DMA_GetError</STRONG> (Thumb, 6 bytes, Stack size 0 bytes, sn34f78x_hal_dma.o(i.HAL_DMA_GetError))
<BR><BR>[Called By]<UL><LI><a href="#[63]">&gt;&gt;</a>&nbsp;&nbsp;&nbsp;_tpm_dma_xfer_error_callback
</UL>

<P><STRONG><a name="[4e]"></a>HAL_DMA_MspDeInit</STRONG> (Thumb, 2 bytes, Stack size 0 bytes, sn34f78x_hal_dma.o(i.HAL_DMA_MspDeInit))
<BR>[Address Reference Count : 1]<UL><LI> sn34f78x_hal_dma.o(i.HAL_DMA_UnRegisterCallback)
</UL>
<P><STRONG><a name="[4d]"></a>HAL_DMA_MspInit</STRONG> (Thumb, 2 bytes, Stack size 0 bytes, sn34f78x_hal_dma.o(i.HAL_DMA_MspInit))
<BR>[Address Reference Count : 1]<UL><LI> sn34f78x_hal_dma.o(i.HAL_DMA_UnRegisterCallback)
</UL>
<P><STRONG><a name="[f6]"></a>HAL_DMA_RegisterCallback</STRONG> (Thumb, 76 bytes, Stack size 0 bytes, sn34f78x_hal_dma.o(i.HAL_DMA_RegisterCallback))
<BR><BR>[Called By]<UL><LI><a href="#[f3]">&gt;&gt;</a>&nbsp;&nbsp;&nbsp;HAL_UART_Init
<LI><a href="#[ed]">&gt;&gt;</a>&nbsp;&nbsp;&nbsp;_register_dma_callback
</UL>

<P><STRONG><a name="[f2]"></a>HAL_DMA_UnRegisterCallback</STRONG> (Thumb, 106 bytes, Stack size 0 bytes, sn34f78x_hal_dma.o(i.HAL_DMA_UnRegisterCallback))
<BR><BR>[Called By]<UL><LI><a href="#[f1]">&gt;&gt;</a>&nbsp;&nbsp;&nbsp;HAL_UART_DeInit
</UL>

<P><STRONG><a name="[cc]"></a>HAL_DeInit</STRONG> (Thumb, 10 bytes, Stack size 8 bytes, sn34f78x_hal.o(i.HAL_DeInit))
<BR><BR>[Stack]<UL><LI>Max Depth = 8<LI>Call Chain = HAL_DeInit
</UL>
<BR>[Calls]<UL><LI><a href="#[cd]">&gt;&gt;</a>&nbsp;&nbsp;&nbsp;HAL_MspDeInit
</UL>
<BR>[Called By]<UL><LI><a href="#[12b]">&gt;&gt;</a>&nbsp;&nbsp;&nbsp;uninit
</UL>

<P><STRONG><a name="[ce]"></a>HAL_FLASHEx_ConfigProgram</STRONG> (Thumb, 48 bytes, Stack size 16 bytes, sn34f78x_hal_flash_ex.o(i.HAL_FLASHEx_ConfigProgram))
<BR><BR>[Stack]<UL><LI>Max Depth = 48<LI>Call Chain = HAL_FLASHEx_ConfigProgram &rArr; FLASH_CLKFreq_Config &rArr; FLASH_WaitForLastOperation
</UL>
<BR>[Calls]<UL><LI><a href="#[bd]">&gt;&gt;</a>&nbsp;&nbsp;&nbsp;FLASH_CLKFreq_Config
<LI><a href="#[bb]">&gt;&gt;</a>&nbsp;&nbsp;&nbsp;FLASH_AUTOHold_Config
</UL>
<BR>[Called By]<UL><LI><a href="#[dc]">&gt;&gt;</a>&nbsp;&nbsp;&nbsp;HAL_InitFlash
<LI><a href="#[e0]">&gt;&gt;</a>&nbsp;&nbsp;&nbsp;HAL_RCC_ClockConfig
<LI><a href="#[10e]">&gt;&gt;</a>&nbsp;&nbsp;&nbsp;SystemClock_Config
</UL>

<P><STRONG><a name="[cf]"></a>HAL_FLASHEx_GetConfig</STRONG> (Thumb, 58 bytes, Stack size 8 bytes, sn34f78x_hal_flash_ex.o(i.HAL_FLASHEx_GetConfig))
<BR><BR>[Stack]<UL><LI>Max Depth = 64<LI>Call Chain = HAL_FLASHEx_GetConfig &rArr; FLASH_GetSMWRP &rArr; FLASH_Protect_GetStatus &rArr; FLASH_WaitForLastOperation
</UL>
<BR>[Calls]<UL><LI><a href="#[c4]">&gt;&gt;</a>&nbsp;&nbsp;&nbsp;FLASH_GetSMWRP
<LI><a href="#[c3]">&gt;&gt;</a>&nbsp;&nbsp;&nbsp;FLASH_GetRDP
<LI><a href="#[c1]">&gt;&gt;</a>&nbsp;&nbsp;&nbsp;FLASH_GetMMWRP
<LI><a href="#[c0]">&gt;&gt;</a>&nbsp;&nbsp;&nbsp;FLASH_GetCLKFreq
<LI><a href="#[bf]">&gt;&gt;</a>&nbsp;&nbsp;&nbsp;FLASH_GetBOOTFlag
<LI><a href="#[be]">&gt;&gt;</a>&nbsp;&nbsp;&nbsp;FLASH_GetAUTOHold
</UL>
<BR>[Called By]<UL><LI><a href="#[e0]">&gt;&gt;</a>&nbsp;&nbsp;&nbsp;HAL_RCC_ClockConfig
</UL>

<P><STRONG><a name="[d0]"></a>HAL_GPIO_Callback</STRONG> (Thumb, 88 bytes, Stack size 16 bytes, sn34f78x_hal_msp.o(i.HAL_GPIO_Callback))
<BR><BR>[Stack]<UL><LI>Max Depth = 24<LI>Call Chain = HAL_GPIO_Callback &rArr; time_now
</UL>
<BR>[Calls]<UL><LI><a href="#[d1]">&gt;&gt;</a>&nbsp;&nbsp;&nbsp;time_now
</UL>
<BR>[Called By]<UL><LI><a href="#[c7]">&gt;&gt;</a>&nbsp;&nbsp;&nbsp;HAL_GPIO_IRQHandler
</UL>

<P><STRONG><a name="[d2]"></a>HAL_GPIO_ChangeClockMode</STRONG> (Thumb, 14 bytes, Stack size 0 bytes, sn34f78x_hal_gpio.o(i.HAL_GPIO_ChangeClockMode))
<BR><BR>[Called By]<UL><LI><a href="#[c7]">&gt;&gt;</a>&nbsp;&nbsp;&nbsp;HAL_GPIO_IRQHandler
</UL>

<P><STRONG><a name="[133]"></a>HAL_GPIO_ConfigDebounce</STRONG> (Thumb, 36 bytes, Stack size 8 bytes, sn34f78x_hal_gpio.o(i.HAL_GPIO_ConfigDebounce))
<BR><BR>[Stack]<UL><LI>Max Depth = 8<LI>Call Chain = HAL_GPIO_ConfigDebounce
</UL>
<BR>[Called By]<UL><LI><a href="#[126]">&gt;&gt;</a>&nbsp;&nbsp;&nbsp;sn34f7_GPIO_Init
</UL>

<P><STRONG><a name="[c7]"></a>HAL_GPIO_IRQHandler</STRONG> (Thumb, 52 bytes, Stack size 16 bytes, sn34f78x_hal_gpio.o(i.HAL_GPIO_IRQHandler))
<BR><BR>[Stack]<UL><LI>Max Depth = 40<LI>Call Chain = HAL_GPIO_IRQHandler &rArr; HAL_GPIO_Callback &rArr; time_now
</UL>
<BR>[Calls]<UL><LI><a href="#[d0]">&gt;&gt;</a>&nbsp;&nbsp;&nbsp;HAL_GPIO_Callback
<LI><a href="#[d2]">&gt;&gt;</a>&nbsp;&nbsp;&nbsp;HAL_GPIO_ChangeClockMode
</UL>
<BR>[Called By]<UL><LI><a href="#[45]">&gt;&gt;</a>&nbsp;&nbsp;&nbsp;GPIO3_IRQHandler
<LI><a href="#[47]">&gt;&gt;</a>&nbsp;&nbsp;&nbsp;GPIO1_IRQHandler
</UL>

<P><STRONG><a name="[d3]"></a>HAL_GPIO_Init</STRONG> (Thumb, 134 bytes, Stack size 32 bytes, sn34f78x_hal_gpio.o(i.HAL_GPIO_Init))
<BR><BR>[Stack]<UL><LI>Max Depth = 80<LI>Call Chain = HAL_GPIO_Init &rArr; _gpio_config_pin_str &rArr; _gpio_get_pin_str
</UL>
<BR>[Calls]<UL><LI><a href="#[d4]">&gt;&gt;</a>&nbsp;&nbsp;&nbsp;_gpio_config_pin_str
<LI><a href="#[d5]">&gt;&gt;</a>&nbsp;&nbsp;&nbsp;_gpio_config_irq
</UL>
<BR>[Called By]<UL><LI><a href="#[126]">&gt;&gt;</a>&nbsp;&nbsp;&nbsp;sn34f7_GPIO_Init
</UL>

<P><STRONG><a name="[d6]"></a>HAL_GPIO_SetAFIO</STRONG> (Thumb, 108 bytes, Stack size 48 bytes, sn34f78x_hal_gpio.o(i.HAL_GPIO_SetAFIO))
<BR><BR>[Stack]<UL><LI>Max Depth = 48<LI>Call Chain = HAL_GPIO_SetAFIO
</UL>
<BR>[Calls]<UL><LI><a href="#[d7]">&gt;&gt;</a>&nbsp;&nbsp;&nbsp;_pinmux_get_port_pos
</UL>
<BR>[Called By]<UL><LI><a href="#[5a]">&gt;&gt;</a>&nbsp;&nbsp;&nbsp;HAL_UART_MspInit
<LI><a href="#[59]">&gt;&gt;</a>&nbsp;&nbsp;&nbsp;HAL_UART_MspDeInit
<LI><a href="#[e8]">&gt;&gt;</a>&nbsp;&nbsp;&nbsp;HAL_RCC_OscConfig
</UL>

<P><STRONG><a name="[100]"></a>HAL_GPIO_TogglePin</STRONG> (Thumb, 22 bytes, Stack size 0 bytes, sn34f78x_hal_gpio.o(i.HAL_GPIO_TogglePin))
<BR><BR>[Called By]<UL><LI><a href="#[65]">&gt;&gt;</a>&nbsp;&nbsp;&nbsp;HAL_UART_RxCpltCallback
</UL>

<P><STRONG><a name="[112]"></a>HAL_GPIO_WritePin</STRONG> (Thumb, 14 bytes, Stack size 0 bytes, sn34f78x_hal_gpio.o(i.HAL_GPIO_WritePin))
<BR><BR>[Called By]<UL><LI><a href="#[126]">&gt;&gt;</a>&nbsp;&nbsp;&nbsp;sn34f7_GPIO_Init
<LI><a href="#[129]">&gt;&gt;</a>&nbsp;&nbsp;&nbsp;led_mode_3
<LI><a href="#[128]">&gt;&gt;</a>&nbsp;&nbsp;&nbsp;led_mode_2
<LI><a href="#[127]">&gt;&gt;</a>&nbsp;&nbsp;&nbsp;led_mode_1
<LI><a href="#[10b]">&gt;&gt;</a>&nbsp;&nbsp;&nbsp;TURN_ON_ALL_LED
<LI><a href="#[10c]">&gt;&gt;</a>&nbsp;&nbsp;&nbsp;TURN_OFF_ALL_LED
<LI><a href="#[107]">&gt;&gt;</a>&nbsp;&nbsp;&nbsp;execute_action
</UL>

<P><STRONG><a name="[d8]"></a>HAL_GetNewHCLKFreq</STRONG> (Thumb, 88 bytes, Stack size 16 bytes, sn34f78x_hal_rcc.o(i.HAL_GetNewHCLKFreq))
<BR><BR>[Stack]<UL><LI>Max Depth = 16<LI>Call Chain = HAL_GetNewHCLKFreq
</UL>
<BR>[Calls]<UL><LI><a href="#[d9]">&gt;&gt;</a>&nbsp;&nbsp;&nbsp;HAL_RCC_GetPLLCLKFreq
</UL>
<BR>[Called By]<UL><LI><a href="#[e0]">&gt;&gt;</a>&nbsp;&nbsp;&nbsp;HAL_RCC_ClockConfig
</UL>

<P><STRONG><a name="[c5]"></a>HAL_GetTick</STRONG> (Thumb, 6 bytes, Stack size 0 bytes, sn34f78x_hal_systick.o(i.HAL_GetTick))
<BR><BR>[Called By]<UL><LI><a href="#[d1]">&gt;&gt;</a>&nbsp;&nbsp;&nbsp;time_now
<LI><a href="#[e8]">&gt;&gt;</a>&nbsp;&nbsp;&nbsp;HAL_RCC_OscConfig
<LI><a href="#[e0]">&gt;&gt;</a>&nbsp;&nbsp;&nbsp;HAL_RCC_ClockConfig
<LI><a href="#[101]">&gt;&gt;</a>&nbsp;&nbsp;&nbsp;HAL_UART_Transmit
<LI><a href="#[bc]">&gt;&gt;</a>&nbsp;&nbsp;&nbsp;FLASH_WaitForLastOperation
</UL>

<P><STRONG><a name="[e4]"></a>HAL_GetTickPrio</STRONG> (Thumb, 6 bytes, Stack size 0 bytes, sn34f78x_hal_systick.o(i.HAL_GetTickPrio))
<BR><BR>[Called By]<UL><LI><a href="#[e0]">&gt;&gt;</a>&nbsp;&nbsp;&nbsp;HAL_RCC_ClockConfig
</UL>

<P><STRONG><a name="[10d]"></a>HAL_IncTick</STRONG> (Thumb, 16 bytes, Stack size 0 bytes, sn34f78x_hal_systick.o(i.HAL_IncTick))
<BR><BR>[Called By]<UL><LI><a href="#[c]">&gt;&gt;</a>&nbsp;&nbsp;&nbsp;SysTick_Handler
</UL>

<P><STRONG><a name="[da]"></a>HAL_Init</STRONG> (Thumb, 20 bytes, Stack size 8 bytes, sn34f78x_hal.o(i.HAL_Init))
<BR><BR>[Stack]<UL><LI>Max Depth = 104<LI>Call Chain = HAL_Init &rArr; HAL_InitFlash &rArr; HAL_FLASHEx_ConfigProgram &rArr; FLASH_CLKFreq_Config &rArr; FLASH_WaitForLastOperation
</UL>
<BR>[Calls]<UL><LI><a href="#[db]">&gt;&gt;</a>&nbsp;&nbsp;&nbsp;HAL_InitTick
<LI><a href="#[dc]">&gt;&gt;</a>&nbsp;&nbsp;&nbsp;HAL_InitFlash
<LI><a href="#[dd]">&gt;&gt;</a>&nbsp;&nbsp;&nbsp;HAL_MspInit
</UL>
<BR>[Called By]<UL><LI><a href="#[86]">&gt;&gt;</a>&nbsp;&nbsp;&nbsp;main
</UL>

<P><STRONG><a name="[dc]"></a>HAL_InitFlash</STRONG> (Thumb, 50 bytes, Stack size 48 bytes, sn34f78x_hal_flash.o(i.HAL_InitFlash))
<BR><BR>[Stack]<UL><LI>Max Depth = 96<LI>Call Chain = HAL_InitFlash &rArr; HAL_FLASHEx_ConfigProgram &rArr; FLASH_CLKFreq_Config &rArr; FLASH_WaitForLastOperation
</UL>
<BR>[Calls]<UL><LI><a href="#[ce]">&gt;&gt;</a>&nbsp;&nbsp;&nbsp;HAL_FLASHEx_ConfigProgram
</UL>
<BR>[Called By]<UL><LI><a href="#[da]">&gt;&gt;</a>&nbsp;&nbsp;&nbsp;HAL_Init
</UL>

<P><STRONG><a name="[db]"></a>HAL_InitTick</STRONG> (Thumb, 214 bytes, Stack size 32 bytes, sn34f78x_hal_systick.o(i.HAL_InitTick))
<BR><BR>[Stack]<UL><LI>Max Depth = 40<LI>Call Chain = HAL_InitTick &rArr; SystemCoreClockUpdate
</UL>
<BR>[Calls]<UL><LI><a href="#[de]">&gt;&gt;</a>&nbsp;&nbsp;&nbsp;SystemCoreClockUpdate
<LI><a href="#[df]">&gt;&gt;</a>&nbsp;&nbsp;&nbsp;__NVIC_SetPriority
</UL>
<BR>[Called By]<UL><LI><a href="#[e0]">&gt;&gt;</a>&nbsp;&nbsp;&nbsp;HAL_RCC_ClockConfig
<LI><a href="#[da]">&gt;&gt;</a>&nbsp;&nbsp;&nbsp;HAL_Init
</UL>

<P><STRONG><a name="[cd]"></a>HAL_MspDeInit</STRONG> (Thumb, 2 bytes, Stack size 0 bytes, sn34f78x_hal_msp.o(i.HAL_MspDeInit))
<BR><BR>[Called By]<UL><LI><a href="#[cc]">&gt;&gt;</a>&nbsp;&nbsp;&nbsp;HAL_DeInit
</UL>

<P><STRONG><a name="[dd]"></a>HAL_MspInit</STRONG> (Thumb, 2 bytes, Stack size 0 bytes, sn34f78x_hal_msp.o(i.HAL_MspInit))
<BR><BR>[Called By]<UL><LI><a href="#[da]">&gt;&gt;</a>&nbsp;&nbsp;&nbsp;HAL_Init
</UL>

<P><STRONG><a name="[e0]"></a>HAL_RCC_ClockConfig</STRONG> (Thumb, 376 bytes, Stack size 72 bytes, sn34f78x_hal_rcc.o(i.HAL_RCC_ClockConfig))
<BR><BR>[Stack]<UL><LI>Max Depth = 136<LI>Call Chain = HAL_RCC_ClockConfig &rArr; HAL_FLASHEx_GetConfig &rArr; FLASH_GetSMWRP &rArr; FLASH_Protect_GetStatus &rArr; FLASH_WaitForLastOperation
</UL>
<BR>[Calls]<UL><LI><a href="#[e4]">&gt;&gt;</a>&nbsp;&nbsp;&nbsp;HAL_GetTickPrio
<LI><a href="#[c5]">&gt;&gt;</a>&nbsp;&nbsp;&nbsp;HAL_GetTick
<LI><a href="#[cf]">&gt;&gt;</a>&nbsp;&nbsp;&nbsp;HAL_FLASHEx_GetConfig
<LI><a href="#[e2]">&gt;&gt;</a>&nbsp;&nbsp;&nbsp;RCC_FCS_Command
<LI><a href="#[e3]">&gt;&gt;</a>&nbsp;&nbsp;&nbsp;HAL_RCC_GetSysClockFreq
<LI><a href="#[d8]">&gt;&gt;</a>&nbsp;&nbsp;&nbsp;HAL_GetNewHCLKFreq
<LI><a href="#[db]">&gt;&gt;</a>&nbsp;&nbsp;&nbsp;HAL_InitTick
<LI><a href="#[ce]">&gt;&gt;</a>&nbsp;&nbsp;&nbsp;HAL_FLASHEx_ConfigProgram
<LI><a href="#[e1]">&gt;&gt;</a>&nbsp;&nbsp;&nbsp;__aeabi_memcpy4
</UL>
<BR>[Called By]<UL><LI><a href="#[10e]">&gt;&gt;</a>&nbsp;&nbsp;&nbsp;SystemClock_Config
</UL>

<P><STRONG><a name="[e5]"></a>HAL_RCC_GetAPB0CLKFreq</STRONG> (Thumb, 18 bytes, Stack size 4 bytes, sn34f78x_hal_rcc.o(i.HAL_RCC_GetAPB0CLKFreq))
<BR><BR>[Stack]<UL><LI>Max Depth = 12<LI>Call Chain = HAL_RCC_GetAPB0CLKFreq &rArr; HAL_RCC_GetHCLKFreq &rArr; HAL_RCC_GetSysClockFreq
</UL>
<BR>[Calls]<UL><LI><a href="#[e6]">&gt;&gt;</a>&nbsp;&nbsp;&nbsp;HAL_RCC_GetHCLKFreq
</UL>
<BR>[Called By]<UL><LI><a href="#[11c]">&gt;&gt;</a>&nbsp;&nbsp;&nbsp;_uart_set_baudrate
</UL>

<P><STRONG><a name="[e7]"></a>HAL_RCC_GetAPB1CLKFreq</STRONG> (Thumb, 18 bytes, Stack size 4 bytes, sn34f78x_hal_rcc.o(i.HAL_RCC_GetAPB1CLKFreq))
<BR><BR>[Stack]<UL><LI>Max Depth = 12<LI>Call Chain = HAL_RCC_GetAPB1CLKFreq &rArr; HAL_RCC_GetHCLKFreq &rArr; HAL_RCC_GetSysClockFreq
</UL>
<BR>[Calls]<UL><LI><a href="#[e6]">&gt;&gt;</a>&nbsp;&nbsp;&nbsp;HAL_RCC_GetHCLKFreq
</UL>
<BR>[Called By]<UL><LI><a href="#[11c]">&gt;&gt;</a>&nbsp;&nbsp;&nbsp;_uart_set_baudrate
</UL>

<P><STRONG><a name="[110]"></a>HAL_RCC_GetClockConfig</STRONG> (Thumb, 52 bytes, Stack size 0 bytes, sn34f78x_hal_rcc.o(i.HAL_RCC_GetClockConfig))
<BR><BR>[Called By]<UL><LI><a href="#[10e]">&gt;&gt;</a>&nbsp;&nbsp;&nbsp;SystemClock_Config
</UL>

<P><STRONG><a name="[e6]"></a>HAL_RCC_GetHCLKFreq</STRONG> (Thumb, 18 bytes, Stack size 4 bytes, sn34f78x_hal_rcc.o(i.HAL_RCC_GetHCLKFreq))
<BR><BR>[Stack]<UL><LI>Max Depth = 8<LI>Call Chain = HAL_RCC_GetHCLKFreq &rArr; HAL_RCC_GetSysClockFreq
</UL>
<BR>[Calls]<UL><LI><a href="#[e3]">&gt;&gt;</a>&nbsp;&nbsp;&nbsp;HAL_RCC_GetSysClockFreq
</UL>
<BR>[Called By]<UL><LI><a href="#[e7]">&gt;&gt;</a>&nbsp;&nbsp;&nbsp;HAL_RCC_GetAPB1CLKFreq
<LI><a href="#[e5]">&gt;&gt;</a>&nbsp;&nbsp;&nbsp;HAL_RCC_GetAPB0CLKFreq
<LI><a href="#[11c]">&gt;&gt;</a>&nbsp;&nbsp;&nbsp;_uart_set_baudrate
</UL>

<P><STRONG><a name="[d9]"></a>HAL_RCC_GetPLLCLKFreq</STRONG> (Thumb, 82 bytes, Stack size 0 bytes, sn34f78x_hal_rcc.o(i.HAL_RCC_GetPLLCLKFreq))
<BR><BR>[Called By]<UL><LI><a href="#[e3]">&gt;&gt;</a>&nbsp;&nbsp;&nbsp;HAL_RCC_GetSysClockFreq
<LI><a href="#[d8]">&gt;&gt;</a>&nbsp;&nbsp;&nbsp;HAL_GetNewHCLKFreq
<LI><a href="#[11c]">&gt;&gt;</a>&nbsp;&nbsp;&nbsp;_uart_set_baudrate
</UL>

<P><STRONG><a name="[e3]"></a>HAL_RCC_GetSysClockFreq</STRONG> (Thumb, 48 bytes, Stack size 4 bytes, sn34f78x_hal_rcc.o(i.HAL_RCC_GetSysClockFreq))
<BR><BR>[Stack]<UL><LI>Max Depth = 4<LI>Call Chain = HAL_RCC_GetSysClockFreq
</UL>
<BR>[Calls]<UL><LI><a href="#[d9]">&gt;&gt;</a>&nbsp;&nbsp;&nbsp;HAL_RCC_GetPLLCLKFreq
</UL>
<BR>[Called By]<UL><LI><a href="#[e6]">&gt;&gt;</a>&nbsp;&nbsp;&nbsp;HAL_RCC_GetHCLKFreq
<LI><a href="#[e0]">&gt;&gt;</a>&nbsp;&nbsp;&nbsp;HAL_RCC_ClockConfig
</UL>

<P><STRONG><a name="[e8]"></a>HAL_RCC_OscConfig</STRONG> (Thumb, 572 bytes, Stack size 16 bytes, sn34f78x_hal_rcc.o(i.HAL_RCC_OscConfig))
<BR><BR>[Stack]<UL><LI>Max Depth = 64<LI>Call Chain = HAL_RCC_OscConfig &rArr; RCC_FCS_Command
</UL>
<BR>[Calls]<UL><LI><a href="#[c5]">&gt;&gt;</a>&nbsp;&nbsp;&nbsp;HAL_GetTick
<LI><a href="#[e2]">&gt;&gt;</a>&nbsp;&nbsp;&nbsp;RCC_FCS_Command
<LI><a href="#[d6]">&gt;&gt;</a>&nbsp;&nbsp;&nbsp;HAL_GPIO_SetAFIO
</UL>
<BR>[Called By]<UL><LI><a href="#[10e]">&gt;&gt;</a>&nbsp;&nbsp;&nbsp;SystemClock_Config
</UL>

<P><STRONG><a name="[56]"></a>HAL_TPM_BreakCallback</STRONG> (Thumb, 2 bytes, Stack size 0 bytes, sn34f78x_hal_tpm.o(i.HAL_TPM_BreakCallback))
<BR>[Address Reference Count : 2]<UL><LI> sn34f78x_hal_tpm.o(i.HAL_TPM_Init)
<LI> sn34f78x_hal_tpm.o(i._reset_callback)
</UL>
<P><STRONG><a name="[57]"></a>HAL_TPM_CaptureCallback</STRONG> (Thumb, 2 bytes, Stack size 0 bytes, sn34f78x_hal_tpm.o(i.HAL_TPM_CaptureCallback))
<BR>[Address Reference Count : 2]<UL><LI> sn34f78x_hal_tpm.o(i.HAL_TPM_Init)
<LI> sn34f78x_hal_tpm.o(i._reset_callback)
</UL>
<P><STRONG><a name="[e9]"></a>HAL_TPM_DeInit</STRONG> (Thumb, 80 bytes, Stack size 8 bytes, sn34f78x_hal_tpm.o(i.HAL_TPM_DeInit))
<BR><BR>[Stack]<UL><LI>Max Depth = 8<LI>Call Chain = HAL_TPM_DeInit
</UL>
<BR>[Calls]<UL><LI><a href="#[ea]">&gt;&gt;</a>&nbsp;&nbsp;&nbsp;_reset_callback
<LI><a href="#[eb]">&gt;&gt;</a>&nbsp;&nbsp;&nbsp;_reset_base
</UL>
<BR>[Called By]<UL><LI><a href="#[12b]">&gt;&gt;</a>&nbsp;&nbsp;&nbsp;uninit
</UL>

<P><STRONG><a name="[58]"></a>HAL_TPM_ErrorCallback</STRONG> (Thumb, 2 bytes, Stack size 0 bytes, sn34f78x_hal_tpm.o(i.HAL_TPM_ErrorCallback))
<BR>[Address Reference Count : 2]<UL><LI> sn34f78x_hal_tpm.o(i.HAL_TPM_Init)
<LI> sn34f78x_hal_tpm.o(i._reset_callback)
</UL>
<P><STRONG><a name="[ec]"></a>HAL_TPM_Init</STRONG> (Thumb, 278 bytes, Stack size 8 bytes, sn34f78x_hal_tpm.o(i.HAL_TPM_Init))
<BR><BR>[Stack]<UL><LI>Max Depth = 24<LI>Call Chain = HAL_TPM_Init &rArr; _register_dma_callback
</UL>
<BR>[Calls]<UL><LI><a href="#[ee]">&gt;&gt;</a>&nbsp;&nbsp;&nbsp;_tpm_set_index
<LI><a href="#[ed]">&gt;&gt;</a>&nbsp;&nbsp;&nbsp;_register_dma_callback
</UL>
<BR>[Called By]<UL><LI><a href="#[125]">&gt;&gt;</a>&nbsp;&nbsp;&nbsp;sn34f7_TPM0_Init
</UL>

<P><STRONG><a name="[52]"></a>HAL_TPM_MspDeInit</STRONG> (Thumb, 2 bytes, Stack size 0 bytes, sn34f78x_hal_tpm.o(i.HAL_TPM_MspDeInit))
<BR>[Address Reference Count : 3]<UL><LI> sn34f78x_hal_tpm.o(i.HAL_TPM_DeInit)
<LI> sn34f78x_hal_tpm.o(i.HAL_TPM_Init)
<LI> sn34f78x_hal_tpm.o(i._reset_callback)
</UL>
<P><STRONG><a name="[53]"></a>HAL_TPM_MspInit</STRONG> (Thumb, 2 bytes, Stack size 0 bytes, sn34f78x_hal_tpm.o(i.HAL_TPM_MspInit))
<BR>[Address Reference Count : 2]<UL><LI> sn34f78x_hal_tpm.o(i.HAL_TPM_Init)
<LI> sn34f78x_hal_tpm.o(i._reset_callback)
</UL>
<P><STRONG><a name="[ef]"></a>HAL_TPM_OC_ConfigChannel</STRONG> (Thumb, 326 bytes, Stack size 16 bytes, sn34f78x_hal_tpm.o(i.HAL_TPM_OC_ConfigChannel))
<BR><BR>[Stack]<UL><LI>Max Depth = 60<LI>Call Chain = HAL_TPM_OC_ConfigChannel &rArr; _config_channel_oc &rArr; _config_channel_pwm &rArr; _config_channel_base
</UL>
<BR>[Calls]<UL><LI><a href="#[f0]">&gt;&gt;</a>&nbsp;&nbsp;&nbsp;_config_channel_oc
</UL>
[...]
</UL>

<P><STRONG><a name="[c2]"></a>FLASH_Protect_GetStatus</STRONG> (Thumb, 110 bytes, Stack size 32 bytes, sn34f78x_hal_flash_ex.o(i.FLASH_Protect_GetStatus))
<BR><BR>[Stack]<UL><LI>Max Depth = 48<LI>Call Chain = FLASH_Protect_GetStatus &rArr; FLASH_WaitForLastOperation
</UL>
<BR>[Calls]<UL><LI><a href="#[bc]">&gt;&gt;</a>&nbsp;&nbsp;&nbsp;FLASH_WaitForLastOperation
</UL>
<BR>[Called By]<UL><LI><a href="#[c4]">&gt;&gt;</a>&nbsp;&nbsp;&nbsp;FLASH_GetSMWRP
<LI><a href="#[c3]">&gt;&gt;</a>&nbsp;&nbsp;&nbsp;FLASH_GetRDP
<LI><a href="#[c1]">&gt;&gt;</a>&nbsp;&nbsp;&nbsp;FLASH_GetMMWRP
</UL>

<P><STRONG><a name="[df]"></a>__NVIC_SetPriority</STRONG> (Thumb, 32 bytes, Stack size 8 bytes, sn34f78x_hal_systick.o(i.__NVIC_SetPriority))
<BR><BR>[Stack]<UL><LI>Max Depth = 8<LI>Call Chain = __NVIC_SetPriority
</UL>
<BR>[Called By]<UL><LI><a href="#[db]">&gt;&gt;</a>&nbsp;&nbsp;&nbsp;HAL_InitTick
</UL>

<P><STRONG><a name="[aa]"></a>_uart_abort_rx</STRONG> (Thumb, 52 bytes, Stack size 0 bytes, sn34f78x_hal_uart.o(ISR), UNUSED)
<BR><BR>[Called By]<UL><LI><a href="#[af]">&gt;&gt;</a>&nbsp;&nbsp;&nbsp;HAL_UART_AbortReceive_IT
<LI><a href="#[ad]">&gt;&gt;</a>&nbsp;&nbsp;&nbsp;HAL_UART_Abort_IT
<LI><a href="#[ac]">&gt;&gt;</a>&nbsp;&nbsp;&nbsp;HAL_UART_AbortReceive
<LI><a href="#[a8]">&gt;&gt;</a>&nbsp;&nbsp;&nbsp;HAL_UART_Abort
</UL>

<P><STRONG><a name="[a9]"></a>_uart_abort_tx</STRONG> (Thumb, 56 bytes, Stack size 0 bytes, sn34f78x_hal_uart.o(ISR), UNUSED)
<BR><BR>[Called By]<UL><LI><a href="#[ae]">&gt;&gt;</a>&nbsp;&nbsp;&nbsp;HAL_UART_AbortTransmit_IT
<LI><a href="#[ad]">&gt;&gt;</a>&nbsp;&nbsp;&nbsp;HAL_UART_Abort_IT
<LI><a href="#[ab]">&gt;&gt;</a>&nbsp;&nbsp;&nbsp;HAL_UART_AbortTransmit
<LI><a href="#[a8]">&gt;&gt;</a>&nbsp;&nbsp;&nbsp;HAL_UART_Abort
</UL>

<P><STRONG><a name="[b6]"></a>_uart_ms_handle</STRONG> (Thumb, 6 bytes, Stack size 0 bytes, sn34f78x_hal_uart.o(ISR))
<BR><BR>[Called By]<UL><LI><a href="#[b4]">&gt;&gt;</a>&nbsp;&nbsp;&nbsp;HAL_UART_IRQHandler
</UL>

<P><STRONG><a name="[b1]"></a>_uart_transmit_complete</STRONG> (Thumb, 30 bytes, Stack size 16 bytes, sn34f78x_hal_uart.o(ISR))
<BR><BR>[Stack]<UL><LI>Max Depth = 16<LI>Call Chain = _uart_transmit_complete
</UL>
<BR>[Called By]<UL><LI><a href="#[b0]">&gt;&gt;</a>&nbsp;&nbsp;&nbsp;_uart_thre_handle
</UL>

<P><STRONG><a name="[b0]"></a>_uart_thre_handle</STRONG> (Thumb, 56 bytes, Stack size 16 bytes, sn34f78x_hal_uart.o(ISR))
<BR><BR>[Stack]<UL><LI>Max Depth = 32<LI>Call Chain = _uart_thre_handle &rArr; _uart_transmit_complete
</UL>
<BR>[Calls]<UL><LI><a href="#[b1]">&gt;&gt;</a>&nbsp;&nbsp;&nbsp;_uart_transmit_complete
</UL>
<BR>[Called By]<UL><LI><a href="#[b4]">&gt;&gt;</a>&nbsp;&nbsp;&nbsp;HAL_UART_IRQHandler
</UL>

<P><STRONG><a name="[b3]"></a>_uart_receive_complete</STRONG> (Thumb, 38 bytes, Stack size 16 bytes, sn34f78x_hal_uart.o(ISR))
<BR><BR>[Stack]<UL><LI>Max Depth = 16<LI>Call Chain = _uart_receive_complete
</UL>
<BR>[Called By]<UL><LI><a href="#[b2]">&gt;&gt;</a>&nbsp;&nbsp;&nbsp;_uart_rda_handle
</UL>

<P><STRONG><a name="[b2]"></a>_uart_rda_handle</STRONG> (Thumb, 66 bytes, Stack size 16 bytes, sn34f78x_hal_uart.o(ISR))
<BR><BR>[Stack]<UL><LI>Max Depth = 32<LI>Call Chain = _uart_rda_handle &rArr; _uart_receive_complete
</UL>
<BR>[Calls]<UL><LI><a href="#[b3]">&gt;&gt;</a>&nbsp;&nbsp;&nbsp;_uart_receive_complete
</UL>
<BR>[Called By]<UL><LI><a href="#[b4]">&gt;&gt;</a>&nbsp;&nbsp;&nbsp;HAL_UART_IRQHandler
</UL>

<P><STRONG><a name="[b5]"></a>_uart_rls_handle</STRONG> (Thumb, 90 bytes, Stack size 24 bytes, sn34f78x_hal_uart.o(ISR))
<BR><BR>[Stack]<UL><LI>Max Depth = 24<LI>Call Chain = _uart_rls_handle
</UL>
<BR>[Called By]<UL><LI><a href="#[b4]">&gt;&gt;</a>&nbsp;&nbsp;&nbsp;HAL_UART_IRQHandler
</UL>

<P><STRONG><a name="[60]"></a>_uart_dma_rx_abort_callback</STRONG> (Thumb, 18 bytes, Stack size 16 bytes, sn34f78x_hal_uart.o(i._uart_dma_rx_abort_callback))
<BR><BR>[Stack]<UL><LI>Max Depth = 16<LI>Call Chain = _uart_dma_rx_abort_callback
</UL>
<BR>[Address Reference Count : 1]<UL><LI> sn34f78x_hal_uart.o(i.HAL_UART_Init)
</UL>
<P><STRONG><a name="[f7]"></a>_uart_dma_rx_check</STRONG> (Thumb, 32 bytes, Stack size 0 bytes, sn34f78x_hal_uart.o(i._uart_dma_rx_check))
<BR><BR>[Called By]<UL><LI><a href="#[f3]">&gt;&gt;</a>&nbsp;&nbsp;&nbsp;HAL_UART_Init
</UL>

<P><STRONG><a name="[5e]"></a>_uart_dma_rx_cplt_callback</STRONG> (Thumb, 18 bytes, Stack size 16 bytes, sn34f78x_hal_uart.o(i._uart_dma_rx_cplt_callback))
<BR><BR>[Stack]<UL><LI>Max Depth = 16<LI>Call Chain = _uart_dma_rx_cplt_callback
</UL>
<BR>[Address Reference Count : 1]<UL><LI> sn34f78x_hal_uart.o(i.HAL_UART_Init)
</UL>
<P><STRONG><a name="[5f]"></a>_uart_dma_rx_err_callback</STRONG> (Thumb, 26 bytes, Stack size 16 bytes, sn34f78x_hal_uart.o(i._uart_dma_rx_err_callback))
<BR><BR>[Stack]<UL><LI>Max Depth = 16<LI>Call Chain = _uart_dma_rx_err_callback
</UL>
<BR>[Address Reference Count : 1]<UL><LI> sn34f78x_hal_uart.o(i.HAL_UART_Init)
</UL>
<P><STRONG><a name="[5d]"></a>_uart_dma_tx_abort_callback</STRONG> (Thumb, 18 bytes, Stack size 16 bytes, sn34f78x_hal_uart.o(i._uart_dma_tx_abort_callback))
<BR><BR>[Stack]<UL><LI>Max Depth = 16<LI>Call Chain = _uart_dma_tx_abort_callback
</UL>
<BR>[Address Reference Count : 1]<UL><LI> sn34f78x_hal_uart.o(i.HAL_UART_Init)
</UL>
<P><STRONG><a name="[f5]"></a>_uart_dma_tx_check</STRONG> (Thumb, 32 bytes, Stack size 0 bytes, sn34f78x_hal_uart.o(i._uart_dma_tx_check))
<BR><BR>[Called By]<UL><LI><a href="#[f3]">&gt;&gt;</a>&nbsp;&nbsp;&nbsp;HAL_UART_Init
</UL>

<P><STRONG><a name="[5b]"></a>_uart_dma_tx_cplt_callback</STRONG> (Thumb, 18 bytes, Stack size 16 bytes, sn34f78x_hal_uart.o(i._uart_dma_tx_cplt_callback))
<BR><BR>[Stack]<UL><LI>Max Depth = 16<LI>Call Chain = _uart_dma_tx_cplt_callback
</UL>
<BR>[Address Reference Count : 1]<UL><LI> sn34f78x_hal_uart.o(i.HAL_UART_Init)
</UL>
<P><STRONG><a name="[5c]"></a>_uart_dma_tx_err_callback</STRONG> (Thumb, 26 bytes, Stack size 16 bytes, sn34f78x_hal_uart.o(i._uart_dma_tx_err_callback))
<BR><BR>[Stack]<UL><LI>Max Depth = 16<LI>Call Chain = _uart_dma_tx_err_callback
</UL>
<BR>[Address Reference Count : 1]<UL><LI> sn34f78x_hal_uart.o(i.HAL_UART_Init)
</UL>
<P><STRONG><a name="[fd]"></a>_uart_get_rxtl</STRONG> (Thumb, 32 bytes, Stack size 0 bytes, sn34f78x_hal_uart.o(i._uart_get_rxtl))
<BR><BR>[Called By]<UL><LI><a href="#[fc]">&gt;&gt;</a>&nbsp;&nbsp;&nbsp;HAL_UART_Receive_IT
<LI><a href="#[ba]">&gt;&gt;</a>&nbsp;&nbsp;&nbsp;HAL_UART_Transmit_IT
</UL>

<P><STRONG><a name="[f4]"></a>_uart_init_callbacks_default</STRONG> (Thumb, 26 bytes, Stack size 0 bytes, sn34f78x_hal_uart.o(i._uart_init_callbacks_default))
<BR><BR>[Called By]<UL><LI><a href="#[f3]">&gt;&gt;</a>&nbsp;&nbsp;&nbsp;HAL_UART_Init
</UL>

<P><STRONG><a name="[11c]"></a>_uart_set_baudrate</STRONG> (Thumb, 344 bytes, Stack size 56 bytes, sn34f78x_hal_uart.o(i._uart_set_baudrate))
<BR><BR>[Stack]<UL><LI>Max Depth = 68<LI>Call Chain = _uart_set_baudrate &rArr; HAL_RCC_GetAPB1CLKFreq &rArr; HAL_RCC_GetHCLKFreq &rArr; HAL_RCC_GetSysClockFreq
</UL>
<BR>[Calls]<UL><LI><a href="#[d9]">&gt;&gt;</a>&nbsp;&nbsp;&nbsp;HAL_RCC_GetPLLCLKFreq
<LI><a href="#[e6]">&gt;&gt;</a>&nbsp;&nbsp;&nbsp;HAL_RCC_GetHCLKFreq
<LI><a href="#[e7]">&gt;&gt;</a>&nbsp;&nbsp;&nbsp;HAL_RCC_GetAPB1CLKFreq
<LI><a href="#[e5]">&gt;&gt;</a>&nbsp;&nbsp;&nbsp;HAL_RCC_GetAPB0CLKFreq
</UL>
<BR>[Called By]<UL><LI><a href="#[f8]">&gt;&gt;</a>&nbsp;&nbsp;&nbsp;_uart_set_config
</UL>

<P><STRONG><a name="[f8]"></a>_uart_set_config</STRONG> (Thumb, 172 bytes, Stack size 16 bytes, sn34f78x_hal_uart.o(i._uart_set_config))
<BR><BR>[Stack]<UL><LI>Max Depth = 84<LI>Call Chain = _uart_set_config &rArr; _uart_set_baudrate &rArr; HAL_RCC_GetAPB1CLKFreq &rArr; HAL_RCC_GetHCLKFreq &rArr; HAL_RCC_GetSysClockFreq
</UL>
<BR>[Calls]<UL><LI><a href="#[11c]">&gt;&gt;</a>&nbsp;&nbsp;&nbsp;_uart_set_baudrate
</UL>
<BR>[Called By]<UL><LI><a href="#[f3]">&gt;&gt;</a>&nbsp;&nbsp;&nbsp;HAL_UART_Init
</UL>

<P><STRONG><a name="[71]"></a>_break_irq</STRONG> (Thumb, 60 bytes, Stack size 16 bytes, sn34f78x_hal_tpm.o(i._break_irq))
<BR><BR>[Stack]<UL><LI>Max Depth = 16<LI>Call Chain = _break_irq
</UL>
<BR>[Address Reference Count : 1]<UL><LI> sn34f78x_hal_tpm.o(.data)
</UL>
<P><STRONG><a name="[70]"></a>_cap_irq</STRONG> (Thumb, 60 bytes, Stack size 16 bytes, sn34f78x_hal_tpm.o(i._cap_irq))
<BR><BR>[Stack]<UL><LI>Max Depth = 16<LI>Call Chain = _cap_irq
</UL>
<BR>[Address Reference Count : 1]<UL><LI> sn34f78x_hal_tpm.o(.data)
</UL>
<P><STRONG><a name="[114]"></a>_config_channel_base</STRONG> (Thumb, 188 bytes, Stack size 12 bytes, sn34f78x_hal_tpm.o(i._config_channel_base))
<BR><BR>[Stack]<UL><LI>Max Depth = 12<LI>Call Chain = _config_channel_base
</UL>
<BR>[Called By]<UL><LI><a href="#[115]">&gt;&gt;</a>&nbsp;&nbsp;&nbsp;_config_channel_pwm
<LI><a href="#[f0]">&gt;&gt;</a>&nbsp;&nbsp;&nbsp;_config_channel_oc
</UL>

<P><STRONG><a name="[f0]"></a>_config_channel_oc</STRONG> (Thumb, 280 bytes, Stack size 16 bytes, sn34f78x_hal_tpm.o(i._config_channel_oc))
<BR><BR>[Stack]<UL><LI>Max Depth = 44<LI>Call Chain = _config_channel_oc &rArr; _config_channel_pwm &rArr; _config_channel_base
</UL>
<BR>[Calls]<UL><LI><a href="#[115]">&gt;&gt;</a>&nbsp;&nbsp;&nbsp;_config_channel_pwm
<LI><a href="#[114]">&gt;&gt;</a>&nbsp;&nbsp;&nbsp;_config_channel_base
</UL>
<BR>[Called By]<UL><LI><a href="#[ef]">&gt;&gt;</a>&nbsp;&nbsp;&nbsp;HAL_TPM_OC_ConfigChannel
</UL>

<P><STRONG><a name="[115]"></a>_config_channel_pwm</STRONG> (Thumb, 180 bytes, Stack size 16 bytes, sn34f78x_hal_tpm.o(i._config_channel_pwm))
<BR><BR>[Stack]<UL><LI>Max Depth = 28<LI>Call Chain = _config_channel_pwm &rArr; _config_channel_base
</UL>
<BR>[Calls]<UL><LI><a href="#[114]">&gt;&gt;</a>&nbsp;&nbsp;&nbsp;_config_channel_base
</UL>
<BR>[Called By]<UL><LI><a href="#[f0]">&gt;&gt;</a>&nbsp;&nbsp;&nbsp;_config_channel_oc
</UL>

<P><STRONG><a name="[6f]"></a>_mr_irq</STRONG> (Thumb, 132 bytes, Stack size 16 bytes, sn34f78x_hal_tpm.o(i._mr_irq))
<BR><BR>[Stack]<UL><LI>Max Depth = 16<LI>Call Chain = _mr_irq
</UL>
<BR>[Called By]<UL><LI><a href="#[6d]">&gt;&gt;</a>&nbsp;&nbsp;&nbsp;_tpm_6_7_irq
</UL>
<BR>[Address Reference Count : 1]<UL><LI> sn34f78x_hal_tpm.o(.data)
</UL>
<P><STRONG><a name="[ed]"></a>_register_dma_callback</STRONG> (Thumb, 92 bytes, Stack size 16 bytes, sn34f78x_hal_tpm.o(i._register_dma_callback))
<BR><BR>[Stack]<UL><LI>Max Depth = 16<LI>Call Chain = _register_dma_callback
</UL>
<BR>[Calls]<UL><LI><a href="#[f6]">&gt;&gt;</a>&nbsp;&nbsp;&nbsp;HAL_DMA_RegisterCallback
</UL>
<BR>[Called By]<UL><LI><a href="#[ec]">&gt;&gt;</a>&nbsp;&nbsp;&nbsp;HAL_TPM_Init
</UL>

<P><STRONG><a name="[eb]"></a>_reset_base</STRONG> (Thumb, 30 bytes, Stack size 0 bytes, sn34f78x_hal_tpm.o(i._reset_base))
<BR><BR>[Called By]<UL><LI><a href="#[e9]">&gt;&gt;</a>&nbsp;&nbsp;&nbsp;HAL_TPM_DeInit
</UL>

<P><STRONG><a name="[ea]"></a>_reset_callback</STRONG> (Thumb, 30 bytes, Stack size 0 bytes, sn34f78x_hal_tpm.o(i._reset_callback))
<BR><BR>[Called By]<UL><LI><a href="#[e9]">&gt;&gt;</a>&nbsp;&nbsp;&nbsp;HAL_TPM_DeInit
</UL>

<P><STRONG><a name="[117]"></a>_stop_capture</STRONG> (Thumb, 70 bytes, Stack size 8 bytes, sn34f78x_hal_tpm.o(i._stop_capture))
<BR><BR>[Stack]<UL><LI>Max Depth = 20<LI>Call Chain = _stop_capture &rArr; _tpm_is_busy
</UL>
<BR>[Calls]<UL><LI><a href="#[118]">&gt;&gt;</a>&nbsp;&nbsp;&nbsp;_tpm_is_busy
<LI><a href="#[119]">&gt;&gt;</a>&nbsp;&nbsp;&nbsp;_tpm_disable
</UL>
<BR>[Called By]<UL><LI><a href="#[61]">&gt;&gt;</a>&nbsp;&nbsp;&nbsp;_tpm_dma_xfer_capture_callback
</UL>

<P><STRONG><a name="[6a]"></a>_tpm_0_1_2_5_irq</STRONG> (Thumb, 16 bytes, Stack size 8 bytes, sn34f78x_hal_tpm.o(i._tpm_0_1_2_5_irq))
<BR><BR>[Stack]<UL><LI>Max Depth = 40<LI>Call Chain = _tpm_0_1_2_5_irq &rArr; _tpm_irq_kernel
</UL>
<BR>[Calls]<UL><LI><a href="#[11a]">&gt;&gt;</a>&nbsp;&nbsp;&nbsp;_tpm_irq_kernel
</UL>
<BR>[Address Reference Count : 1]<UL><LI> sn34f78x_hal_tpm.o(.data)
</UL>
<P><STRONG><a name="[6b]"></a>_tpm_3_irq</STRONG> (Thumb, 16 bytes, Stack size 8 bytes, sn34f78x_hal_tpm.o(i._tpm_3_irq))
<BR><BR>[Stack]<UL><LI>Max Depth = 40<LI>Call Chain = _tpm_3_irq &rArr; _tpm_irq_kernel
</UL>
<BR>[Calls]<UL><LI><a href="#[11a]">&gt;&gt;</a>&nbsp;&nbsp;&nbsp;_tpm_irq_kernel
</UL>
<BR>[Address Reference Count : 1]<UL><LI> sn34f78x_hal_tpm.o(.data)
</UL>
<P><STRONG><a name="[6c]"></a>_tpm_4_irq</STRONG> (Thumb, 16 bytes, Stack size 8 bytes, sn34f78x_hal_tpm.o(i._tpm_4_irq))
<BR><BR>[Stack]<UL><LI>Max Depth = 40<LI>Call Chain = _tpm_4_irq &rArr; _tpm_irq_kernel
</UL>
<BR>[Calls]<UL><LI><a href="#[11a]">&gt;&gt;</a>&nbsp;&nbsp;&nbsp;_tpm_irq_kernel
</UL>
<BR>[Address Reference Count : 1]<UL><LI> sn34f78x_hal_tpm.o(.data)
</UL>
<P><STRONG><a name="[6d]"></a>_tpm_6_7_irq</STRONG> (Thumb, 52 bytes, Stack size 8 bytes, sn34f78x_hal_tpm.o(i._tpm_6_7_irq))
<BR><BR>[Stack]<UL><LI>Max Depth = 24<LI>Call Chain = _tpm_6_7_irq &rArr; _mr_irq
</UL>
<BR>[Calls]<UL><LI><a href="#[6f]">&gt;&gt;</a>&nbsp;&nbsp;&nbsp;_mr_irq
</UL>
<BR>[Address Reference Count : 1]<UL><LI> sn34f78x_hal_tpm.o(.data)
</UL>
<P><STRONG><a name="[6e]"></a>_tpm_8_irq</STRONG> (Thumb, 16 bytes, Stack size 8 bytes, sn34f78x_hal_tpm.o(i._tpm_8_irq))
<BR><BR>[Stack]<UL><LI>Max Depth = 40<LI>Call Chain = _tpm_8_irq &rArr; _tpm_irq_kernel
</UL>
<BR>[Calls]<UL><LI><a href="#[11a]">&gt;&gt;</a>&nbsp;&nbsp;&nbsp;_tpm_irq_kernel
</UL>
<BR>[Address Reference Count : 1]<UL><LI> sn34f78x_hal_tpm.o(.data)
</UL>
<P><STRONG><a name="[119]"></a>_tpm_disable</STRONG> (Thumb, 44 bytes, Stack size 0 bytes, sn34f78x_hal_tpm.o(i._tpm_disable))
<BR><BR>[Called By]<UL><LI><a href="#[117]">&gt;&gt;</a>&nbsp;&nbsp;&nbsp;_stop_capture
</UL>

<P><STRONG><a name="[61]"></a>_tpm_dma_xfer_capture_callback</STRONG> (Thumb, 24 bytes, Stack size 16 bytes, sn34f78x_hal_tpm.o(i._tpm_dma_xfer_capture_callback))
<BR><BR>[Stack]<UL><LI>Max Depth = 36<LI>Call Chain = _tpm_dma_xfer_capture_callback &rArr; _stop_capture &rArr; _tpm_is_busy
</UL>
<BR>[Calls]<UL><LI><a href="#[117]">&gt;&gt;</a>&nbsp;&nbsp;&nbsp;_stop_capture
</UL>
<BR>[Address Reference Count : 1]<UL><LI> sn34f78x_hal_tpm.o(i._register_dma_callback)
</UL>
<P><STRONG><a name="[62]"></a>_tpm_dma_xfer_delay_pulse_callback</STRONG> (Thumb, 92 bytes, Stack size 16 bytes, sn34f78x_hal_tpm.o(i._tpm_dma_xfer_delay_pulse_callback))
<BR><BR>[Stack]<UL><LI>Max Depth = 16<LI>Call Chain = _tpm_dma_xfer_delay_pulse_callback
</UL>
<BR>[Address Reference Count : 1]<UL><LI> sn34f78x_hal_tpm.o(i._register_dma_callback)
</UL>
<P><STRONG><a name="[63]"></a>_tpm_dma_xfer_error_callback</STRONG> (Thumb, 30 bytes, Stack size 16 bytes, sn34f78x_hal_tpm.o(i._tpm_dma_xfer_error_callback))
<BR><BR>[Stack]<UL><LI>Max Depth = 16<LI>Call Chain = _tpm_dma_xfer_error_callback
</UL>
<BR>[Calls]<UL><LI><a href="#[11b]">&gt;&gt;</a>&nbsp;&nbsp;&nbsp;HAL_DMA_GetError
</UL>
<BR>[Address Reference Count : 1]<UL><LI> sn34f78x_hal_tpm.o(i._register_dma_callback)
</UL>
<P><STRONG><a name="[11a]"></a>_tpm_irq_kernel</STRONG> (Thumb, 100 bytes, Stack size 32 bytes, sn34f78x_hal_tpm.o(i._tpm_irq_kernel))
<BR><BR>[Stack]<UL><LI>Max Depth = 32<LI>Call Chain = _tpm_irq_kernel
</UL>
<BR>[Called By]<UL><LI><a href="#[6e]">&gt;&gt;</a>&nbsp;&nbsp;&nbsp;_tpm_8_irq
<LI><a href="#[6c]">&gt;&gt;</a>&nbsp;&nbsp;&nbsp;_tpm_4_irq
<LI><a href="#[6b]">&gt;&gt;</a>&nbsp;&nbsp;&nbsp;_tpm_3_irq
<LI><a href="#[6a]">&gt;&gt;</a>&nbsp;&nbsp;&nbsp;_tpm_0_1_2_5_irq
</UL>

<P><STRONG><a name="[118]"></a>_tpm_is_busy</STRONG> (Thumb, 54 bytes, Stack size 12 bytes, sn34f78x_hal_tpm.o(i._tpm_is_busy))
<BR><BR>[Stack]<UL><LI>Max Depth = 12<LI>Call Chain = _tpm_is_busy
</UL>
<BR>[Called By]<UL><LI><a href="#[117]">&gt;&gt;</a>&nbsp;&nbsp;&nbsp;_stop_capture
</UL>

<P><STRONG><a name="[ee]"></a>_tpm_set_index</STRONG> (Thumb, 144 bytes, Stack size 0 bytes, sn34f78x_hal_tpm.o(i._tpm_set_index))
<BR><BR>[Called By]<UL><LI><a href="#[ec]">&gt;&gt;</a>&nbsp;&nbsp;&nbsp;HAL_TPM_Init
</UL>

<P><STRONG><a name="[b8]"></a>DEBUG_PRINT_IT</STRONG> (Thumb, 30 bytes, Stack size 16 bytes, main_task.o(i.DEBUG_PRINT_IT))
<BR><BR>[Stack]<UL><LI>Max Depth = 48<LI>Call Chain = DEBUG_PRINT_IT &rArr; HAL_UART_Transmit_IT
</UL>
<BR>[Calls]<UL><LI><a href="#[ba]">&gt;&gt;</a>&nbsp;&nbsp;&nbsp;HAL_UART_Transmit_IT
<LI><a href="#[b9]">&gt;&gt;</a>&nbsp;&nbsp;&nbsp;strlen
</UL>
<BR>[Called By]<UL><LI><a href="#[12e]">&gt;&gt;</a>&nbsp;&nbsp;&nbsp;run_mode_1
<LI><a href="#[107]">&gt;&gt;</a>&nbsp;&nbsp;&nbsp;execute_action
</UL>

<P><STRONG><a name="[106]"></a>Process_action</STRONG> (Thumb, 12 bytes, Stack size 8 bytes, main_task.o(i.Process_action))
<BR><BR>[Stack]<UL><LI>Max Depth = 536 + Unknown Stack Size
<LI>Call Chain = Process_action &rArr; execute_action &rArr; mode_event &rArr; run_mode_1 &rArr; __2snprintf &rArr; _printf_char_common &rArr; __printf
</UL>
<BR>[Calls]<UL><LI><a href="#[107]">&gt;&gt;</a>&nbsp;&nbsp;&nbsp;execute_action
</UL>
<BR>[Called By]<UL><LI><a href="#[12a]">&gt;&gt;</a>&nbsp;&nbsp;&nbsp;main_task
</UL>

<P><STRONG><a name="[107]"></a>execute_action</STRONG> (Thumb, 210 bytes, Stack size 16 bytes, main_task.o(i.execute_action))
<BR><BR>[Stack]<UL><LI>Max Depth = 528 + Unknown Stack Size
<LI>Call Chain = execute_action &rArr; mode_event &rArr; run_mode_1 &rArr; __2snprintf &rArr; _printf_char_common &rArr; __printf
</UL>
<BR>[Calls]<UL><LI><a href="#[113]">&gt;&gt;</a>&nbsp;&nbsp;&nbsp;UART1_StartReceive_IT
<LI><a href="#[112]">&gt;&gt;</a>&nbsp;&nbsp;&nbsp;HAL_GPIO_WritePin
<LI><a href="#[10a]">&gt;&gt;</a>&nbsp;&nbsp;&nbsp;Set_event
<LI><a href="#[104]">&gt;&gt;</a>&nbsp;&nbsp;&nbsp;HLK_Init
<LI><a href="#[11e]">&gt;&gt;</a>&nbsp;&nbsp;&nbsp;mode_event
<LI><a href="#[109]">&gt;&gt;</a>&nbsp;&nbsp;&nbsp;RUN_SHUTDOWN_EVENT
<LI><a href="#[11d]">&gt;&gt;</a>&nbsp;&nbsp;&nbsp;s_initialize_peripheral
<LI><a href="#[b8]">&gt;&gt;</a>&nbsp;&nbsp;&nbsp;DEBUG_PRINT_IT
</UL>
<BR>[Called By]<UL><LI><a href="#[106]">&gt;&gt;</a>&nbsp;&nbsp;&nbsp;Process_action
</UL>

<P><STRONG><a name="[11d]"></a>s_initialize_peripheral</STRONG> (Thumb, 4 bytes, Stack size 0 bytes, main_task.o(i.s_initialize_peripheral))
<BR><BR>[Called By]<UL><LI><a href="#[107]">&gt;&gt;</a>&nbsp;&nbsp;&nbsp;execute_action
</UL>

<P><STRONG><a name="[102]"></a>fr_reset</STRONG> (Thumb, 12 bytes, Stack size 0 bytes, hlk_ld2460.o(i.fr_reset))
<BR><BR>[Called By]<UL><LI><a href="#[fe]">&gt;&gt;</a>&nbsp;&nbsp;&nbsp;HLK_FeedByte
<LI><a href="#[104]">&gt;&gt;</a>&nbsp;&nbsp;&nbsp;HLK_Init
</UL>

<P><STRONG><a name="[103]"></a>parse_report</STRONG> (Thumb, 322 bytes, Stack size 56 bytes, hlk_ld2460.o(i.parse_report))
<BR><BR>[Stack]<UL><LI>Max Depth = 56<LI>Call Chain = parse_report
</UL>
<BR>[Calls]<UL><LI><a href="#[131]">&gt;&gt;</a>&nbsp;&nbsp;&nbsp;u16_le
</UL>
<BR>[Called By]<UL><LI><a href="#[fe]">&gt;&gt;</a>&nbsp;&nbsp;&nbsp;HLK_FeedByte
</UL>

<P><STRONG><a name="[131]"></a>u16_le</STRONG> (Thumb, 12 bytes, Stack size 0 bytes, hlk_ld2460.o(i.u16_le))
<BR><BR>[Called By]<UL><LI><a href="#[103]">&gt;&gt;</a>&nbsp;&nbsp;&nbsp;parse_report
</UL>

<P><STRONG><a name="[93]"></a>_fp_digits</STRONG> (Thumb, 432 bytes, Stack size 96 bytes, _printf_fp_dec.o(.text))
<BR><BR>[Stack]<UL><LI>Max Depth = 220<LI>Call Chain = _fp_digits &rArr; _btod_etento &rArr; _btod_emul &rArr; _e2e
</UL>
<BR>[Calls]<UL><LI><a href="#[97]">&gt;&gt;</a>&nbsp;&nbsp;&nbsp;_btod_emul
<LI><a href="#[96]">&gt;&gt;</a>&nbsp;&nbsp;&nbsp;_btod_ediv
<LI><a href="#[95]">&gt;&gt;</a>&nbsp;&nbsp;&nbsp;_btod_d2e
<LI><a href="#[94]">&gt;&gt;</a>&nbsp;&nbsp;&nbsp;_btod_etento
<LI><a href="#[98]">&gt;&gt;</a>&nbsp;&nbsp;&nbsp;_ll_udiv10
</UL>
<BR>[Called By]<UL><LI><a href="#[99]">&gt;&gt;</a>&nbsp;&nbsp;&nbsp;_printf_fp_dec_real
</UL>

<P><STRONG><a name="[4c]"></a>_printf_input_char</STRONG> (Thumb, 10 bytes, Stack size 0 bytes, _printf_char_common.o(.text))
<BR>[Address Reference Count : 1]<UL><LI> _printf_char_common.o(.text)
</UL><P>
<H3>
Undefined Global Symbols
</H3><HR></body></html>
