<html>
<body>
<pre>
<h1>µVision Build Log</h1>
<h2>Tool Versions:</h2>
IDE-Version: µVision V5.31.0.0
Copyright (C) 2020 ARM Ltd and ARM Germany GmbH. All rights reserved.
License Information: ggf dà fas fas  ff, fasf fsa ffasf, LIC=21E4T-R8ZSE-DYRV3-AU5PS-00QQA-3CNDD
 
Tool Versions:
Toolchain:       MDK-ARM Plus  Version: 5.31.0.0
Toolchain Path:  D:\APP\Kelic_Arm_V5\ARM\ARMCC\Bin
C Compiler:      Armcc.exe V5.06 update 6 (build 750)
Assembler:       Armasm.exe V5.06 update 6 (build 750)
Linker/Locator:  ArmLink.exe V5.06 update 6 (build 750)
Library Manager: ArmAr.exe V5.06 update 6 (build 750)
Hex Converter:   FromElf.exe V5.06 update 6 (build 750)
CPU DLL:         SARMCM3.DLL V5.31.0.0
Dialog DLL:      DCM.DLL V1.17.3.0
Target DLL:      SNLINK\SNLINK.dll V1.0.0.4
Dialog DLL:      TCM.DLL V1.46.0.0
 
<h2>Project:</h2>
D:\01_Projects\0_1_MCU_HLK_LD2460\Kelic_Sonix\ADEV - Copy (2)\ADEV.uvprojx
Project File Date:  11/12/2025

<h2>Output:</h2>
*** Using Compiler 'V5.06 update 6 (build 750)', folder: 'D:\APP\Kelic_Arm_V5\ARM\ARMCC\Bin'
Rebuild target 'Target 1'
compiling sn34f78x_it.c...
compiling sn34f78x_hal.c...
compiling main.c...
compiling init.c...
compiling sn34f78x_hal_msp.c...
compiling sn34f78x_hal_gpio.c...
compiling sn34f78x_hal_rcc.c...
compiling sn34f78x_hal_flash.c...
compiling sn34f78x_hal_systick.c...
compiling sn34f78x_hal_assert.c...
compiling sn34f78x_hal_flash_ex.c...
compiling sn34f78x_hal_scu.c...
compiling sn34f78x_hal_uart.c...
compiling sn34f78x_hal_tpm.c...
compiling cbuffer.c...
compiling sn34f78x_hal_crc.c...
compiling common.c...
compiling sn34f78x_hal_dma.c...
compiling hlk_ld2460.c...
assembling startup_SN34F780.s...
compiling System_Management.c...
compiling main_task.c...
LIB\Main_task\main_task.c(60): warning:  #1295-D: Deprecated declaration Process_system - give arg types
  static uint8_t Process_system();
LIB\Main_task\main_task.c(61): warning:  #1295-D: Deprecated declaration s_initialize_peripheral - give arg types
  static ERROR_CODE_T s_initialize_peripheral();
LIB\Main_task\main_task.c(82): warning:  #1295-D: Deprecated declaration time_now - give arg types
  void time_now();
LIB\Main_task\main_task.c(30): warning:  #550-D: variable "s_run_at_first"  was set but never used
  static uint8_t s_run_at_first         = TRUE_;
LIB\Main_task\main_task.c(218): warning:  #177-D: function "Process_system"  was declared but never referenced
  static uint8_t Process_system()
LIB\Main_task\main_task.c(197): warning:  #177-D: function "shuttdown_action"  was declared but never referenced
  static void shuttdown_action(void)
LIB\Main_task\main_task.c(202): warning:  #177-D: function "Process_state_RUN"  was declared but never referenced
  static ERROR_CODE_T Process_state_RUN(void)
LIB\Main_task\main_task.c: 7 warnings, 0 errors
compiling fpga.c...
compiling control_led.c...
LIB\control_led\control_led.c(8): warning:  #1295-D: Deprecated declaration green_display - give arg types
  static void green_display();
LIB\control_led\control_led.c(9): warning:  #1295-D: Deprecated declaration red_display - give arg types
  static void red_display();
LIB\control_led\control_led.c(10): warning:  #1295-D: Deprecated declaration blue_display - give arg types
  static void blue_display();
LIB\control_led\control_led.c(11): warning:  #1295-D: Deprecated declaration orange_display - give arg types
  static void orange_display();
LIB\control_led\control_led.c(44): warning:  #177-D: function "green_display"  was declared but never referenced
  static void green_display()
LIB\control_led\control_led.c(51): warning:  #177-D: function "red_display"  was declared but never referenced
  static void red_display()
LIB\control_led\control_led.c(58): warning:  #177-D: function "blue_display"  was declared but never referenced
  static void blue_display()
LIB\control_led\control_led.c(65): warning:  #177-D: function "orange_display"  was declared but never referenced
  static void orange_display()
LIB\control_led\control_led.c(12): warning:  #177-D: function "control_led"  was declared but never referenced
  static void control_led(SystemState_t state);
LIB\control_led\control_led.c: 9 warnings, 0 errors
compiling system_SN34F780.c...
linking...
Program Size: Code=19608 RO-data=2088 RW-data=120 ZI-data=2944  
FromELF: creating hex file...
After Build - User command #1: D:\APP\kelic_8051\UV4\HexConvert.exe SN34F780 "D:\01_Projects\0_1_MCU_HLK_LD2460\Kelic_Sonix\ADEV - Copy (2)\Objects\01_Test.HEX" RW
INI_Ver = V47
EXE_Ver = V30
CheckSum = 0x5875
".\Objects\01_Test.axf" - 0 Error(s), 16 Warning(s).

<h2>Software Packages used:</h2>

Package Vendor: ARM
                http://www.keil.com/pack/ARM.CMSIS.5.7.0.pack
                ARM.CMSIS.5.7.0
                CMSIS (Cortex Microcontroller Software Interface Standard)
   * Component: CORE Version: 5.4.0

Package Vendor: SONiX
                https://liveupdate.sonix.com.tw/sonix/develop_tool/MCU/DFP/SONiX.SN34F7_DFP.2.0.4.pack
                SONiX.SN34F7_DFP.2.0.4
                SONiX SN34F7 Series Device Support and Examples
   * Component: Startup Version: 2.0.2

<h2>Collection of Component include folders:</h2>
  .\RTE\_Target_1
  D:\APP\Kelic_Arm_V5\Arm\Packs\ARM\CMSIS\5.7.0\CMSIS\Core\Include
  D:\APP\Kelic_Arm_V5\Arm\Packs\SONiX\SN34F7_DFP\2.0.4\Device\Include

<h2>Collection of Component Files used:</h2>

   * Component: ARM::CMSIS:CORE:5.4.0

   * Component: SONiX::Device:Startup:2.0.2
      Source file:   Device\Source\ARM\startup_SN34F780.s
      Source file:   Device\Source\system_SN34F780.c
Build Time Elapsed:  00:00:05
</pre>
</body>
</html>
