Component: ARM Compiler 5.06 update 6 (build 750) Tool: armlink [4d35ed]

==============================================================================

Section Cross References

    main.o(i.SystemClock_Config) refers to rt_memclr_w.o(.text) for __aeabi_memclr4
    main.o(i.SystemClock_Config) refers to sn34f78x_hal_rcc.o(i.HAL_RCC_GetClockConfig) for HAL_RCC_GetClockConfig
    main.o(i.SystemClock_Config) refers to rt_memcpy_w.o(.text) for __aeabi_memcpy4
    main.o(i.SystemClock_Config) refers to sn34f78x_hal_flash_ex.o(i.HAL_FLASHEx_ConfigProgram) for HAL_FLASHEx_ConfigProgram
    main.o(i.SystemClock_Config) refers to main.o(i.Error_Handler) for Error_Handler
    main.o(i.SystemClock_Config) refers to sn34f78x_hal_rcc.o(i.HAL_RCC_OscConfig) for HAL_RCC_OscConfig
    main.o(i.SystemClock_Config) refers to sn34f78x_hal_rcc.o(i.HAL_RCC_ClockConfig) for HAL_RCC_ClockConfig
    main.o(i.SystemClock_Config) refers to main.o(.constdata) for .constdata
    main.o(i.main) refers to sn34f78x_hal.o(i.HAL_Init) for HAL_Init
    main.o(i.main) refers to main.o(i.SystemClock_Config) for SystemClock_Config
    main.o(i.main) refers to init.o(i.init) for init
    main.o(i.main) refers to main_task.o(i.main_task) for main_task
    main.o(i.main) refers to init.o(i.uninit) for uninit
    main.o(i.main) refers to main.o(i.Error_Handler) for Error_Handler
    sn34f78x_it.o(i.CT16B0_IRQHandler) refers to sn34f78x_hal_tpm.o(ISR) for HAL_TPM_IRQHandler
    sn34f78x_it.o(i.CT16B0_IRQHandler) refers to init.o(.bss) for TPM0_Handle
    sn34f78x_it.o(i.GPIO1_IRQHandler) refers to sn34f78x_hal_gpio.o(i.HAL_GPIO_IRQHandler) for HAL_GPIO_IRQHandler
    sn34f78x_it.o(i.GPIO3_IRQHandler) refers to sn34f78x_hal_gpio.o(i.HAL_GPIO_IRQHandler) for HAL_GPIO_IRQHandler
    sn34f78x_it.o(i.SCU_IRQHandler) refers to sn34f78x_hal_scu.o(ISR) for HAL_SCU_IRQHandler
    sn34f78x_it.o(i.SysTick_Handler) refers to sn34f78x_hal_systick.o(i.HAL_IncTick) for HAL_IncTick
    sn34f78x_it.o(i.UART0_IRQHandler) refers to sn34f78x_hal_uart.o(ISR) for HAL_UART_IRQHandler
    sn34f78x_it.o(i.UART0_IRQHandler) refers to init.o(.bss) for UART0_Handle
    sn34f78x_it.o(i.UART1_IRQHandler) refers to sn34f78x_hal_uart.o(ISR) for HAL_UART_IRQHandler
    sn34f78x_it.o(i.UART1_IRQHandler) refers to init.o(.bss) for UART1_Handle
    sn34f78x_it.o(i.UART2_IRQHandler) refers to sn34f78x_hal_uart.o(ISR) for HAL_UART_IRQHandler
    sn34f78x_it.o(i.UART2_IRQHandler) refers to init.o(.bss) for UART2_Handle
    sn34f78x_it.o(i.UART3_IRQHandler) refers to sn34f78x_hal_uart.o(ISR) for HAL_UART_IRQHandler
    sn34f78x_it.o(i.UART3_IRQHandler) refers to init.o(.bss) for UART3_Handle
    init.o(i.init) refers to init.o(i.sn34f7_CRC_Init) for sn34f7_CRC_Init
    init.o(i.init) refers to init.o(i.sn34f7_UART0_Init) for sn34f7_UART0_Init
    init.o(i.init) refers to init.o(i.sn34f7_UART1_Init) for sn34f7_UART1_Init
    init.o(i.init) refers to init.o(i.sn34f7_UART2_Init) for sn34f7_UART2_Init
    init.o(i.init) refers to init.o(i.sn34f7_UART3_Init) for sn34f7_UART3_Init
    init.o(i.init) refers to init.o(i.sn34f7_TPM0_Init) for sn34f7_TPM0_Init
    init.o(i.init) refers to init.o(i.sn34f7_GPIO_Init) for sn34f7_GPIO_Init
    init.o(i.sn34f7_CRC_Init) refers to sn34f78x_hal_crc.o(i.HAL_CRC_Init) for HAL_CRC_Init
    init.o(i.sn34f7_CRC_Init) refers to init.o(.bss) for CRC_Handle
    init.o(i.sn34f7_GPIO_Init) refers to sn34f78x_hal_gpio.o(i.HAL_GPIO_Init) for HAL_GPIO_Init
    init.o(i.sn34f7_GPIO_Init) refers to sn34f78x_hal_gpio.o(i.HAL_GPIO_WritePin) for HAL_GPIO_WritePin
    init.o(i.sn34f7_GPIO_Init) refers to sn34f78x_hal_gpio.o(i.HAL_GPIO_ConfigDebounce) for HAL_GPIO_ConfigDebounce
    init.o(i.sn34f7_GPIO_Init) refers to init.o(.bss) for GPIO3_PIN7_INIT
    init.o(i.sn34f7_TPM0_Init) refers to sn34f78x_hal_tpm.o(i.HAL_TPM_Init) for HAL_TPM_Init
    init.o(i.sn34f7_TPM0_Init) refers to rt_memclr_w.o(.text) for __aeabi_memclr4
    init.o(i.sn34f7_TPM0_Init) refers to sn34f78x_hal_tpm.o(i.HAL_TPM_OC_ConfigChannel) for HAL_TPM_OC_ConfigChannel
    init.o(i.sn34f7_TPM0_Init) refers to init.o(.bss) for TPM0_Handle
    init.o(i.sn34f7_UART0_Init) refers to sn34f78x_hal_uart.o(i.HAL_UART_Init) for HAL_UART_Init
    init.o(i.sn34f7_UART0_Init) refers to init.o(.bss) for UART0_Handle
    init.o(i.sn34f7_UART1_Init) refers to sn34f78x_hal_uart.o(i.HAL_UART_Init) for HAL_UART_Init
    init.o(i.sn34f7_UART1_Init) refers to init.o(.bss) for UART1_Handle
    init.o(i.sn34f7_UART2_Init) refers to sn34f78x_hal_uart.o(i.HAL_UART_Init) for HAL_UART_Init
    init.o(i.sn34f7_UART2_Init) refers to init.o(.bss) for UART2_Handle
    init.o(i.sn34f7_UART3_Init) refers to sn34f78x_hal_uart.o(i.HAL_UART_Init) for HAL_UART_Init
    init.o(i.sn34f7_UART3_Init) refers to init.o(.bss) for UART3_Handle
    init.o(i.uninit) refers to init.o(i.sn34f7_GPIO_Init) for sn34f7_GPIO_Init
    init.o(i.uninit) refers to sn34f78x_hal_uart.o(i.HAL_UART_DeInit) for HAL_UART_DeInit
[...]
    _tpm_dma_xfer_delay_pulse_callback       0x00003d71   Thumb Code    92  sn34f78x_hal_tpm.o(i._tpm_dma_xfer_delay_pulse_callback)
    i._tpm_dma_xfer_error_callback           0x00003dcc   Section        0  sn34f78x_hal_tpm.o(i._tpm_dma_xfer_error_callback)
    _tpm_dma_xfer_error_callback             0x00003dcd   Thumb Code    30  sn34f78x_hal_tpm.o(i._tpm_dma_xfer_error_callback)
    i._tpm_irq_kernel                        0x00003dec   Section        0  sn34f78x_hal_tpm.o(i._tpm_irq_kernel)
    _tpm_irq_kernel                          0x00003ded   Thumb Code   100  sn34f78x_hal_tpm.o(i._tpm_irq_kernel)
    i._tpm_is_busy                           0x00003e54   Section        0  sn34f78x_hal_tpm.o(i._tpm_is_busy)
    _tpm_is_busy                             0x00003e55   Thumb Code    54  sn34f78x_hal_tpm.o(i._tpm_is_busy)
    i._tpm_set_index                         0x00003e8c   Section        0  sn34f78x_hal_tpm.o(i._tpm_set_index)
    _tpm_set_index                           0x00003e8d   Thumb Code   144  sn34f78x_hal_tpm.o(i._tpm_set_index)
    i._uart_dma_rx_abort_callback            0x00003f24   Section        0  sn34f78x_hal_uart.o(i._uart_dma_rx_abort_callback)
    _uart_dma_rx_abort_callback              0x00003f25   Thumb Code    18  sn34f78x_hal_uart.o(i._uart_dma_rx_abort_callback)
    i._uart_dma_rx_check                     0x00003f36   Section        0  sn34f78x_hal_uart.o(i._uart_dma_rx_check)
    _uart_dma_rx_check                       0x00003f37   Thumb Code    32  sn34f78x_hal_uart.o(i._uart_dma_rx_check)
    i._uart_dma_rx_cplt_callback             0x00003f56   Section        0  sn34f78x_hal_uart.o(i._uart_dma_rx_cplt_callback)
    _uart_dma_rx_cplt_callback               0x00003f57   Thumb Code    18  sn34f78x_hal_uart.o(i._uart_dma_rx_cplt_callback)
    i._uart_dma_rx_err_callback              0x00003f68   Section        0  sn34f78x_hal_uart.o(i._uart_dma_rx_err_callback)
    _uart_dma_rx_err_callback                0x00003f69   Thumb Code    26  sn34f78x_hal_uart.o(i._uart_dma_rx_err_callback)
    i._uart_dma_tx_abort_callback            0x00003f82   Section        0  sn34f78x_hal_uart.o(i._uart_dma_tx_abort_callback)
    _uart_dma_tx_abort_callback              0x00003f83   Thumb Code    18  sn34f78x_hal_uart.o(i._uart_dma_tx_abort_callback)
    i._uart_dma_tx_check                     0x00003f94   Section        0  sn34f78x_hal_uart.o(i._uart_dma_tx_check)
    _uart_dma_tx_check                       0x00003f95   Thumb Code    32  sn34f78x_hal_uart.o(i._uart_dma_tx_check)
    i._uart_dma_tx_cplt_callback             0x00003fb4   Section        0  sn34f78x_hal_uart.o(i._uart_dma_tx_cplt_callback)
    _uart_dma_tx_cplt_callback               0x00003fb5   Thumb Code    18  sn34f78x_hal_uart.o(i._uart_dma_tx_cplt_callback)
    i._uart_dma_tx_err_callback              0x00003fc6   Section        0  sn34f78x_hal_uart.o(i._uart_dma_tx_err_callback)
    _uart_dma_tx_err_callback                0x00003fc7   Thumb Code    26  sn34f78x_hal_uart.o(i._uart_dma_tx_err_callback)
    i._uart_get_rxtl                         0x00003fe0   Section        0  sn34f78x_hal_uart.o(i._uart_get_rxtl)
    _uart_get_rxtl                           0x00003fe1   Thumb Code    32  sn34f78x_hal_uart.o(i._uart_get_rxtl)
    i._uart_init_callbacks_default           0x00004000   Section        0  sn34f78x_hal_uart.o(i._uart_init_callbacks_default)
    _uart_init_callbacks_default             0x00004001   Thumb Code    26  sn34f78x_hal_uart.o(i._uart_init_callbacks_default)
    i._uart_set_baudrate                     0x00004034   Section        0  sn34f78x_hal_uart.o(i._uart_set_baudrate)
    _uart_set_baudrate                       0x00004035   Thumb Code   344  sn34f78x_hal_uart.o(i._uart_set_baudrate)
    i._uart_set_config                       0x000041a0   Section        0  sn34f78x_hal_uart.o(i._uart_set_config)
    _uart_set_config                         0x000041a1   Thumb Code   172  sn34f78x_hal_uart.o(i._uart_set_config)
    i.execute_action                         0x0000425c   Section        0  main_task.o(i.execute_action)
    execute_action                           0x0000425d   Thumb Code   210  main_task.o(i.execute_action)
    i.fr_reset                               0x0000438c   Section        0  hlk_ld2460.o(i.fr_reset)
    fr_reset                                 0x0000438d   Thumb Code    12  hlk_ld2460.o(i.fr_reset)
    i.init                                   0x00004398   Section        0  init.o(i.init)
    i.judge_state                            0x000043e4   Section        0  system_management.o(i.judge_state)
    i.led_mode_1                             0x000044c4   Section        0  control_led.o(i.led_mode_1)
    i.led_mode_2                             0x000044ec   Section        0  control_led.o(i.led_mode_2)
    i.led_mode_3                             0x00004514   Section        0  control_led.o(i.led_mode_3)
    i.main                                   0x0000453c   Section        0  main.o(i.main)
    i.main_task                              0x0000455c   Section        0  main_task.o(i.main_task)
    i.mode_event                             0x00004578   Section        0  main_task.o(i.mode_event)
    i.parse_report                           0x000045e8   Section        0  hlk_ld2460.o(i.parse_report)
    parse_report                             0x000045e9   Thumb Code   322  hlk_ld2460.o(i.parse_report)
    i.run_mode_1                             0x00004730   Section        0  main_task.o(i.run_mode_1)
    i.run_mode_2                             0x000048ec   Section        0  main_task.o(i.run_mode_2)
    i.run_mode_3                             0x000048ee   Section        0  main_task.o(i.run_mode_3)
    i.s_initialize_peripheral                0x000048f0   Section        0  main_task.o(i.s_initialize_peripheral)
    s_initialize_peripheral                  0x000048f1   Thumb Code     4  main_task.o(i.s_initialize_peripheral)
    i.sn34f7_CRC_Init                        0x000048f4   Section        0  init.o(i.sn34f7_CRC_Init)
    i.sn34f7_GPIO_Init                       0x00004918   Section        0  init.o(i.sn34f7_GPIO_Init)
    i.sn34f7_TPM0_Init                       0x00004b30   Section        0  init.o(i.sn34f7_TPM0_Init)
    i.sn34f7_UART0_Init                      0x00004bd4   Section        0  init.o(i.sn34f7_UART0_Init)
    i.sn34f7_UART1_Init                      0x00004c08   Section        0  init.o(i.sn34f7_UART1_Init)
    i.sn34f7_UART2_Init                      0x00004c3c   Section        0  init.o(i.sn34f7_UART2_Init)
    i.sn34f7_UART3_Init                      0x00004c70   Section        0  init.o(i.sn34f7_UART3_Init)
    i.time_now                               0x00004ca4   Section        0  main_task.o(i.time_now)
    i.u16_le                                 0x00004cb4   Section        0  hlk_ld2460.o(i.u16_le)
    u16_le                                   0x00004cb5   Thumb Code    12  hlk_ld2460.o(i.u16_le)
    i.uninit                                 0x00004cc0   Section        0  init.o(i.uninit)
    locale$$code                             0x00004d34   Section       44  lc_numeric_c.o(locale$$code)
    x$fpl$dretinf                            0x00004d60   Section       12  dretinf.o(x$fpl$dretinf)
    $v0                                      0x00004d60   Number         0  dretinf.o(x$fpl$dretinf)
    x$fpl$f2d                                0x00004d6c   Section       86  f2d.o(x$fpl$f2d)
    $v0                                      0x00004d6c   Number         0  f2d.o(x$fpl$f2d)
    x$fpl$fnaninf                            0x00004dc2   Section      140  fnaninf.o(x$fpl$fnaninf)
    $v0                                      0x00004dc2   Number         0  fnaninf.o(x$fpl$fnaninf)
    x$fpl$fpinit                             0x00004e4e   Section       10  fpinit.o(x$fpl$fpinit)
    $v0                                      0x00004e4e   Number         0  fpinit.o(x$fpl$fpinit)
    x$fpl$printf1                            0x00004e58   Section        4  printf1.o(x$fpl$printf1)
    $v0                                      0x00004e58   Number         0  printf1.o(x$fpl$printf1)
    .constdata                               0x00004e5c   Section       44  main.o(.constdata)
    x$fpl$usenofp                            0x00004e5c   Section        0  usenofp.o(x$fpl$usenofp)
    .constdata                               0x00004e88   Section       44  sn34f78x_hal_rcc.o(.constdata)
    .constdata                               0x00004eb4   Section      844  sn34f78x_hal_gpio.o(.constdata)
    AFIO_Info                                0x00004eb4   Data         804  sn34f78x_hal_gpio.o(.constdata)
    .constdata                               0x00005200   Section      480  sn34f78x_hal_tpm.o(.constdata)
    channel_table                            0x00005200   Data         234  sn34f78x_hal_tpm.o(.constdata)
    function_table                           0x000052ea   Data           9  sn34f78x_hal_tpm.o(.constdata)
    dma_table                                0x000052f4   Data         126  sn34f78x_hal_tpm.o(.constdata)
    tpm_0_1_2_5_irq_table                    0x00005374   Data          28  sn34f78x_hal_tpm.o(.constdata)
    _tpm_3_irq_table                         0x00005390   Data          12  sn34f78x_hal_tpm.o(.constdata)
    _tpm_4_irq_table                         0x0000539c   Data          16  sn34f78x_hal_tpm.o(.constdata)
    tpm_8_irq_table                          0x000053ac   Data          52  sn34f78x_hal_tpm.o(.constdata)
    .constdata                               0x000053e0   Section       12  hlk_ld2460.o(.constdata)
    HLK_EN_REPORT                            0x000053e0   Data          12  hlk_ld2460.o(.constdata)
    .constdata                               0x000053ec   Section      148  bigflt0.o(.constdata)
    tenpwrs_x                                0x000053ec   Data          60  bigflt0.o(.constdata)
    tenpwrs_i                                0x00005428   Data          64  bigflt0.o(.constdata)
    locale$$data                             0x000054a0   Section       28  lc_numeric_c.o(locale$$data)
    __lcnum_c_name                           0x000054a4   Data           2  lc_numeric_c.o(locale$$data)
    __lcnum_c_start                          0x000054ac   Data           0  lc_numeric_c.o(locale$$data)
    __lcnum_c_point                          0x000054b8   Data           0  lc_numeric_c.o(locale$$data)
    __lcnum_c_thousands                      0x000054ba   Data           0  lc_numeric_c.o(locale$$data)
    __lcnum_c_grouping                       0x000054bb   Data           0  lc_numeric_c.o(locale$$data)
    __lcnum_c_end                            0x000054bc   Data           0  lc_numeric_c.o(locale$$data)
    .ARM.__at_0x0007DFFC                     0x0007dffc   Section        4  startup_sn34f780.o(.ARM.__at_0x0007DFFC)
    .data                                    0x20000000   Section        8  sn34f78x_hal_msp.o(.data)
    last_tick_btn1                           0x20000000   Data           4  sn34f78x_hal_msp.o(.data)
    last_tick_btn2                           0x20000004   Data           4  sn34f78x_hal_msp.o(.data)
    .data                                    0x20000008   Section        9  sn34f78x_hal_systick.o(.data)
    .data                                    0x20000014   Section        4  sn34f78x_hal_uart.o(.data)
    interrupt_id                             0x20000014   Data           4  sn34f78x_hal_uart.o(.data)
    .data                                    0x20000018   Section       48  sn34f78x_hal_tpm.o(.data)
    tpm_irq                                  0x20000018   Data          36  sn34f78x_hal_tpm.o(.data)
    func_irq                                 0x2000003c   Data          12  sn34f78x_hal_tpm.o(.data)
    .data                                    0x20000048   Section       32  main_task.o(.data)
    debug_ptr                                0x20000048   Data           4  main_task.o(.data)
    s_run_at_first                           0x20000050   Data           1  main_task.o(.data)
    s_error_occured                          0x20000051   Data           1  main_task.o(.data)
    s_state                                  0x20000052   Data           1  main_task.o(.data)
    sent_data                                0x20000058   Data           4  main_task.o(.data)
    peoples                                  0x2000005e   Data           1  main_task.o(.data)
    peoples_max                              0x2000005f   Data           1  main_task.o(.data)
    current_mode                             0x20000060   Data           1  main_task.o(.data)
    run_once                                 0x20000062   Data           1  main_task.o(.data)
    last_sent                                0x20000064   Data           4  main_task.o(.data)
    .data                                    0x20000068   Section        8  system_management.o(.data)
    debug_ptr                                0x20000068   Data           4  system_management.o(.data)
    currentState                             0x2000006c   Data           1  system_management.o(.data)
    next_State                               0x2000006d   Data           1  system_management.o(.data)
    s_event                                  0x2000006e   Data           1  system_management.o(.data)
    .data                                    0x20000070   Section        3  fpga.o(.data)
    state                                    0x20000070   Data           1  fpga.o(.data)
    idx                                      0x20000071   Data           1  fpga.o(.data)
    checksum                                 0x20000072   Data           1  fpga.o(.data)
    .data                                    0x20000074   Section        4  system_sn34f780.o(.data)
    .bss                                     0x20000078   Section      668  init.o(.bss)
    .bss                                     0x20000314   Section       32  sn34f78x_hal_flash.o(.bss)
    .bss                                     0x20000334   Section      436  main_task.o(.bss)
    buf                                      0x20000334   Data         128  main_task.o(.bss)
    .bss                                     0x200004e8   Section      128  system_management.o(.bss)
    buf                                      0x200004e8   Data         128  system_management.o(.bss)
    .bss                                     0x20000568   Section       48  fpga.o(.bss)
    buf                                      0x20000568   Data          32  fpga.o(.bss)
    last_frame                               0x20000588   Data          16  fpga.o(.bss)
    .bss                                     0x20000598   Section       96  libspace.o(.bss)
    HEAP                                     0x200005f8   Section      512  startup_sn34f780.o(HEAP)
    Heap_Mem                                 0x200005f8   Data         512  startup_sn34f780.o(HEAP)
    STACK                                    0x200007f8   Section     1024  startup_sn34f780.o(STACK)
    Stack_Mem                                0x200007f8   Data        1024  startup_sn34f780.o(STACK)
    __initial_sp                             0x20000bf8   Data           0  startup_sn34f780.o(STACK)

    Global Symbols

    Symbol Name                              Value     Ov Type        Size  Object(Section)

    BuildAttributes$$THM_ISAv4$E$P$D$K$B$S$7EM$VFPi3$EXTD16$VFPS$VFMA$PE$A:L22UL41UL21$X:L11$S22US41US21$IEEE1$IW$USESV6$~STKCKD$USESV7$~SHL$OTIME$ROPI$IEEEJ$EBA8$UX$STANDARDLIB$REQ8$PRES8$EABIv2 0x00000000   Number         0  anon$$obj.o ABSOLUTE
    __ARM_use_no_argv                        0x00000000   Number         0  main.o ABSOLUTE
    __Vectors                                0x00000000   Data           4  startup_sn34f780.o(RESET)
    _printf_flags                            0x00000000   Number         0  printf_stubs.o ABSOLUTE
    _printf_return_value                     0x00000000   Number         0  printf_stubs.o ABSOLUTE
    _printf_sizespec                         0x00000000   Number         0  printf_stubs.o ABSOLUTE
    _printf_widthprec                        0x00000000   Number         0  printf_stubs.o ABSOLUTE
    __ARM_exceptions_init                     - Undefined Weak Reference
    __alloca_initialize                       - Undefined Weak Reference
    __arm_preinit_                            - Undefined Weak Reference
    __cpp_initialize__aeabi_                  - Undefined Weak Reference
    __cxa_finalize                            - Undefined Weak Reference
    __sigvec_lookup                           - Undefined Weak Reference
    _atexit_init                              - Undefined Weak Reference
    _call_atexit_fns                          - Undefined Weak Reference
    _clock_init                               - Undefined Weak Reference
    _fp_trap_init                             - Undefined Weak Reference
    _fp_trap_shutdown                         - Undefined Weak Reference
    _get_lc_collate                           - Undefined Weak Reference
    _get_lc_ctype                             - Undefined Weak Reference
    _get_lc_monetary                          - Undefined Weak Reference
    _get_lc_time                              - Undefined Weak Reference
    _getenv_init                              - Undefined Weak Reference
    _handle_redirection                       - Undefined Weak Reference
    _init_alloc                               - Undefined Weak Reference
    _init_user_alloc                          - Undefined Weak Reference
    _initio                                   - Undefined Weak Reference
    _printf_post_padding                      - Undefined Weak Reference
    _printf_pre_padding                       - Undefined Weak Reference
    _printf_truncate_signed                   - Undefined Weak Reference
    _printf_truncate_unsigned                 - Undefined Weak Reference
    _rand_init                                - Undefined Weak Reference
    _signal_finish                            - Undefined Weak Reference
    _signal_init                              - Undefined Weak Reference
    _terminate_alloc                          - Undefined Weak Reference
    _terminate_user_alloc                     - Undefined Weak Reference
    _terminateio                              - Undefined Weak Reference
    __Vectors_End                            0x000001c0   Data           0  startup_sn34f780.o(RESET)
    __Vectors_Size                           0x000001c0   Number         0  startup_sn34f780.o ABSOLUTE
    __main                                   0x000001c1   Thumb Code     8  __main.o(!!!main)
    _printf_f                                0x000001c9   Thumb Code     0  _printf_f.o(.ARM.Collect$$_printf_percent$$00000003)
    _printf_percent                          0x000001c9   Thumb Code     0  _printf_percent.o(.ARM.Collect$$_printf_percent$$00000000)
    _printf_u                                0x000001cf   Thumb Code     0  _printf_u.o(.ARM.Collect$$_printf_percent$$0000000A)
    _printf_percent_end                      0x000001d5   Thumb Code     0  _printf_percent_end.o(.ARM.Collect$$_printf_percent$$00000017)
    __rt_lib_shutdown                        0x000001d9   Thumb Code     0  libshutdown.o(.ARM.Collect$$libshutdown$$00000000)
    __rt_lib_shutdown_cpp_1                  0x000001db   Thumb Code     0  libshutdown2.o(.ARM.Collect$$libshutdown$$00000002)
    __rt_lib_shutdown_fp_trap_1              0x000001db   Thumb Code     0  libshutdown2.o(.ARM.Collect$$libshutdown$$00000007)
    __rt_lib_shutdown_heap_1                 0x000001db   Thumb Code     0  libshutdown2.o(.ARM.Collect$$libshutdown$$0000000F)
    __rt_lib_shutdown_return                 0x000001db   Thumb Code     0  libshutdown2.o(.ARM.Collect$$libshutdown$$00000010)
    __rt_lib_shutdown_signal_1               0x000001db   Thumb Code     0  libshutdown2.o(.ARM.Collect$$libshutdown$$0000000A)
    __rt_lib_shutdown_stdio_1                0x000001db   Thumb Code     0  libshutdown2.o(.ARM.Collect$$libshutdown$$00000004)
    __rt_lib_shutdown_user_alloc_1           0x000001db   Thumb Code     0  libshutdown2.o(.ARM.Collect$$libshutdown$$0000000C)
    __use_no_semihosting                     0x000001dd   Thumb Code     2  use_no_semi_2.o(.text)
    __I$use$semihosting                      0x000001df   Thumb Code     0  use_no_semi.o(.text)
    __use_no_semihosting_swi                 0x000001df   Thumb Code     2  use_no_semi.o(.text)
    BL_PFPA_UTXD0                            0x000001e0   Data           4  sn34f78x_hal.o(.ARM.__at_0x000001E0)
    BL_PFPA_URXD0                            0x000001e4   Data           4  sn34f78x_hal.o(.ARM.__at_0x000001E4)
    __scatterload                            0x000001e9   Thumb Code     0  __scatter.o(!!!scatter)
    __scatterload_rt2                        0x000001e9   Thumb Code    44  __scatter.o(!!!scatter)
    __scatterload_rt2_thumb_only             0x000001e9   Thumb Code     0  __scatter.o(!!!scatter)
    __scatterload_null                       0x000001f7   Thumb Code     0  __scatter.o(!!!scatter)
    __scatterload_copy                       0x0000021d   Thumb Code    26  __scatter_copy.o(!!handler_copy)
    __scatterload_zeroinit                   0x00000239   Thumb Code    28  __scatter_zi.o(!!handler_zi)
    __rt_lib_init                            0x00000255   Thumb Code     0  libinit.o(.ARM.Collect$$libinit$$00000000)
    __rt_lib_init_fp_1                       0x00000257   Thumb Code     0  libinit2.o(.ARM.Collect$$libinit$$00000001)
    __rt_lib_init_heap_1                     0x0000025b   Thumb Code     0  libinit2.o(.ARM.Collect$$libinit$$0000000A)
    __rt_lib_init_lc_common                  0x0000025b   Thumb Code     0  libinit2.o(.ARM.Collect$$libinit$$0000000F)
    __rt_lib_init_preinit_1                  0x0000025b   Thumb Code     0  libinit2.o(.ARM.Collect$$libinit$$00000004)
    __rt_lib_init_rand_1                     0x0000025b   Thumb Code     0  libinit2.o(.ARM.Collect$$libinit$$0000000E)
    __rt_lib_init_user_alloc_1               0x0000025b   Thumb Code     0  libinit2.o(.ARM.Collect$$libinit$$0000000C)
    __rt_lib_init_lc_collate_1               0x00000261   Thumb Code     0  libinit2.o(.ARM.Collect$$libinit$$00000011)
    __rt_lib_init_lc_ctype_1                 0x00000261   Thumb Code     0  libinit2.o(.ARM.Collect$$libinit$$00000013)
    __rt_lib_init_lc_monetary_1              0x00000261   Thumb Code     0  libinit2.o(.ARM.Collect$$libinit$$00000015)
    __rt_lib_init_lc_numeric_2               0x00000261   Thumb Code     0  libinit2.o(.ARM.Collect$$libinit$$00000016)
    __rt_lib_init_alloca_1                   0x0000026b   Thumb Code     0  libinit2.o(.ARM.Collect$$libinit$$0000002E)
    __rt_lib_init_argv_1                     0x0000026b   Thumb Code     0  libinit2.o(.ARM.Collect$$libinit$$0000002C)
    __rt_lib_init_atexit_1                   0x0000026b   Thumb Code     0  libinit2.o(.ARM.Collect$$libinit$$0000001B)
    __rt_lib_init_clock_1                    0x0000026b   Thumb Code     0  libinit2.o(.ARM.Collect$$libinit$$00000021)
    __rt_lib_init_cpp_1                      0x0000026b   Thumb Code     0  libinit2.o(.ARM.Collect$$libinit$$00000032)
    __rt_lib_init_exceptions_1               0x0000026b   Thumb Code     0  libinit2.o(.ARM.Collect$$libinit$$00000030)
    __rt_lib_init_fp_trap_1                  0x0000026b   Thumb Code     0  libinit2.o(.ARM.Collect$$libinit$$0000001F)
    __rt_lib_init_getenv_1                   0x0000026b   Thumb Code     0  libinit2.o(.ARM.Collect$$libinit$$00000023)
    __rt_lib_init_lc_numeric_1               0x0000026b   Thumb Code     0  libinit2.o(.ARM.Collect$$libinit$$00000017)
    __rt_lib_init_lc_time_1                  0x0000026b   Thumb Code     0  libinit2.o(.ARM.Collect$$libinit$$00000019)
    __rt_lib_init_return                     0x0000026b   Thumb Code     0  libinit2.o(.ARM.Collect$$libinit$$00000033)
    __rt_lib_init_signal_1                   0x0000026b   Thumb Code     0  libinit2.o(.ARM.Collect$$libinit$$0000001D)
    __rt_lib_init_stdio_1                    0x0000026b   Thumb Code     0  libinit2.o(.ARM.Collect$$libinit$$00000025)
    __rt_entry                               0x0000026d   Thumb Code     0  __rtentry.o(.ARM.Collect$$rtentry$$00000000)
    __rt_entry_presh_1                       0x0000026d   Thumb Code     0  __rtentry2.o(.ARM.Collect$$rtentry$$00000002)
    __rt_entry_sh                            0x0000026d   Thumb Code     0  __rtentry4.o(.ARM.Collect$$rtentry$$00000004)
    __rt_entry_li                            0x00000273   Thumb Code     0  __rtentry2.o(.ARM.Collect$$rtentry$$0000000A)
    __rt_entry_postsh_1                      0x00000273   Thumb Code     0  __rtentry2.o(.ARM.Collect$$rtentry$$00000009)
    __rt_entry_main                          0x00000277   Thumb Code     0  __rtentry2.o(.ARM.Collect$$rtentry$$0000000D)
    __rt_entry_postli_1                      0x00000277   Thumb Code     0  __rtentry2.o(.ARM.Collect$$rtentry$$0000000C)
    __rt_exit                                0x0000027f   Thumb Code     0  rtexit.o(.ARM.Collect$$rtexit$$00000000)
    __rt_exit_ls                             0x00000281   Thumb Code     0  rtexit2.o(.ARM.Collect$$rtexit$$00000003)
    __rt_exit_prels_1                        0x00000281   Thumb Code     0  rtexit2.o(.ARM.Collect$$rtexit$$00000002)
    __rt_exit_exit                           0x00000285   Thumb Code     0  rtexit2.o(.ARM.Collect$$rtexit$$00000004)
    Reset_Handler                            0x0000028d   Thumb Code    26  startup_sn34f780.o(.text)
    NMI_Handler                              0x000002a7   Thumb Code     2  startup_sn34f780.o(.text)
    HardFault_Handler                        0x000002a9   Thumb Code     2  startup_sn34f780.o(.text)
    MemManage_Handler                        0x000002ab   Thumb Code     2  startup_sn34f780.o(.text)
    BusFault_Handler                         0x000002ad   Thumb Code     2  startup_sn34f780.o(.text)
    UsageFault_Handler                       0x000002af   Thumb Code     2  startup_sn34f780.o(.text)
    SVC_Handler                              0x000002b1   Thumb Code     2  startup_sn34f780.o(.text)
    DebugMon_Handler                         0x000002b3   Thumb Code     2  startup_sn34f780.o(.text)
    PendSV_Handler                           0x000002b5   Thumb Code     2  startup_sn34f780.o(.text)
    ADC0_IRQHandler                          0x000002b9   Thumb Code     0  startup_sn34f780.o(.text)
    CAN0_EW_IRQHandler                       0x000002b9   Thumb Code     0  startup_sn34f780.o(.text)
    CAN0_RX_IRQHandler                       0x000002b9   Thumb Code     0  startup_sn34f780.o(.text)
    CAN0_TT_IRQHandler                       0x000002b9   Thumb Code     0  startup_sn34f780.o(.text)
    CAN0_TX_IRQHandler                       0x000002b9   Thumb Code     0  startup_sn34f780.o(.text)
    CAN1_EW_IRQHandler                       0x000002b9   Thumb Code     0  startup_sn34f780.o(.text)
    CAN1_RX_IRQHandler                       0x000002b9   Thumb Code     0  startup_sn34f780.o(.text)
    CAN1_TT_IRQHandler                       0x000002b9   Thumb Code     0  startup_sn34f780.o(.text)
    CAN1_TX_IRQHandler                       0x000002b9   Thumb Code     0  startup_sn34f780.o(.text)
    CT16B1_IRQHandler                        0x000002b9   Thumb Code     0  startup_sn34f780.o(.text)
    CT16B2_IRQHandler                        0x000002b9   Thumb Code     0  startup_sn34f780.o(.text)
    CT16B3_IRQHandler                        0x000002b9   Thumb Code     0  startup_sn34f780.o(.text)
    CT16B4_IRQHandler                        0x000002b9   Thumb Code     0  startup_sn34f780.o(.text)
    CT16B5_IRQHandler                        0x000002b9   Thumb Code     0  startup_sn34f780.o(.text)
    CT16B6_IRQHandler                        0x000002b9   Thumb Code     0  startup_sn34f780.o(.text)
    CT16B7_IRQHandler                        0x000002b9   Thumb Code     0  startup_sn34f780.o(.text)
    CT16B8_IRQHandler                        0x000002b9   Thumb Code     0  startup_sn34f780.o(.text)
    DMA0_CH0_IRQHandler                      0x000002b9   Thumb Code     0  startup_sn34f780.o(.text)
    DMA0_CH1_IRQHandler                      0x000002b9   Thumb Code     0  startup_sn34f780.o(.text)
    DMA0_CH2_IRQHandler                      0x000002b9   Thumb Code     0  startup_sn34f780.o(.text)
    DMA0_CH3_IRQHandler                      0x000002b9   Thumb Code     0  startup_sn34f780.o(.text)
    DMA0_CH4_IRQHandler                      0x000002b9   Thumb Code     0  startup_sn34f780.o(.text)
    DMA0_CH5_IRQHandler                      0x000002b9   Thumb Code     0  startup_sn34f780.o(.text)
    DMA0_CH6_IRQHandler                      0x000002b9   Thumb Code     0  startup_sn34f780.o(.text)
    DMA0_CH7_IRQHandler                      0x000002b9   Thumb Code     0  startup_sn34f780.o(.text)
    DMA1_CH0_IRQHandler                      0x000002b9   Thumb Code     0  startup_sn34f780.o(.text)
    DMA1_CH1_IRQHandler                      0x000002b9   Thumb Code     0  startup_sn34f780.o(.text)
    DMA1_CH2_IRQHandler                      0x000002b9   Thumb Code     0  startup_sn34f780.o(.text)
    DMA1_CH3_IRQHandler                      0x000002b9   Thumb Code     0  startup_sn34f780.o(.text)
    DMA1_CH4_IRQHandler                      0x000002b9   Thumb Code     0  startup_sn34f780.o(.text)
    DMA1_CH5_IRQHandler                      0x000002b9   Thumb Code     0  startup_sn34f780.o(.text)
    DMA1_CH6_IRQHandler                      0x000002b9   Thumb Code     0  startup_sn34f780.o(.text)
    DMA1_CH7_IRQHandler                      0x000002b9   Thumb Code     0  startup_sn34f780.o(.text)
    ETH_IRQHandler                           0x000002b9   Thumb Code     0  startup_sn34f780.o(.text)
    ETH_WOL_IRQHandler                       0x000002b9   Thumb Code     0  startup_sn34f780.o(.text)
    FLASH_IRQHandler                         0x000002b9   Thumb Code     0  startup_sn34f780.o(.text)
    FPU_IRQHandler                           0x000002b9   Thumb Code     0  startup_sn34f780.o(.text)
    GPIO0_IRQHandler                         0x000002b9   Thumb Code     0  startup_sn34f780.o(.text)
    GPIO2_IRQHandler                         0x000002b9   Thumb Code     0  startup_sn34f780.o(.text)
    I2C0_IRQHandler                          0x000002b9   Thumb Code     0  startup_sn34f780.o(.text)
    I2C1_IRQHandler                          0x000002b9   Thumb Code     0  startup_sn34f780.o(.text)
    I2C2_IRQHandler                          0x000002b9   Thumb Code     0  startup_sn34f780.o(.text)
    LCM_IRQHandler                           0x000002b9   Thumb Code     0  startup_sn34f780.o(.text)
    LVD_IRQHandler                           0x000002b9   Thumb Code     0  startup_sn34f780.o(.text)
    SDIO_IRQHandler                          0x000002b9   Thumb Code     0  startup_sn34f780.o(.text)
    SPI0_IRQHandler                          0x000002b9   Thumb Code     0  startup_sn34f780.o(.text)
    SPI1_IRQHandler                          0x000002b9   Thumb Code     0  startup_sn34f780.o(.text)
    SPI2_IRQHandler                          0x000002b9   Thumb Code     0  startup_sn34f780.o(.text)
    UART4_IRQHandler                         0x000002b9   Thumb Code     0  startup_sn34f780.o(.text)
    UART5_IRQHandler                         0x000002b9   Thumb Code     0  startup_sn34f780.o(.text)
    WDT_IRQHandler                           0x000002b9   Thumb Code     0  startup_sn34f780.o(.text)
    WWDT_IRQHandler                          0x000002b9   Thumb Code     0  startup_sn34f780.o(.text)
    __user_initial_stackheap                 0x000002bd   Thumb Code     0  startup_sn34f780.o(.text)
    __2snprintf                              0x000002e9   Thumb Code    50  __2snprintf.o(.text)
    _printf_int_dec                          0x00000321   Thumb Code   104  _printf_dec.o(.text)
    __printf                                 0x00000399   Thumb Code   270  __printf_wp.o(.text)
    strlen                                   0x000004a7   Thumb Code    62  strlen.o(.text)
    __aeabi_memcpy4                          0x000004e5   Thumb Code     0  rt_memcpy_w.o(.text)
    __aeabi_memcpy8                          0x000004e5   Thumb Code     0  rt_memcpy_w.o(.text)
    __rt_memcpy_w                            0x000004e5   Thumb Code   100  rt_memcpy_w.o(.text)
    _memcpy_lastbytes_aligned                0x0000052d   Thumb Code     0  rt_memcpy_w.o(.text)
    __aeabi_memclr4                          0x00000549   Thumb Code     0  rt_memclr_w.o(.text)
    __aeabi_memclr8                          0x00000549   Thumb Code     0  rt_memclr_w.o(.text)
    __rt_memclr_w                            0x00000549   Thumb Code    78  rt_memclr_w.o(.text)
    _memset_w                                0x0000054d   Thumb Code     0  rt_memclr_w.o(.text)
    __use_two_region_memory                  0x00000597   Thumb Code     2  heapauxi.o(.text)
    __rt_heap_escrow$2region                 0x00000599   Thumb Code     2  heapauxi.o(.text)
    __rt_heap_expand$2region                 0x0000059b   Thumb Code     2  heapauxi.o(.text)
    _printf_int_common                       0x0000059d   Thumb Code   178  _printf_intcommon.o(.text)
    __lib_sel_fp_printf                      0x0000064f   Thumb Code     2  _printf_fp_dec.o(.text)
    _printf_fp_dec_real                      0x00000801   Thumb Code   620  _printf_fp_dec.o(.text)
    _printf_char_common                      0x00000a77   Thumb Code    32  _printf_char_common.o(.text)
    _sputc                                   0x00000a9d   Thumb Code    10  _sputc.o(.text)
    _snputc                                  0x00000aa7   Thumb Code    16  _snputc.o(.text)
    __rt_locale                              0x00000ab9   Thumb Code     8  rt_locale_intlibspace.o(.text)
    _ll_udiv10                               0x00000ac1   Thumb Code   138  lludiv10.o(.text)
    _printf_fp_infnan                        0x00000b4d   Thumb Code   112  _printf_fp_infnan.o(.text)
    _btod_etento                             0x00000bcd   Thumb Code   224  bigflt0.o(.text)
    __user_libspace                          0x00000cb1   Thumb Code     8  libspace.o(.text)
    __user_perproc_libspace                  0x00000cb1   Thumb Code     0  libspace.o(.text)
    __user_perthread_libspace                0x00000cb1   Thumb Code     0  libspace.o(.text)
    __user_setup_stackheap                   0x00000cb9   Thumb Code    74  sys_stackheap_outer.o(.text)
    exit                                     0x00000d03   Thumb Code    18  exit.o(.text)
    strcmp                                   0x00000d15   Thumb Code   128  strcmpv7m.o(.text)
    _btod_d2e                                0x00000d95   Thumb Code    62  btod.o(CL$$btod_d2e)
    _d2e_denorm_low                          0x00000dd3   Thumb Code    70  btod.o(CL$$btod_d2e_denorm_low)
    _d2e_norm_op1                            0x00000e19   Thumb Code    96  btod.o(CL$$btod_d2e_norm_op1)
    __btod_div_common                        0x00000e79   Thumb Code   696  btod.o(CL$$btod_div_common)
    _e2e                                     0x000011b1   Thumb Code   220  btod.o(CL$$btod_e2e)
    _btod_ediv                               0x0000128d   Thumb Code    42  btod.o(CL$$btod_ediv)
    _btod_emul                               0x000012b7   Thumb Code    42  btod.o(CL$$btod_emul)
    __btod_mult_common                       0x000012e1   Thumb Code   580  btod.o(CL$$btod_mult_common)
    HAL_PWR_Callback                         0x00001525   Thumb Code     2  sn34f78x_hal_scu.o(ISR)
    HAL_RCC_Callback                         0x00001527   Thumb Code     2  sn34f78x_hal_scu.o(ISR)
    HAL_RTC_Callback                         0x00001529   Thumb Code     2  sn34f78x_hal_scu.o(ISR)
    HAL_SCU_IRQHandler                       0x0000152b   Thumb Code    46  sn34f78x_hal_scu.o(ISR)
    HAL_UART_AbortReceiveCpltCallback        0x0000155d   Thumb Code     2  sn34f78x_hal_uart.o(ISR)
    HAL_UART_AbortTransmitCpltCallback       0x0000155f   Thumb Code     2  sn34f78x_hal_uart.o(ISR)
    HAL_UART_AbortCpltCallback               0x00001561   Thumb Code     2  sn34f78x_hal_uart.o(ISR)
    HAL_UART_ErrorCallback                   0x00001563   Thumb Code     2  sn34f78x_hal_uart.o(ISR)
    HAL_UART_Abort                           0x000015d5   Thumb Code    48  sn34f78x_hal_uart.o(ISR)
    HAL_UART_AbortTransmit                   0x00001605   Thumb Code    24  sn34f78x_hal_uart.o(ISR)
    HAL_UART_AbortReceive                    0x0000161d   Thumb Code    24  sn34f78x_hal_uart.o(ISR)
    HAL_UART_Abort_IT                        0x00001635   Thumb Code    58  sn34f78x_hal_uart.o(ISR)
    HAL_UART_AbortTransmit_IT                0x0000166f   Thumb Code    34  sn34f78x_hal_uart.o(ISR)
    HAL_UART_AbortReceive_IT                 0x00001691   Thumb Code    34  sn34f78x_hal_uart.o(ISR)
    HAL_UART_IRQHandler                      0x000017d1   Thumb Code    92  sn34f78x_hal_uart.o(ISR)
    HAL_TPM_IRQHandler                       0x00001831   Thumb Code    24  sn34f78x_hal_tpm.o(ISR)
    HAL_DMA_XferAbortCallback                0x0000184d   Thumb Code     2  sn34f78x_hal_dma.o(ISR)
    HAL_DMA_XferErrorCallback                0x0000184f   Thumb Code     2  sn34f78x_hal_dma.o(ISR)
    HAL_DMA_XferCpltCallback                 0x00001851   Thumb Code     2  sn34f78x_hal_dma.o(ISR)
    HAL_DMA_IRQHandler                       0x00001853   Thumb Code   170  sn34f78x_hal_dma.o(ISR)
    CT16B0_IRQHandler                        0x000018fd   Thumb Code    10  sn34f78x_it.o(i.CT16B0_IRQHandler)
    Error_Handler                            0x00001931   Thumb Code     6  main.o(i.Error_Handler)
    FLASH_WaitForLastOperation               0x00001b29   Thumb Code    98  sn34f78x_hal_flash.o(i.FLASH_WaitForLastOperation)
    FPGA_ProcessByte                         0x00001b95   Thumb Code   290  fpga.o(i.FPGA_ProcessByte)
    GPIO1_IRQHandler                         0x00001ccd   Thumb Code    10  sn34f78x_it.o(i.GPIO1_IRQHandler)
    GPIO3_IRQHandler                         0x00001cdd   Thumb Code    10  sn34f78x_it.o(i.GPIO3_IRQHandler)
    Get_state                                0x00001ced   Thumb Code     6  system_management.o(i.Get_state)
    HAL_CRC_DeInit                           0x00001cf9   Thumb Code    48  sn34f78x_hal_crc.o(i.HAL_CRC_DeInit)
    HAL_CRC_Init                             0x00001d29   Thumb Code    54  sn34f78x_hal_crc.o(i.HAL_CRC_Init)
    HAL_CRC_MspDeInit                        0x00001d61   Thumb Code    24  sn34f78x_hal_msp.o(i.HAL_CRC_MspDeInit)
    HAL_CRC_MspInit                          0x00001d7d   Thumb Code    36  sn34f78x_hal_msp.o(i.HAL_CRC_MspInit)
    HAL_DMA_GetError                         0x00001da9   Thumb Code     6  sn34f78x_hal_dma.o(i.HAL_DMA_GetError)
    HAL_DMA_MspDeInit                        0x00001daf   Thumb Code     2  sn34f78x_hal_dma.o(i.HAL_DMA_MspDeInit)
    HAL_DMA_MspInit                          0x00001db1   Thumb Code     2  sn34f78x_hal_dma.o(i.HAL_DMA_MspInit)
    HAL_DMA_RegisterCallback                 0x00001db3   Thumb Code    76  sn34f78x_hal_dma.o(i.HAL_DMA_RegisterCallback)
    HAL_DMA_UnRegisterCallback               0x00001e01   Thumb Code   106  sn34f78x_hal_dma.o(i.HAL_DMA_UnRegisterCallback)
    HAL_DeInit                               0x00001e81   Thumb Code    10  sn34f78x_hal.o(i.HAL_DeInit)
    HAL_FLASHEx_ConfigProgram                0x00001e8b   Thumb Code    48  sn34f78x_hal_flash_ex.o(i.HAL_FLASHEx_ConfigProgram)
    HAL_FLASHEx_GetConfig                    0x00001ebb   Thumb Code    58  sn34f78x_hal_flash_ex.o(i.HAL_FLASHEx_GetConfig)
    HAL_GPIO_Callback                        0x00001ef5   Thumb Code    88  sn34f78x_hal_msp.o(i.HAL_GPIO_Callback)
    HAL_GPIO_ChangeClockMode                 0x00001f65   Thumb Code    14  sn34f78x_hal_gpio.o(i.HAL_GPIO_ChangeClockMode)
    HAL_GPIO_ConfigDebounce                  0x00001f73   Thumb Code    36  sn34f78x_hal_gpio.o(i.HAL_GPIO_ConfigDebounce)
    HAL_GPIO_IRQHandler                      0x00001f97   Thumb Code    52  sn34f78x_hal_gpio.o(i.HAL_GPIO_IRQHandler)
    HAL_GPIO_Init                            0x00001fcb   Thumb Code   134  sn34f78x_hal_gpio.o(i.HAL_GPIO_Init)
    HAL_GPIO_SetAFIO                         0x00002051   Thumb Code   108  sn34f78x_hal_gpio.o(i.HAL_GPIO_SetAFIO)
    HAL_GPIO_TogglePin                       0x000020c1   Thumb Code    22  sn34f78x_hal_gpio.o(i.HAL_GPIO_TogglePin)
    HAL_GPIO_WritePin                        0x000020d7   Thumb Code    14  sn34f78x_hal_gpio.o(i.HAL_GPIO_WritePin)
    HAL_GetNewHCLKFreq                       0x000020e5   Thumb Code    88  sn34f78x_hal_rcc.o(i.HAL_GetNewHCLKFreq)
    HAL_GetTick                              0x00002145   Thumb Code     6  sn34f78x_hal_systick.o(i.HAL_GetTick)
    HAL_GetTickPrio                          0x00002151   Thumb Code     6  sn34f78x_hal_systick.o(i.HAL_GetTickPrio)
    HAL_IncTick                              0x0000215d   Thumb Code    16  sn34f78x_hal_systick.o(i.HAL_IncTick)
    HAL_Init                                 0x00002175   Thumb Code    20  sn34f78x_hal.o(i.HAL_Init)
    HAL_InitFlash                            0x00002189   Thumb Code    50  sn34f78x_hal_flash.o(i.HAL_InitFlash)
    HAL_InitTick                             0x000021c5   Thumb Code   214  sn34f78x_hal_systick.o(i.HAL_InitTick)
    HAL_MspDeInit                            0x000022ad   Thumb Code     2  sn34f78x_hal_msp.o(i.HAL_MspDeInit)
    HAL_MspInit                              0x000022af   Thumb Code     2  sn34f78x_hal_msp.o(i.HAL_MspInit)
    HAL_RCC_ClockConfig                      0x000022b1   Thumb Code   376  sn34f78x_hal_rcc.o(i.HAL_RCC_ClockConfig)
    HAL_RCC_GetAPB0CLKFreq                   0x00002445   Thumb Code    18  sn34f78x_hal_rcc.o(i.HAL_RCC_GetAPB0CLKFreq)
    HAL_RCC_GetAPB1CLKFreq                   0x0000245d   Thumb Code    18  sn34f78x_hal_rcc.o(i.HAL_RCC_GetAPB1CLKFreq)
    HAL_RCC_GetClockConfig                   0x00002475   Thumb Code    52  sn34f78x_hal_rcc.o(i.HAL_RCC_GetClockConfig)
    HAL_RCC_GetHCLKFreq                      0x000024ad   Thumb Code    18  sn34f78x_hal_rcc.o(i.HAL_RCC_GetHCLKFreq)
    HAL_RCC_GetPLLCLKFreq                    0x000024c5   Thumb Code    82  sn34f78x_hal_rcc.o(i.HAL_RCC_GetPLLCLKFreq)
    HAL_RCC_GetSysClockFreq                  0x00002521   Thumb Code    48  sn34f78x_hal_rcc.o(i.HAL_RCC_GetSysClockFreq)
    HAL_RCC_OscConfig                        0x00002559   Thumb Code   572  sn34f78x_hal_rcc.o(i.HAL_RCC_OscConfig)
    HAL_TPM_BreakCallback                    0x000027ad   Thumb Code     2  sn34f78x_hal_tpm.o(i.HAL_TPM_BreakCallback)
    HAL_TPM_CaptureCallback                  0x000027af   Thumb Code     2  sn34f78x_hal_tpm.o(i.HAL_TPM_CaptureCallback)
    HAL_TPM_DeInit                           0x000027b1   Thumb Code    80  sn34f78x_hal_tpm.o(i.HAL_TPM_DeInit)
    HAL_TPM_ErrorCallback                    0x00002805   Thumb Code     2  sn34f78x_hal_tpm.o(i.HAL_TPM_ErrorCallback)
    HAL_TPM_Init                             0x00002809   Thumb Code   278  sn34f78x_hal_tpm.o(i.HAL_TPM_Init)
    HAL_TPM_MspDeInit                        0x00002941   Thumb Code     2  sn34f78x_hal_tpm.o(i.HAL_TPM_MspDeInit)
    HAL_TPM_MspInit                          0x00002943   Thumb Code     2  sn34f78x_hal_tpm.o(i.HAL_TPM_MspInit)
    HAL_TPM_OC_ConfigChannel                 0x00002945   Thumb Code   326  sn34f78x_hal_tpm.o(i.HAL_TPM_OC_ConfigChannel)
    HAL_TPM_OC_DelayElapsedCallback          0x00002a95   Thumb Code     2  sn34f78x_hal_tpm.o(i.HAL_TPM_OC_DelayElapsedCallback)
    HAL_TPM_PWM_PulseFinishedCallback        0x00002a97   Thumb Code     2  sn34f78x_hal_tpm.o(i.HAL_TPM_PWM_PulseFinishedCallback)
    HAL_UART_DeInit                          0x00002a99   Thumb Code    64  sn34f78x_hal_uart.o(i.HAL_UART_DeInit)
    HAL_UART_Init                            0x00002add   Thumb Code   184  sn34f78x_hal_uart.o(i.HAL_UART_Init)
    HAL_UART_MspDeInit                       0x00002bb1   Thumb Code   260  sn34f78x_hal_msp.o(i.HAL_UART_MspDeInit)
    HAL_UART_MspInit                         0x00002cd5   Thumb Code   292  sn34f78x_hal_msp.o(i.HAL_UART_MspInit)
    HAL_UART_Receive_IT                      0x00002e1d   Thumb Code   128  sn34f78x_hal_uart.o(i.HAL_UART_Receive_IT)
    HAL_UART_RxCpltCallback                  0x00002e9d   Thumb Code    66  sn34f78x_hal_msp.o(i.HAL_UART_RxCpltCallback)
    HAL_UART_Transmit                        0x00002ef9   Thumb Code   188  sn34f78x_hal_uart.o(i.HAL_UART_Transmit)
    HAL_UART_Transmit_IT                     0x00002fb5   Thumb Code   120  sn34f78x_hal_uart.o(i.HAL_UART_Transmit_IT)
    HAL_UART_TxCpltCallback                  0x0000302d   Thumb Code     2  sn34f78x_hal_msp.o(i.HAL_UART_TxCpltCallback)
    HLK_FeedByte                             0x0000302f   Thumb Code   294  hlk_ld2460.o(i.HLK_FeedByte)
    HLK_Init                                 0x00003155   Thumb Code    40  hlk_ld2460.o(i.HLK_Init)
    HLK_TryGetReport                         0x00003185   Thumb Code    46  hlk_ld2460.o(i.HLK_TryGetReport)
    RCC_FCS_Command                          0x000031c1   Thumb Code   166  sn34f78x_hal_rcc.o(i.RCC_FCS_Command)
    RUN_SHUTDOWN_EVENT                       0x00003271   Thumb Code    92  main_task.o(i.RUN_SHUTDOWN_EVENT)
    SCU_IRQHandler                           0x000032d9   Thumb Code     8  sn34f78x_it.o(i.SCU_IRQHandler)
    Set_event                                0x000032e1   Thumb Code    18  system_management.o(i.Set_event)
    SysTick_Handler                          0x000032f9   Thumb Code     8  sn34f78x_it.o(i.SysTick_Handler)
    SystemClock_Config                       0x00003301   Thumb Code   132  main.o(i.SystemClock_Config)
    SystemCoreClockUpdate                    0x00003389   Thumb Code   218  system_sn34f780.o(i.SystemCoreClockUpdate)
    SystemInit                               0x00003471   Thumb Code    14  system_sn34f780.o(i.SystemInit)
    TURN_OFF_ALL_LED                         0x00003485   Thumb Code    60  control_led.o(i.TURN_OFF_ALL_LED)
    TURN_ON_ALL_LED                          0x000034c5   Thumb Code    68  control_led.o(i.TURN_ON_ALL_LED)
    UART0_IRQHandler                         0x0000350d   Thumb Code    10  sn34f78x_it.o(i.UART0_IRQHandler)
    UART1_IRQHandler                         0x0000351d   Thumb Code    10  sn34f78x_it.o(i.UART1_IRQHandler)
    UART1_StartReceive_IT                    0x0000352d   Thumb Code    14  sn34f78x_hal_msp.o(i.UART1_StartReceive_IT)
    UART2_IRQHandler                         0x00003545   Thumb Code    10  sn34f78x_it.o(i.UART2_IRQHandler)
    UART3_IRQHandler                         0x00003555   Thumb Code    10  sn34f78x_it.o(i.UART3_IRQHandler)
    __ARM_fpclassify                         0x00003565   Thumb Code    48  fpclassify.o(i.__ARM_fpclassify)
    _is_digit                                0x00003acd   Thumb Code    14  __printf_wp.o(i._is_digit)
    _sys_exit                                0x00003ca1   Thumb Code     2  sn34f78x_hal.o(i._sys_exit)
    init                                     0x00004399   Thumb Code    76  init.o(i.init)
    judge_state                              0x000043e5   Thumb Code   202  system_management.o(i.judge_state)
    led_mode_1                               0x000044c5   Thumb Code    34  control_led.o(i.led_mode_1)
    led_mode_2                               0x000044ed   Thumb Code    34  control_led.o(i.led_mode_2)
    led_mode_3                               0x00004515   Thumb Code    36  control_led.o(i.led_mode_3)
    main                                     0x0000453d   Thumb Code    32  main.o(i.main)
    main_task                                0x0000455d   Thumb Code    24  main_task.o(i.main_task)
    mode_event                               0x00004579   Thumb Code   104  main_task.o(i.mode_event)
    run_mode_1                               0x00004731   Thumb Code   374  main_task.o(i.run_mode_1)
    run_mode_2                               0x000048ed   Thumb Code     2  main_task.o(i.run_mode_2)
    run_mode_3                               0x000048ef   Thumb Code     2  main_task.o(i.run_mode_3)
    sn34f7_CRC_Init                          0x000048f5   Thumb Code    28  init.o(i.sn34f7_CRC_Init)
    sn34f7_GPIO_Init                         0x00004919   Thumb Code   478  init.o(i.sn34f7_GPIO_Init)
    sn34f7_TPM0_Init                         0x00004b31   Thumb Code   156  init.o(i.sn34f7_TPM0_Init)
    sn34f7_UART0_Init                        0x00004bd5   Thumb Code    42  init.o(i.sn34f7_UART0_Init)
    sn34f7_UART1_Init                        0x00004c09   Thumb Code    42  init.o(i.sn34f7_UART1_Init)
    sn34f7_UART2_Init                        0x00004c3d   Thumb Code    42  init.o(i.sn34f7_UART2_Init)
    sn34f7_UART3_Init                        0x00004c71   Thumb Code    42  init.o(i.sn34f7_UART3_Init)
    time_now                                 0x00004ca5   Thumb Code    12  main_task.o(i.time_now)
    uninit                                   0x00004cc1   Thumb Code    92  init.o(i.uninit)
    _get_lc_numeric                          0x00004d35   Thumb Code    44  lc_numeric_c.o(locale$$code)
    __fpl_dretinf                            0x00004d61   Thumb Code    12  dretinf.o(x$fpl$dretinf)
    __aeabi_f2d                              0x00004d6d   Thumb Code     0  f2d.o(x$fpl$f2d)
    _f2d                                     0x00004d6d   Thumb Code    86  f2d.o(x$fpl$f2d)
    __fpl_fnaninf                            0x00004dc3   Thumb Code   140  fnaninf.o(x$fpl$fnaninf)
    _fp_init                                 0x00004e4f   Thumb Code    10  fpinit.o(x$fpl$fpinit)
    __fplib_config_fpu_vfp                   0x00004e57   Thumb Code     0  fpinit.o(x$fpl$fpinit)
    __fplib_config_pureend_doubles           0x00004e57   Thumb Code     0  fpinit.o(x$fpl$fpinit)
    _printf_fp_dec                           0x00004e59   Thumb Code     4  printf1.o(x$fpl$printf1)
    __I$use$fp                               0x00004e5c   Number         0  usenofp.o(x$fpl$usenofp)
    Region$$Table$$Base                      0x00005480   Number         0  anon$$obj.o(Region$$Table)
    Region$$Table$$Limit                     0x000054a0   Number         0  anon$$obj.o(Region$$Table)
    uwTick                                   0x20000008   Data           4  sn34f78x_hal_systick.o(.data)
    uwTickPrio                               0x2000000c   Data           4  sn34f78x_hal_systick.o(.data)
    uwTickFreq                               0x20000010   Data           1  sn34f78x_hal_systick.o(.data)
    now                                      0x2000004c   Data           4  main_task.o(.data)
    radar_rx                                 0x20000053   Data           1  main_task.o(.data)
    fpga_rx_byte                             0x20000054   Data           1  main_task.o(.data)
    btn_flag_1                               0x2000005c   Data           1  main_task.o(.data)
    btn_flag_2                               0x2000005d   Data           1  main_task.o(.data)
    event_handle                             0x20000061   Data           1  main_task.o(.data)
    shutdown_done                            0x2000006f   Data           1  system_management.o(.data)
    SystemCoreClock                          0x20000074   Data           4  system_sn34f780.o(.data)
    UART0_Handle                             0x20000078   Data         100  init.o(.bss)
    UART1_Handle                             0x200000dc   Data         100  init.o(.bss)
    UART2_Handle                             0x20000140   Data         100  init.o(.bss)
    UART3_Handle                             0x200001a4   Data         100  init.o(.bss)
    GPIO1_PIN12_INIT                         0x20000208   Data          16  init.o(.bss)
    GPIO1_PIN13_INIT                         0x20000218   Data          16  init.o(.bss)
    GPIO1_PIN14_INIT                         0x20000228   Data          16  init.o(.bss)
    GPIO1_PIN15_INIT                         0x20000238   Data          16  init.o(.bss)
    GPIO1_PIN11_INIT                         0x20000248   Data          16  init.o(.bss)
    GPIO1_PIN10_INIT                         0x20000258   Data          16  init.o(.bss)
    GPIO1_PIN9_INIT                          0x20000268   Data          16  init.o(.bss)
    GPIO1_PIN8_INIT                          0x20000278   Data          16  init.o(.bss)
    GPIO3_PIN7_INIT                          0x20000288   Data          16  init.o(.bss)
    CRC_Handle                               0x20000298   Data          16  init.o(.bss)
    TPM0_Handle                              0x200002a8   Data         108  init.o(.bss)
    pFlash                                   0x20000314   Data          32  sn34f78x_hal_flash.o(.bss)
    radar_ctx                                0x200003b4   Data         308  main_task.o(.bss)
    __libspace_start                         0x20000598   Data          96  libspace.o(.bss)
    __temporary_stack_top$libspace           0x200005f8   Data           0  libspace.o(.bss)



==============================================================================

Memory Map of the image

  Image Entry point : 0x000001c1

  Load Region LR_IROM1 (Base: 0x00000000, Size: 0x00005534, Max: 0x0007dffc, ABSOLUTE)

    Execution Region ER_IROM1 (Exec base: 0x00000000, Load base: 0x00000000, Size: 0x000054bc, Max: 0x0007dffc, ABSOLUTE)

    Exec Addr    Load Addr    Size         Type   Attr      Idx    E Section Name        Object

    0x00000000   0x00000000   0x000001c0   Data   RO         2372    RESET               startup_sn34f780.o
    0x000001c0   0x000001c0   0x00000008   Code   RO         2461  * !!!main             c_w.l(__main.o)
    0x000001c8   0x000001c8   0x00000000   Code   RO         2450    .ARM.Collect$$_printf_percent$$00000000  c_w.l(_printf_percent.o)
    0x000001c8   0x000001c8   0x00000006   Code   RO         2449    .ARM.Collect$$_printf_percent$$00000003  c_w.l(_printf_f.o)
    0x000001ce   0x000001ce   0x00000006   Code   RO         2448    .ARM.Collect$$_printf_percent$$0000000A  c_w.l(_printf_u.o)
    0x000001d4   0x000001d4   0x00000004   Code   RO         2480    .ARM.Collect$$_printf_percent$$00000017  c_w.l(_printf_percent_end.o)
    0x000001d8   0x000001d8   0x00000002   Code   RO         2631    .ARM.Collect$$libshutdown$$00000000  c_w.l(libshutdown.o)
    0x000001da   0x000001da   0x00000000   Code   RO         2640    .ARM.Collect$$libshutdown$$00000002  c_w.l(libshutdown2.o)
    0x000001da   0x000001da   0x00000000   Code   RO         2642    .ARM.Collect$$libshutdown$$00000004  c_w.l(libshutdown2.o)
    0x000001da   0x000001da   0x00000000   Code   RO         2645    .ARM.Collect$$libshutdown$$00000007  c_w.l(libshutdown2.o)
    0x000001da   0x000001da   0x00000000   Code   RO         2648    .ARM.Collect$$libshutdown$$0000000A  c_w.l(libshutdown2.o)
    0x000001da   0x000001da   0x00000000   Code   RO         2650    .ARM.Collect$$libshutdown$$0000000C  c_w.l(libshutdown2.o)
    0x000001da   0x000001da   0x00000000   Code   RO         2653    .ARM.Collect$$libshutdown$$0000000F  c_w.l(libshutdown2.o)
    0x000001da   0x000001da   0x00000002   Code   RO         2654    .ARM.Collect$$libshutdown$$00000010  c_w.l(libshutdown2.o)
    0x000001dc   0x000001dc   0x00000002   Code   RO         2418    .text               c_w.l(use_no_semi_2.o)
    0x000001de   0x000001de   0x00000002   Code   RO         2467    .text               c_w.l(use_no_semi.o)
    0x000001e0   0x000001e0   0x00000004   Data   RO          428    .ARM.__at_0x000001E0  sn34f78x_hal.o
    0x000001e4   0x000001e4   0x00000004   Data   RO          429    .ARM.__at_0x000001E4  sn34f78x_hal.o
    0x000001e8   0x000001e8   0x00000034   Code   RO         2679    !!!scatter          c_w.l(__scatter.o)
    0x0000021c   0x0000021c   0x0000001a   Code   RO         2681    !!handler_copy      c_w.l(__scatter_copy.o)
    0x00000236   0x00000236   0x00000002   PAD
    0x00000238   0x00000238   0x0000001c   Code   RO         2683    !!handler_zi        c_w.l(__scatter_zi.o)
    0x00000254   0x00000254   0x00000002   Code   RO         2558    .ARM.Collect$$libinit$$00000000  c_w.l(libinit.o)
    0x00000256   0x00000256   0x00000004   Code   RO         2559    .ARM.Collect$$libinit$$00000001  c_w.l(libinit2.o)
    0x0000025a   0x0000025a   0x00000000   Code   RO         2562    .ARM.Collect$$libinit$$00000004  c_w.l(libinit2.o)
    0x0000025a   0x0000025a   0x00000000   Code   RO         2565    .ARM.Collect$$libinit$$0000000A  c_w.l(libinit2.o)
    0x0000025a   0x0000025a   0x00000000   Code   RO         2567    .ARM.Collect$$libinit$$0000000C  c_w.l(libinit2.o)
    0x0000025a   0x0000025a   0x00000000   Code   RO         2569    .ARM.Collect$$libinit$$0000000E  c_w.l(libinit2.o)
    0x0000025a   0x0000025a   0x00000006   Code   RO         2570    .ARM.Collect$$libinit$$0000000F  c_w.l(libinit2.o)
    0x00000260   0x00000260   0x00000000   Code   RO         2572    .ARM.Collect$$libinit$$00000011  c_w.l(libinit2.o)
    0x00000260   0x00000260   0x00000000   Code   RO         2574    .ARM.Collect$$libinit$$00000013  c_w.l(libinit2.o)
    0x00000260   0x00000260   0x00000000   Code   RO         2576    .ARM.Collect$$libinit$$00000015  c_w.l(libinit2.o)
    0x00000260   0x00000260   0x0000000a   Code   RO         2577    .ARM.Collect$$libinit$$00000016  c_w.l(libinit2.o)
    0x0000026a   0x0000026a   0x00000000   Code   RO         2578    .ARM.Collect$$libinit$$00000017  c_w.l(libinit2.o)
    0x0000026a   0x0000026a   0x00000000   Code   RO         2580    .ARM.Collect$$libinit$$00000019  c_w.l(libinit2.o)
    0x0000026a   0x0000026a   0x00000000   Code   RO         2582    .ARM.Collect$$libinit$$0000001B  c_w.l(libinit2.o)
    0x0000026a   0x0000026a   0x00000000   Code   RO         2584    .ARM.Collect$$libinit$$0000001D  c_w.l(libinit2.o)
    0x0000026a   0x0000026a   0x00000000   Code   RO         2586    .ARM.Collect$$libinit$$0000001F  c_w.l(libinit2.o)
    0x0000026a   0x0000026a   0x00000000   Code   RO         2588    .ARM.Collect$$libinit$$00000021  c_w.l(libinit2.o)
    0x0000026a   0x0000026a   0x00000000   Code   RO         2590    .ARM.Collect$$libinit$$00000023  c_w.l(libinit2.o)
    0x0000026a   0x0000026a   0x00000000   Code   RO         2592    .ARM.Collect$$libinit$$00000025  c_w.l(libinit2.o)
    0x0000026a   0x0000026a   0x00000000   Code   RO         2596    .ARM.Collect$$libinit$$0000002C  c_w.l(libinit2.o)
    0x0000026a   0x0000026a   0x00000000   Code   RO         2598    .ARM.Collect$$libinit$$0000002E  c_w.l(libinit2.o)
    0x0000026a   0x0000026a   0x00000000   Code   RO         2600    .ARM.Collect$$libinit$$00000030  c_w.l(libinit2.o)
    0x0000026a   0x0000026a   0x00000000   Code   RO         2602    .ARM.Collect$$libinit$$00000032  c_w.l(libinit2.o)
    0x0000026a   0x0000026a   0x00000002   Code   RO         2603    .ARM.Collect$$libinit$$00000033  c_w.l(libinit2.o)
    0x0000026c   0x0000026c   0x00000000   Code   RO         2469    .ARM.Collect$$rtentry$$00000000  c_w.l(__rtentry.o)
    0x0000026c   0x0000026c   0x00000000   Code   RO         2487    .ARM.Collect$$rtentry$$00000002  c_w.l(__rtentry2.o)
    0x0000026c   0x0000026c   0x00000006   Code   RO         2499    .ARM.Collect$$rtentry$$00000004  c_w.l(__rtentry4.o)
    0x00000272   0x00000272   0x00000000   Code   RO         2489    .ARM.Collect$$rtentry$$00000009  c_w.l(__rtentry2.o)
    0x00000272   0x00000272   0x00000004   Code   RO         2490    .ARM.Collect$$rtentry$$0000000A  c_w.l(__rtentry2.o)
    0x00000276   0x00000276   0x00000000   Code   RO         2492    .ARM.Collect$$rtentry$$0000000C  c_w.l(__rtentry2.o)
    0x00000276   0x00000276   0x00000008   Code   RO         2493    .ARM.Collect$$rtentry$$0000000D  c_w.l(__rtentry2.o)
    0x0000027e   0x0000027e   0x00000002   Code   RO         2604    .ARM.Collect$$rtexit$$00000000  c_w.l(rtexit.o)
    0x00000280   0x00000280   0x00000000   Code   RO         2611    .ARM.Collect$$rtexit$$00000002  c_w.l(rtexit2.o)
    0x00000280   0x00000280   0x00000004   Code   RO         2612    .ARM.Collect$$rtexit$$00000003  c_w.l(rtexit2.o)
    0x00000284   0x00000284   0x00000006   Code   RO         2613    .ARM.Collect$$rtexit$$00000004  c_w.l(rtexit2.o)
    0x0000028a   0x0000028a   0x00000002   PAD
    0x0000028c   0x0000028c   0x0000005c   Code   RO         2374    .text               startup_sn34f780.o
    0x000002e8   0x000002e8   0x00000038   Code   RO         2420    .text               c_w.l(__2snprintf.o)
    0x00000320   0x00000320   0x00000078   Code   RO         2426    .text               c_w.l(_printf_dec.o)
    0x00000398   0x00000398   0x0000010e   Code   RO         2436    .text               c_w.l(__printf_wp.o)
    0x000004a6   0x000004a6   0x0000003e   Code   RO         2451    .text               c_w.l(strlen.o)
    0x000004e4   0x000004e4   0x00000064   Code   RO         2453    .text               c_w.l(rt_memcpy_w.o)
    0x00000548   0x00000548   0x0000004e   Code   RO         2457    .text               c_w.l(rt_memclr_w.o)
    0x00000596   0x00000596   0x00000006   Code   RO         2459    .text               c_w.l(heapauxi.o)
    0x0000059c   0x0000059c   0x000000b2   Code   RO         2470    .text               c_w.l(_printf_intcommon.o)
    0x0000064e   0x0000064e   0x0000041e   Code   RO         2472    .text               c_w.l(_printf_fp_dec.o)
    0x00000a6c   0x00000a6c   0x00000030   Code   RO         2474    .text               c_w.l(_printf_char_common.o)
    0x00000a9c   0x00000a9c   0x0000000a   Code   RO         2476    .text               c_w.l(_sputc.o)
    0x00000aa6   0x00000aa6   0x00000010   Code   RO         2478    .text               c_w.l(_snputc.o)
    0x00000ab6   0x00000ab6   0x00000002   PAD
    0x00000ab8   0x00000ab8   0x00000008   Code   RO         2504    .text               c_w.l(rt_locale_intlibspace.o)
    0x00000ac0   0x00000ac0   0x0000008a   Code   RO         2506    .text               c_w.l(lludiv10.o)
    0x00000b4a   0x00000b4a   0x00000002   PAD
    0x00000b4c   0x00000b4c   0x00000080   Code   RO         2508    .text               c_w.l(_printf_fp_infnan.o)
    0x00000bcc   0x00000bcc   0x000000e4   Code   RO         2512    .text               c_w.l(bigflt0.o)
    0x00000cb0   0x00000cb0   0x00000008   Code   RO         2544    .text               c_w.l(libspace.o)
    0x00000cb8   0x00000cb8   0x0000004a   Code   RO         2547    .text               c_w.l(sys_stackheap_outer.o)
    0x00000d02   0x00000d02   0x00000012   Code   RO         2549    .text               c_w.l(exit.o)
    0x00000d14   0x00000d14   0x00000080   Code   RO         2551    .text               c_w.l(strcmpv7m.o)
    0x00000d94   0x00000d94   0x0000003e   Code   RO         2515    CL$$btod_d2e        c_w.l(btod.o)
    0x00000dd2   0x00000dd2   0x00000046   Code   RO         2517    CL$$btod_d2e_denorm_low  c_w.l(btod.o)
    0x00000e18   0x00000e18   0x00000060   Code   RO         2516    CL$$btod_d2e_norm_op1  c_w.l(btod.o)
    0x00000e78   0x00000e78   0x00000338   Code   RO         2525    CL$$btod_div_common  c_w.l(btod.o)
    0x000011b0   0x000011b0   0x000000dc   Code   RO         2522    CL$$btod_e2e        c_w.l(btod.o)
    0x0000128c   0x0000128c   0x0000002a   Code   RO         2519    CL$$btod_ediv       c_w.l(btod.o)
    0x000012b6   0x000012b6   0x0000002a   Code   RO         2518    CL$$btod_emul       c_w.l(btod.o)
    0x000012e0   0x000012e0   0x00000244   Code   RO         2524    CL$$btod_mult_common  c_w.l(btod.o)
    0x00001524   0x00001524   0x00000038   Code   RO         1036    ISR                 sn34f78x_hal_scu.o
    0x0000155c   0x0000155c   0x000002d4   Code   RO         1063    ISR                 sn34f78x_hal_uart.o
    0x00001830   0x00001830   0x0000001c   Code   RO         1253    ISR                 sn34f78x_hal_tpm.o
    0x0000184c   0x0000184c   0x000000b0   Code   RO         1782    ISR                 sn34f78x_hal_dma.o
    0x000018fc   0x000018fc   0x00000010   Code   RO          148    i.CT16B0_IRQHandler  sn34f78x_it.o
    0x0000190c   0x0000190c   0x00000024   Code   RO         1959    i.DEBUG_PRINT_IT    main_task.o
    0x00001930   0x00001930   0x00000006   Code   RO            4    i.Error_Handler     main.o
    0x00001936   0x00001936   0x00000002   PAD
    0x00001938   0x00001938   0x00000020   Code   RO          831    i.FLASH_AUTOHold_Config  sn34f78x_hal_flash_ex.o
    0x00001958   0x00001958   0x00000044   Code   RO          832    i.FLASH_CLKFreq_Config  sn34f78x_hal_flash_ex.o
    0x0000199c   0x0000199c   0x00000024   Code   RO          835    i.FLASH_GetAUTOHold  sn34f78x_hal_flash_ex.o
    0x000019c0   0x000019c0   0x00000054   Code   RO          836    i.FLASH_GetBOOTFlag  sn34f78x_hal_flash_ex.o
    0x00001a14   0x00001a14   0x00000054   Code   RO          837    i.FLASH_GetCLKFreq  sn34f78x_hal_flash_ex.o
    0x00001a68   0x00001a68   0x00000012   Code   RO          838    i.FLASH_GetMMWRP    sn34f78x_hal_flash_ex.o
    0x00001a7a   0x00001a7a   0x00000012   Code   RO          839    i.FLASH_GetRDP      sn34f78x_hal_flash_ex.o
    0x00001a8c   0x00001a8c   0x00000012   Code   RO          840    i.FLASH_GetSMWRP    sn34f78x_hal_flash_ex.o
    0x00001a9e   0x00001a9e   0x00000002   PAD
    0x00001aa0   0x00001aa0   0x00000074   Code   RO          842    i.FLASH_Protect_GetStatus  sn34f78x_hal_flash_ex.o
    0x00001b14   0x00001b14   0x00000014   Code   RO          784    i.FLASH_SetErrorCode  sn34f78x_hal_flash.o
    0x00001b28   0x00001b28   0x0000006c   Code   RO          785    i.FLASH_WaitForLastOperation  sn34f78x_hal_flash.o
    0x00001b94   0x00001b94   0x00000138   Code   RO         2254    i.FPGA_ProcessByte  fpga.o
    0x00001ccc   0x00001ccc   0x00000010   Code   RO          149    i.GPIO1_IRQHandler  sn34f78x_it.o
    0x00001cdc   0x00001cdc   0x00000010   Code   RO          150    i.GPIO3_IRQHandler  sn34f78x_it.o
    0x00001cec   0x00001cec   0x0000000c   Code   RO         2093    i.Get_state         system_management.o
    0x00001cf8   0x00001cf8   0x00000030   Code   RO         1714    i.HAL_CRC_DeInit    sn34f78x_hal_crc.o
    0x00001d28   0x00001d28   0x00000036   Code   RO         1717    i.HAL_CRC_Init      sn34f78x_hal_crc.o
    0x00001d5e   0x00001d5e   0x00000002   PAD
    0x00001d60   0x00001d60   0x0000001c   Code   RO          307    i.HAL_CRC_MspDeInit  sn34f78x_hal_msp.o
    0x00001d7c   0x00001d7c   0x0000002c   Code   RO          308    i.HAL_CRC_MspInit   sn34f78x_hal_msp.o
    0x00001da8   0x00001da8   0x00000006   Code   RO         1788    i.HAL_DMA_GetError  sn34f78x_hal_dma.o
    0x00001dae   0x00001dae   0x00000002   Code   RO         1791    i.HAL_DMA_MspDeInit  sn34f78x_hal_dma.o
    0x00001db0   0x00001db0   0x00000002   Code   RO         1792    i.HAL_DMA_MspInit   sn34f78x_hal_dma.o
    0x00001db2   0x00001db2   0x0000004c   Code   RO         1794    i.HAL_DMA_RegisterCallback  sn34f78x_hal_dma.o
    0x00001dfe   0x00001dfe   0x00000002   PAD
    0x00001e00   0x00001e00   0x00000080   Code   RO         1799    i.HAL_DMA_UnRegisterCallback  sn34f78x_hal_dma.o
    0x00001e80   0x00001e80   0x0000000a   Code   RO          413    i.HAL_DeInit        sn34f78x_hal.o
    0x00001e8a   0x00001e8a   0x00000030   Code   RO          844    i.HAL_FLASHEx_ConfigProgram  sn34f78x_hal_flash_ex.o
    0x00001eba   0x00001eba   0x0000003a   Code   RO          845    i.HAL_FLASHEx_GetConfig  sn34f78x_hal_flash_ex.o
    0x00001ef4   0x00001ef4   0x00000070   Code   RO          309    i.HAL_GPIO_Callback  sn34f78x_hal_msp.o
    0x00001f64   0x00001f64   0x0000000e   Code   RO          670    i.HAL_GPIO_ChangeClockMode  sn34f78x_hal_gpio.o
    0x00001f72   0x00001f72   0x00000024   Code   RO          671    i.HAL_GPIO_ConfigDebounce  sn34f78x_hal_gpio.o
    0x00001f96   0x00001f96   0x00000034   Code   RO          674    i.HAL_GPIO_IRQHandler  sn34f78x_hal_gpio.o
    0x00001fca   0x00001fca   0x00000086   Code   RO          675    i.HAL_GPIO_Init     sn34f78x_hal_gpio.o
    0x00002050   0x00002050   0x00000070   Code   RO          678    i.HAL_GPIO_SetAFIO  sn34f78x_hal_gpio.o
    0x000020c0   0x000020c0   0x00000016   Code   RO          679    i.HAL_GPIO_TogglePin  sn34f78x_hal_gpio.o
    0x000020d6   0x000020d6   0x0000000e   Code   RO          680    i.HAL_GPIO_WritePin  sn34f78x_hal_gpio.o
    0x000020e4   0x000020e4   0x00000060   Code   RO          537    i.HAL_GetNewHCLKFreq  sn34f78x_hal_rcc.o
    0x00002144   0x00002144   0x0000000c   Code   RO          932    i.HAL_GetTick       sn34f78x_hal_systick.o
    0x00002150   0x00002150   0x0000000c   Code   RO          934    i.HAL_GetTickPrio   sn34f78x_hal_systick.o
    0x0000215c   0x0000215c   0x00000018   Code   RO          935    i.HAL_IncTick       sn34f78x_hal_systick.o
    0x00002174   0x00002174   0x00000014   Code   RO          414    i.HAL_Init          sn34f78x_hal.o
    0x00002188   0x00002188   0x0000003c   Code   RO          787    i.HAL_InitFlash     sn34f78x_hal_flash.o
    0x000021c4   0x000021c4   0x000000e8   Code   RO          936    i.HAL_InitTick      sn34f78x_hal_systick.o
    0x000022ac   0x000022ac   0x00000002   Code   RO          310    i.HAL_MspDeInit     sn34f78x_hal_msp.o
    0x000022ae   0x000022ae   0x00000002   Code   RO          311    i.HAL_MspInit       sn34f78x_hal_msp.o
    0x000022b0   0x000022b0   0x00000194   Code   RO          539    i.HAL_RCC_ClockConfig  sn34f78x_hal_rcc.o
    0x00002444   0x00002444   0x00000018   Code   RO          541    i.HAL_RCC_GetAPB0CLKFreq  sn34f78x_hal_rcc.o
    0x0000245c   0x0000245c   0x00000018   Code   RO          542    i.HAL_RCC_GetAPB1CLKFreq  sn34f78x_hal_rcc.o
    0x00002474   0x00002474   0x00000038   Code   RO          543    i.HAL_RCC_GetClockConfig  sn34f78x_hal_rcc.o
    0x000024ac   0x000024ac   0x00000018   Code   RO          544    i.HAL_RCC_GetHCLKFreq  sn34f78x_hal_rcc.o
    0x000024c4   0x000024c4   0x0000005c   Code   RO          546    i.HAL_RCC_GetPLLCLKFreq  sn34f78x_hal_rcc.o
    0x00002520   0x00002520   0x00000038   Code   RO          547    i.HAL_RCC_GetSysClockFreq  sn34f78x_hal_rcc.o
    0x00002558   0x00002558   0x00000254   Code   RO          548    i.HAL_RCC_OscConfig  sn34f78x_hal_rcc.o
    0x000027ac   0x000027ac   0x00000002   Code   RO         1258    i.HAL_TPM_BreakCallback  sn34f78x_hal_tpm.o
    0x000027ae   0x000027ae   0x00000002   Code   RO         1266    i.HAL_TPM_CaptureCallback  sn34f78x_hal_tpm.o
    0x000027b0   0x000027b0   0x00000054   Code   RO         1268    i.HAL_TPM_DeInit    sn34f78x_hal_tpm.o
    0x00002804   0x00002804   0x00000002   Code   RO         1269    i.HAL_TPM_ErrorCallback  sn34f78x_hal_tpm.o
    0x00002806   0x00002806   0x00000002   PAD
    0x00002808   0x00002808   0x00000138   Code   RO         1274    i.HAL_TPM_Init      sn34f78x_hal_tpm.o
    0x00002940   0x00002940   0x00000002   Code   RO         1275    i.HAL_TPM_MspDeInit  sn34f78x_hal_tpm.o
    0x00002942   0x00002942   0x00000002   Code   RO         1276    i.HAL_TPM_MspInit   sn34f78x_hal_tpm.o
    0x00002944   0x00002944   0x00000150   Code   RO         1277    i.HAL_TPM_OC_ConfigChannel  sn34f78x_hal_tpm.o
    0x00002a94   0x00002a94   0x00000002   Code   RO         1278    i.HAL_TPM_OC_DelayElapsedCallback  sn34f78x_hal_tpm.o
    0x00002a96   0x00002a96   0x00000002   Code   RO         1289    i.HAL_TPM_PWM_PulseFinishedCallback  sn34f78x_hal_tpm.o
    0x00002a98   0x00002a98   0x00000044   Code   RO         1067    i.HAL_UART_DeInit   sn34f78x_hal_uart.o
    0x00002adc   0x00002adc   0x000000d4   Code   RO         1070    i.HAL_UART_Init     sn34f78x_hal_uart.o
    0x00002bb0   0x00002bb0   0x00000124   Code   RO          312    i.HAL_UART_MspDeInit  sn34f78x_hal_msp.o
    0x00002cd4   0x00002cd4   0x00000148   Code   RO          313    i.HAL_UART_MspInit  sn34f78x_hal_msp.o
    0x00002e1c   0x00002e1c   0x00000080   Code   RO         1075    i.HAL_UART_Receive_IT  sn34f78x_hal_uart.o
    0x00002e9c   0x00002e9c   0x0000005c   Code   RO          314    i.HAL_UART_RxCpltCallback  sn34f78x_hal_msp.o
    0x00002ef8   0x00002ef8   0x000000bc   Code   RO         1077    i.HAL_UART_Transmit  sn34f78x_hal_uart.o
    0x00002fb4   0x00002fb4   0x00000078   Code   RO         1079    i.HAL_UART_Transmit_IT  sn34f78x_hal_uart.o
    0x0000302c   0x0000302c   0x00000002   Code   RO          315    i.HAL_UART_TxCpltCallback  sn34f78x_hal_msp.o
    0x0000302e   0x0000302e   0x00000126   Code   RO         2140    i.HLK_FeedByte      hlk_ld2460.o
    0x00003154   0x00003154   0x00000030   Code   RO         2141    i.HLK_Init          hlk_ld2460.o
    0x00003184   0x00003184   0x0000002e   Code   RO         2142    i.HLK_TryGetReport  hlk_ld2460.o
    0x000031b2   0x000031b2   0x0000000c   Code   RO         1960    i.Process_action    main_task.o
    0x000031be   0x000031be   0x00000002   PAD
    0x000031c0   0x000031c0   0x000000b0   Code   RO          552    i.RCC_FCS_Command   sn34f78x_hal_rcc.o
    0x00003270   0x00003270   0x00000068   Code   RO         1963    i.RUN_SHUTDOWN_EVENT  main_task.o
    0x000032d8   0x000032d8   0x00000008   Code   RO          151    i.SCU_IRQHandler    sn34f78x_it.o
    0x000032e0   0x000032e0   0x00000018   Code   RO         2094    i.Set_event         system_management.o
    0x000032f8   0x000032f8   0x00000008   Code   RO          152    i.SysTick_Handler   sn34f78x_it.o
    0x00003300   0x00003300   0x00000088   Code   RO            5    i.SystemClock_Config  main.o
    0x00003388   0x00003388   0x000000e8   Code   RO         2383    i.SystemCoreClockUpdate  system_sn34f780.o
    0x00003470   0x00003470   0x00000014   Code   RO         2384    i.SystemInit        system_sn34f780.o
    0x00003484   0x00003484   0x00000040   Code   RO         2296    i.TURN_OFF_ALL_LED  control_led.o
    0x000034c4   0x000034c4   0x00000048   Code   RO         2297    i.TURN_ON_ALL_LED   control_led.o
    0x0000350c   0x0000350c   0x00000010   Code   RO          153    i.UART0_IRQHandler  sn34f78x_it.o
    0x0000351c   0x0000351c   0x00000010   Code   RO          154    i.UART1_IRQHandler  sn34f78x_it.o
    0x0000352c   0x0000352c   0x00000018   Code   RO          317    i.UART1_StartReceive_IT  sn34f78x_hal_msp.o
    0x00003544   0x00003544   0x00000010   Code   RO          155    i.UART2_IRQHandler  sn34f78x_it.o
    0x00003554   0x00003554   0x00000010   Code   RO          156    i.UART3_IRQHandler  sn34f78x_it.o
    0x00003564   0x00003564   0x00000030   Code   RO         2542    i.__ARM_fpclassify  m_wm.l(fpclassify.o)
    0x00003594   0x00003594   0x0000001c   Code   RO          318    i.__NVIC_ClearPendingIRQ  sn34f78x_hal_msp.o
    0x000035b0   0x000035b0   0x00000024   Code   RO          319    i.__NVIC_DisableIRQ  sn34f78x_hal_msp.o
    0x000035d4   0x000035d4   0x00000022   Code   RO          320    i.__NVIC_EnableIRQ  sn34f78x_hal_msp.o
    0x000035f6   0x000035f6   0x00000022   Code   RO          553    i.__NVIC_EnableIRQ  sn34f78x_hal_rcc.o
    0x00003618   0x00003618   0x00000028   Code   RO          940    i.__NVIC_SetPriority  sn34f78x_hal_systick.o
    0x00003640   0x00003640   0x0000003c   Code   RO         1299    i._break_irq        sn34f78x_hal_tpm.o
    0x0000367c   0x0000367c   0x0000003c   Code   RO         1300    i._cap_irq          sn34f78x_hal_tpm.o
    0x000036b8   0x000036b8   0x000000c0   Code   RO         1301    i._config_channel_base  sn34f78x_hal_tpm.o
    0x00003778   0x00003778   0x00000118   Code   RO         1302    i._config_channel_oc  sn34f78x_hal_tpm.o
    0x00003890   0x00003890   0x000000b4   Code   RO         1303    i._config_channel_pwm  sn34f78x_hal_tpm.o
    0x00003944   0x00003944   0x00000094   Code   RO          681    i._gpio_config_irq  sn34f78x_hal_gpio.o
    0x000039d8   0x000039d8   0x00000064   Code   RO          682    i._gpio_config_pin_str  sn34f78x_hal_gpio.o
    0x00003a3c   0x00003a3c   0x00000090   Code   RO          683    i._gpio_get_pin_str  sn34f78x_hal_gpio.o
    0x00003acc   0x00003acc   0x0000000e   Code   RO         2438    i._is_digit         c_w.l(__printf_wp.o)
    0x00003ada   0x00003ada   0x00000084   Code   RO         1305    i._mr_irq           sn34f78x_hal_tpm.o
    0x00003b5e   0x00003b5e   0x00000002   PAD
    0x00003b60   0x00003b60   0x00000030   Code   RO          684    i._pinmux_get_port_pos  sn34f78x_hal_gpio.o
    0x00003b90   0x00003b90   0x00000068   Code   RO         1306    i._register_dma_callback  sn34f78x_hal_tpm.o
    0x00003bf8   0x00003bf8   0x0000001e   Code   RO         1307    i._reset_base       sn34f78x_hal_tpm.o
    0x00003c16   0x00003c16   0x00000002   PAD
    0x00003c18   0x00003c18   0x0000003c   Code   RO         1308    i._reset_callback   sn34f78x_hal_tpm.o
    0x00003c54   0x00003c54   0x0000004c   Code   RO         1314    i._stop_capture     sn34f78x_hal_tpm.o
    0x00003ca0   0x00003ca0   0x00000002   Code   RO          417    i._sys_exit         sn34f78x_hal.o
    0x00003ca2   0x00003ca2   0x00000002   PAD
    0x00003ca4   0x00003ca4   0x00000014   Code   RO         1319    i._tpm_0_1_2_5_irq  sn34f78x_hal_tpm.o
    0x00003cb8   0x00003cb8   0x00000014   Code   RO         1320    i._tpm_3_irq        sn34f78x_hal_tpm.o
    0x00003ccc   0x00003ccc   0x00000014   Code   RO         1321    i._tpm_4_irq        sn34f78x_hal_tpm.o
    0x00003ce0   0x00003ce0   0x00000034   Code   RO         1322    i._tpm_6_7_irq      sn34f78x_hal_tpm.o
    0x00003d14   0x00003d14   0x00000014   Code   RO         1323    i._tpm_8_irq        sn34f78x_hal_tpm.o
    0x00003d28   0x00003d28   0x00000030   Code   RO         1324    i._tpm_disable      sn34f78x_hal_tpm.o
    0x00003d58   0x00003d58   0x00000018   Code   RO         1325    i._tpm_dma_xfer_capture_callback  sn34f78x_hal_tpm.o
    0x00003d70   0x00003d70   0x0000005c   Code   RO         1326    i._tpm_dma_xfer_delay_pulse_callback  sn34f78x_hal_tpm.o
    0x00003dcc   0x00003dcc   0x0000001e   Code   RO         1327    i._tpm_dma_xfer_error_callback  sn34f78x_hal_tpm.o
    0x00003dea   0x00003dea   0x00000002   PAD
    0x00003dec   0x00003dec   0x00000068   Code   RO         1328    i._tpm_irq_kernel   sn34f78x_hal_tpm.o
    0x00003e54   0x00003e54   0x00000036   Code   RO         1329    i._tpm_is_busy      sn34f78x_hal_tpm.o
    0x00003e8a   0x00003e8a   0x00000002   PAD
    0x00003e8c   0x00003e8c   0x00000098   Code   RO         1330    i._tpm_set_index    sn34f78x_hal_tpm.o
    0x00003f24   0x00003f24   0x00000012   Code   RO         1081    i._uart_dma_rx_abort_callback  sn34f78x_hal_uart.o
    0x00003f36   0x00003f36   0x00000020   Code   RO         1082    i._uart_dma_rx_check  sn34f78x_hal_uart.o
    0x00003f56   0x00003f56   0x00000012   Code   RO         1083    i._uart_dma_rx_cplt_callback  sn34f78x_hal_uart.o
    0x00003f68   0x00003f68   0x0000001a   Code   RO         1084    i._uart_dma_rx_err_callback  sn34f78x_hal_uart.o
    0x00003f82   0x00003f82   0x00000012   Code   RO         1085    i._uart_dma_tx_abort_callback  sn34f78x_hal_uart.o
    0x00003f94   0x00003f94   0x00000020   Code   RO         1086    i._uart_dma_tx_check  sn34f78x_hal_uart.o
    0x00003fb4   0x00003fb4   0x00000012   Code   RO         1087    i._uart_dma_tx_cplt_callback  sn34f78x_hal_uart.o
    0x00003fc6   0x00003fc6   0x0000001a   Code   RO         1088    i._uart_dma_tx_err_callback  sn34f78x_hal_uart.o
    0x00003fe0   0x00003fe0   0x00000020   Code   RO         1089    i._uart_get_rxtl    sn34f78x_hal_uart.o
    0x00004000   0x00004000   0x00000034   Code   RO         1090    i._uart_init_callbacks_default  sn34f78x_hal_uart.o
    0x00004034   0x00004034   0x0000016c   Code   RO         1091    i._uart_set_baudrate  sn34f78x_hal_uart.o
    0x000041a0   0x000041a0   0x000000bc   Code   RO         1092    i._uart_set_config  sn34f78x_hal_uart.o
    0x0000425c   0x0000425c   0x00000130   Code   RO         1964    i.execute_action    main_task.o
    0x0000438c   0x0000438c   0x0000000c   Code   RO         2143    i.fr_reset          hlk_ld2460.o
    0x00004398   0x00004398   0x0000004c   Code   RO          224    i.init              init.o
    0x000043e4   0x000043e4   0x000000e0   Code   RO         2095    i.judge_state       system_management.o
    0x000044c4   0x000044c4   0x00000028   Code   RO         2300    i.led_mode_1        control_led.o
    0x000044ec   0x000044ec   0x00000028   Code   RO         2301    i.led_mode_2        control_led.o
    0x00004514   0x00004514   0x00000028   Code   RO         2302    i.led_mode_3        control_led.o
    0x0000453c   0x0000453c   0x00000020   Code   RO            6    i.main              main.o
    0x0000455c   0x0000455c   0x0000001c   Code   RO         1965    i.main_task         main_task.o
    0x00004578   0x00004578   0x00000070   Code   RO         1966    i.mode_event        main_task.o
    0x000045e8   0x000045e8   0x00000148   Code   RO         2144    i.parse_report      hlk_ld2460.o
    0x00004730   0x00004730   0x000001bc   Code   RO         1968    i.run_mode_1        main_task.o
    0x000048ec   0x000048ec   0x00000002   Code   RO         1969    i.run_mode_2        main_task.o
    0x000048ee   0x000048ee   0x00000002   Code   RO         1970    i.run_mode_3        main_task.o
    0x000048f0   0x000048f0   0x00000004   Code   RO         1971    i.s_initialize_peripheral  main_task.o
    0x000048f4   0x000048f4   0x00000024   Code   RO          225    i.sn34f7_CRC_Init   init.o
    0x00004918   0x00004918   0x00000218   Code   RO          226    i.sn34f7_GPIO_Init  init.o
    0x00004b30   0x00004b30   0x000000a4   Code   RO          227    i.sn34f7_TPM0_Init  init.o
    0x00004bd4   0x00004bd4   0x00000034   Code   RO          228    i.sn34f7_UART0_Init  init.o
    0x00004c08   0x00004c08   0x00000034   Code   RO          229    i.sn34f7_UART1_Init  init.o
    0x00004c3c   0x00004c3c   0x00000034   Code   RO          230    i.sn34f7_UART2_Init  init.o
    0x00004c70   0x00004c70   0x00000034   Code   RO          231    i.sn34f7_UART3_Init  init.o
    0x00004ca4   0x00004ca4   0x00000010   Code   RO         1974    i.time_now          main_task.o
    0x00004cb4   0x00004cb4   0x0000000c   Code   RO         2145    i.u16_le            hlk_ld2460.o
    0x00004cc0   0x00004cc0   0x00000074   Code   RO          232    i.uninit            init.o
    0x00004d34   0x00004d34   0x0000002c   Code   RO         2538    locale$$code        c_w.l(lc_numeric_c.o)
    0x00004d60   0x00004d60   0x0000000c   Code   RO         2481    x$fpl$dretinf       fz_wm.l(dretinf.o)
    0x00004d6c   0x00004d6c   0x00000056   Code   RO         2463    x$fpl$f2d           fz_wm.l(f2d.o)
    0x00004dc2   0x00004dc2   0x0000008c   Code   RO         2483    x$fpl$fnaninf       fz_wm.l(fnaninf.o)
    0x00004e4e   0x00004e4e   0x0000000a   Code   RO         2608    x$fpl$fpinit        fz_wm.l(fpinit.o)
    0x00004e58   0x00004e58   0x00000004   Code   RO         2465    x$fpl$printf1       fz_wm.l(printf1.o)
    0x00004e5c   0x00004e5c   0x00000000   Code   RO         2485    x$fpl$usenofp       fz_wm.l(usenofp.o)
    0x00004e5c   0x00004e5c   0x0000002c   Data   RO            7    .constdata          main.o
    0x00004e88   0x00004e88   0x0000002c   Data   RO          554    .constdata          sn34f78x_hal_rcc.o
    0x00004eb4   0x00004eb4   0x0000034c   Data   RO          685    .constdata          sn34f78x_hal_gpio.o
    0x00005200   0x00005200   0x000001e0   Data   RO         1331    .constdata          sn34f78x_hal_tpm.o
    0x000053e0   0x000053e0   0x0000000c   Data   RO         2146    .constdata          hlk_ld2460.o
    0x000053ec   0x000053ec   0x00000094   Data   RO         2513    .constdata          c_w.l(bigflt0.o)
    0x00005480   0x00005480   0x00000020   Data   RO         2677    Region$$Table       anon$$obj.o
    0x000054a0   0x000054a0   0x0000001c   Data   RO         2537    locale$$data        c_w.l(lc_numeric_c.o)


    Execution Region RW_IRAM1 (Exec base: 0x20000000, Load base: 0x000054bc, Size: 0x00000bf8, Max: 0x00028000, ABSOLUTE)

    Exec Addr    Load Addr    Size         Type   Attr      Idx    E Section Name        Object

    0x20000000   0x000054bc   0x00000008   Data   RW          321    .data               sn34f78x_hal_msp.o
    0x20000008   0x000054c4   0x00000009   Data   RW          941    .data               sn34f78x_hal_systick.o
    0x20000011   0x000054cd   0x00000003   PAD
    0x20000014   0x000054d0   0x00000004   Data   RW         1093    .data               sn34f78x_hal_uart.o
    0x20000018   0x000054d4   0x00000030   Data   RW         1332    .data               sn34f78x_hal_tpm.o
    0x20000048   0x00005504   0x00000020   Data   RW         1976    .data               main_task.o
    0x20000068   0x00005524   0x00000008   Data   RW         2097    .data               system_management.o
    0x20000070   0x0000552c   0x00000003   Data   RW         2257    .data               fpga.o
    0x20000073   0x0000552f   0x00000001   PAD
    0x20000074   0x00005530   0x00000004   Data   RW         2385    .data               system_sn34f780.o
    0x20000078        -       0x0000029c   Zero   RW          233    .bss                init.o
    0x20000314        -       0x00000020   Zero   RW          788    .bss                sn34f78x_hal_flash.o
    0x20000334        -       0x000001b4   Zero   RW         1975    .bss                main_task.o
    0x200004e8        -       0x00000080   Zero   RW         2096    .bss                system_management.o
    0x20000568        -       0x00000030   Zero   RW         2256    .bss                fpga.o
    0x20000598        -       0x00000060   Zero   RW         2545    .bss                c_w.l(libspace.o)
    0x200005f8        -       0x00000200   Zero   RW         2371    HEAP                startup_sn34f780.o
    0x200007f8        -       0x00000400   Zero   RW         2370    STACK               startup_sn34f780.o



  Load Region LR$$.ARM.__at_0x0007DFFC (Base: 0x0007dffc, Size: 0x00000004, Max: 0x00000004, ABSOLUTE)

    Execution Region ER$$.ARM.__at_0x0007DFFC (Exec base: 0x0007dffc, Load base: 0x0007dffc, Size: 0x00000004, Max: 0x00000004, ABSOLUTE, UNINIT)

    Exec Addr    Load Addr    Size         Type   Attr      Idx    E Section Name        Object

    0x0007dffc   0x0007dffc   0x00000004   Code   RO         2373    .ARM.__at_0x0007DFFC  startup_sn34f780.o


==============================================================================

Image component sizes


      Code (inc. data)   RO Data    RW Data    ZI Data      Debug   Object Name

       256         24          0          0          0       2600   control_led.o
       312         28          0          3         48       2138   fpga.o
       740         14         12          0          0       6169   hlk_ld2460.o
      1136        138          0          0        668      36782   init.o
       174          4         44          0          0     165400   main.o
      1064        206          0         32        436      39984   main_task.o
        32          0          8          0          0       3086   sn34f78x_hal.o
       102          0          0          0          0       1804   sn34f78x_hal_crc.o
       390         34          0          0          0       4623   sn34f78x_hal_dma.o
       188         28          0          0         32       2190   sn34f78x_hal_flash.o
       580         30          0          0          0       8081   sn34f78x_hal_flash_ex.o
       824         48        844          0          0      15187   sn34f78x_hal_gpio.o
      1024        152          0          8          0      37963   sn34f78x_hal_msp.o
      1582        110         44          0          0       8520   sn34f78x_hal_rcc.o
        56          4          0          0          0       1020   sn34f78x_hal_scu.o
       320         46          0          9          0      34367   sn34f78x_hal_systick.o
      2584        146        480         48          0      32426   sn34f78x_hal_tpm.o
      2264        106          0          4          0      18481   sn34f78x_hal_uart.o
       128         42          0          0          0       4421   sn34f78x_it.o
        96         40        448          0       1536       1120   startup_sn34f780.o
       260         40          0          8        128       3298   system_management.o
       252         28          0          4          0       1535   system_sn34f780.o

    ----------------------------------------------------------------------
     14386       1268       1912        120       2848     431195   Object Totals
         0          0         32          0          0          0   (incl. Generated)
        22          0          0          4          0          0   (incl. Padding)

    ----------------------------------------------------------------------

      Code (inc. data)   RO Data    RW Data    ZI Data      Debug   Library Member Name

        56          6          0          0          0         88   __2snprintf.o
         8          0          0          0          0         68   __main.o
       284          0          0          0          0        156   __printf_wp.o
         0          0          0          0          0          0   __rtentry.o
        12          0          0          0          0          0   __rtentry2.o
         6          0          0          0          0          0   __rtentry4.o
        52          8          0          0          0          0   __scatter.o
        26          0          0          0          0          0   __scatter_copy.o
        28          0          0          0          0          0   __scatter_zi.o
        48          6          0          0          0         96   _printf_char_common.o
       120         16          0          0          0         92   _printf_dec.o
         6          0          0          0          0          0   _printf_f.o
      1054          0          0          0          0        216   _printf_fp_dec.o
       128         16          0          0          0         84   _printf_fp_infnan.o
       178          0          0          0          0         88   _printf_intcommon.o
         0          0          0          0          0          0   _printf_percent.o
         4          0          0          0          0          0   _printf_percent_end.o
         6          0          0          0          0          0   _printf_u.o
        16          0          0          0          0         68   _snputc.o
        10          0          0          0          0         68   _sputc.o
       228          4        148          0          0         96   bigflt0.o
      1936        128          0          0          0        672   btod.o
        18          0          0          0          0         80   exit.o
         6          0          0          0          0        152   heapauxi.o
        44         10         28          0          0         76   lc_numeric_c.o
         2          0          0          0          0          0   libinit.o
        22          0          0          0          0          0   libinit2.o
         2          0          0          0          0          0   libshutdown.o
         2          0          0          0          0          0   libshutdown2.o
         8          4          0          0         96         68   libspace.o
       138          0          0          0          0         80   lludiv10.o
         8          4          0          0          0         68   rt_locale_intlibspace.o
        78          0          0          0          0         80   rt_memclr_w.o
       100          0          0          0          0         80   rt_memcpy_w.o
         2          0          0          0          0          0   rtexit.o
        10          0          0          0          0          0   rtexit2.o
       128          0          0          0          0         68   strcmpv7m.o
        62          0          0          0          0         76   strlen.o
        74          0          0          0          0         80   sys_stackheap_outer.o
         2          0          0          0          0         68   use_no_semi.o
         2          0          0          0          0         68   use_no_semi_2.o
        12          0          0          0          0        116   dretinf.o
        86          4          0          0          0        132   f2d.o
       140          4          0          0          0        132   fnaninf.o
        10          0          0          0          0        116   fpinit.o
         4          0          0          0          0        116   printf1.o
         0          0          0          0          0          0   usenofp.o
        48          0          0          0          0        124   fpclassify.o

    ----------------------------------------------------------------------
      5222        210        176          0         96       3572   Library Totals
         8          0          0          0          0          0   (incl. Padding)

    ----------------------------------------------------------------------

      Code (inc. data)   RO Data    RW Data    ZI Data      Debug   Library Name

      4914        202        176          0         96       2836   c_w.l
       252          8          0          0          0        612   fz_wm.l
        48          0          0          0          0        124   m_wm.l

    ----------------------------------------------------------------------
      5222        210        176          0         96       3572   Library Totals

    ----------------------------------------------------------------------

==============================================================================


      Code (inc. data)   RO Data    RW Data    ZI Data      Debug   

     19608       1478       2088        120       2944     416807   Grand Totals
     19608       1478       2088        120       2944     416807   ELF Image Totals
     19608       1478       2088        120          0          0   ROM Totals

==============================================================================

    Total RO  Size (Code + RO Data)                21696 (  21.19kB)
    Total RW  Size (RW Data + ZI Data)              3064 (   2.99kB)
    Total ROM Size (Code + RO Data + RW Data)      21816 (  21.30kB)

==============================================================================

