Component: ARM Compiler 5.06 update 6 (build 750) Tool: armlink [4d35ed]

==============================================================================

Section Cross References

    main.o(i.SystemClock_Config) refers to rt_memclr_w.o(.text) for __aeabi_memclr4
    main.o(i.SystemClock_Config) refers to sn34f78x_hal_rcc.o(i.HAL_RCC_GetClockConfig) for HAL_RCC_GetClockConfig
    main.o(i.SystemClock_Config) refers to rt_memcpy_w.o(.text) for __aeabi_memcpy4
    main.o(i.SystemClock_Config) refers to sn34f78x_hal_flash_ex.o(i.HAL_FLASHEx_ConfigProgram) for HAL_FLASHEx_ConfigProgram
    main.o(i.SystemClock_Config) refers to main.o(i.Error_Handler) for Error_Handler
    main.o(i.SystemClock_Config) refers to sn34f78x_hal_rcc.o(i.HAL_RCC_OscConfig) for HAL_RCC_OscConfig
    main.o(i.SystemClock_Config) refers to sn34f78x_hal_rcc.o(i.HAL_RCC_ClockConfig) for HAL_RCC_ClockConfig
    main.o(i.SystemClock_Config) refers to main.o(.constdata) for .constdata
    main.o(i.main) refers to sn34f78x_hal.o(i.HAL_Init) for HAL_Init
    main.o(i.main) refers to main.o(i.SystemClock_Config) for SystemClock_Config
    main.o(i.main) refers to init.o(i.init) for init
    main.o(i.main) refers to main_task.o(i.main_task) for main_task
    main.o(i.main) refers to init.o(i.uninit) for uninit
    main.o(i.main) refers to main.o(i.Error_Handler) for Error_Handler
    main.o(.data) refers to main.o(.bss) for buf
    sn34f78x_it.o(i.CT16B0_IRQHandler) refers to sn34f78x_hal_tpm.o(ISR) for HAL_TPM_IRQHandler
    sn34f78x_it.o(i.CT16B0_IRQHandler) refers to init.o(.bss) for TPM0_Handle
    sn34f78x_it.o(i.GPIO1_IRQHandler) refers to sn34f78x_hal_gpio.o(i.HAL_GPIO_IRQHandler) for HAL_GPIO_IRQHandler
    sn34f78x_it.o(i.GPIO3_IRQHandler) refers to sn34f78x_hal_gpio.o(i.HAL_GPIO_IRQHandler) for HAL_GPIO_IRQHandler
    sn34f78x_it.o(i.SCU_IRQHandler) refers to sn34f78x_hal_scu.o(ISR) for HAL_SCU_IRQHandler
    sn34f78x_it.o(i.SysTick_Handler) refers to sn34f78x_hal_systick.o(i.HAL_IncTick) for HAL_IncTick
    sn34f78x_it.o(i.UART0_IRQHandler) refers to sn34f78x_hal_uart.o(ISR) for HAL_UART_IRQHandler
    sn34f78x_it.o(i.UART0_IRQHandler) refers to init.o(.bss) for UART0_Handle
    sn34f78x_it.o(i.UART1_IRQHandler) refers to sn34f78x_hal_uart.o(ISR) for HAL_UART_IRQHandler
    sn34f78x_it.o(i.UART1_IRQHandler) refers to init.o(.bss) for UART1_Handle
    sn34f78x_it.o(i.UART2_IRQHandler) refers to sn34f78x_hal_uart.o(ISR) for HAL_UART_IRQHandler
    sn34f78x_it.o(i.UART2_IRQHandler) refers to init.o(.bss) for UART2_Handle
    sn34f78x_it.o(i.UART3_IRQHandler) refers to sn34f78x_hal_uart.o(ISR) for HAL_UART_IRQHandler
    sn34f78x_it.o(i.UART3_IRQHandler) refers to init.o(.bss) for UART3_Handle
    sn34f78x_hal_msp.o(i.HAL_GPIO_Callback) refers to sn34f78x_hal_systick.o(i.HAL_GetTick) for HAL_GetTick
    sn34f78x_hal_msp.o(i.HAL_GPIO_Callback) refers to sn34f78x_hal_msp.o(.data) for last_tick_btn1
    sn34f78x_hal_msp.o(i.HAL_GPIO_Callback) refers to main_task.o(.data) for btn_flag_1
    sn34f78x_hal_msp.o(i.HAL_UART_MspDeInit) refers to sn34f78x_hal_msp.o(i.__NVIC_ClearPendingIRQ) for __NVIC_ClearPendingIRQ
    sn34f78x_hal_msp.o(i.HAL_UART_MspDeInit) refers to sn34f78x_hal_msp.o(i.__NVIC_DisableIRQ) for __NVIC_DisableIRQ
    sn34f78x_hal_msp.o(i.HAL_UART_MspDeInit) refers to sn34f78x_hal_gpio.o(i.HAL_GPIO_SetAFIO) for HAL_GPIO_SetAFIO
    sn34f78x_hal_msp.o(i.HAL_UART_MspInit) refers to sn34f78x_hal_gpio.o(i.HAL_GPIO_SetAFIO) for HAL_GPIO_SetAFIO
    sn34f78x_hal_msp.o(i.HAL_UART_MspInit) refers to sn34f78x_hal_msp.o(i.__NVIC_ClearPendingIRQ) for __NVIC_ClearPendingIRQ
    sn34f78x_hal_msp.o(i.HAL_UART_MspInit) refers to sn34f78x_hal_msp.o(i.__NVIC_EnableIRQ) for __NVIC_EnableIRQ
    sn34f78x_hal_msp.o(i.HAL_UART_RxCpltCallback) refers to cbuffer.o(i.cbuffer_write) for cbuffer_write
    sn34f78x_hal_msp.o(i.HAL_UART_RxCpltCallback) refers to sn34f78x_hal_uart.o(i.HAL_UART_Receive_IT) for HAL_UART_Receive_IT
    sn34f78x_hal_msp.o(i.HAL_UART_RxCpltCallback) refers to init.o(.bss) for UART1_Handle
    sn34f78x_hal_msp.o(i.HAL_UART_RxCpltCallback) refers to sn34f78x_hal_msp.o(.data) for uart1_rx_byte
    sn34f78x_hal_msp.o(i.HAL_UART_RxCpltCallback) refers to main_task.o(.bss) for cb_radar
    sn34f78x_hal_msp.o(i.P1_IRQHandler) refers to sn34f78x_hal_gpio.o(i.HAL_GPIO_IRQHandler) for HAL_GPIO_IRQHandler
    init.o(i.init) refers to init.o(i.sn34f7_CRC_Init) for sn34f7_CRC_Init
    init.o(i.init) refers to init.o(i.sn34f7_UART0_Init) for sn34f7_UART0_Init
    init.o(i.init) refers to init.o(i.sn34f7_UART1_Init) for sn34f7_UART1_Init
    init.o(i.init) refers to init.o(i.sn34f7_UART2_Init) for sn34f7_UART2_Init
    init.o(i.init) refers to init.o(i.sn34f7_UART3_Init) for sn34f7_UART3_Init
    init.o(i.init) refers to init.o(i.sn34f7_TPM0_Init) for sn34f7_TPM0_Init
    init.o(i.init) refers to init.o(i.sn34f7_GPIO_Init) for sn34f7_GPIO_Init
    init.o(i.sn34f7_CRC_Init) refers to sn34f78x_hal_crc.o(i.HAL_CRC_Init) for HAL_CRC_Init
[...]
    i.DEBUG_PRINT_IT                         0x00000830   Section        0  system_management.o(i.DEBUG_PRINT_IT)
    DEBUG_PRINT_IT                           0x00000831   Thumb Code    30  system_management.o(i.DEBUG_PRINT_IT)
    i.Error_Handler                          0x00000854   Section        0  main.o(i.Error_Handler)
    i.FLASH_AUTOHold_Config                  0x0000085c   Section        0  sn34f78x_hal_flash_ex.o(i.FLASH_AUTOHold_Config)
    FLASH_AUTOHold_Config                    0x0000085d   Thumb Code    26  sn34f78x_hal_flash_ex.o(i.FLASH_AUTOHold_Config)
    i.FLASH_CLKFreq_Config                   0x0000087c   Section        0  sn34f78x_hal_flash_ex.o(i.FLASH_CLKFreq_Config)
    FLASH_CLKFreq_Config                     0x0000087d   Thumb Code    62  sn34f78x_hal_flash_ex.o(i.FLASH_CLKFreq_Config)
    i.FLASH_GetAUTOHold                      0x000008c0   Section        0  sn34f78x_hal_flash_ex.o(i.FLASH_GetAUTOHold)
    FLASH_GetAUTOHold                        0x000008c1   Thumb Code    32  sn34f78x_hal_flash_ex.o(i.FLASH_GetAUTOHold)
    i.FLASH_GetBOOTFlag                      0x000008e4   Section        0  sn34f78x_hal_flash_ex.o(i.FLASH_GetBOOTFlag)
    FLASH_GetBOOTFlag                        0x000008e5   Thumb Code    80  sn34f78x_hal_flash_ex.o(i.FLASH_GetBOOTFlag)
    i.FLASH_GetCLKFreq                       0x00000938   Section        0  sn34f78x_hal_flash_ex.o(i.FLASH_GetCLKFreq)
    FLASH_GetCLKFreq                         0x00000939   Thumb Code    80  sn34f78x_hal_flash_ex.o(i.FLASH_GetCLKFreq)
    i.FLASH_GetMMWRP                         0x0000098c   Section        0  sn34f78x_hal_flash_ex.o(i.FLASH_GetMMWRP)
    FLASH_GetMMWRP                           0x0000098d   Thumb Code    18  sn34f78x_hal_flash_ex.o(i.FLASH_GetMMWRP)
    i.FLASH_GetRDP                           0x0000099e   Section        0  sn34f78x_hal_flash_ex.o(i.FLASH_GetRDP)
    FLASH_GetRDP                             0x0000099f   Thumb Code    18  sn34f78x_hal_flash_ex.o(i.FLASH_GetRDP)
    i.FLASH_GetSMWRP                         0x000009b0   Section        0  sn34f78x_hal_flash_ex.o(i.FLASH_GetSMWRP)
    FLASH_GetSMWRP                           0x000009b1   Thumb Code    18  sn34f78x_hal_flash_ex.o(i.FLASH_GetSMWRP)
    i.FLASH_Protect_GetStatus                0x000009c4   Section        0  sn34f78x_hal_flash_ex.o(i.FLASH_Protect_GetStatus)
    FLASH_Protect_GetStatus                  0x000009c5   Thumb Code   110  sn34f78x_hal_flash_ex.o(i.FLASH_Protect_GetStatus)
    i.FLASH_SetErrorCode                     0x00000a38   Section        0  sn34f78x_hal_flash.o(i.FLASH_SetErrorCode)
    FLASH_SetErrorCode                       0x00000a39   Thumb Code    12  sn34f78x_hal_flash.o(i.FLASH_SetErrorCode)
    i.FLASH_WaitForLastOperation             0x00000a4c   Section        0  sn34f78x_hal_flash.o(i.FLASH_WaitForLastOperation)
    i.GPIO1_IRQHandler                       0x00000ab8   Section        0  sn34f78x_it.o(i.GPIO1_IRQHandler)
    i.GPIO3_IRQHandler                       0x00000ac8   Section        0  sn34f78x_it.o(i.GPIO3_IRQHandler)
    i.Get_state                              0x00000ad8   Section        0  system_management.o(i.Get_state)
    i.HAL_CRC_DeInit                         0x00000ae4   Section        0  sn34f78x_hal_crc.o(i.HAL_CRC_DeInit)
    i.HAL_CRC_Init                           0x00000b14   Section        0  sn34f78x_hal_crc.o(i.HAL_CRC_Init)
    i.HAL_CRC_MspDeInit                      0x00000b4c   Section        0  sn34f78x_hal_msp.o(i.HAL_CRC_MspDeInit)
    i.HAL_CRC_MspInit                        0x00000b68   Section        0  sn34f78x_hal_msp.o(i.HAL_CRC_MspInit)
    i.HAL_DMA_GetError                       0x00000b94   Section        0  sn34f78x_hal_dma.o(i.HAL_DMA_GetError)
    i.HAL_DMA_MspDeInit                      0x00000b9a   Section        0  sn34f78x_hal_dma.o(i.HAL_DMA_MspDeInit)
    i.HAL_DMA_MspInit                        0x00000b9c   Section        0  sn34f78x_hal_dma.o(i.HAL_DMA_MspInit)
    i.HAL_DMA_RegisterCallback               0x00000b9e   Section        0  sn34f78x_hal_dma.o(i.HAL_DMA_RegisterCallback)
    i.HAL_DMA_UnRegisterCallback             0x00000bec   Section        0  sn34f78x_hal_dma.o(i.HAL_DMA_UnRegisterCallback)
    i.HAL_DeInit                             0x00000c6c   Section        0  sn34f78x_hal.o(i.HAL_DeInit)
    i.HAL_Delay                              0x00000c76   Section        0  sn34f78x_hal_systick.o(i.HAL_Delay)
    i.HAL_FLASHEx_ConfigProgram              0x00000c92   Section        0  sn34f78x_hal_flash_ex.o(i.HAL_FLASHEx_ConfigProgram)
    i.HAL_FLASHEx_GetConfig                  0x00000cc2   Section        0  sn34f78x_hal_flash_ex.o(i.HAL_FLASHEx_GetConfig)
    i.HAL_GPIO_Callback                      0x00000cfc   Section        0  sn34f78x_hal_msp.o(i.HAL_GPIO_Callback)
    i.HAL_GPIO_ChangeClockMode               0x00000d5c   Section        0  sn34f78x_hal_gpio.o(i.HAL_GPIO_ChangeClockMode)
    i.HAL_GPIO_ConfigDebounce                0x00000d6a   Section        0  sn34f78x_hal_gpio.o(i.HAL_GPIO_ConfigDebounce)
    i.HAL_GPIO_IRQHandler                    0x00000d8e   Section        0  sn34f78x_hal_gpio.o(i.HAL_GPIO_IRQHandler)
    i.HAL_GPIO_Init                          0x00000dc2   Section        0  sn34f78x_hal_gpio.o(i.HAL_GPIO_Init)
    i.HAL_GPIO_SetAFIO                       0x00000e48   Section        0  sn34f78x_hal_gpio.o(i.HAL_GPIO_SetAFIO)
    i.HAL_GPIO_WritePin                      0x00000eb8   Section        0  sn34f78x_hal_gpio.o(i.HAL_GPIO_WritePin)
    i.HAL_GetNewHCLKFreq                     0x00000ec8   Section        0  sn34f78x_hal_rcc.o(i.HAL_GetNewHCLKFreq)
    i.HAL_GetTick                            0x00000f28   Section        0  sn34f78x_hal_systick.o(i.HAL_GetTick)
    i.HAL_GetTickPrio                        0x00000f34   Section        0  sn34f78x_hal_systick.o(i.HAL_GetTickPrio)
    i.HAL_IncTick                            0x00000f40   Section        0  sn34f78x_hal_systick.o(i.HAL_IncTick)
    i.HAL_Init                               0x00000f58   Section        0  sn34f78x_hal.o(i.HAL_Init)
    i.HAL_InitFlash                          0x00000f6c   Section        0  sn34f78x_hal_flash.o(i.HAL_InitFlash)
    i.HAL_InitTick                           0x00000fa8   Section        0  sn34f78x_hal_systick.o(i.HAL_InitTick)
    i.HAL_MspDeInit                          0x00001090   Section        0  sn34f78x_hal_msp.o(i.HAL_MspDeInit)
    i.HAL_MspInit                            0x00001092   Section        0  sn34f78x_hal_msp.o(i.HAL_MspInit)
    i.HAL_RCC_ClockConfig                    0x00001094   Section        0  sn34f78x_hal_rcc.o(i.HAL_RCC_ClockConfig)
    i.HAL_RCC_GetAPB0CLKFreq                 0x00001228   Section        0  sn34f78x_hal_rcc.o(i.HAL_RCC_GetAPB0CLKFreq)
    i.HAL_RCC_GetAPB1CLKFreq                 0x00001240   Section        0  sn34f78x_hal_rcc.o(i.HAL_RCC_GetAPB1CLKFreq)
    i.HAL_RCC_GetClockConfig                 0x00001258   Section        0  sn34f78x_hal_rcc.o(i.HAL_RCC_GetClockConfig)
    i.HAL_RCC_GetHCLKFreq                    0x00001290   Section        0  sn34f78x_hal_rcc.o(i.HAL_RCC_GetHCLKFreq)
    i.HAL_RCC_GetPLLCLKFreq                  0x000012a8   Section        0  sn34f78x_hal_rcc.o(i.HAL_RCC_GetPLLCLKFreq)
    i.HAL_RCC_GetSysClockFreq                0x00001304   Section        0  sn34f78x_hal_rcc.o(i.HAL_RCC_GetSysClockFreq)
    i.HAL_RCC_OscConfig                      0x0000133c   Section        0  sn34f78x_hal_rcc.o(i.HAL_RCC_OscConfig)
    i.HAL_TPM_BreakCallback                  0x00001590   Section        0  sn34f78x_hal_tpm.o(i.HAL_TPM_BreakCallback)
    i.HAL_TPM_CaptureCallback                0x00001592   Section        0  sn34f78x_hal_tpm.o(i.HAL_TPM_CaptureCallback)
    i.HAL_TPM_DeInit                         0x00001594   Section        0  sn34f78x_hal_tpm.o(i.HAL_TPM_DeInit)
    i.HAL_TPM_ErrorCallback                  0x000015e8   Section        0  sn34f78x_hal_tpm.o(i.HAL_TPM_ErrorCallback)
    i.HAL_TPM_Init                           0x000015ec   Section        0  sn34f78x_hal_tpm.o(i.HAL_TPM_Init)
    i.HAL_TPM_MspDeInit                      0x00001724   Section        0  sn34f78x_hal_tpm.o(i.HAL_TPM_MspDeInit)
    i.HAL_TPM_MspInit                        0x00001726   Section        0  sn34f78x_hal_tpm.o(i.HAL_TPM_MspInit)
    i.HAL_TPM_OC_ConfigChannel               0x00001728   Section        0  sn34f78x_hal_tpm.o(i.HAL_TPM_OC_ConfigChannel)
    i.HAL_TPM_OC_DelayElapsedCallback        0x00001878   Section        0  sn34f78x_hal_tpm.o(i.HAL_TPM_OC_DelayElapsedCallback)
    i.HAL_TPM_PWM_PulseFinishedCallback      0x0000187a   Section        0  sn34f78x_hal_tpm.o(i.HAL_TPM_PWM_PulseFinishedCallback)
    i.HAL_UART_DeInit                        0x0000187c   Section        0  sn34f78x_hal_uart.o(i.HAL_UART_DeInit)
    i.HAL_UART_Init                          0x000018c0   Section        0  sn34f78x_hal_uart.o(i.HAL_UART_Init)
    i.HAL_UART_MspDeInit                     0x00001994   Section        0  sn34f78x_hal_msp.o(i.HAL_UART_MspDeInit)
    i.HAL_UART_MspInit                       0x00001ab8   Section        0  sn34f78x_hal_msp.o(i.HAL_UART_MspInit)
    i.HAL_UART_Receive_IT                    0x00001c00   Section        0  sn34f78x_hal_uart.o(i.HAL_UART_Receive_IT)
    i.HAL_UART_RxCpltCallback                0x00001c80   Section        0  sn34f78x_hal_msp.o(i.HAL_UART_RxCpltCallback)
    i.HAL_UART_Transmit_IT                   0x00001cac   Section        0  sn34f78x_hal_uart.o(i.HAL_UART_Transmit_IT)
    i.HAL_UART_TxCpltCallback                0x00001d24   Section        0  sn34f78x_hal_msp.o(i.HAL_UART_TxCpltCallback)
    i.Process_action                         0x00001d26   Section        0  main_task.o(i.Process_action)
    Process_action                           0x00001d27   Thumb Code    12  main_task.o(i.Process_action)
    i.RCC_FCS_Command                        0x00001d34   Section        0  sn34f78x_hal_rcc.o(i.RCC_FCS_Command)
    i.RUN_SHUTDOWN_EVENT                     0x00001de4   Section        0  main_task.o(i.RUN_SHUTDOWN_EVENT)
    i.SCU_IRQHandler                         0x00001e9c   Section        0  sn34f78x_it.o(i.SCU_IRQHandler)
    i.Set_event                              0x00001ea4   Section        0  system_management.o(i.Set_event)
    i.SysTick_Handler                        0x00001ebc   Section        0  sn34f78x_it.o(i.SysTick_Handler)
    i.SystemClock_Config                     0x00001ec4   Section        0  main.o(i.SystemClock_Config)
    i.SystemCoreClockUpdate                  0x00001f4c   Section        0  system_sn34f780.o(i.SystemCoreClockUpdate)
    i.SystemInit                             0x00002034   Section        0  system_sn34f780.o(i.SystemInit)
    i.UART0_IRQHandler                       0x00002048   Section        0  sn34f78x_it.o(i.UART0_IRQHandler)
    i.UART1_IRQHandler                       0x00002058   Section        0  sn34f78x_it.o(i.UART1_IRQHandler)
    i.UART2_IRQHandler                       0x00002068   Section        0  sn34f78x_it.o(i.UART2_IRQHandler)
    i.UART3_IRQHandler                       0x00002078   Section        0  sn34f78x_it.o(i.UART3_IRQHandler)
    i.__NVIC_ClearPendingIRQ                 0x00002088   Section        0  sn34f78x_hal_msp.o(i.__NVIC_ClearPendingIRQ)
    __NVIC_ClearPendingIRQ                   0x00002089   Thumb Code    22  sn34f78x_hal_msp.o(i.__NVIC_ClearPendingIRQ)
    i.__NVIC_DisableIRQ                      0x000020a4   Section        0  sn34f78x_hal_msp.o(i.__NVIC_DisableIRQ)
    __NVIC_DisableIRQ                        0x000020a5   Thumb Code    30  sn34f78x_hal_msp.o(i.__NVIC_DisableIRQ)
    i.__NVIC_EnableIRQ                       0x000020c8   Section        0  sn34f78x_hal_msp.o(i.__NVIC_EnableIRQ)
    __NVIC_EnableIRQ                         0x000020c9   Thumb Code    34  sn34f78x_hal_msp.o(i.__NVIC_EnableIRQ)
    i.__NVIC_EnableIRQ                       0x000020ea   Section        0  sn34f78x_hal_rcc.o(i.__NVIC_EnableIRQ)
    __NVIC_EnableIRQ                         0x000020eb   Thumb Code    34  sn34f78x_hal_rcc.o(i.__NVIC_EnableIRQ)
    i.__NVIC_SetPriority                     0x0000210c   Section        0  sn34f78x_hal_systick.o(i.__NVIC_SetPriority)
    __NVIC_SetPriority                       0x0000210d   Thumb Code    32  sn34f78x_hal_systick.o(i.__NVIC_SetPriority)
    i._break_irq                             0x00002134   Section        0  sn34f78x_hal_tpm.o(i._break_irq)
    _break_irq                               0x00002135   Thumb Code    60  sn34f78x_hal_tpm.o(i._break_irq)
    i._cap_irq                               0x00002170   Section        0  sn34f78x_hal_tpm.o(i._cap_irq)
    _cap_irq                                 0x00002171   Thumb Code    60  sn34f78x_hal_tpm.o(i._cap_irq)
    i._config_channel_base                   0x000021ac   Section        0  sn34f78x_hal_tpm.o(i._config_channel_base)
    _config_channel_base                     0x000021ad   Thumb Code   188  sn34f78x_hal_tpm.o(i._config_channel_base)
    i._config_channel_oc                     0x0000226c   Section        0  sn34f78x_hal_tpm.o(i._config_channel_oc)
    _config_channel_oc                       0x0000226d   Thumb Code   280  sn34f78x_hal_tpm.o(i._config_channel_oc)
    i._config_channel_pwm                    0x00002384   Section        0  sn34f78x_hal_tpm.o(i._config_channel_pwm)
    _config_channel_pwm                      0x00002385   Thumb Code   180  sn34f78x_hal_tpm.o(i._config_channel_pwm)
    i._gpio_config_irq                       0x00002438   Section        0  sn34f78x_hal_gpio.o(i._gpio_config_irq)
    _gpio_config_irq                         0x00002439   Thumb Code   148  sn34f78x_hal_gpio.o(i._gpio_config_irq)
    i._gpio_config_pin_str                   0x000024cc   Section        0  sn34f78x_hal_gpio.o(i._gpio_config_pin_str)
    _gpio_config_pin_str                     0x000024cd   Thumb Code    96  sn34f78x_hal_gpio.o(i._gpio_config_pin_str)
    i._gpio_get_pin_str                      0x00002530   Section        0  sn34f78x_hal_gpio.o(i._gpio_get_pin_str)
    _gpio_get_pin_str                        0x00002531   Thumb Code   126  sn34f78x_hal_gpio.o(i._gpio_get_pin_str)
    i._mr_irq                                0x000025c0   Section        0  sn34f78x_hal_tpm.o(i._mr_irq)
    _mr_irq                                  0x000025c1   Thumb Code   132  sn34f78x_hal_tpm.o(i._mr_irq)
    i._pinmux_get_port_pos                   0x00002644   Section        0  sn34f78x_hal_gpio.o(i._pinmux_get_port_pos)
    _pinmux_get_port_pos                     0x00002645   Thumb Code    36  sn34f78x_hal_gpio.o(i._pinmux_get_port_pos)
    i._register_dma_callback                 0x00002674   Section        0  sn34f78x_hal_tpm.o(i._register_dma_callback)
    _register_dma_callback                   0x00002675   Thumb Code    92  sn34f78x_hal_tpm.o(i._register_dma_callback)
    i._reset_base                            0x000026dc   Section        0  sn34f78x_hal_tpm.o(i._reset_base)
    _reset_base                              0x000026dd   Thumb Code    30  sn34f78x_hal_tpm.o(i._reset_base)
    i._reset_callback                        0x000026fc   Section        0  sn34f78x_hal_tpm.o(i._reset_callback)
    _reset_callback                          0x000026fd   Thumb Code    30  sn34f78x_hal_tpm.o(i._reset_callback)
    i._stop_capture                          0x00002738   Section        0  sn34f78x_hal_tpm.o(i._stop_capture)
    _stop_capture                            0x00002739   Thumb Code    70  sn34f78x_hal_tpm.o(i._stop_capture)
    i._sys_exit                              0x00002784   Section        0  sn34f78x_hal.o(i._sys_exit)
    i._tpm_0_1_2_5_irq                       0x00002788   Section        0  sn34f78x_hal_tpm.o(i._tpm_0_1_2_5_irq)
    _tpm_0_1_2_5_irq                         0x00002789   Thumb Code    16  sn34f78x_hal_tpm.o(i._tpm_0_1_2_5_irq)
    i._tpm_3_irq                             0x0000279c   Section        0  sn34f78x_hal_tpm.o(i._tpm_3_irq)
    _tpm_3_irq                               0x0000279d   Thumb Code    16  sn34f78x_hal_tpm.o(i._tpm_3_irq)
    i._tpm_4_irq                             0x000027b0   Section        0  sn34f78x_hal_tpm.o(i._tpm_4_irq)
    _tpm_4_irq                               0x000027b1   Thumb Code    16  sn34f78x_hal_tpm.o(i._tpm_4_irq)
    i._tpm_6_7_irq                           0x000027c4   Section        0  sn34f78x_hal_tpm.o(i._tpm_6_7_irq)
    _tpm_6_7_irq                             0x000027c5   Thumb Code    52  sn34f78x_hal_tpm.o(i._tpm_6_7_irq)
    i._tpm_8_irq                             0x000027f8   Section        0  sn34f78x_hal_tpm.o(i._tpm_8_irq)
    _tpm_8_irq                               0x000027f9   Thumb Code    16  sn34f78x_hal_tpm.o(i._tpm_8_irq)
    i._tpm_disable                           0x0000280c   Section        0  sn34f78x_hal_tpm.o(i._tpm_disable)
    _tpm_disable                             0x0000280d   Thumb Code    44  sn34f78x_hal_tpm.o(i._tpm_disable)
    i._tpm_dma_xfer_capture_callback         0x0000283c   Section        0  sn34f78x_hal_tpm.o(i._tpm_dma_xfer_capture_callback)
    _tpm_dma_xfer_capture_callback           0x0000283d   Thumb Code    24  sn34f78x_hal_tpm.o(i._tpm_dma_xfer_capture_callback)
    i._tpm_dma_xfer_delay_pulse_callback     0x00002854   Section        0  sn34f78x_hal_tpm.o(i._tpm_dma_xfer_delay_pulse_callback)
    _tpm_dma_xfer_delay_pulse_callback       0x00002855   Thumb Code    92  sn34f78x_hal_tpm.o(i._tpm_dma_xfer_delay_pulse_callback)
    i._tpm_dma_xfer_error_callback           0x000028b0   Section        0  sn34f78x_hal_tpm.o(i._tpm_dma_xfer_error_callback)
    _tpm_dma_xfer_error_callback             0x000028b1   Thumb Code    30  sn34f78x_hal_tpm.o(i._tpm_dma_xfer_error_callback)
    i._tpm_irq_kernel                        0x000028d0   Section        0  sn34f78x_hal_tpm.o(i._tpm_irq_kernel)
    _tpm_irq_kernel                          0x000028d1   Thumb Code   100  sn34f78x_hal_tpm.o(i._tpm_irq_kernel)
    i._tpm_is_busy                           0x00002938   Section        0  sn34f78x_hal_tpm.o(i._tpm_is_busy)
    _tpm_is_busy                             0x00002939   Thumb Code    54  sn34f78x_hal_tpm.o(i._tpm_is_busy)
    i._tpm_set_index                         0x00002970   Section        0  sn34f78x_hal_tpm.o(i._tpm_set_index)
    _tpm_set_index                           0x00002971   Thumb Code   144  sn34f78x_hal_tpm.o(i._tpm_set_index)
    i._uart_dma_rx_abort_callback            0x00002a08   Section        0  sn34f78x_hal_uart.o(i._uart_dma_rx_abort_callback)
    _uart_dma_rx_abort_callback              0x00002a09   Thumb Code    18  sn34f78x_hal_uart.o(i._uart_dma_rx_abort_callback)
    i._uart_dma_rx_check                     0x00002a1a   Section        0  sn34f78x_hal_uart.o(i._uart_dma_rx_check)
    _uart_dma_rx_check                       0x00002a1b   Thumb Code    32  sn34f78x_hal_uart.o(i._uart_dma_rx_check)
    i._uart_dma_rx_cplt_callback             0x00002a3a   Section        0  sn34f78x_hal_uart.o(i._uart_dma_rx_cplt_callback)
    _uart_dma_rx_cplt_callback               0x00002a3b   Thumb Code    18  sn34f78x_hal_uart.o(i._uart_dma_rx_cplt_callback)
    i._uart_dma_rx_err_callback              0x00002a4c   Section        0  sn34f78x_hal_uart.o(i._uart_dma_rx_err_callback)
    _uart_dma_rx_err_callback                0x00002a4d   Thumb Code    26  sn34f78x_hal_uart.o(i._uart_dma_rx_err_callback)
    i._uart_dma_tx_abort_callback            0x00002a66   Section        0  sn34f78x_hal_uart.o(i._uart_dma_tx_abort_callback)
    _uart_dma_tx_abort_callback              0x00002a67   Thumb Code    18  sn34f78x_hal_uart.o(i._uart_dma_tx_abort_callback)
    i._uart_dma_tx_check                     0x00002a78   Section        0  sn34f78x_hal_uart.o(i._uart_dma_tx_check)
    _uart_dma_tx_check                       0x00002a79   Thumb Code    32  sn34f78x_hal_uart.o(i._uart_dma_tx_check)
    i._uart_dma_tx_cplt_callback             0x00002a98   Section        0  sn34f78x_hal_uart.o(i._uart_dma_tx_cplt_callback)
    _uart_dma_tx_cplt_callback               0x00002a99   Thumb Code    18  sn34f78x_hal_uart.o(i._uart_dma_tx_cplt_callback)
    i._uart_dma_tx_err_callback              0x00002aaa   Section        0  sn34f78x_hal_uart.o(i._uart_dma_tx_err_callback)
    _uart_dma_tx_err_callback                0x00002aab   Thumb Code    26  sn34f78x_hal_uart.o(i._uart_dma_tx_err_callback)
    i._uart_get_rxtl                         0x00002ac4   Section        0  sn34f78x_hal_uart.o(i._uart_get_rxtl)
    _uart_get_rxtl                           0x00002ac5   Thumb Code    32  sn34f78x_hal_uart.o(i._uart_get_rxtl)
    i._uart_init_callbacks_default           0x00002ae4   Section        0  sn34f78x_hal_uart.o(i._uart_init_callbacks_default)
    _uart_init_callbacks_default             0x00002ae5   Thumb Code    26  sn34f78x_hal_uart.o(i._uart_init_callbacks_default)
    i._uart_set_baudrate                     0x00002b18   Section        0  sn34f78x_hal_uart.o(i._uart_set_baudrate)
    _uart_set_baudrate                       0x00002b19   Thumb Code   344  sn34f78x_hal_uart.o(i._uart_set_baudrate)
    i._uart_set_config                       0x00002c84   Section        0  sn34f78x_hal_uart.o(i._uart_set_config)
    _uart_set_config                         0x00002c85   Thumb Code   172  sn34f78x_hal_uart.o(i._uart_set_config)
    i.cbuffer_write                          0x00002d40   Section        0  cbuffer.o(i.cbuffer_write)
    i.execute_action                         0x00002d9c   Section        0  main_task.o(i.execute_action)
    execute_action                           0x00002d9d   Thumb Code   160  main_task.o(i.execute_action)
    i.init                                   0x00002e68   Section        0  init.o(i.init)
    i.judge_state                            0x00002eb4   Section        0  system_management.o(i.judge_state)
    i.main                                   0x00002ffc   Section        0  main.o(i.main)
    i.main_task                              0x0000301c   Section        0  main_task.o(i.main_task)
    i.mode_event                             0x00003038   Section        0  main_task.o(i.mode_event)
    i.run_mode_1                             0x000030dc   Section        0  main_task.o(i.run_mode_1)
    run_mode_1                               0x000030dd   Thumb Code     2  main_task.o(i.run_mode_1)
    i.run_mode_2                             0x000030de   Section        0  main_task.o(i.run_mode_2)
    run_mode_2                               0x000030df   Thumb Code     2  main_task.o(i.run_mode_2)
    i.run_mode_3                             0x000030e0   Section        0  main_task.o(i.run_mode_3)
    run_mode_3                               0x000030e1   Thumb Code     2  main_task.o(i.run_mode_3)
    i.s_initialize_peripheral                0x000030e2   Section        0  main_task.o(i.s_initialize_peripheral)
    s_initialize_peripheral                  0x000030e3   Thumb Code     4  main_task.o(i.s_initialize_peripheral)
    i.sn34f7_CRC_Init                        0x000030e8   Section        0  init.o(i.sn34f7_CRC_Init)
    i.sn34f7_GPIO_Init                       0x0000310c   Section        0  init.o(i.sn34f7_GPIO_Init)
    i.sn34f7_TPM0_Init                       0x00003264   Section        0  init.o(i.sn34f7_TPM0_Init)
    i.sn34f7_UART0_Init                      0x00003308   Section        0  init.o(i.sn34f7_UART0_Init)
    i.sn34f7_UART1_Init                      0x0000333c   Section        0  init.o(i.sn34f7_UART1_Init)
    i.sn34f7_UART2_Init                      0x00003370   Section        0  init.o(i.sn34f7_UART2_Init)
    i.sn34f7_UART3_Init                      0x000033a4   Section        0  init.o(i.sn34f7_UART3_Init)
    i.uninit                                 0x000033d8   Section        0  init.o(i.uninit)
    x$fpl$fpinit                             0x0000344c   Section       10  fpinit.o(x$fpl$fpinit)
    $v0                                      0x0000344c   Number         0  fpinit.o(x$fpl$fpinit)
    .constdata                               0x00003458   Section       44  main.o(.constdata)
    .constdata                               0x00003484   Section       44  sn34f78x_hal_rcc.o(.constdata)
    .constdata                               0x000034b0   Section      844  sn34f78x_hal_gpio.o(.constdata)
    AFIO_Info                                0x000034b0   Data         804  sn34f78x_hal_gpio.o(.constdata)
    .constdata                               0x000037fc   Section      480  sn34f78x_hal_tpm.o(.constdata)
    channel_table                            0x000037fc   Data         234  sn34f78x_hal_tpm.o(.constdata)
    function_table                           0x000038e6   Data           9  sn34f78x_hal_tpm.o(.constdata)
    dma_table                                0x000038f0   Data         126  sn34f78x_hal_tpm.o(.constdata)
    tpm_0_1_2_5_irq_table                    0x00003970   Data          28  sn34f78x_hal_tpm.o(.constdata)
    _tpm_3_irq_table                         0x0000398c   Data          12  sn34f78x_hal_tpm.o(.constdata)
    _tpm_4_irq_table                         0x00003998   Data          16  sn34f78x_hal_tpm.o(.constdata)
    tpm_8_irq_table                          0x000039a8   Data          52  sn34f78x_hal_tpm.o(.constdata)
    .ARM.__at_0x0007DFFC                     0x0007dffc   Section        4  startup_sn34f780.o(.ARM.__at_0x0007DFFC)
    .data                                    0x20000000   Section       12  sn34f78x_hal_msp.o(.data)
    last_tick_btn1                           0x20000004   Data           4  sn34f78x_hal_msp.o(.data)
    last_tick_btn2                           0x20000008   Data           4  sn34f78x_hal_msp.o(.data)
    .data                                    0x2000000c   Section        9  sn34f78x_hal_systick.o(.data)
    .data                                    0x20000018   Section        4  sn34f78x_hal_uart.o(.data)
    interrupt_id                             0x20000018   Data           4  sn34f78x_hal_uart.o(.data)
    .data                                    0x2000001c   Section       48  sn34f78x_hal_tpm.o(.data)
    tpm_irq                                  0x2000001c   Data          36  sn34f78x_hal_tpm.o(.data)
    func_irq                                 0x20000040   Data          12  sn34f78x_hal_tpm.o(.data)
    .data                                    0x2000004c   Section       13  main_task.o(.data)
    debug_ptr                                0x2000004c   Data           4  main_task.o(.data)
    s_state                                  0x20000050   Data           1  main_task.o(.data)
    s_error_occured                          0x20000051   Data           1  main_task.o(.data)
    s_run_at_first                           0x20000052   Data           1  main_task.o(.data)
    peoples                                  0x20000053   Data           1  main_task.o(.data)
    peoples_max                              0x20000054   Data           1  main_task.o(.data)
    current_mode                             0x20000055   Data           1  main_task.o(.data)
    .data                                    0x2000005c   Section        8  system_management.o(.data)
    debug_ptr                                0x2000005c   Data           4  system_management.o(.data)
    currentState                             0x20000060   Data           1  system_management.o(.data)
    next_State                               0x20000061   Data           1  system_management.o(.data)
    s_event                                  0x20000062   Data           1  system_management.o(.data)
    .data                                    0x20000064   Section        4  system_sn34f780.o(.data)
    .bss                                     0x20000068   Section      604  init.o(.bss)
    .bss                                     0x200002c4   Section       32  sn34f78x_hal_flash.o(.bss)
    .bss                                     0x200002e4   Section     1164  main_task.o(.bss)
    buf                                      0x200002e4   Data         128  main_task.o(.bss)
    .bss                                     0x20000770   Section      128  system_management.o(.bss)
    buf                                      0x20000770   Data         128  system_management.o(.bss)
    .bss                                     0x200007f0   Section       96  libspace.o(.bss)
    HEAP                                     0x20000850   Section      512  startup_sn34f780.o(HEAP)
    Heap_Mem                                 0x20000850   Data         512  startup_sn34f780.o(HEAP)
    STACK                                    0x20000a50   Section     1024  startup_sn34f780.o(STACK)
    Stack_Mem                                0x20000a50   Data        1024  startup_sn34f780.o(STACK)
    __initial_sp                             0x20000e50   Data           0  startup_sn34f780.o(STACK)

    Global Symbols

    Symbol Name                              Value     Ov Type        Size  Object(Section)

    BuildAttributes$$THM_ISAv4$E$P$D$K$B$S$7EM$VFPi3$EXTD16$VFPS$VFMA$PE$A:L22UL41UL21$X:L11$S22US41US21$IEEE1$IW$USESV6$~STKCKD$USESV7$~SHL$OSPACE$ROPI$EBA8$UX$STANDARDLIB$REQ8$PRES8$EABIv2 0x00000000   Number         0  anon$$obj.o ABSOLUTE
    __ARM_use_no_argv                        0x00000000   Number         0  main.o ABSOLUTE
    __Vectors                                0x00000000   Data           4  startup_sn34f780.o(RESET)
    _printf_flags                            0x00000000   Number         0  printf_stubs.o ABSOLUTE
    _printf_return_value                     0x00000000   Number         0  printf_stubs.o ABSOLUTE
    _printf_sizespec                         0x00000000   Number         0  printf_stubs.o ABSOLUTE
    _printf_widthprec                        0x00000000   Number         0  printf_stubs.o ABSOLUTE
    __ARM_exceptions_init                     - Undefined Weak Reference
    __alloca_initialize                       - Undefined Weak Reference
    __arm_preinit_                            - Undefined Weak Reference
    __cpp_initialize__aeabi_                  - Undefined Weak Reference
    __cxa_finalize                            - Undefined Weak Reference
    __rt_locale                               - Undefined Weak Reference
    __sigvec_lookup                           - Undefined Weak Reference
    _atexit_init                              - Undefined Weak Reference
    _call_atexit_fns                          - Undefined Weak Reference
    _clock_init                               - Undefined Weak Reference
    _fp_trap_init                             - Undefined Weak Reference
    _fp_trap_shutdown                         - Undefined Weak Reference
    _get_lc_collate                           - Undefined Weak Reference
    _get_lc_ctype                             - Undefined Weak Reference
    _get_lc_monetary                          - Undefined Weak Reference
    _get_lc_numeric                           - Undefined Weak Reference
    _get_lc_time                              - Undefined Weak Reference
    _getenv_init                              - Undefined Weak Reference
    _handle_redirection                       - Undefined Weak Reference
    _init_alloc                               - Undefined Weak Reference
    _init_user_alloc                          - Undefined Weak Reference
    _initio                                   - Undefined Weak Reference
    _printf_mbtowc                            - Undefined Weak Reference
    _printf_truncate_signed                   - Undefined Weak Reference
    _printf_truncate_unsigned                 - Undefined Weak Reference
    _rand_init                                - Undefined Weak Reference
    _signal_finish                            - Undefined Weak Reference
    _signal_init                              - Undefined Weak Reference
    _terminate_alloc                          - Undefined Weak Reference
    _terminate_user_alloc                     - Undefined Weak Reference
    _terminateio                              - Undefined Weak Reference
    __Vectors_End                            0x000001c0   Data           0  startup_sn34f780.o(RESET)
    __Vectors_Size                           0x000001c0   Number         0  startup_sn34f780.o ABSOLUTE
    __main                                   0x000001c1   Thumb Code     8  __main.o(!!!main)
    __rt_lib_init                            0x000001c9   Thumb Code     0  libinit.o(.ARM.Collect$$libinit$$00000000)
    __rt_lib_init_fp_1                       0x000001cb   Thumb Code     0  libinit2.o(.ARM.Collect$$libinit$$00000001)
    __rt_lib_init_alloca_1                   0x000001cf   Thumb Code     0  libinit2.o(.ARM.Collect$$libinit$$0000002E)
    __rt_lib_init_argv_1                     0x000001cf   Thumb Code     0  libinit2.o(.ARM.Collect$$libinit$$0000002C)
    __rt_lib_init_atexit_1                   0x000001cf   Thumb Code     0  libinit2.o(.ARM.Collect$$libinit$$0000001B)
    __rt_lib_init_clock_1                    0x000001cf   Thumb Code     0  libinit2.o(.ARM.Collect$$libinit$$00000021)
    __rt_lib_init_cpp_1                      0x000001cf   Thumb Code     0  libinit2.o(.ARM.Collect$$libinit$$00000032)
    __rt_lib_init_exceptions_1               0x000001cf   Thumb Code     0  libinit2.o(.ARM.Collect$$libinit$$00000030)
    __rt_lib_init_fp_trap_1                  0x000001cf   Thumb Code     0  libinit2.o(.ARM.Collect$$libinit$$0000001F)
    __rt_lib_init_getenv_1                   0x000001cf   Thumb Code     0  libinit2.o(.ARM.Collect$$libinit$$00000023)
    __rt_lib_init_heap_1                     0x000001cf   Thumb Code     0  libinit2.o(.ARM.Collect$$libinit$$0000000A)
    __rt_lib_init_lc_collate_1               0x000001cf   Thumb Code     0  libinit2.o(.ARM.Collect$$libinit$$00000011)
    __rt_lib_init_lc_ctype_1                 0x000001cf   Thumb Code     0  libinit2.o(.ARM.Collect$$libinit$$00000013)
    __rt_lib_init_lc_monetary_1              0x000001cf   Thumb Code     0  libinit2.o(.ARM.Collect$$libinit$$00000015)
    __rt_lib_init_lc_numeric_1               0x000001cf   Thumb Code     0  libinit2.o(.ARM.Collect$$libinit$$00000017)
    __rt_lib_init_lc_time_1                  0x000001cf   Thumb Code     0  libinit2.o(.ARM.Collect$$libinit$$00000019)
    __rt_lib_init_preinit_1                  0x000001cf   Thumb Code     0  libinit2.o(.ARM.Collect$$libinit$$00000004)
    __rt_lib_init_rand_1                     0x000001cf   Thumb Code     0  libinit2.o(.ARM.Collect$$libinit$$0000000E)
    __rt_lib_init_return                     0x000001cf   Thumb Code     0  libinit2.o(.ARM.Collect$$libinit$$00000033)
    __rt_lib_init_signal_1                   0x000001cf   Thumb Code     0  libinit2.o(.ARM.Collect$$libinit$$0000001D)
    __rt_lib_init_stdio_1                    0x000001cf   Thumb Code     0  libinit2.o(.ARM.Collect$$libinit$$00000025)
    __rt_lib_init_user_alloc_1               0x000001cf   Thumb Code     0  libinit2.o(.ARM.Collect$$libinit$$0000000C)
    __rt_lib_shutdown                        0x000001d1   Thumb Code     0  libshutdown.o(.ARM.Collect$$libshutdown$$00000000)
    __rt_lib_shutdown_cpp_1                  0x000001d3   Thumb Code     0  libshutdown2.o(.ARM.Collect$$libshutdown$$00000002)
    __rt_lib_shutdown_fp_trap_1              0x000001d3   Thumb Code     0  libshutdown2.o(.ARM.Collect$$libshutdown$$00000007)
    __rt_lib_shutdown_heap_1                 0x000001d3   Thumb Code     0  libshutdown2.o(.ARM.Collect$$libshutdown$$0000000F)
    __rt_lib_shutdown_return                 0x000001d3   Thumb Code     0  libshutdown2.o(.ARM.Collect$$libshutdown$$00000010)
    __rt_lib_shutdown_signal_1               0x000001d3   Thumb Code     0  libshutdown2.o(.ARM.Collect$$libshutdown$$0000000A)
    __rt_lib_shutdown_stdio_1                0x000001d3   Thumb Code     0  libshutdown2.o(.ARM.Collect$$libshutdown$$00000004)
    __rt_lib_shutdown_user_alloc_1           0x000001d3   Thumb Code     0  libshutdown2.o(.ARM.Collect$$libshutdown$$0000000C)
    __rt_exit                                0x000001d5   Thumb Code     0  rtexit.o(.ARM.Collect$$rtexit$$00000000)
    __rt_exit_ls                             0x000001d7   Thumb Code     0  rtexit2.o(.ARM.Collect$$rtexit$$00000003)
    __rt_exit_prels_1                        0x000001d7   Thumb Code     0  rtexit2.o(.ARM.Collect$$rtexit$$00000002)
    __rt_exit_exit                           0x000001db   Thumb Code     0  rtexit2.o(.ARM.Collect$$rtexit$$00000004)
    BL_PFPA_UTXD0                            0x000001e0   Data           4  sn34f78x_hal.o(.ARM.__at_0x000001E0)
    BL_PFPA_URXD0                            0x000001e4   Data           4  sn34f78x_hal.o(.ARM.__at_0x000001E4)
    __scatterload                            0x000001e9   Thumb Code     0  __scatter.o(!!!scatter)
    __scatterload_rt2                        0x000001e9   Thumb Code    44  __scatter.o(!!!scatter)
    __scatterload_rt2_thumb_only             0x000001e9   Thumb Code     0  __scatter.o(!!!scatter)
    __scatterload_null                       0x000001f7   Thumb Code     0  __scatter.o(!!!scatter)
    __scatterload_copy                       0x0000021d   Thumb Code    26  __scatter_copy.o(!!handler_copy)
    __scatterload_zeroinit                   0x00000239   Thumb Code    28  __scatter_zi.o(!!handler_zi)
    __rt_entry                               0x00000255   Thumb Code     0  __rtentry.o(.ARM.Collect$$rtentry$$00000000)
    __rt_entry_presh_1                       0x00000255   Thumb Code     0  __rtentry2.o(.ARM.Collect$$rtentry$$00000002)
    __rt_entry_sh                            0x00000255   Thumb Code     0  __rtentry4.o(.ARM.Collect$$rtentry$$00000004)
    __rt_entry_li                            0x0000025b   Thumb Code     0  __rtentry2.o(.ARM.Collect$$rtentry$$0000000A)
    __rt_entry_postsh_1                      0x0000025b   Thumb Code     0  __rtentry2.o(.ARM.Collect$$rtentry$$00000009)
    __rt_entry_main                          0x0000025f   Thumb Code     0  __rtentry2.o(.ARM.Collect$$rtentry$$0000000D)
    __rt_entry_postli_1                      0x0000025f   Thumb Code     0  __rtentry2.o(.ARM.Collect$$rtentry$$0000000C)
    Reset_Handler                            0x00000269   Thumb Code    26  startup_sn34f780.o(.text)
    NMI_Handler                              0x00000283   Thumb Code     2  startup_sn34f780.o(.text)
    HardFault_Handler                        0x00000285   Thumb Code     2  startup_sn34f780.o(.text)
    MemManage_Handler                        0x00000287   Thumb Code     2  startup_sn34f780.o(.text)
    BusFault_Handler                         0x00000289   Thumb Code     2  startup_sn34f780.o(.text)
    UsageFault_Handler                       0x0000028b   Thumb Code     2  startup_sn34f780.o(.text)
    SVC_Handler                              0x0000028d   Thumb Code     2  startup_sn34f780.o(.text)
    DebugMon_Handler                         0x0000028f   Thumb Code     2  startup_sn34f780.o(.text)
    PendSV_Handler                           0x00000291   Thumb Code     2  startup_sn34f780.o(.text)
    ADC0_IRQHandler                          0x00000295   Thumb Code     0  startup_sn34f780.o(.text)
    CAN0_EW_IRQHandler                       0x00000295   Thumb Code     0  startup_sn34f780.o(.text)
    CAN0_RX_IRQHandler                       0x00000295   Thumb Code     0  startup_sn34f780.o(.text)
    CAN0_TT_IRQHandler                       0x00000295   Thumb Code     0  startup_sn34f780.o(.text)
    CAN0_TX_IRQHandler                       0x00000295   Thumb Code     0  startup_sn34f780.o(.text)
    CAN1_EW_IRQHandler                       0x00000295   Thumb Code     0  startup_sn34f780.o(.text)
    CAN1_RX_IRQHandler                       0x00000295   Thumb Code     0  startup_sn34f780.o(.text)
    CAN1_TT_IRQHandler                       0x00000295   Thumb Code     0  startup_sn34f780.o(.text)
    CAN1_TX_IRQHandler                       0x00000295   Thumb Code     0  startup_sn34f780.o(.text)
    CT16B1_IRQHandler                        0x00000295   Thumb Code     0  startup_sn34f780.o(.text)
    CT16B2_IRQHandler                        0x00000295   Thumb Code     0  startup_sn34f780.o(.text)
    CT16B3_IRQHandler                        0x00000295   Thumb Code     0  startup_sn34f780.o(.text)
    CT16B4_IRQHandler                        0x00000295   Thumb Code     0  startup_sn34f780.o(.text)
    CT16B5_IRQHandler                        0x00000295   Thumb Code     0  startup_sn34f780.o(.text)
    CT16B6_IRQHandler                        0x00000295   Thumb Code     0  startup_sn34f780.o(.text)
    CT16B7_IRQHandler                        0x00000295   Thumb Code     0  startup_sn34f780.o(.text)
    CT16B8_IRQHandler                        0x00000295   Thumb Code     0  startup_sn34f780.o(.text)
    DMA0_CH0_IRQHandler                      0x00000295   Thumb Code     0  startup_sn34f780.o(.text)
    DMA0_CH1_IRQHandler                      0x00000295   Thumb Code     0  startup_sn34f780.o(.text)
    DMA0_CH2_IRQHandler                      0x00000295   Thumb Code     0  startup_sn34f780.o(.text)
    DMA0_CH3_IRQHandler                      0x00000295   Thumb Code     0  startup_sn34f780.o(.text)
    DMA0_CH4_IRQHandler                      0x00000295   Thumb Code     0  startup_sn34f780.o(.text)
    DMA0_CH5_IRQHandler                      0x00000295   Thumb Code     0  startup_sn34f780.o(.text)
    DMA0_CH6_IRQHandler                      0x00000295   Thumb Code     0  startup_sn34f780.o(.text)
    DMA0_CH7_IRQHandler                      0x00000295   Thumb Code     0  startup_sn34f780.o(.text)
    DMA1_CH0_IRQHandler                      0x00000295   Thumb Code     0  startup_sn34f780.o(.text)
    DMA1_CH1_IRQHandler                      0x00000295   Thumb Code     0  startup_sn34f780.o(.text)
    DMA1_CH2_IRQHandler                      0x00000295   Thumb Code     0  startup_sn34f780.o(.text)
    DMA1_CH3_IRQHandler                      0x00000295   Thumb Code     0  startup_sn34f780.o(.text)
    DMA1_CH4_IRQHandler                      0x00000295   Thumb Code     0  startup_sn34f780.o(.text)
    DMA1_CH5_IRQHandler                      0x00000295   Thumb Code     0  startup_sn34f780.o(.text)
    DMA1_CH6_IRQHandler                      0x00000295   Thumb Code     0  startup_sn34f780.o(.text)
    DMA1_CH7_IRQHandler                      0x00000295   Thumb Code     0  startup_sn34f780.o(.text)
    ETH_IRQHandler                           0x00000295   Thumb Code     0  startup_sn34f780.o(.text)
    ETH_WOL_IRQHandler                       0x00000295   Thumb Code     0  startup_sn34f780.o(.text)
    FLASH_IRQHandler                         0x00000295   Thumb Code     0  startup_sn34f780.o(.text)
    FPU_IRQHandler                           0x00000295   Thumb Code     0  startup_sn34f780.o(.text)
    GPIO0_IRQHandler                         0x00000295   Thumb Code     0  startup_sn34f780.o(.text)
    GPIO2_IRQHandler                         0x00000295   Thumb Code     0  startup_sn34f780.o(.text)
    I2C0_IRQHandler                          0x00000295   Thumb Code     0  startup_sn34f780.o(.text)
    I2C1_IRQHandler                          0x00000295   Thumb Code     0  startup_sn34f780.o(.text)
    I2C2_IRQHandler                          0x00000295   Thumb Code     0  startup_sn34f780.o(.text)
    LCM_IRQHandler                           0x00000295   Thumb Code     0  startup_sn34f780.o(.text)
    LVD_IRQHandler                           0x00000295   Thumb Code     0  startup_sn34f780.o(.text)
    SDIO_IRQHandler                          0x00000295   Thumb Code     0  startup_sn34f780.o(.text)
    SPI0_IRQHandler                          0x00000295   Thumb Code     0  startup_sn34f780.o(.text)
    SPI1_IRQHandler                          0x00000295   Thumb Code     0  startup_sn34f780.o(.text)
    SPI2_IRQHandler                          0x00000295   Thumb Code     0  startup_sn34f780.o(.text)
    UART4_IRQHandler                         0x00000295   Thumb Code     0  startup_sn34f780.o(.text)
    UART5_IRQHandler                         0x00000295   Thumb Code     0  startup_sn34f780.o(.text)
    WDT_IRQHandler                           0x00000295   Thumb Code     0  startup_sn34f780.o(.text)
    WWDT_IRQHandler                          0x00000295   Thumb Code     0  startup_sn34f780.o(.text)
    __user_initial_stackheap                 0x00000299   Thumb Code     0  startup_sn34f780.o(.text)
    __use_no_semihosting                     0x000002c5   Thumb Code     2  use_no_semi_2.o(.text)
    strlen                                   0x000002c7   Thumb Code    62  strlen.o(.text)
    __aeabi_memcpy4                          0x00000305   Thumb Code     0  rt_memcpy_w.o(.text)
    __aeabi_memcpy8                          0x00000305   Thumb Code     0  rt_memcpy_w.o(.text)
    __rt_memcpy_w                            0x00000305   Thumb Code   100  rt_memcpy_w.o(.text)
    _memcpy_lastbytes_aligned                0x0000034d   Thumb Code     0  rt_memcpy_w.o(.text)
    __aeabi_memclr4                          0x00000369   Thumb Code     0  rt_memclr_w.o(.text)
    __aeabi_memclr8                          0x00000369   Thumb Code     0  rt_memclr_w.o(.text)
    __rt_memclr_w                            0x00000369   Thumb Code    78  rt_memclr_w.o(.text)
    _memset_w                                0x0000036d   Thumb Code     0  rt_memclr_w.o(.text)
    __use_two_region_memory                  0x000003b7   Thumb Code     2  heapauxi.o(.text)
    __rt_heap_escrow$2region                 0x000003b9   Thumb Code     2  heapauxi.o(.text)
    __rt_heap_expand$2region                 0x000003bb   Thumb Code     2  heapauxi.o(.text)
    __I$use$semihosting                      0x000003bd   Thumb Code     0  use_no_semi.o(.text)
    __use_no_semihosting_swi                 0x000003bd   Thumb Code     2  use_no_semi.o(.text)
    __user_setup_stackheap                   0x000003bf   Thumb Code    74  sys_stackheap_outer.o(.text)
    exit                                     0x00000409   Thumb Code    18  exit.o(.text)
    __user_libspace                          0x0000041d   Thumb Code     8  libspace.o(.text)
    __user_perproc_libspace                  0x0000041d   Thumb Code     0  libspace.o(.text)
    __user_perthread_libspace                0x0000041d   Thumb Code     0  libspace.o(.text)
    HAL_PWR_Callback                         0x00000425   Thumb Code     2  sn34f78x_hal_scu.o(ISR)
    HAL_RCC_Callback                         0x00000427   Thumb Code     2  sn34f78x_hal_scu.o(ISR)
    HAL_RTC_Callback                         0x00000429   Thumb Code     2  sn34f78x_hal_scu.o(ISR)
    HAL_SCU_IRQHandler                       0x0000042b   Thumb Code    46  sn34f78x_hal_scu.o(ISR)
    HAL_UART_AbortReceiveCpltCallback        0x0000045d   Thumb Code     2  sn34f78x_hal_uart.o(ISR)
    HAL_UART_AbortTransmitCpltCallback       0x0000045f   Thumb Code     2  sn34f78x_hal_uart.o(ISR)
    HAL_UART_AbortCpltCallback               0x00000461   Thumb Code     2  sn34f78x_hal_uart.o(ISR)
    HAL_UART_ErrorCallback                   0x00000463   Thumb Code     2  sn34f78x_hal_uart.o(ISR)
    HAL_UART_Abort                           0x000004d5   Thumb Code    48  sn34f78x_hal_uart.o(ISR)
    HAL_UART_AbortTransmit                   0x00000505   Thumb Code    24  sn34f78x_hal_uart.o(ISR)
    HAL_UART_AbortReceive                    0x0000051d   Thumb Code    24  sn34f78x_hal_uart.o(ISR)
    HAL_UART_Abort_IT                        0x00000535   Thumb Code    58  sn34f78x_hal_uart.o(ISR)
    HAL_UART_AbortTransmit_IT                0x0000056f   Thumb Code    34  sn34f78x_hal_uart.o(ISR)
    HAL_UART_AbortReceive_IT                 0x00000591   Thumb Code    34  sn34f78x_hal_uart.o(ISR)
    HAL_UART_IRQHandler                      0x000006d1   Thumb Code    92  sn34f78x_hal_uart.o(ISR)
    HAL_TPM_IRQHandler                       0x00000731   Thumb Code    24  sn34f78x_hal_tpm.o(ISR)
    HAL_DMA_XferAbortCallback                0x0000074d   Thumb Code     2  sn34f78x_hal_dma.o(ISR)
    HAL_DMA_XferErrorCallback                0x0000074f   Thumb Code     2  sn34f78x_hal_dma.o(ISR)
    HAL_DMA_XferCpltCallback                 0x00000751   Thumb Code     2  sn34f78x_hal_dma.o(ISR)
    HAL_DMA_IRQHandler                       0x00000753   Thumb Code   170  sn34f78x_hal_dma.o(ISR)
    CT16B0_IRQHandler                        0x000007fd   Thumb Code    10  sn34f78x_it.o(i.CT16B0_IRQHandler)
    Error_Handler                            0x00000855   Thumb Code     6  main.o(i.Error_Handler)
    FLASH_WaitForLastOperation               0x00000a4d   Thumb Code    98  sn34f78x_hal_flash.o(i.FLASH_WaitForLastOperation)
    GPIO1_IRQHandler                         0x00000ab9   Thumb Code    10  sn34f78x_it.o(i.GPIO1_IRQHandler)
    GPIO3_IRQHandler                         0x00000ac9   Thumb Code    10  sn34f78x_it.o(i.GPIO3_IRQHandler)
    Get_state                                0x00000ad9   Thumb Code     6  system_management.o(i.Get_state)
    HAL_CRC_DeInit                           0x00000ae5   Thumb Code    48  sn34f78x_hal_crc.o(i.HAL_CRC_DeInit)
    HAL_CRC_Init                             0x00000b15   Thumb Code    54  sn34f78x_hal_crc.o(i.HAL_CRC_Init)
    HAL_CRC_MspDeInit                        0x00000b4d   Thumb Code    24  sn34f78x_hal_msp.o(i.HAL_CRC_MspDeInit)
    HAL_CRC_MspInit                          0x00000b69   Thumb Code    36  sn34f78x_hal_msp.o(i.HAL_CRC_MspInit)
    HAL_DMA_GetError                         0x00000b95   Thumb Code     6  sn34f78x_hal_dma.o(i.HAL_DMA_GetError)
    HAL_DMA_MspDeInit                        0x00000b9b   Thumb Code     2  sn34f78x_hal_dma.o(i.HAL_DMA_MspDeInit)
    HAL_DMA_MspInit                          0x00000b9d   Thumb Code     2  sn34f78x_hal_dma.o(i.HAL_DMA_MspInit)
    HAL_DMA_RegisterCallback                 0x00000b9f   Thumb Code    76  sn34f78x_hal_dma.o(i.HAL_DMA_RegisterCallback)
    HAL_DMA_UnRegisterCallback               0x00000bed   Thumb Code   106  sn34f78x_hal_dma.o(i.HAL_DMA_UnRegisterCallback)
    HAL_DeInit                               0x00000c6d   Thumb Code    10  sn34f78x_hal.o(i.HAL_DeInit)
    HAL_Delay                                0x00000c77   Thumb Code    28  sn34f78x_hal_systick.o(i.HAL_Delay)
    HAL_FLASHEx_ConfigProgram                0x00000c93   Thumb Code    48  sn34f78x_hal_flash_ex.o(i.HAL_FLASHEx_ConfigProgram)
    HAL_FLASHEx_GetConfig                    0x00000cc3   Thumb Code    58  sn34f78x_hal_flash_ex.o(i.HAL_FLASHEx_GetConfig)
    HAL_GPIO_Callback                        0x00000cfd   Thumb Code    74  sn34f78x_hal_msp.o(i.HAL_GPIO_Callback)
    HAL_GPIO_ChangeClockMode                 0x00000d5d   Thumb Code    14  sn34f78x_hal_gpio.o(i.HAL_GPIO_ChangeClockMode)
    HAL_GPIO_ConfigDebounce                  0x00000d6b   Thumb Code    36  sn34f78x_hal_gpio.o(i.HAL_GPIO_ConfigDebounce)
    HAL_GPIO_IRQHandler                      0x00000d8f   Thumb Code    52  sn34f78x_hal_gpio.o(i.HAL_GPIO_IRQHandler)
    HAL_GPIO_Init                            0x00000dc3   Thumb Code   134  sn34f78x_hal_gpio.o(i.HAL_GPIO_Init)
    HAL_GPIO_SetAFIO                         0x00000e49   Thumb Code   108  sn34f78x_hal_gpio.o(i.HAL_GPIO_SetAFIO)
    HAL_GPIO_WritePin                        0x00000eb9   Thumb Code    14  sn34f78x_hal_gpio.o(i.HAL_GPIO_WritePin)
    HAL_GetNewHCLKFreq                       0x00000ec9   Thumb Code    88  sn34f78x_hal_rcc.o(i.HAL_GetNewHCLKFreq)
    HAL_GetTick                              0x00000f29   Thumb Code     6  sn34f78x_hal_systick.o(i.HAL_GetTick)
    HAL_GetTickPrio                          0x00000f35   Thumb Code     6  sn34f78x_hal_systick.o(i.HAL_GetTickPrio)
    HAL_IncTick                              0x00000f41   Thumb Code    16  sn34f78x_hal_systick.o(i.HAL_IncTick)
    HAL_Init                                 0x00000f59   Thumb Code    20  sn34f78x_hal.o(i.HAL_Init)
    HAL_InitFlash                            0x00000f6d   Thumb Code    50  sn34f78x_hal_flash.o(i.HAL_InitFlash)
    HAL_InitTick                             0x00000fa9   Thumb Code   214  sn34f78x_hal_systick.o(i.HAL_InitTick)
    HAL_MspDeInit                            0x00001091   Thumb Code     2  sn34f78x_hal_msp.o(i.HAL_MspDeInit)
    HAL_MspInit                              0x00001093   Thumb Code     2  sn34f78x_hal_msp.o(i.HAL_MspInit)
    HAL_RCC_ClockConfig                      0x00001095   Thumb Code   376  sn34f78x_hal_rcc.o(i.HAL_RCC_ClockConfig)
    HAL_RCC_GetAPB0CLKFreq                   0x00001229   Thumb Code    18  sn34f78x_hal_rcc.o(i.HAL_RCC_GetAPB0CLKFreq)
    HAL_RCC_GetAPB1CLKFreq                   0x00001241   Thumb Code    18  sn34f78x_hal_rcc.o(i.HAL_RCC_GetAPB1CLKFreq)
    HAL_RCC_GetClockConfig                   0x00001259   Thumb Code    52  sn34f78x_hal_rcc.o(i.HAL_RCC_GetClockConfig)
    HAL_RCC_GetHCLKFreq                      0x00001291   Thumb Code    18  sn34f78x_hal_rcc.o(i.HAL_RCC_GetHCLKFreq)
    HAL_RCC_GetPLLCLKFreq                    0x000012a9   Thumb Code    82  sn34f78x_hal_rcc.o(i.HAL_RCC_GetPLLCLKFreq)
    HAL_RCC_GetSysClockFreq                  0x00001305   Thumb Code    48  sn34f78x_hal_rcc.o(i.HAL_RCC_GetSysClockFreq)
    HAL_RCC_OscConfig                        0x0000133d   Thumb Code   572  sn34f78x_hal_rcc.o(i.HAL_RCC_OscConfig)
    HAL_TPM_BreakCallback                    0x00001591   Thumb Code     2  sn34f78x_hal_tpm.o(i.HAL_TPM_BreakCallback)
    HAL_TPM_CaptureCallback                  0x00001593   Thumb Code     2  sn34f78x_hal_tpm.o(i.HAL_TPM_CaptureCallback)
    HAL_TPM_DeInit                           0x00001595   Thumb Code    80  sn34f78x_hal_tpm.o(i.HAL_TPM_DeInit)
    HAL_TPM_ErrorCallback                    0x000015e9   Thumb Code     2  sn34f78x_hal_tpm.o(i.HAL_TPM_ErrorCallback)
    HAL_TPM_Init                             0x000015ed   Thumb Code   278  sn34f78x_hal_tpm.o(i.HAL_TPM_Init)
    HAL_TPM_MspDeInit                        0x00001725   Thumb Code     2  sn34f78x_hal_tpm.o(i.HAL_TPM_MspDeInit)
    HAL_TPM_MspInit                          0x00001727   Thumb Code     2  sn34f78x_hal_tpm.o(i.HAL_TPM_MspInit)
    HAL_TPM_OC_ConfigChannel                 0x00001729   Thumb Code   326  sn34f78x_hal_tpm.o(i.HAL_TPM_OC_ConfigChannel)
    HAL_TPM_OC_DelayElapsedCallback          0x00001879   Thumb Code     2  sn34f78x_hal_tpm.o(i.HAL_TPM_OC_DelayElapsedCallback)
    HAL_TPM_PWM_PulseFinishedCallback        0x0000187b   Thumb Code     2  sn34f78x_hal_tpm.o(i.HAL_TPM_PWM_PulseFinishedCallback)
    HAL_UART_DeInit                          0x0000187d   Thumb Code    64  sn34f78x_hal_uart.o(i.HAL_UART_DeInit)
    HAL_UART_Init                            0x000018c1   Thumb Code   184  sn34f78x_hal_uart.o(i.HAL_UART_Init)
    HAL_UART_MspDeInit                       0x00001995   Thumb Code   260  sn34f78x_hal_msp.o(i.HAL_UART_MspDeInit)
    HAL_UART_MspInit                         0x00001ab9   Thumb Code   292  sn34f78x_hal_msp.o(i.HAL_UART_MspInit)
    HAL_UART_Receive_IT                      0x00001c01   Thumb Code   128  sn34f78x_hal_uart.o(i.HAL_UART_Receive_IT)
    HAL_UART_RxCpltCallback                  0x00001c81   Thumb Code    32  sn34f78x_hal_msp.o(i.HAL_UART_RxCpltCallback)
    HAL_UART_Transmit_IT                     0x00001cad   Thumb Code   120  sn34f78x_hal_uart.o(i.HAL_UART_Transmit_IT)
    HAL_UART_TxCpltCallback                  0x00001d25   Thumb Code     2  sn34f78x_hal_msp.o(i.HAL_UART_TxCpltCallback)
    RCC_FCS_Command                          0x00001d35   Thumb Code   166  sn34f78x_hal_rcc.o(i.RCC_FCS_Command)
    RUN_SHUTDOWN_EVENT                       0x00001de5   Thumb Code   114  main_task.o(i.RUN_SHUTDOWN_EVENT)
    SCU_IRQHandler                           0x00001e9d   Thumb Code     8  sn34f78x_it.o(i.SCU_IRQHandler)
    Set_event                                0x00001ea5   Thumb Code    18  system_management.o(i.Set_event)
    SysTick_Handler                          0x00001ebd   Thumb Code     8  sn34f78x_it.o(i.SysTick_Handler)
    SystemClock_Config                       0x00001ec5   Thumb Code   132  main.o(i.SystemClock_Config)
    SystemCoreClockUpdate                    0x00001f4d   Thumb Code   218  system_sn34f780.o(i.SystemCoreClockUpdate)
    SystemInit                               0x00002035   Thumb Code    14  system_sn34f780.o(i.SystemInit)
    UART0_IRQHandler                         0x00002049   Thumb Code    10  sn34f78x_it.o(i.UART0_IRQHandler)
    UART1_IRQHandler                         0x00002059   Thumb Code    10  sn34f78x_it.o(i.UART1_IRQHandler)
    UART2_IRQHandler                         0x00002069   Thumb Code    10  sn34f78x_it.o(i.UART2_IRQHandler)
    UART3_IRQHandler                         0x00002079   Thumb Code    10  sn34f78x_it.o(i.UART3_IRQHandler)
    _sys_exit                                0x00002785   Thumb Code     2  sn34f78x_hal.o(i._sys_exit)
    cbuffer_write                            0x00002d41   Thumb Code    90  cbuffer.o(i.cbuffer_write)
    init                                     0x00002e69   Thumb Code    76  init.o(i.init)
    judge_state                              0x00002eb5   Thumb Code   226  system_management.o(i.judge_state)
    main                                     0x00002ffd   Thumb Code    32  main.o(i.main)
    main_task                                0x0000301d   Thumb Code    24  main_task.o(i.main_task)
    mode_event                               0x00003039   Thumb Code   150  main_task.o(i.mode_event)
    sn34f7_CRC_Init                          0x000030e9   Thumb Code    28  init.o(i.sn34f7_CRC_Init)
    sn34f7_GPIO_Init                         0x0000310d   Thumb Code   302  init.o(i.sn34f7_GPIO_Init)
    sn34f7_TPM0_Init                         0x00003265   Thumb Code   156  init.o(i.sn34f7_TPM0_Init)
    sn34f7_UART0_Init                        0x00003309   Thumb Code    42  init.o(i.sn34f7_UART0_Init)
    sn34f7_UART1_Init                        0x0000333d   Thumb Code    42  init.o(i.sn34f7_UART1_Init)
    sn34f7_UART2_Init                        0x00003371   Thumb Code    42  init.o(i.sn34f7_UART2_Init)
    sn34f7_UART3_Init                        0x000033a5   Thumb Code    42  init.o(i.sn34f7_UART3_Init)
    uninit                                   0x000033d9   Thumb Code    92  init.o(i.uninit)
    _fp_init                                 0x0000344d   Thumb Code    10  fpinit.o(x$fpl$fpinit)
    __fplib_config_fpu_vfp                   0x00003455   Thumb Code     0  fpinit.o(x$fpl$fpinit)
    __fplib_config_pureend_doubles           0x00003455   Thumb Code     0  fpinit.o(x$fpl$fpinit)
    Region$$Table$$Base                      0x000039dc   Number         0  anon$$obj.o(Region$$Table)
    Region$$Table$$Limit                     0x000039fc   Number         0  anon$$obj.o(Region$$Table)
    uart1_rx_byte                            0x20000000   Data           1  sn34f78x_hal_msp.o(.data)
    uwTick                                   0x2000000c   Data           4  sn34f78x_hal_systick.o(.data)
    uwTickPrio                               0x20000010   Data           4  sn34f78x_hal_systick.o(.data)
    uwTickFreq                               0x20000014   Data           1  sn34f78x_hal_systick.o(.data)
    event_handle                             0x20000056   Data           1  main_task.o(.data)
    btn_flag_1                               0x20000057   Data           1  main_task.o(.data)
    btn_flag_2                               0x20000058   Data           1  main_task.o(.data)
    shutdown_done                            0x20000063   Data           1  system_management.o(.data)
    SystemCoreClock                          0x20000064   Data           4  system_sn34f780.o(.data)
    UART0_Handle                             0x20000068   Data         100  init.o(.bss)
    UART1_Handle                             0x200000cc   Data         100  init.o(.bss)
    UART2_Handle                             0x20000130   Data         100  init.o(.bss)
    UART3_Handle                             0x20000194   Data         100  init.o(.bss)
    GPIO1_PIN12_INIT                         0x200001f8   Data          16  init.o(.bss)
    GPIO1_PIN13_INIT                         0x20000208   Data          16  init.o(.bss)
    GPIO1_PIN14_INIT                         0x20000218   Data          16  init.o(.bss)
    GPIO1_PIN15_INIT                         0x20000228   Data          16  init.o(.bss)
    GPIO3_PIN7_INIT                          0x20000238   Data          16  init.o(.bss)
    CRC_Handle                               0x20000248   Data          16  init.o(.bss)
    TPM0_Handle                              0x20000258   Data         108  init.o(.bss)
    pFlash                                   0x200002c4   Data          32  sn34f78x_hal_flash.o(.bss)
    radar_buf_data                           0x20000364   Data        1024  main_task.o(.bss)
    cb_radar                                 0x20000764   Data          12  main_task.o(.bss)
    __libspace_start                         0x200007f0   Data          96  libspace.o(.bss)
    __temporary_stack_top$libspace           0x20000850   Data           0  libspace.o(.bss)



==============================================================================

Memory Map of the image

  Image Entry point : 0x000001c1

  Load Region LR_IROM1 (Base: 0x00000000, Size: 0x00003a64, Max: 0x0007dffc, ABSOLUTE)

    Execution Region ER_IROM1 (Exec base: 0x00000000, Load base: 0x00000000, Size: 0x000039fc, Max: 0x0007dffc, ABSOLUTE)

    Exec Addr    Load Addr    Size         Type   Attr      Idx    E Section Name        Object

    0x00000000   0x00000000   0x000001c0   Data   RO         2257    RESET               startup_sn34f780.o
    0x000001c0   0x000001c0   0x00000008   Code   RO         2372  * !!!main             c_w.l(__main.o)
    0x000001c8   0x000001c8   0x00000002   Code   RO         2414    .ARM.Collect$$libinit$$00000000  c_w.l(libinit.o)
    0x000001ca   0x000001ca   0x00000004   Code   RO         2420    .ARM.Collect$$libinit$$00000001  c_w.l(libinit2.o)
    0x000001ce   0x000001ce   0x00000000   Code   RO         2423    .ARM.Collect$$libinit$$00000004  c_w.l(libinit2.o)
    0x000001ce   0x000001ce   0x00000000   Code   RO         2426    .ARM.Collect$$libinit$$0000000A  c_w.l(libinit2.o)
    0x000001ce   0x000001ce   0x00000000   Code   RO         2428    .ARM.Collect$$libinit$$0000000C  c_w.l(libinit2.o)
    0x000001ce   0x000001ce   0x00000000   Code   RO         2430    .ARM.Collect$$libinit$$0000000E  c_w.l(libinit2.o)
    0x000001ce   0x000001ce   0x00000000   Code   RO         2433    .ARM.Collect$$libinit$$00000011  c_w.l(libinit2.o)
    0x000001ce   0x000001ce   0x00000000   Code   RO         2435    .ARM.Collect$$libinit$$00000013  c_w.l(libinit2.o)
    0x000001ce   0x000001ce   0x00000000   Code   RO         2437    .ARM.Collect$$libinit$$00000015  c_w.l(libinit2.o)
    0x000001ce   0x000001ce   0x00000000   Code   RO         2439    .ARM.Collect$$libinit$$00000017  c_w.l(libinit2.o)
    0x000001ce   0x000001ce   0x00000000   Code   RO         2441    .ARM.Collect$$libinit$$00000019  c_w.l(libinit2.o)
    0x000001ce   0x000001ce   0x00000000   Code   RO         2443    .ARM.Collect$$libinit$$0000001B  c_w.l(libinit2.o)
    0x000001ce   0x000001ce   0x00000000   Code   RO         2445    .ARM.Collect$$libinit$$0000001D  c_w.l(libinit2.o)
    0x000001ce   0x000001ce   0x00000000   Code   RO         2447    .ARM.Collect$$libinit$$0000001F  c_w.l(libinit2.o)
    0x000001ce   0x000001ce   0x00000000   Code   RO         2449    .ARM.Collect$$libinit$$00000021  c_w.l(libinit2.o)
    0x000001ce   0x000001ce   0x00000000   Code   RO         2451    .ARM.Collect$$libinit$$00000023  c_w.l(libinit2.o)
    0x000001ce   0x000001ce   0x00000000   Code   RO         2453    .ARM.Collect$$libinit$$00000025  c_w.l(libinit2.o)
    0x000001ce   0x000001ce   0x00000000   Code   RO         2457    .ARM.Collect$$libinit$$0000002C  c_w.l(libinit2.o)
    0x000001ce   0x000001ce   0x00000000   Code   RO         2459    .ARM.Collect$$libinit$$0000002E  c_w.l(libinit2.o)
    0x000001ce   0x000001ce   0x00000000   Code   RO         2461    .ARM.Collect$$libinit$$00000030  c_w.l(libinit2.o)
    0x000001ce   0x000001ce   0x00000000   Code   RO         2463    .ARM.Collect$$libinit$$00000032  c_w.l(libinit2.o)
    0x000001ce   0x000001ce   0x00000002   Code   RO         2464    .ARM.Collect$$libinit$$00000033  c_w.l(libinit2.o)
    0x000001d0   0x000001d0   0x00000002   Code   RO         2482    .ARM.Collect$$libshutdown$$00000000  c_w.l(libshutdown.o)
    0x000001d2   0x000001d2   0x00000000   Code   RO         2492    .ARM.Collect$$libshutdown$$00000002  c_w.l(libshutdown2.o)
    0x000001d2   0x000001d2   0x00000000   Code   RO         2494    .ARM.Collect$$libshutdown$$00000004  c_w.l(libshutdown2.o)
    0x000001d2   0x000001d2   0x00000000   Code   RO         2497    .ARM.Collect$$libshutdown$$00000007  c_w.l(libshutdown2.o)
    0x000001d2   0x000001d2   0x00000000   Code   RO         2500    .ARM.Collect$$libshutdown$$0000000A  c_w.l(libshutdown2.o)
    0x000001d2   0x000001d2   0x00000000   Code   RO         2502    .ARM.Collect$$libshutdown$$0000000C  c_w.l(libshutdown2.o)
    0x000001d2   0x000001d2   0x00000000   Code   RO         2505    .ARM.Collect$$libshutdown$$0000000F  c_w.l(libshutdown2.o)
    0x000001d2   0x000001d2   0x00000002   Code   RO         2506    .ARM.Collect$$libshutdown$$00000010  c_w.l(libshutdown2.o)
    0x000001d4   0x000001d4   0x00000002   Code   RO         2418    .ARM.Collect$$rtexit$$00000000  c_w.l(rtexit.o)
    0x000001d6   0x000001d6   0x00000000   Code   RO         2466    .ARM.Collect$$rtexit$$00000002  c_w.l(rtexit2.o)
    0x000001d6   0x000001d6   0x00000004   Code   RO         2467    .ARM.Collect$$rtexit$$00000003  c_w.l(rtexit2.o)
    0x000001da   0x000001da   0x00000006   Code   RO         2468    .ARM.Collect$$rtexit$$00000004  c_w.l(rtexit2.o)
    0x000001e0   0x000001e0   0x00000004   Data   RO          441    .ARM.__at_0x000001E0  sn34f78x_hal.o
    0x000001e4   0x000001e4   0x00000004   Data   RO          442    .ARM.__at_0x000001E4  sn34f78x_hal.o
    0x000001e8   0x000001e8   0x00000034   Code   RO         2538    !!!scatter          c_w.l(__scatter.o)
    0x0000021c   0x0000021c   0x0000001a   Code   RO         2540    !!handler_copy      c_w.l(__scatter_copy.o)
    0x00000236   0x00000236   0x00000002   PAD
    0x00000238   0x00000238   0x0000001c   Code   RO         2542    !!handler_zi        c_w.l(__scatter_zi.o)
    0x00000254   0x00000254   0x00000000   Code   RO         2376    .ARM.Collect$$rtentry$$00000000  c_w.l(__rtentry.o)
    0x00000254   0x00000254   0x00000000   Code   RO         2389    .ARM.Collect$$rtentry$$00000002  c_w.l(__rtentry2.o)
    0x00000254   0x00000254   0x00000006   Code   RO         2401    .ARM.Collect$$rtentry$$00000004  c_w.l(__rtentry4.o)
    0x0000025a   0x0000025a   0x00000000   Code   RO         2391    .ARM.Collect$$rtentry$$00000009  c_w.l(__rtentry2.o)
    0x0000025a   0x0000025a   0x00000004   Code   RO         2392    .ARM.Collect$$rtentry$$0000000A  c_w.l(__rtentry2.o)
    0x0000025e   0x0000025e   0x00000000   Code   RO         2394    .ARM.Collect$$rtentry$$0000000C  c_w.l(__rtentry2.o)
    0x0000025e   0x0000025e   0x00000008   Code   RO         2395    .ARM.Collect$$rtentry$$0000000D  c_w.l(__rtentry2.o)
    0x00000266   0x00000266   0x00000002   PAD
    0x00000268   0x00000268   0x0000005c   Code   RO         2259    .text               startup_sn34f780.o
    0x000002c4   0x000002c4   0x00000002   Code   RO         2303    .text               c_w.l(use_no_semi_2.o)
    0x000002c6   0x000002c6   0x0000003e   Code   RO         2362    .text               c_w.l(strlen.o)
    0x00000304   0x00000304   0x00000064   Code   RO         2364    .text               c_w.l(rt_memcpy_w.o)
    0x00000368   0x00000368   0x0000004e   Code   RO         2368    .text               c_w.l(rt_memclr_w.o)
    0x000003b6   0x000003b6   0x00000006   Code   RO         2370    .text               c_w.l(heapauxi.o)
    0x000003bc   0x000003bc   0x00000002   Code   RO         2374    .text               c_w.l(use_no_semi.o)
    0x000003be   0x000003be   0x0000004a   Code   RO         2405    .text               c_w.l(sys_stackheap_outer.o)
    0x00000408   0x00000408   0x00000012   Code   RO         2407    .text               c_w.l(exit.o)
    0x0000041a   0x0000041a   0x00000002   PAD
    0x0000041c   0x0000041c   0x00000008   Code   RO         2415    .text               c_w.l(libspace.o)
    0x00000424   0x00000424   0x00000038   Code   RO         1049    ISR                 sn34f78x_hal_scu.o
    0x0000045c   0x0000045c   0x000002d4   Code   RO         1076    ISR                 sn34f78x_hal_uart.o
    0x00000730   0x00000730   0x0000001c   Code   RO         1266    ISR                 sn34f78x_hal_tpm.o
    0x0000074c   0x0000074c   0x000000b0   Code   RO         1795    ISR                 sn34f78x_hal_dma.o
    0x000007fc   0x000007fc   0x00000010   Code   RO          153    i.CT16B0_IRQHandler  sn34f78x_it.o
    0x0000080c   0x0000080c   0x00000024   Code   RO         1970    i.DEBUG_PRINT_IT    main_task.o
    0x00000830   0x00000830   0x00000024   Code   RO         2094    i.DEBUG_PRINT_IT    system_management.o
    0x00000854   0x00000854   0x00000006   Code   RO            4    i.Error_Handler     main.o
    0x0000085a   0x0000085a   0x00000002   PAD
    0x0000085c   0x0000085c   0x00000020   Code   RO          844    i.FLASH_AUTOHold_Config  sn34f78x_hal_flash_ex.o
    0x0000087c   0x0000087c   0x00000044   Code   RO          845    i.FLASH_CLKFreq_Config  sn34f78x_hal_flash_ex.o
    0x000008c0   0x000008c0   0x00000024   Code   RO          848    i.FLASH_GetAUTOHold  sn34f78x_hal_flash_ex.o
    0x000008e4   0x000008e4   0x00000054   Code   RO          849    i.FLASH_GetBOOTFlag  sn34f78x_hal_flash_ex.o
    0x00000938   0x00000938   0x00000054   Code   RO          850    i.FLASH_GetCLKFreq  sn34f78x_hal_flash_ex.o
    0x0000098c   0x0000098c   0x00000012   Code   RO          851    i.FLASH_GetMMWRP    sn34f78x_hal_flash_ex.o
    0x0000099e   0x0000099e   0x00000012   Code   RO          852    i.FLASH_GetRDP      sn34f78x_hal_flash_ex.o
    0x000009b0   0x000009b0   0x00000012   Code   RO          853    i.FLASH_GetSMWRP    sn34f78x_hal_flash_ex.o
    0x000009c2   0x000009c2   0x00000002   PAD
    0x000009c4   0x000009c4   0x00000074   Code   RO          855    i.FLASH_Protect_GetStatus  sn34f78x_hal_flash_ex.o
    0x00000a38   0x00000a38   0x00000014   Code   RO          797    i.FLASH_SetErrorCode  sn34f78x_hal_flash.o
    0x00000a4c   0x00000a4c   0x0000006c   Code   RO          798    i.FLASH_WaitForLastOperation  sn34f78x_hal_flash.o
    0x00000ab8   0x00000ab8   0x00000010   Code   RO          154    i.GPIO1_IRQHandler  sn34f78x_it.o
    0x00000ac8   0x00000ac8   0x00000010   Code   RO          155    i.GPIO3_IRQHandler  sn34f78x_it.o
    0x00000ad8   0x00000ad8   0x0000000c   Code   RO         2095    i.Get_state         system_management.o
    0x00000ae4   0x00000ae4   0x00000030   Code   RO         1727    i.HAL_CRC_DeInit    sn34f78x_hal_crc.o
    0x00000b14   0x00000b14   0x00000036   Code   RO         1730    i.HAL_CRC_Init      sn34f78x_hal_crc.o
    0x00000b4a   0x00000b4a   0x00000002   PAD
    0x00000b4c   0x00000b4c   0x0000001c   Code   RO          238    i.HAL_CRC_MspDeInit  sn34f78x_hal_msp.o
    0x00000b68   0x00000b68   0x0000002c   Code   RO          239    i.HAL_CRC_MspInit   sn34f78x_hal_msp.o
    0x00000b94   0x00000b94   0x00000006   Code   RO         1801    i.HAL_DMA_GetError  sn34f78x_hal_dma.o
    0x00000b9a   0x00000b9a   0x00000002   Code   RO         1804    i.HAL_DMA_MspDeInit  sn34f78x_hal_dma.o
    0x00000b9c   0x00000b9c   0x00000002   Code   RO         1805    i.HAL_DMA_MspInit   sn34f78x_hal_dma.o
    0x00000b9e   0x00000b9e   0x0000004c   Code   RO         1807    i.HAL_DMA_RegisterCallback  sn34f78x_hal_dma.o
    0x00000bea   0x00000bea   0x00000002   PAD
    0x00000bec   0x00000bec   0x00000080   Code   RO         1812    i.HAL_DMA_UnRegisterCallback  sn34f78x_hal_dma.o
    0x00000c6c   0x00000c6c   0x0000000a   Code   RO          426    i.HAL_DeInit        sn34f78x_hal.o
    0x00000c76   0x00000c76   0x0000001c   Code   RO          944    i.HAL_Delay         sn34f78x_hal_systick.o
    0x00000c92   0x00000c92   0x00000030   Code   RO          857    i.HAL_FLASHEx_ConfigProgram  sn34f78x_hal_flash_ex.o
    0x00000cc2   0x00000cc2   0x0000003a   Code   RO          858    i.HAL_FLASHEx_GetConfig  sn34f78x_hal_flash_ex.o
    0x00000cfc   0x00000cfc   0x00000060   Code   RO          240    i.HAL_GPIO_Callback  sn34f78x_hal_msp.o
    0x00000d5c   0x00000d5c   0x0000000e   Code   RO          683    i.HAL_GPIO_ChangeClockMode  sn34f78x_hal_gpio.o
    0x00000d6a   0x00000d6a   0x00000024   Code   RO          684    i.HAL_GPIO_ConfigDebounce  sn34f78x_hal_gpio.o
    0x00000d8e   0x00000d8e   0x00000034   Code   RO          687    i.HAL_GPIO_IRQHandler  sn34f78x_hal_gpio.o
    0x00000dc2   0x00000dc2   0x00000086   Code   RO          688    i.HAL_GPIO_Init     sn34f78x_hal_gpio.o
    0x00000e48   0x00000e48   0x00000070   Code   RO          691    i.HAL_GPIO_SetAFIO  sn34f78x_hal_gpio.o
    0x00000eb8   0x00000eb8   0x0000000e   Code   RO          693    i.HAL_GPIO_WritePin  sn34f78x_hal_gpio.o
    0x00000ec6   0x00000ec6   0x00000002   PAD
    0x00000ec8   0x00000ec8   0x00000060   Code   RO          550    i.HAL_GetNewHCLKFreq  sn34f78x_hal_rcc.o
    0x00000f28   0x00000f28   0x0000000c   Code   RO          945    i.HAL_GetTick       sn34f78x_hal_systick.o
    0x00000f34   0x00000f34   0x0000000c   Code   RO          947    i.HAL_GetTickPrio   sn34f78x_hal_systick.o
    0x00000f40   0x00000f40   0x00000018   Code   RO          948    i.HAL_IncTick       sn34f78x_hal_systick.o
    0x00000f58   0x00000f58   0x00000014   Code   RO          427    i.HAL_Init          sn34f78x_hal.o
    0x00000f6c   0x00000f6c   0x0000003c   Code   RO          800    i.HAL_InitFlash     sn34f78x_hal_flash.o
    0x00000fa8   0x00000fa8   0x000000e8   Code   RO          949    i.HAL_InitTick      sn34f78x_hal_systick.o
    0x00001090   0x00001090   0x00000002   Code   RO          241    i.HAL_MspDeInit     sn34f78x_hal_msp.o
    0x00001092   0x00001092   0x00000002   Code   RO          242    i.HAL_MspInit       sn34f78x_hal_msp.o
    0x00001094   0x00001094   0x00000194   Code   RO          552    i.HAL_RCC_ClockConfig  sn34f78x_hal_rcc.o
    0x00001228   0x00001228   0x00000018   Code   RO          554    i.HAL_RCC_GetAPB0CLKFreq  sn34f78x_hal_rcc.o
    0x00001240   0x00001240   0x00000018   Code   RO          555    i.HAL_RCC_GetAPB1CLKFreq  sn34f78x_hal_rcc.o
    0x00001258   0x00001258   0x00000038   Code   RO          556    i.HAL_RCC_GetClockConfig  sn34f78x_hal_rcc.o
    0x00001290   0x00001290   0x00000018   Code   RO          557    i.HAL_RCC_GetHCLKFreq  sn34f78x_hal_rcc.o
    0x000012a8   0x000012a8   0x0000005c   Code   RO          559    i.HAL_RCC_GetPLLCLKFreq  sn34f78x_hal_rcc.o
    0x00001304   0x00001304   0x00000038   Code   RO          560    i.HAL_RCC_GetSysClockFreq  sn34f78x_hal_rcc.o
    0x0000133c   0x0000133c   0x00000254   Code   RO          561    i.HAL_RCC_OscConfig  sn34f78x_hal_rcc.o
    0x00001590   0x00001590   0x00000002   Code   RO         1271    i.HAL_TPM_BreakCallback  sn34f78x_hal_tpm.o
    0x00001592   0x00001592   0x00000002   Code   RO         1279    i.HAL_TPM_CaptureCallback  sn34f78x_hal_tpm.o
    0x00001594   0x00001594   0x00000054   Code   RO         1281    i.HAL_TPM_DeInit    sn34f78x_hal_tpm.o
    0x000015e8   0x000015e8   0x00000002   Code   RO         1282    i.HAL_TPM_ErrorCallback  sn34f78x_hal_tpm.o
    0x000015ea   0x000015ea   0x00000002   PAD
    0x000015ec   0x000015ec   0x00000138   Code   RO         1287    i.HAL_TPM_Init      sn34f78x_hal_tpm.o
    0x00001724   0x00001724   0x00000002   Code   RO         1288    i.HAL_TPM_MspDeInit  sn34f78x_hal_tpm.o
    0x00001726   0x00001726   0x00000002   Code   RO         1289    i.HAL_TPM_MspInit   sn34f78x_hal_tpm.o
    0x00001728   0x00001728   0x00000150   Code   RO         1290    i.HAL_TPM_OC_ConfigChannel  sn34f78x_hal_tpm.o
    0x00001878   0x00001878   0x00000002   Code   RO         1291    i.HAL_TPM_OC_DelayElapsedCallback  sn34f78x_hal_tpm.o
    0x0000187a   0x0000187a   0x00000002   Code   RO         1302    i.HAL_TPM_PWM_PulseFinishedCallback  sn34f78x_hal_tpm.o
    0x0000187c   0x0000187c   0x00000044   Code   RO         1080    i.HAL_UART_DeInit   sn34f78x_hal_uart.o
    0x000018c0   0x000018c0   0x000000d4   Code   RO         1083    i.HAL_UART_Init     sn34f78x_hal_uart.o
    0x00001994   0x00001994   0x00000124   Code   RO          243    i.HAL_UART_MspDeInit  sn34f78x_hal_msp.o
    0x00001ab8   0x00001ab8   0x00000148   Code   RO          244    i.HAL_UART_MspInit  sn34f78x_hal_msp.o
    0x00001c00   0x00001c00   0x00000080   Code   RO         1088    i.HAL_UART_Receive_IT  sn34f78x_hal_uart.o
    0x00001c80   0x00001c80   0x0000002c   Code   RO          245    i.HAL_UART_RxCpltCallback  sn34f78x_hal_msp.o
    0x00001cac   0x00001cac   0x00000078   Code   RO         1092    i.HAL_UART_Transmit_IT  sn34f78x_hal_uart.o
    0x00001d24   0x00001d24   0x00000002   Code   RO          246    i.HAL_UART_TxCpltCallback  sn34f78x_hal_msp.o
    0x00001d26   0x00001d26   0x0000000c   Code   RO         1971    i.Process_action    main_task.o
    0x00001d32   0x00001d32   0x00000002   PAD
    0x00001d34   0x00001d34   0x000000b0   Code   RO          565    i.RCC_FCS_Command   sn34f78x_hal_rcc.o
    0x00001de4   0x00001de4   0x000000b8   Code   RO         1975    i.RUN_SHUTDOWN_EVENT  main_task.o
    0x00001e9c   0x00001e9c   0x00000008   Code   RO          156    i.SCU_IRQHandler    sn34f78x_it.o
    0x00001ea4   0x00001ea4   0x00000018   Code   RO         2096    i.Set_event         system_management.o
    0x00001ebc   0x00001ebc   0x00000008   Code   RO          157    i.SysTick_Handler   sn34f78x_it.o
    0x00001ec4   0x00001ec4   0x00000088   Code   RO            5    i.SystemClock_Config  main.o
    0x00001f4c   0x00001f4c   0x000000e8   Code   RO         2268    i.SystemCoreClockUpdate  system_sn34f780.o
    0x00002034   0x00002034   0x00000014   Code   RO         2269    i.SystemInit        system_sn34f780.o
    0x00002048   0x00002048   0x00000010   Code   RO          158    i.UART0_IRQHandler  sn34f78x_it.o
    0x00002058   0x00002058   0x00000010   Code   RO          159    i.UART1_IRQHandler  sn34f78x_it.o
    0x00002068   0x00002068   0x00000010   Code   RO          160    i.UART2_IRQHandler  sn34f78x_it.o
    0x00002078   0x00002078   0x00000010   Code   RO          161    i.UART3_IRQHandler  sn34f78x_it.o
    0x00002088   0x00002088   0x0000001c   Code   RO          248    i.__NVIC_ClearPendingIRQ  sn34f78x_hal_msp.o
    0x000020a4   0x000020a4   0x00000024   Code   RO          249    i.__NVIC_DisableIRQ  sn34f78x_hal_msp.o
    0x000020c8   0x000020c8   0x00000022   Code   RO          250    i.__NVIC_EnableIRQ  sn34f78x_hal_msp.o
    0x000020ea   0x000020ea   0x00000022   Code   RO          566    i.__NVIC_EnableIRQ  sn34f78x_hal_rcc.o
    0x0000210c   0x0000210c   0x00000028   Code   RO          953    i.__NVIC_SetPriority  sn34f78x_hal_systick.o
    0x00002134   0x00002134   0x0000003c   Code   RO         1312    i._break_irq        sn34f78x_hal_tpm.o
    0x00002170   0x00002170   0x0000003c   Code   RO         1313    i._cap_irq          sn34f78x_hal_tpm.o
    0x000021ac   0x000021ac   0x000000c0   Code   RO         1314    i._config_channel_base  sn34f78x_hal_tpm.o
    0x0000226c   0x0000226c   0x00000118   Code   RO         1315    i._config_channel_oc  sn34f78x_hal_tpm.o
    0x00002384   0x00002384   0x000000b4   Code   RO         1316    i._config_channel_pwm  sn34f78x_hal_tpm.o
    0x00002438   0x00002438   0x00000094   Code   RO          694    i._gpio_config_irq  sn34f78x_hal_gpio.o
    0x000024cc   0x000024cc   0x00000064   Code   RO          695    i._gpio_config_pin_str  sn34f78x_hal_gpio.o
    0x00002530   0x00002530   0x00000090   Code   RO          696    i._gpio_get_pin_str  sn34f78x_hal_gpio.o
    0x000025c0   0x000025c0   0x00000084   Code   RO         1318    i._mr_irq           sn34f78x_hal_tpm.o
    0x00002644   0x00002644   0x00000030   Code   RO          697    i._pinmux_get_port_pos  sn34f78x_hal_gpio.o
    0x00002674   0x00002674   0x00000068   Code   RO         1319    i._register_dma_callback  sn34f78x_hal_tpm.o
    0x000026dc   0x000026dc   0x0000001e   Code   RO         1320    i._reset_base       sn34f78x_hal_tpm.o
    0x000026fa   0x000026fa   0x00000002   PAD
    0x000026fc   0x000026fc   0x0000003c   Code   RO         1321    i._reset_callback   sn34f78x_hal_tpm.o
    0x00002738   0x00002738   0x0000004c   Code   RO         1327    i._stop_capture     sn34f78x_hal_tpm.o
    0x00002784   0x00002784   0x00000002   Code   RO          430    i._sys_exit         sn34f78x_hal.o
    0x00002786   0x00002786   0x00000002   PAD
    0x00002788   0x00002788   0x00000014   Code   RO         1332    i._tpm_0_1_2_5_irq  sn34f78x_hal_tpm.o
    0x0000279c   0x0000279c   0x00000014   Code   RO         1333    i._tpm_3_irq        sn34f78x_hal_tpm.o
    0x000027b0   0x000027b0   0x00000014   Code   RO         1334    i._tpm_4_irq        sn34f78x_hal_tpm.o
    0x000027c4   0x000027c4   0x00000034   Code   RO         1335    i._tpm_6_7_irq      sn34f78x_hal_tpm.o
    0x000027f8   0x000027f8   0x00000014   Code   RO         1336    i._tpm_8_irq        sn34f78x_hal_tpm.o
    0x0000280c   0x0000280c   0x00000030   Code   RO         1337    i._tpm_disable      sn34f78x_hal_tpm.o
    0x0000283c   0x0000283c   0x00000018   Code   RO         1338    i._tpm_dma_xfer_capture_callback  sn34f78x_hal_tpm.o
    0x00002854   0x00002854   0x0000005c   Code   RO         1339    i._tpm_dma_xfer_delay_pulse_callback  sn34f78x_hal_tpm.o
    0x000028b0   0x000028b0   0x0000001e   Code   RO         1340    i._tpm_dma_xfer_error_callback  sn34f78x_hal_tpm.o
    0x000028ce   0x000028ce   0x00000002   PAD
    0x000028d0   0x000028d0   0x00000068   Code   RO         1341    i._tpm_irq_kernel   sn34f78x_hal_tpm.o
    0x00002938   0x00002938   0x00000036   Code   RO         1342    i._tpm_is_busy      sn34f78x_hal_tpm.o
    0x0000296e   0x0000296e   0x00000002   PAD
    0x00002970   0x00002970   0x00000098   Code   RO         1343    i._tpm_set_index    sn34f78x_hal_tpm.o
    0x00002a08   0x00002a08   0x00000012   Code   RO         1094    i._uart_dma_rx_abort_callback  sn34f78x_hal_uart.o
    0x00002a1a   0x00002a1a   0x00000020   Code   RO         1095    i._uart_dma_rx_check  sn34f78x_hal_uart.o
    0x00002a3a   0x00002a3a   0x00000012   Code   RO         1096    i._uart_dma_rx_cplt_callback  sn34f78x_hal_uart.o
    0x00002a4c   0x00002a4c   0x0000001a   Code   RO         1097    i._uart_dma_rx_err_callback  sn34f78x_hal_uart.o
    0x00002a66   0x00002a66   0x00000012   Code   RO         1098    i._uart_dma_tx_abort_callback  sn34f78x_hal_uart.o
    0x00002a78   0x00002a78   0x00000020   Code   RO         1099    i._uart_dma_tx_check  sn34f78x_hal_uart.o
    0x00002a98   0x00002a98   0x00000012   Code   RO         1100    i._uart_dma_tx_cplt_callback  sn34f78x_hal_uart.o
    0x00002aaa   0x00002aaa   0x0000001a   Code   RO         1101    i._uart_dma_tx_err_callback  sn34f78x_hal_uart.o
    0x00002ac4   0x00002ac4   0x00000020   Code   RO         1102    i._uart_get_rxtl    sn34f78x_hal_uart.o
    0x00002ae4   0x00002ae4   0x00000034   Code   RO         1103    i._uart_init_callbacks_default  sn34f78x_hal_uart.o
    0x00002b18   0x00002b18   0x0000016c   Code   RO         1104    i._uart_set_baudrate  sn34f78x_hal_uart.o
    0x00002c84   0x00002c84   0x000000bc   Code   RO         1105    i._uart_set_config  sn34f78x_hal_uart.o
    0x00002d40   0x00002d40   0x0000005a   Code   RO         2205    i.cbuffer_write     cbuffer.o
    0x00002d9a   0x00002d9a   0x00000002   PAD
    0x00002d9c   0x00002d9c   0x000000cc   Code   RO         1977    i.execute_action    main_task.o
    0x00002e68   0x00002e68   0x0000004c   Code   RO          342    i.init              init.o
    0x00002eb4   0x00002eb4   0x00000148   Code   RO         2097    i.judge_state       system_management.o
    0x00002ffc   0x00002ffc   0x00000020   Code   RO            6    i.main              main.o
    0x0000301c   0x0000301c   0x0000001c   Code   RO         1978    i.main_task         main_task.o
    0x00003038   0x00003038   0x000000a4   Code   RO         1979    i.mode_event        main_task.o
    0x000030dc   0x000030dc   0x00000002   Code   RO         1980    i.run_mode_1        main_task.o
    0x000030de   0x000030de   0x00000002   Code   RO         1981    i.run_mode_2        main_task.o
    0x000030e0   0x000030e0   0x00000002   Code   RO         1982    i.run_mode_3        main_task.o
    0x000030e2   0x000030e2   0x00000004   Code   RO         1983    i.s_initialize_peripheral  main_task.o
    0x000030e6   0x000030e6   0x00000002   PAD
    0x000030e8   0x000030e8   0x00000024   Code   RO          343    i.sn34f7_CRC_Init   init.o
    0x0000310c   0x0000310c   0x00000158   Code   RO          344    i.sn34f7_GPIO_Init  init.o
    0x00003264   0x00003264   0x000000a4   Code   RO          345    i.sn34f7_TPM0_Init  init.o
    0x00003308   0x00003308   0x00000034   Code   RO          346    i.sn34f7_UART0_Init  init.o
    0x0000333c   0x0000333c   0x00000034   Code   RO          347    i.sn34f7_UART1_Init  init.o
    0x00003370   0x00003370   0x00000034   Code   RO          348    i.sn34f7_UART2_Init  init.o
    0x000033a4   0x000033a4   0x00000034   Code   RO          349    i.sn34f7_UART3_Init  init.o
    0x000033d8   0x000033d8   0x00000074   Code   RO          350    i.uninit            init.o
    0x0000344c   0x0000344c   0x0000000a   Code   RO         2474    x$fpl$fpinit        fz_wm.l(fpinit.o)
    0x00003456   0x00003456   0x00000002   PAD
    0x00003458   0x00003458   0x0000002c   Data   RO            8    .constdata          main.o
    0x00003484   0x00003484   0x0000002c   Data   RO          567    .constdata          sn34f78x_hal_rcc.o
    0x000034b0   0x000034b0   0x0000034c   Data   RO          698    .constdata          sn34f78x_hal_gpio.o
    0x000037fc   0x000037fc   0x000001e0   Data   RO         1344    .constdata          sn34f78x_hal_tpm.o
    0x000039dc   0x000039dc   0x00000020   Data   RO         2536    Region$$Table       anon$$obj.o


    Execution Region RW_IRAM1 (Exec base: 0x20000000, Load base: 0x000039fc, Size: 0x00000e50, Max: 0x00028000, ABSOLUTE)

    Exec Addr    Load Addr    Size         Type   Attr      Idx    E Section Name        Object

    0x20000000   0x000039fc   0x0000000c   Data   RW          251    .data               sn34f78x_hal_msp.o
    0x2000000c   0x00003a08   0x00000009   Data   RW          954    .data               sn34f78x_hal_systick.o
    0x20000015   0x00003a11   0x00000003   PAD
    0x20000018   0x00003a14   0x00000004   Data   RW         1106    .data               sn34f78x_hal_uart.o
    0x2000001c   0x00003a18   0x00000030   Data   RW         1345    .data               sn34f78x_hal_tpm.o
    0x2000004c   0x00003a48   0x0000000d   Data   RW         1986    .data               main_task.o
    0x20000059   0x00003a55   0x00000003   PAD
    0x2000005c   0x00003a58   0x00000008   Data   RW         2099    .data               system_management.o
    0x20000064   0x00003a60   0x00000004   Data   RW         2270    .data               system_sn34f780.o
    0x20000068        -       0x0000025c   Zero   RW          351    .bss                init.o
    0x200002c4        -       0x00000020   Zero   RW          801    .bss                sn34f78x_hal_flash.o
    0x200002e4        -       0x0000048c   Zero   RW         1985    .bss                main_task.o
    0x20000770        -       0x00000080   Zero   RW         2098    .bss                system_management.o
    0x200007f0        -       0x00000060   Zero   RW         2416    .bss                c_w.l(libspace.o)
    0x20000850        -       0x00000200   Zero   RW         2256    HEAP                startup_sn34f780.o
    0x20000a50        -       0x00000400   Zero   RW         2255    STACK               startup_sn34f780.o



  Load Region LR$$.ARM.__at_0x0007DFFC (Base: 0x0007dffc, Size: 0x00000004, Max: 0x00000004, ABSOLUTE)

    Execution Region ER$$.ARM.__at_0x0007DFFC (Exec base: 0x0007dffc, Load base: 0x0007dffc, Size: 0x00000004, Max: 0x00000004, ABSOLUTE, UNINIT)

    Exec Addr    Load Addr    Size         Type   Attr      Idx    E Section Name        Object

    0x0007dffc   0x0007dffc   0x00000004   Code   RO         2258    .ARM.__at_0x0007DFFC  startup_sn34f780.o


==============================================================================

Image component sizes


      Code (inc. data)   RO Data    RW Data    ZI Data      Debug   Object Name

        90          0          0          0          0       1628   cbuffer.o
       944        122          0          0        604      36336   init.o
       174          4         44          0          0     163936   main.o
       638        146          0         13       1164      38322   main_task.o
        32          0          8          0          0       3034   sn34f78x_hal.o
       102          0          0          0          0       1768   sn34f78x_hal_crc.o
       390         34          0          0          0       4555   sn34f78x_hal_dma.o
       188         28          0          0         32       2142   sn34f78x_hal_flash.o
       580         30          0          0          0       7957   sn34f78x_hal_flash_ex.o
       802         48        844          0          0      14370   sn34f78x_hal_gpio.o
       936        126          0         12          0      37988   sn34f78x_hal_msp.o
      1582        110         44          0          0       8376   sn34f78x_hal_rcc.o
        56          4          0          0          0       1008   sn34f78x_hal_scu.o
       348         46          0          9          0      34935   sn34f78x_hal_systick.o
      2584        146        480         48          0      32034   sn34f78x_hal_tpm.o
      2076        106          0          4          0      17177   sn34f78x_hal_uart.o
       128         42          0          0          0       4877   sn34f78x_it.o
        96         40        448          0       1536       1100   startup_sn34f780.o
       400        128          0          8        128       3777   system_management.o
       252         28          0          4          0       1499   system_sn34f780.o

    ----------------------------------------------------------------------
     12424       1188       1900        104       3464     416819   Object Totals
         0          0         32          0          0          0   (incl. Generated)
        26          0          0          6          0          0   (incl. Padding)

    ----------------------------------------------------------------------

      Code (inc. data)   RO Data    RW Data    ZI Data      Debug   Library Member Name

         8          0          0          0          0         68   __main.o
         0          0          0          0          0          0   __rtentry.o
        12          0          0          0          0          0   __rtentry2.o
         6          0          0          0          0          0   __rtentry4.o
        52          8          0          0          0          0   __scatter.o
        26          0          0          0          0          0   __scatter_copy.o
        28          0          0          0          0          0   __scatter_zi.o
        18          0          0          0          0         80   exit.o
         6          0          0          0          0        152   heapauxi.o
         2          0          0          0          0          0   libinit.o
         6          0          0          0          0          0   libinit2.o
         2          0          0          0          0          0   libshutdown.o
         2          0          0          0          0          0   libshutdown2.o
         8          4          0          0         96         68   libspace.o
        78          0          0          0          0         80   rt_memclr_w.o
       100          0          0          0          0         80   rt_memcpy_w.o
         2          0          0          0          0          0   rtexit.o
        10          0          0          0          0          0   rtexit2.o
        62          0          0          0          0         76   strlen.o
        74          0          0          0          0         80   sys_stackheap_outer.o
         2          0          0          0          0         68   use_no_semi.o
         2          0          0          0          0         68   use_no_semi_2.o
        10          0          0          0          0        116   fpinit.o

    ----------------------------------------------------------------------
       524         12          0          0         96        936   Library Totals
         8          0          0          0          0          0   (incl. Padding)

    ----------------------------------------------------------------------

      Code (inc. data)   RO Data    RW Data    ZI Data      Debug   Library Name

       506         12          0          0         96        820   c_w.l
        10          0          0          0          0        116   fz_wm.l

    ----------------------------------------------------------------------
       524         12          0          0         96        936   Library Totals

    ----------------------------------------------------------------------

==============================================================================


      Code (inc. data)   RO Data    RW Data    ZI Data      Debug   

     12948       1200       1900        104       3560     402843   Grand Totals
     12948       1200       1900        104       3560     402843   ELF Image Totals
     12948       1200       1900        104          0          0   ROM Totals

==============================================================================

    Total RO  Size (Code + RO Data)                14848 (  14.50kB)
    Total RW  Size (RW Data + ZI Data)              3664 (   3.58kB)
    Total ROM Size (Code + RO Data + RW Data)      14952 (  14.60kB)

==============================================================================

